InvariFS mounted: 0 files
[fuse_arg 0] invf-fuse
[fuse_arg 1] -d
[fuse_arg 2] /mnt/invarifs
FUSE library version: 3.18.2
dev unique: 2, opcode: INIT (26), nodeid: 0, insize: 104, pid: 0
INIT: 7.39
flags=0x73fffffb
max_readahead=0x00020000
   INIT: 7.45
   flags=0x00400000
   max_readahead=0x00020000
   max_write=0x00100000
   max_background=0
   congestion_threshold=0
   time_gran=1
   unique: 2, success, outsize: 80
dev unique: 4, opcode: LOOKUP (1), nodeid: 1, insize: 46, pid: 108
LOOKUP /w.txt
getattr[NULL] /w.txt
   unique: 4, error: -2 (No such file or directory), outsize: 16
dev unique: 6, opcode: CREATE (35), nodeid: 1, insize: 62, pid: 108
create flags: 0x8241 /w.txt 0100644 umask=0022
[create] /w.txt
   create[126666034646672] flags: 0x8241 /w.txt
getattr[126666034] /w.txt
   NODEID: 2
   unique: 6, success, outsize: 160
dev unique: 8, opcode: FLUSH (25), nodeid: 2, insize: 64, pid: 108
flush[126666034646672]
[flush] /w.txt fh=126666034646672
invf: flush w.txt empty buf
   unique: 8, success, outsize: 16
dev unique: 10, opcode: GETXATTR (22), nodeid: 2, insize: 68, pid: 108
   unique: 10, error: -38 (Function not implemented), outsize: 16
dev unique: 12, opcode: WRITE (16), nodeid: 2, insize: 85, pid: 108
write[126666034646672] 5 bytes to 0 flags: 0x8001
[write] /w.txt off=0 size=5 fh=126666034646672
   write[126666034646672] 5 bytes to 0
   unique: 12, success, outsize: 24
dev unique: 14, opcode: FLUSH (25), nodeid: 2, insize: 64, pid: 108
flush[126666034646672]
[flush] /w.txt fh=126666034646672
invf: flush w.txt len=5 ok
   unique: 14, success, outsize: 16
dev unique: 16, opcode: RELEASE (18), nodeid: 2, insize: 64, pid: 0
release[126666034646672] flags: 0x8001
   unique: 16, success, outsize: 16
dev unique: 18, opcode: LOOKUP (1), nodeid: 1, insize: 46, pid: 108
LOOKUP /w.txt
getattr[NULL] /w.txt
   NODEID: 2
   unique: 18, success, outsize: 144
dev unique: 20, opcode: OPEN (14), nodeid: 2, insize: 48, pid: 108
open flags: 0x8401 /w.txt
   open[126666034646672] flags: 0x8401 /w.txt
   unique: 20, success, outsize: 32
dev unique: 22, opcode: FLUSH (25), nodeid: 2, insize: 64, pid: 108
flush[126666034646672]
[flush] /w.txt fh=126666034646672
invf: flush w.txt len=5 ok
   unique: 22, success, outsize: 16
dev unique: 24, opcode: WRITE (16), nodeid: 2, insize: 88, pid: 108
write[126666034646672] 8 bytes to 5 flags: 0x8401
[write] /w.txt off=5 size=8 fh=126666034646672
   write[126666034646672] 8 bytes to 5
   unique: 24, success, outsize: 24
dev unique: 26, opcode: FLUSH (25), nodeid: 2, insize: 64, pid: 108
flush[126666034646672]
[flush] /w.txt fh=126666034646672
invf: flush w.txt len=13 ok
   unique: 26, success, outsize: 16
dev unique: 28, opcode: RELEASE (18), nodeid: 2, insize: 64, pid: 0
release[126666034646672] flags: 0x8401
   unique: 28, success, outsize: 16
dev unique: 30, opcode: LOOKUP (1), nodeid: 1, insize: 46, pid: 108
LOOKUP /w.txt
getattr[NULL] /w.txt
   NODEID: 2
   unique: 30, success, outsize: 144
dev unique: 32, opcode: OPEN (14), nodeid: 2, insize: 48, pid: 108
open flags: 0x8401 /w.txt
   open[126666034646672] flags: 0x8401 /w.txt
   unique: 32, success, outsize: 32
dev unique: 34, opcode: FLUSH (25), nodeid: 2, insize: 64, pid: 108
flush[126666034646672]
[flush] /w.txt fh=126666034646672
invf: flush w.txt len=13 ok
   unique: 34, success, outsize: 16
dev unique: 36, opcode: WRITE (16), nodeid: 2, insize: 88, pid: 108
write[126666034646672] 8 bytes to 13 flags: 0x8401
[write] /w.txt off=13 size=8 fh=126666034646672
   write[126666034646672] 8 bytes to 13
   unique: 36, success, outsize: 24
dev unique: 38, opcode: FLUSH (25), nodeid: 2, insize: 64, pid: 108
flush[126666034646672]
[flush] /w.txt fh=126666034646672
invf: flush w.txt len=21 ok
   unique: 38, success, outsize: 16
dev unique: 40, opcode: RELEASE (18), nodeid: 2, insize: 64, pid: 0
release[126666034646672] flags: 0x8401
   unique: 40, success, outsize: 16
dev unique: 42, opcode: LOOKUP (1), nodeid: 1, insize: 46, pid: 121
LOOKUP /w.txt
getattr[NULL] /w.txt
   NODEID: 2
   unique: 42, success, outsize: 144
dev unique: 44, opcode: OPEN (14), nodeid: 2, insize: 48, pid: 121
open flags: 0x8000 /w.txt
   open[0] flags: 0x8000 /w.txt
   unique: 44, success, outsize: 32
dev unique: 46, opcode: READ (15), nodeid: 2, insize: 80, pid: 121
read[0] 4096 bytes from 0 flags: 0x8000
   read[0] 21 bytes from 0
   unique: 46, success, outsize: 37
dev unique: 48, opcode: FLUSH (25), nodeid: 2, insize: 64, pid: 121
flush[0]
[flush] /w.txt fh=0
   unique: 48, success, outsize: 16
dev unique: 50, opcode: RELEASE (18), nodeid: 2, insize: 64, pid: 0
release[0] flags: 0x8000
   unique: 50, success, outsize: 16
dev unique: 52, opcode: GETATTR (3), nodeid: 2, insize: 56, pid: 122
getattr[NULL] /w.txt
   unique: 52, success, outsize: 120
dev unique: 54, opcode: UNLINK (10), nodeid: 1, insize: 46, pid: 122
unlink /w.txt
   unique: 54, success, outsize: 16
dev unique: 56, opcode: FORGET (2), nodeid: 2, insize: 48, pid: 0
FORGET 2/4
DELETE: 2
dev unique: 58, opcode: GETATTR (3), nodeid: 1, insize: 56, pid: 124
getattr[NULL] /
   unique: 58, success, outsize: 120
dev unique: 60, opcode: OPENDIR (27), nodeid: 1, insize: 48, pid: 124
   unique: 60, success, outsize: 32
dev unique: 62, opcode: READDIRPLUS (44), nodeid: 1, insize: 80, pid: 124
readdirplus[0] from 0
   unique: 62, success, outsize: 496
dev unique: 64, opcode: READDIR (28), nodeid: 1, insize: 80, pid: 124
   unique: 64, success, outsize: 16
dev unique: 66, opcode: RELEASEDIR (29), nodeid: 1, insize: 64, pid: 0
   unique: 66, success, outsize: 16
fuse: session exited, terminating workers
[fuse_main rc=0]
