InvariFS mounted: 0 files
[fuse_arg 0] invf-fuse
[fuse_arg 1] -d
[fuse_arg 2] /mnt/invarifs
FUSE library version: 3.18.2
dev unique: 2, opcode: INIT (26), nodeid: 0, insize: 104, pid: 0
INIT: 7.39
flags=0x73fffffb
max_readahead=0x00020000
   INIT: 7.45
   flags=0x00400000
   max_readahead=0x00020000
   max_write=0x00100000
   max_background=0
   congestion_threshold=0
   time_gran=1
   unique: 2, success, outsize: 80
dev unique: 4, opcode: GETATTR (3), nodeid: 1, insize: 56, pid: 28
getattr[NULL] /
   unique: 4, success, outsize: 120
dev unique: 6, opcode: LISTXATTR (23), nodeid: 1, insize: 48, pid: 28
   unique: 6, error: -38 (Function not implemented), outsize: 16
dev unique: 8, opcode: OPENDIR (27), nodeid: 1, insize: 48, pid: 28
   unique: 8, success, outsize: 32
dev unique: 10, opcode: READDIRPLUS (44), nodeid: 1, insize: 80, pid: 28
readdirplus[0] from 0
   unique: 10, success, outsize: 496
dev unique: 12, opcode: LOOKUP (1), nodeid: 1, insize: 46, pid: 28
LOOKUP /a.txt
getattr[NULL] /a.txt
   unique: 12, error: -2 (No such file or directory), outsize: 16
dev unique: 14, opcode: READDIR (28), nodeid: 1, insize: 80, pid: 28
   unique: 14, success, outsize: 16
dev unique: 16, opcode: RELEASEDIR (29), nodeid: 1, insize: 64, pid: 0
   unique: 16, success, outsize: 16
dev unique: 18, opcode: LOOKUP (1), nodeid: 1, insize: 46, pid: 30
LOOKUP /a.txt
getattr[NULL] /a.txt
   unique: 18, error: -2 (No such file or directory), outsize: 16
fuse: session exited, terminating workers
[fuse_main rc=0]
