InvariFS mounted: 0 files
[fuse_arg 0] invf-fuse
[fuse_arg 1] -d
[fuse_arg 2] /mnt/invarifs
FUSE library version: 3.18.2
dev unique: 2, opcode: INIT (26), nodeid: 0, insize: 104, pid: 0
INIT: 7.39
flags=0x73fffffb
max_readahead=0x00020000
   INIT: 7.45
   flags=0x00400000
   max_readahead=0x00020000
   max_write=0x00100000
   max_background=0
   congestion_threshold=0
   time_gran=1
   unique: 2, success, outsize: 80
dev unique: 4, opcode: GETATTR (3), nodeid: 1, insize: 56, pid: 21
getattr[NULL] /
   unique: 4, success, outsize: 120
dev unique: 6, opcode: OPENDIR (27), nodeid: 1, insize: 48, pid: 21
   unique: 6, success, outsize: 32
dev unique: 8, opcode: READDIRPLUS (44), nodeid: 1, insize: 80, pid: 21
readdirplus[0] from 0
   unique: 8, success, outsize: 496
dev unique: 10, opcode: READDIR (28), nodeid: 1, insize: 80, pid: 21
   unique: 10, success, outsize: 16
dev unique: 12, opcode: RELEASEDIR (29), nodeid: 1, insize: 64, pid: 0
   unique: 12, success, outsize: 16
dev unique: 14, opcode: GETATTR (3), nodeid: 1, insize: 56, pid: 24
getattr[NULL] /
   unique: 14, success, outsize: 120
dev unique: 16, opcode: OPENDIR (27), nodeid: 1, insize: 48, pid: 24
   unique: 16, success, outsize: 32
dev unique: 18, opcode: READDIRPLUS (44), nodeid: 1, insize: 80, pid: 24
readdirplus[0] from 0
   unique: 18, success, outsize: 496
dev unique: 20, opcode: READDIR (28), nodeid: 1, insize: 80, pid: 24
   unique: 20, success, outsize: 16
dev unique: 22, opcode: RELEASEDIR (29), nodeid: 1, insize: 64, pid: 0
   unique: 22, success, outsize: 16
fuse: session exited, terminating workers
[fuse_main rc=0]
