InvariFS mounted: 0 files
[fuse_arg 0] invf-fuse
[fuse_arg 1] -d
[fuse_arg 2] /mnt/invarifs
FUSE library version: 3.18.2
dev unique: 2, opcode: INIT (26), nodeid: 0, insize: 104, pid: 0
INIT: 7.39
flags=0x73fffffb
max_readahead=0x00020000
   INIT: 7.45
   flags=0x00400000
   max_readahead=0x00020000
   max_write=0x00100000
   max_background=0
   congestion_threshold=0
   time_gran=1
   unique: 2, success, outsize: 80
dev unique: 4, opcode: LOOKUP (1), nodeid: 1, insize: 46, pid: 220
LOOKUP /a.txt
getattr[NULL] /a.txt
   unique: 4, error: -2 (No such file or directory), outsize: 16
dev unique: 6, opcode: CREATE (35), nodeid: 1, insize: 62, pid: 220
create flags: 0x8241 /a.txt 0100644 umask=0022
[create] /a.txt
   create[131028983221904] flags: 0x8241 /a.txt
getattr[131028983] /a.txt
   NODEID: 2
   unique: 6, success, outsize: 160
dev unique: 8, opcode: FLUSH (25), nodeid: 2, insize: 64, pid: 220
flush[131028983221904]
[flush] /a.txt fh=131028983221904
invf: flush a.txt empty buf
   unique: 8, success, outsize: 16
dev unique: 10, opcode: GETXATTR (22), nodeid: 2, insize: 68, pid: 220
   unique: 10, error: -38 (Function not implemented), outsize: 16
dev unique: 12, opcode: WRITE (16), nodeid: 2, insize: 83, pid: 220
write[131028983221904] 3 bytes to 0 flags: 0x8001
[write] /a.txt off=0 size=3 fh=131028983221904
   write[131028983221904] 3 bytes to 0
   unique: 12, success, outsize: 24
dev unique: 14, opcode: FLUSH (25), nodeid: 2, insize: 64, pid: 220
flush[131028983221904]
[flush] /a.txt fh=131028983221904
invf: flush a.txt len=3 ok
   unique: 14, success, outsize: 16
dev unique: 16, opcode: RELEASE (18), nodeid: 2, insize: 64, pid: 0
release[131028983221904] flags: 0x8001
   unique: 16, success, outsize: 16
dev unique: 18, opcode: LOOKUP (1), nodeid: 1, insize: 46, pid: 220
LOOKUP /b.txt
getattr[NULL] /b.txt
   unique: 18, error: -2 (No such file or directory), outsize: 16
dev unique: 20, opcode: CREATE (35), nodeid: 1, insize: 62, pid: 220
create flags: 0x8241 /b.txt 0100644 umask=0022
[create] /b.txt
   create[131029050330768] flags: 0x8241 /b.txt
getattr[131029050] /b.txt
   NODEID: 3
   unique: 20, success, outsize: 160
dev unique: 22, opcode: FLUSH (25), nodeid: 3, insize: 64, pid: 220
flush[131029050330768]
[flush] /b.txt fh=131029050330768
invf: flush b.txt empty buf
   unique: 22, success, outsize: 16
dev unique: 24, opcode: WRITE (16), nodeid: 3, insize: 83, pid: 220
write[131029050330768] 3 bytes to 0 flags: 0x8001
[write] /b.txt off=0 size=3 fh=131029050330768
   write[131029050330768] 3 bytes to 0
   unique: 24, success, outsize: 24
dev unique: 26, opcode: FLUSH (25), nodeid: 3, insize: 64, pid: 220
flush[131029050330768]
[flush] /b.txt fh=131029050330768
invf: flush b.txt len=3 ok
   unique: 26, success, outsize: 16
dev unique: 28, opcode: RELEASE (18), nodeid: 3, insize: 64, pid: 0
release[131029050330768] flags: 0x8001
   unique: 28, success, outsize: 16
dev unique: 30, opcode: GETATTR (3), nodeid: 1, insize: 56, pid: 232
getattr[NULL] /
   unique: 30, success, outsize: 120
dev unique: 32, opcode: OPENDIR (27), nodeid: 1, insize: 48, pid: 232
   unique: 32, success, outsize: 32
dev unique: 34, opcode: READDIRPLUS (44), nodeid: 1, insize: 80, pid: 232
readdirplus[0] from 0
   unique: 34, success, outsize: 656
dev unique: 36, opcode: READDIR (28), nodeid: 1, insize: 80, pid: 232
   unique: 36, success, outsize: 16
dev unique: 38, opcode: RELEASEDIR (29), nodeid: 1, insize: 64, pid: 0
   unique: 38, success, outsize: 16
dev unique: 40, opcode: LOOKUP (1), nodeid: 1, insize: 46, pid: 233
LOOKUP /a.txt
getattr[NULL] /a.txt
   NODEID: 2
   unique: 40, success, outsize: 144
dev unique: 42, opcode: UNLINK (10), nodeid: 1, insize: 46, pid: 233
unlink /a.txt
[unlink] a.txt rc=0
   unique: 42, success, outsize: 16
dev unique: 44, opcode: FORGET (2), nodeid: 2, insize: 48, pid: 0
FORGET 2/2
DELETE: 2
dev unique: 46, opcode: GETATTR (3), nodeid: 1, insize: 56, pid: 235
getattr[NULL] /
   unique: 46, success, outsize: 120
dev unique: 48, opcode: OPENDIR (27), nodeid: 1, insize: 48, pid: 235
   unique: 48, success, outsize: 32
dev unique: 50, opcode: READDIRPLUS (44), nodeid: 1, insize: 80, pid: 235
readdirplus[0] from 0
   unique: 50, success, outsize: 656
dev unique: 52, opcode: READDIR (28), nodeid: 1, insize: 80, pid: 235
   unique: 52, success, outsize: 16
dev unique: 54, opcode: RELEASEDIR (29), nodeid: 1, insize: 64, pid: 0
   unique: 54, success, outsize: 16
fuse: session exited, terminating workers
[fuse_main rc=0]
