Dokan: debug mode on
Dokan: use stderr
AllocationUnitSize: 512 SectorSize: 512
Global device opened
Dokan: Using 12 main pull threads with ipc batching: 0
Dokan Information: mounted: Y: -> \Volume{d6cc17c5-1719-4085-bce7-964f1e9f5de9}
[Mounted]
###QueryVolumeInfo file handle = 0x0000000000000000, eventID = -001, event Info = 0x0000023C1CFCB210
[GetVolumeInformation]
###QueryVolumeInfo file handle = 0x0000000000000000, eventID = -001, event Info = 0x0000023C1CFCB1A0
[GetVolumeInformation]
Dokan Information: SendAndPullEventInformation() with NTSTATUS 0x0, context 0x0, and result object 0x0000023C1D096A20 with size 64
Dokan Information: SendAndPullEventInformation() with NTSTATUS 0x80000005, context 0x0, and result object 0x0000023C1D097A50 with size 56
###Create file handle = 0x0000023C1CFCA050, eventID = 0001, event Info = 0x0000023C1CFCB1A0
[ZwCreateFile] \
Dokan Information: DokanEndDispatchCreate() status = 0, file handle = 0x0000023C1CFCA050, eventID = 0001, result = 0x1
Dokan Information: SendAndPullEventInformation() with NTSTATUS 0x0, context 0x1cfca050, and result object 0x0000023C1D097A50 with size 48
###GetFileInfo file handle = 0x0000023C1CFCA050, eventID = 0001, event Info = 0x0000023C1CFCB1A0
	result =  0
  unknown type:54
	DispatchQueryInformation result =  c000000d
Dokan Information: SendAndPullEventInformation() with NTSTATUS 0xc000000d, context 0x1cfca050, and result object 0x0000023C1D097A50 with size 48
###GetFileInfo file handle = 0x0000023C1CFCA050, eventID = 0001, event Info = 0x0000023C1CFCB1A0
	result =  0
	FileStandardInformation
	DispatchQueryInformation result =  0
Dokan Information: SendAndPullEventInformation() with NTSTATUS 0x0, context 0x1cfca050, and result object 0x0000023C1D097A50 with size 64
###QueryVolumeInfo file handle = 0x0000023C1CFCA050, eventID = 0001, event Info = 0x0000023C1CFCB1A0
[GetVolumeInformation]
Dokan Information: SendAndPullEventInformation() with NTSTATUS 0x0, context 0x1cfca050, and result object 0x0000023C1D097A50 with size 74
###Cleanup file handle = 0x0000023C1CFCA050, eventID = 0001, event Info = 0x0000023C1CFCB1A0
Dokan Information: SendAndPullEventInformation() with NTSTATUS 0x0, context 0x1cfca050, and result object 0x0000023C1D097A50 with size 48
###Close file handle = 0x0000023C1CFCA050, eventID = 0001, event Info = 0x0000023C1CFCB1A0
[Close] \
###Create file handle = 0x0000023C1CFCA050, eventID = 0002, event Info = 0x0000023C1CFCB1A0
[ZwCreateFile] \
Dokan Information: DokanEndDispatchCreate() status = 0, file handle = 0x0000023C1CFCA050, eventID = 0002, result = 0x1
Dokan Information: SendAndPullEventInformation() with NTSTATUS 0x0, context 0x1cfca050, and result object 0x0000023C1D097A50 with size 48
###GetFileInfo file handle = 0x0000023C1CFCA050, eventID = 0002, event Info = 0x0000023C1CFCB1A0
	result =  0
	FileStandardInformation
	DispatchQueryInformation result =  0
Dokan Information: SendAndPullEventInformation() with NTSTATUS 0x0, context 0x1cfca050, and result object 0x0000023C1D097A50 with size 64
###QueryVolumeInfo file handle = 0x0000023C1CFCA050, eventID = 0002, event Info = 0x0000023C1CFCB1A0
[GetVolumeInformation]
Dokan Information: SendAndPullEventInformation() with NTSTATUS 0x0, context 0x1cfca050, and result object 0x0000023C1D097A50 with size 74
###Cleanup file handle = 0x0000023C1CFCA050, eventID = 0002, event Info = 0x0000023C1CFCB1A0
Dokan Information: SendAndPullEventInformation() with NTSTATUS 0x0, context 0x1cfca050, and result object 0x0000023C1D097A50 with size 48
###Close file handle = 0x0000023C1CFCA050, eventID = 0002, event Info = 0x0000023C1CFCB1A0
[Close] \
###Create file handle = 0x0000023C1CFCA050, eventID = 0003, event Info = 0x0000023C1CFFBAE0
[ZwCreateFile] \
Dokan Information: DokanEndDispatchCreate() status = 0, file handle = 0x0000023C1CFCA050, eventID = 0003, result = 0x1
Dokan Information: SendAndPullEventInformation() with NTSTATUS 0x0, context 0x1cfca050, and result object 0x0000023C1D097A50 with size 48
###QueryVolumeInfo file handle = 0x0000023C1CFCA050, eventID = 0003, event Info = 0x0000023C1CFFBAE0
[GetVolumeInformation]
Dokan Information: SendAndPullEventInformation() with NTSTATUS 0x0, context 0x1cfca050, and result object 0x0000023C1D097A50 with size 74
###QueryVolumeInfo file handle = 0x0000023C1CFCA050, eventID = 0003, event Info = 0x0000023C1CFFBAE0
[GetVolumeInformation]
Dokan Information: SendAndPullEventInformation() with NTSTATUS 0x0, context 0x1cfca050, and result object 0x0000023C1D097A50 with size 68
###Cleanup file handle = 0x0000023C1CFCA050, eventID = 0003, event Info = 0x0000023C1CFFBAE0
Dokan Information: SendAndPullEventInformation() with NTSTATUS 0x0, context 0x1cfca050, and result object 0x0000023C1D097A50 with size 48
###Close file handle = 0x0000023C1CFCA050, eventID = 0003, event Info = 0x0000023C1CFFBAE0
[Close] \
###Create file handle = 0x0000023C1CFCA050, eventID = 0004, event Info = 0x0000023C1CFFB990
[Z###Create file handle = 0x0000023C1CFCA6D0, eventID = 0005, event Info = 0x0000023C1CFFBAE0
wCreateFile] \
[ZwCreateFile] \
Dokan Information: DokanEndDispatchCreate() status = 0, file handle = 0x0000023C1CFCA050, eventID = 0004, result = 0x1
Dokan Information: DokanEndDispatchCreate() status = 0, file handle = 0x0000023C1CFCA6D0, eventID = 0005, result = 0x1
Dokan Information: SendAndPullEventInformation() with NTSTATUS 0x0, context 0x1cfca050, and result object 0x0000023C1D097A50 with size 48
Dokan Information: SendAndPullEventInformation() with NTSTATUS 0x0, context 0x1cfca6d0, and result object 0x0000023C1F300840 with size 48
###GetFileInfo file handle = 0x0000023C1CFCA050, eventID = 0004, event Info = 0x0000023C1CFFB990
	result =  0
	FileBasicInformation
	DispatchQueryInformation result =  0
###QueryVolumeInfo file handle = 0x0000023C1CFCA6D0, eventID = 0005, event Info = 0x0000023C1CFFBAE0
[GetVolumeInformation]
Dokan Information: SendAndPullEventInformation() with NTSTATUS 0x0, context 0x1cfca050, and result object 0x0000023C1D097A50 with size 80
Dokan Information: SendAndPullEventInformation() with NTSTATUS 0x0, context 0x1cfca6d0, and result object 0x0000023C1F300840 with size 74
###Cleanup file handle = 0x0000023C1CFCA050, eventID = 0004, event Info = 0x0000023C1CFFB990
###QueryVolumeInfo file handle = 0x0000023C1CFCA6D0, eventID = 0005, event Info = 0x0000023C1CFFBAE0
[GDokan Information: SendAndPullEventInformation() with NTSTATUS 0x0, context 0x1cfca050, and result object 0x0000023C1D097A50 with size 48
etVolume###Close file handle = 0x0000023C1CFCA050, eventID = 0004, event Info = 0x0000023C1CFFB990
Inform###Create file handle = 0x0000023C1CFCA650, eventID = 0006, event Info = 0x0000023C1CFFBD10
ation]
[Close] \
Dokan Information: SendAndPullEventInformation() with NTSTATUS 0x0, context 0x1cfca6d0, and result object 0x0000023C1F300840 with size 68
[Z###Cleanup file handle = 0x0000023C1CFCA6D0, eventID = 0005, event Info = 0x0000023C1CFFBAE0
wCreateFile] \
Dokan Information: SendAndPullEventInformation() with NTSTATUS 0x0, context 0x1cfca6d0, and result object 0x0000023C1F300840 with size 48
Dokan Information: DokanEndDispatchCreate() status = 0, file handle = 0x0000023C1CFCA650, eventID = 0006, result = 0x1
###Close file handle = 0x0000023C1CFCA6D0, eventID = 0005, event Info = 0x0000023C1CFFBAE0
[Close] \
###Create file handle = 0x0000023C1CFCA050, eventID = 0007, event Info = 0x0000023C1CFFB990
[ZwCreateFile] \
Dokan Information: SendAndPullEventInformation() with NTSTATUS 0x0, context 0x1cfca650, and result object 0x0000023C1D097A50 with size 48
Dokan Information: DokanEndDispatchCreate() status = 0, file handle = 0x0000023C1CFCA050, eventID = 0007, result = 0x1
Dokan Information: SendAndPullEventInformation() with NTSTATUS 0x0, context 0x1cfca050, and result object 0x0000023C1F300840 with size 48
###QueryVolumeInfo file handle = 0x0000023C1CFCA650, eventID = 0006, event Info = 0x0000023C1CFFBD10
[GetVolumeInformation]
###QueryVolumeInfo file handle = 0x0000023C1CFCA050, eventID = 0007, event Info = 0x0000023C1CFFB990
Dokan Information: SendAndPullEventInformation() with NTSTATUS 0x0, context 0x1cfca650, and result object 0x0000023C1D097A50 with size 74
Dokan Information: SendAndPullEventInformation() with NTSTATUS 0x0, context 0x1cfca050, and result object 0x0000023C1F300840 with size 64
###QueryVolumeInfo file handle = 0x0000023C1CFCA650, eventID = 0006, event Info = 0x0000023C1CFFBD10
[GetVolumeInformation]
###Cleanup file handle = 0x0000023C1CFCA050, eventID = 0007, event Info = 0x0000023C1CFFB990
Dokan Information: SendAndPullEventInformation() with NTSTATUS 0x0, context 0x1cfca650, and result object 0x0000023C1D097A50 with size 68
Dokan Information: SendAndPullEventInformation() with NTSTATUS 0x0, context 0x1cfca050, and result object 0x0000023C1F300840 with size 48
###Cleanup file handle = 0x0000023C1CFCA650, eventID = 0006, event Info = 0x0000023C1CFFBD10
###Create file handle = 0x0000023C1CFCA6D0, eventID = 0008, event Info = 0x0000023C1CFFBAE0
[ZwCreateFile] \
Dokan Information: SendAndPullEventInformation() with NTSTATUS 0x0, context 0x1cfca650, and result object 0x0000023C1D097A50 with size 48
###Close file handle = 0x0000023C1CFCA050, eventID = 0007, event Info = 0x0000023C1CFFB990
[Close] \
Dokan Information: DokanEndDispatchCreate() status = 0, file handle = 0x0000023C1CFCA6D0, eventID = 0008, result = 0x1
###Close file handle = 0x0000023C1CFCA650, eventID = 0006, event Info = 0x0000023C1CFFBD10
[Close] \
###Create file handle = 0x0000023C1CFC9E50, eventID = 0009, event Info = 0x0000023C1CFFB4C0
[ZwCreateFile] \
Dokan Information: SendAndPullEventInformation() with NTSTATUS 0x0, context 0x1cfca6d0, and result object 0x0000023C1F300840 with size 48
Dokan Information: DokanEndDispatchCreate() status = 0, file handle = 0x0000023C1CFC9E50, eventID = 0009, result = 0x1
Dokan Information: SendAndPullEventInformation() with NTSTATUS 0x0, context 0x1cfc9e50, and result object 0x0000023C1D097A50 with size 48
###Cleanup file handle = 0x0000023C1CFCA6D0, eventID = 0008, event Info = 0x0000023C1CFFBAE0
###QueryVolumeInfo file handle = 0x0000023C1CFC9E50, eventID = 0009, event Info = 0x0000023C1CFFB4C0
Dokan Information: SendAndPullEventInformation() with NTSTATUS 0x0, context 0x1cfca6d0, and result object 0x0000023C1F300840 with size 48
###Close file handle = 0x0000023C1CFCA6D0, eventID = 0008, event Info = 0x0000023C1CFFBAE0
[Close] \
Dokan Information: SendAndPullEventInformation() with NTSTATUS 0x0, context 0x1cfc9e50, and result object 0x0000023C1D097A50 with size 64
###Create file handle = 0x0000023C1CFCA6D0, eventID = 0010, event Info = 0x0000023C1CFFBD10
[ZwCre###Cleanup file handle = 0x0000023C1CFC9E50, eventID = 0009, event Info = 0x0000023C1CFFB4C0
ateFile] \
Dokan Information: SendAndPullEventInformation() with NTSTATUS 0x0, context 0x1cfc9e50, and result object 0x0000023C1D097A50 with size 48
Dokan Information: DokanEndDispatchCreate() status = 0, file handle = 0x0000023C1CFCA6D0, eventID = 0010, result = 0x1
###Close file handle = 0x0000023C1CFC9E50, eventID = 0009, event Info = 0x0000023C1CFFB4C0
[Close] \
###Create file handle = 0x0000023C1CFCA650, eventID = 0011, event Info = 0x0000023C1CFFBAE0
[ZwCreateFile] \
Dokan Information: SendAndPullEventInformation() with NTSTATUS 0x0, context 0x1cfca6d0, and result object 0x0000023C1F300840 with size 48
Dokan Information: DokanEndDispatchCreate() status = 0, file handle = 0x0000023C1CFCA650, eventID = 0011, result = 0x1
Dokan Information: SendAndPullEventInformation() with NTSTATUS 0x0, context 0x1cfca650, and result object 0x0000023C1D097A50 with size 48
###QueryVolumeInfo file handle = 0x0000023C1CFCA6D0, eventID = 0010, event Info = 0x0000023C1CFFBD10
[GetVolumeInformation]
###GetFileInfo file handle = 0x0000023C1CFCA650, eventID = 0011, event Info = 0x0000023C1CFFBAE0
	result =  0
	FileBasicInformation
	DispatchQueryInformation result =  0
Dokan Information: SendAndPullEventInformation() with NTSTATUS 0x0, context 0x1cfca6d0, and result object 0x0000023C1F300840 with size 64
Dokan Information: SendAndPullEventInformation() with NTSTATUS 0x0, context 0x1cfca650, and result object 0x0000023C1D097A50 with size 80
###GetFileInfo file handle = 0x0000023C1CFCA6D0, eventID = 0010, event Info = 0x0000023C1CFFBD10
	result =  0
	FileAllInformation
	DispatchQueryInformation result =  0
###Cleanup file handle = 0x0000023C1CFCA650, eventID = 0011, event Info = 0x0000023C1CFFBAE0
Dokan Information: SendAndPullEventInformation() with NTSTATUS 0x0, context 0x1cfca6d0, and result object 0x0000023C1F300840 with size 140
Dokan Information: SendAndPullEventInformation() with NTSTATUS 0x0, context 0x1cfca650, and result object 0x0000023C1D097A50 with size 48
###Cleanup file handle = 0x0000023C1CFCA6D0, eventID = 0010, event Info = 0x0000023C1CFFBD10
###Close file handle = 0x0000023C1CFCA650, eventID = 0011, event Info = 0x0000023C1CFFBAE0
[Close] \
Dokan Information: SendAndPullEventInformation() with NTSTATUS 0x0, context 0x1cfca6d0, and result object 0x0000023C1F300840 with size 48
###Create file handle = 0x0000023C1CFCA650, eventID = 0012, event Info = 0x0000023C1CFFB4C0
[ZwCreateFile] \
###Close file handle = 0x0000023C1CFCA6D0, eventID = 0010, event Info = 0x0000023C1CFFBD10
[Close] \
###Create file handle = 0x0000023C1CFC9E50, eventID = 0013, event Info = 0x0000023C1CFFBAE0
[ZwDokan Information: DokanEndDispatchCreate() status = 0, file handle = 0x0000023C1CFCA650, eventID = 0012, result = 0x1
CreateFile] \
Dokan Information: SendAndPullEventInformation() with NTSTATUS 0x0, context 0x1cfca650, and result object 0x0000023C1D097A50 with size 48
Dokan Information: DokanEndDispatchCreate() status = 0, file handle = 0x0000023C1CFC9E50, eventID = 0013, result = 0x1
###GetFileInfo file handle = 0x0000023C1CFCA650, eventID = 0012, event Info = 0x0000023C1CFFB4C0
	result =  0
	FileBasicInformation
	DispatchQueryInformation result =  0
Dokan Information: SendAndPullEventInformation() with NTSTATUS 0x0, context 0x1cfc9e50, and result object 0x0000023C1F300840 with size 48
Dokan Information: SendAndPullEventInformation() with NTSTATUS 0x0, context 0x1cfca650, and result object 0x0000023C1D097A50 with size 80
###QueryVolumeInfo file handle = 0x0000023C1CFC9E50, eventID = 0013, event Info = 0x0000023C1CFFBAE0
[GetVolumeInformation]
###Cleanup file handle = 0x0000023C1CFCA650, eventID = 0012, event Info = 0x0000023C1CFFB4C0
Dokan Information: SendAndPullEventInformation() with NTSTATUS 0x0, context 0x1cfca650, and result object 0x0000023C1D097A50 with size 48
Dokan Information: SendAndPullEventInformation() with NTSTATUS 0x0, context 0x1cfc9e50, and result object 0x0000023C1F300840 with size 64
###Close file handle = 0x0000023C1CFCA650, eventID = 0012, event Info = 0x0000023C1CFFB4C0
###GetFileInfo file handle = 0x0000023C1CFC9E50, eventID = 0013, event Info = 0x0000023C1CFFBAE0
[Close] \
	result =  0
	FileAllInformation
	DispatchQueryInformation result =  0
Dokan Information: SendAndPullEventInformation() with NTSTATUS 0x0, context 0x1cfc9e50, and result object 0x0000023C1F300840 with size 140
###Cleanup file handle = 0x0000023C1CFC9E50, eventID = 0013, event Info = 0x0000023C1CFFBAE0
Dokan Information: SendAndPullEventInformation() with NTSTATUS 0x0, context 0x1cfc9e50, and result object 0x0000023C1F300840 with size 48
###Close file handle = 0x0000023C1CFC9E50, eventID = 0013, event Info = 0x0000023C1CFFBAE0
[Close] \
###Create file handle = 0x0000023C1CFCA650, eventID = 0014, event Info = 0x0000023C1CFFB4C0
[ZwCreateFile] \
Dokan Information: DokanEndDispatchCreate() status = 0, file handle = 0x0000023C1CFCA650, eventID = 0014, result = 0x1
Dokan Information: SendAndPullEventInformation() with NTSTATUS 0x0, context 0x1cfca650, and result object 0x0000023C1F300840 with size 48
###QueryVolumeInfo file handle = 0x0000023C1CFCA650, eventID = 0014, event Info = 0x0000023C1CFFB4C0
[GetVolumeInformation]
Dokan Information: SendAndPullEventInformation() with NTSTATUS 0x0, context 0x1cfca650, and result object 0x0000023C1F300840 with size 64
###GetFileInfo file handle = 0x0000023C1CFCA650, eventID = 0014, event Info = 0x0000023C1CFFB4C0
	result =  0
	FileAllInformation
	DispatchQueryInformation result =  0
Dokan Information: SendAndPullEventInformation() with NTSTATUS 0x0, context 0x1cfca650, and result object 0x0000023C1F300840 with size 140
###Cleanup file handle = 0x0000023C1CFCA650, eventID = 0014, event Info = 0x0000023C1CFFB4C0
Dokan Information: SendAndPullEventInformation() with NTSTATUS 0x0, context 0x1cfca650, and result object 0x0000023C1F300840 with size 48
###Close file handle = 0x0000023C1CFCA650, eventID = 0014, event Info = 0x0000023C1CFFB4C0
[Close] \
###Create file handle = 0x0000023C1CFC9E50, eventID = 0015, event Info = 0x0000023C1CFFBAE0
[ZwCreateFile] \
Dokan Information: DokanEndDispatchCreate() status = 0, file handle = 0x0000023C1CFC9E50, eventID = 0015, result = 0x1
Dokan Information: SendAndPullEventInformation() with NTSTATUS 0x0, context 0x1cfc9e50, and result object 0x0000023C1F300840 with size 48
###QueryVolumeInfo file handle = 0x0000023C1CFC9E50, eventID = 0015, event Info = 0x0000023C1CFFBAE0
[GetVolumeInformation]
Dokan Information: SendAndPullEventInformation() with NTSTATUS 0x0, context 0x1cfc9e50, and result object 0x0000023C1F300840 with size 64
###GetFileInfo file handle = 0x0000023C1CFC9E50, eventID = 0015, event Info = 0x0000023C1CFFBAE0
	result =  0
	FileAllInformation
	DispatchQueryInformation result =  0
Dokan Information: SendAndPullEventInformation() with NTSTATUS 0x0, context 0x1cfc9e50, and result object 0x0000023C1F300840 with size 140
###Cleanup file handle = 0x0000023C1CFC9E50, eventID = 0015, event Info = 0x0000023C1CFFBAE0
Dokan Information: SendAndPullEventInformation() with NTSTATUS 0x0, context 0x1cfc9e50, and result object 0x0000023C1F300840 with size 48
###Close file handle = 0x0000023C1CFC9E50, eventID = 0015, event Info = 0x0000023C1CFFBAE0
[Close] \
###Create file handle = 0x0000023C1CFCA650, eventID = 0016, event Info = 0x0000023C1CFFB4C0
[ZwCreateFile] \
Dokan Information: DokanEndDispatchCreate() status = 0, file handle = 0x0000023C1CFCA650, eventID = 0016, result = 0x1
Dokan Information: SendAndPullEventInformation() with NTSTATUS 0x0, context 0x1cfca650, and result object 0x0000023C1F300840 with size 48
###QueryVolumeInfo file handle = 0x0000023C1CFCA650, eventID = 0016, event Info = 0x0000023C1CFFB4C0
[GetVolumeInformation]
Dokan Information: SendAndPullEventInformation() with NTSTATUS 0x0, context 0x1cfca650, and result object 0x0000023C1F300840 with size 64
###GetFileInfo file handle = 0x0000023C1CFCA650, eventID = 0016, event Info = 0x0000023C1CFFB4C0
	result =  0
	FileAllInformation
	DispatchQueryInformation result =  0
Dokan Information: SendAndPullEventInformation() with NTSTATUS 0x0, context 0x1cfca650, and result object 0x0000023C1F300840 with size 140
###Cleanup file handle = 0x0000023C1CFCA650, eventID = 0016, event Info = 0x0000023C1CFFB4C0
Dokan Information: SendAndPullEventInformation() with NTSTATUS 0x0, context 0x1cfca650, and result object 0x0000023C1F300840 with size 48
###Close file handle = 0x0000023C1CFCA650, eventID = 0016, event Info = 0x0000023C1CFFB4C0
[Close] \
###Create file handle = 0x0000023C1CFC9E50, eventID = 0017, event Info = 0x0000023C1CFFBAE0
[ZwCreateFile] \
Dokan Information: DokanEndDispatchCreate() status = 0, file handle = 0x0000023C1CFC9E50, eventID = 0017, result = 0x1
Dokan Information: SendAndPullEventInformation() with NTSTATUS 0x0, context 0x1cfc9e50, and result object 0x0000023C1F300840 with size 48
###QueryVolumeInfo file handle = 0x0000023C1CFC9E50, eventID = 0017, event Info = 0x0000023C1CFFBAE0
[GetVolumeInformation]
Dokan Information: SendAndPullEventInformation() with NTSTATUS 0x0, context 0x1cfc9e50, and result object 0x0000023C1F300840 with size 64
###GetFileInfo file handle = 0x0000023C1CFC9E50, eventID = 0017, event Info = 0x0000023C1CFFBAE0
	result =  0
	FileAllInformation
	DispatchQueryInformation result =  0
Dokan Information: SendAndPullEventInformation() with NTSTATUS 0x0, context 0x1cfc9e50, and result object 0x0000023C1F300840 with size 140
###Cleanup file handle = 0x0000023C1CFC9E50, eventID = 0017, event Info = 0x0000023C1CFFBAE0
Dokan Information: SendAndPullEventInformation() with NTSTATUS 0x0, context 0x1cfc9e50, and result object 0x0000023C1F300840 with size 48
###Close file handle = 0x0000023C1CFC9E50, eventID = 0017, event Info = 0x0000023C1CFFBAE0
[Close] \
###Create file handle = 0x0000023C1CFCA650, eventID = 0018, event Info = 0x0000023C1CFFB4C0
[ZwCreateFile] \
Dokan Information: DokanEndDispatchCreate() status = 0, file handle = 0x0000023C1CFCA650, eventID = 0018, result = 0x1
Dokan Information: SendAndPullEventInformation() with NTSTATUS 0x0, context 0x1cfca650, and result object 0x0000023C1F300840 with size 48
###QueryVolumeInfo file handle = 0x0000023C1CFCA650, eventID = 0018, event Info = 0x0000023C1CFFB4C0
[GetVolumeInformation]
Dokan Information: SendAndPullEventInformation() with NTSTATUS 0x0, context 0x1cfca650, and result object 0x0000023C1F300840 with size 64
###GetFileInfo file handle = 0x0000023C1CFCA650, eventID = 0018, event Info = 0x0000023C1CFFB4C0
	result =  0
	FileAllInformation
	DispatchQueryInformation result =  0
Dokan Information: SendAndPullEventInformation() with NTSTATUS 0x0, context 0x1cfca650, and result object 0x0000023C1F300840 with size 140
###Cleanup file handle = 0x0000023C1CFCA650, eventID = 0018, event Info = 0x0000023C1CFFB4C0
Dokan Information: SendAndPullEventInformation() with NTSTATUS 0x0, context 0x1cfca650, and result object 0x0000023C1F300840 with size 48
###Close file handle = 0x0000023C1CFCA650, eventID = 0018, event Info = 0x0000023C1CFFB4C0
[Close] \
###Create file handle = 0x0000023C1CFC9E50, eventID = 0019, event Info = 0x0000023C1CFFBAE0
[ZwCreateFile] \
Dokan Information: DokanEndDispatchCreate() status = 0, file handle = 0x0000023C1CFC9E50, eventID = 0019, result = 0x1
Dokan Information: SendAndPullEventInformation() with NTSTATUS 0x0, context 0x1cfc9e50, and result object 0x0000023C1F300840 with size 48
###QueryVolumeInfo file handle = 0x0000023C1CFC9E50, eventID = 0019, event Info = 0x0000023C1CFFBAE0
[GetVolumeInformation]
Dokan Information: SendAndPullEventInformation() with NTSTATUS 0x0, context 0x1cfc9e50, and result object 0x0000023C1F300840 with size 64
###GetFileInfo file handle = 0x0000023C1CFC9E50, eventID = 0019, event Info = 0x0000023C1CFFBAE0
	result =  0
	FileAllInformation
	DispatchQueryInformation result =  0
Dokan Information: SendAndPullEventInformation() with NTSTATUS 0x0, context 0x1cfc9e50, and result object 0x0000023C1F300840 with size 140
###Cleanup file handle = 0x0000023C1CFC9E50, eventID = 0019, event Info = 0x0000023C1CFFBAE0
Dokan Information: SendAndPullEventInformation() with NTSTATUS 0x0, context 0x1cfc9e50, and result object 0x0000023C1F300840 with size 48
###Close file handle = 0x0000023C1CFC9E50, eventID = 0019, event Info = 0x0000023C1CFFBAE0
[Close] \
###Create file handle = 0x0000023C1CFCA650, eventID = 0020, event Info = 0x0000023C1CFFB4C0
[ZwCreateFile] \
Dokan Information: DokanEndDispatchCreate() status = 0, file handle = 0x0000023C1CFCA650, eventID = 0020, result = 0x1
Dokan Information: SendAndPullEventInformation() with NTSTATUS 0x0, context 0x1cfca650, and result object 0x0000023C1F300840 with size 48
###QueryVolumeInfo file handle = 0x0000023C1CFCA650, eventID = 0020, event Info = 0x0000023C1CFFB4C0
[GetVolumeInformation]
Dokan Information: SendAndPullEventInformation() with NTSTATUS 0x0, context 0x1cfca650, and result object 0x0000023C1F300840 with size 64
###GetFileInfo file handle = 0x0000023C1CFCA650, eventID = 0020, event Info = 0x0000023C1CFFB4C0
	result =  0
	FileAllInformation
	DispatchQueryInformation result =  0
Dokan Information: SendAndPullEventInformation() with NTSTATUS 0x0, context 0x1cfca650, and result object 0x0000023C1F300840 with size 140
###Cleanup file handle = 0x0000023C1CFCA650, eventID = 0020, event Info = 0x0000023C1CFFB4C0
Dokan Information: SendAndPullEventInformation() with NTSTATUS 0x0, context 0x1cfca650, and result object 0x0000023C1F300840 with size 48
###Close file handle = 0x0000023C1CFCA650, eventID = 0020, event Info = 0x0000023C1CFFB4C0
[Close] \
###Create file handle = 0x0000023C1CFC9E50, eventID = 0021, event Info = 0x0000023C1CFFBAE0
[ZwCreateFile] \
Dokan Information: DokanEndDispatchCreate() status = 0, file handle = 0x0000023C1CFC9E50, eventID = 0021, result = 0x1
Dokan Information: SendAndPullEventInformation() with NTSTATUS 0x0, context 0x1cfc9e50, and result object 0x0000023C1F300840 with size 48
###QueryVolumeInfo file handle = 0x0000023C1CFC9E50, eventID = 0021, event Info = 0x0000023C1CFFBAE0
[GetVolumeInformation]
Dokan Information: SendAndPullEventInformation() with NTSTATUS 0x0, context 0x1cfc9e50, and result object 0x0000023C1F300840 with size 64
###GetFileInfo file handle = 0x0000023C1CFC9E50, eventID = 0021, event Info = 0x0000023C1CFFBAE0
	result =  0
	FileAllInformation
	DispatchQueryInformation result =  0
Dokan Information: SendAndPullEventInformation() with NTSTATUS 0x0, context 0x1cfc9e50, and result object 0x0000023C1F300840 with size 140
###Cleanup file handle = 0x0000023C1CFC9E50, eventID = 0021, event Info = 0x0000023C1CFFBAE0
Dokan Information: SendAndPullEventInformation() with NTSTATUS 0x0, context 0x1cfc9e50, and result object 0x0000023C1F300840 with size 48
###Close file handle = 0x0000023C1CFC9E50, eventID = 0021, event Info = 0x0000023C1CFFBAE0
[Close] \
###Create file handle = 0x0000023C1CFCA650, eventID = 0022, event Info = 0x0000023C1CFFB4C0
[ZwCreateFile] \
Dokan Information: DokanEndDispatchCreate() status = 0, file handle = 0x0000023C1CFCA650, eventID = 0022, result = 0x1
Dokan Information: SendAndPullEventInformation() with NTSTATUS 0x0, context 0x1cfca650, and result object 0x0000023C1F300840 with size 48
###QueryVolumeInfo file handle = 0x0000023C1CFCA650, eventID = 0022, event Info = 0x0000023C1CFFB4C0
[GetVolumeInformation]
Dokan Information: SendAndPullEventInformation() with NTSTATUS 0x0, context 0x1cfca650, and result object 0x0000023C1F300840 with size 64
###GetFileInfo file handle = 0x0000023C1CFCA650, eventID = 0022, event Info = 0x0000023C1CFFB4C0
	result =  0
	FileAllInformation
	DispatchQueryInformation result =  0
Dokan Information: SendAndPullEventInformation() with NTSTATUS 0x0, context 0x1cfca650, and result object 0x0000023C1F300840 with size 140
###Cleanup file handle = 0x0000023C1CFCA650, eventID = 0022, event Info = 0x0000023C1CFFB4C0
Dokan Information: SendAndPullEventInformation() with NTSTATUS 0x0, context 0x1cfca650, and result object 0x0000023C1F300840 with size 48
###Close file handle = 0x0000023C1CFCA650, eventID = 0022, event Info = 0x0000023C1CFFB4C0
[Close] \
###Create file handle = 0x0000023C1CFC9E50, eventID = 0023, event Info = 0x0000023C1CFFBAE0
[ZwCreateFile] \
Dokan Information: DokanEndDispatchCreate() status = 0, file handle = 0x0000023C1CFC9E50, eventID = 0023, result = 0x1
Dokan Information: SendAndPullEventInformation() with NTSTATUS 0x0, context 0x1cfc9e50, and result object 0x0000023C1F300840 with size 48
###QueryVolumeInfo file handle = 0x0000023C1CFC9E50, eventID = 0023, event Info = 0x0000023C1CFFBAE0
[GetVolumeInformation]
Dokan Information: SendAndPullEventInformation() with NTSTATUS 0x0, context 0x1cfc9e50, and result object 0x0000023C1F300840 with size 64
###GetFileInfo file handle = 0x0000023C1CFC9E50, eventID = 0023, event Info = 0x0000023C1CFFBAE0
	result =  0
	FileAllInformation
	DispatchQueryInformation result =  0
Dokan Information: SendAndPullEventInformation() with NTSTATUS 0x0, context 0x1cfc9e50, and result object 0x0000023C1F300840 with size 140
###Cleanup file handle = 0x0000023C1CFC9E50, eventID = 0023, event Info = 0x0000023C1CFFBAE0
Dokan Information: SendAndPullEventInformation() with NTSTATUS 0x0, context 0x1cfc9e50, and result object 0x0000023C1F300840 with size 48
###Close file handle = 0x0000023C1CFC9E50, eventID = 0023, event Info = 0x0000023C1CFFBAE0
[Close] ###Create file handle = 0x0000023C1CFCA650, eventID = 0024, event Info = 0x0000023C1CFFB4C0
\
[ZwCreateFile] \
Dokan Information: DokanEndDispatchCreate() status = 0, file handle = 0x0000023C1CFCA650, eventID = 0024, result = 0x1
Dokan Information: SendAndPullEventInformation() with NTSTATUS 0x0, context 0x1cfca650, and result object 0x0000023C1F300840 with size 48
###QueryVolumeInfo file handle = 0x0000023C1CFCA650, eventID = 0024, event Info = 0x0000023C1CFFB4C0
[GetVolumeInformation]
Dokan Information: SendAndPullEventInformation() with NTSTATUS 0x0, context 0x1cfca650, and result object 0x0000023C1F300840 with size 64
###GetFileInfo file handle = 0x0000023C1CFCA650, eventID = 0024, event Info = 0x0000023C1CFFB4C0
	result =  0
	FileAllInformation
	DispatchQueryInformation result =  0
Dokan Information: SendAndPullEventInformation() with NTSTATUS 0x0, context 0x1cfca650, and result object 0x0000023C1F300840 with size 140
###Cleanup file handle = 0x0000023C1CFCA650, eventID = 0024, event Info = 0x0000023C1CFFB4C0
Dokan Information: SendAndPullEventInformation() with NTSTATUS 0x0, context 0x1cfca650, and result object 0x0000023C1F300840 with size 48
###Close file handle = 0x0000023C1CFCA650, eventID = 0024, event Info = 0x0000023C1CFFB4C0
[Close] \
###Create file handle = 0x0000023C1CFCA650, eventID = 0025, event Info = 0x0000023C1CFFBAE0
[ZwCreateFile] \
Dokan Information: DokanEndDispatchCreate() status = 0, file handle = 0x0000023C1CFCA650, eventID = 0025, result = 0x1
Dokan Information: SendAndPullEventInformation() with NTSTATUS 0x0, context 0x1cfca650, and result object 0x0000023C1F300840 with size 48
###QueryVolumeInfo file handle = 0x0000023C1CFCA650, eventID = 0025, event Info = 0x0000023C1CFFBAE0
[GetVolumeInformation]
Dokan Information: SendAndPullEventInformation() with NTSTATUS 0x0, context 0x1cfca650, and result object 0x0000023C1F300840 with size 64
###GetFileInfo file handle = 0x0000023C1CFCA650, eventID = 0025, event Info = 0x0000023C1CFFBAE0
	result =  0
	FileAllInformation
	DispatchQueryInformation result =  0
Dokan Information: SendAndPullEventInformation() with NTSTATUS 0x0, context 0x1cfca650, and result object 0x0000023C1F300840 with size 140
###Cleanup file handle = 0x0000023C1CFCA650, eventID = 0025, event Info = 0x0000023C1CFFBAE0
Dokan Information: SendAndPullEventInformation() with NTSTATUS 0x0, context 0x1cfca650, and result object 0x0000023C1F300840 with size 48
###Close file handle = 0x0000023C1CFCA650, eventID = 0025, event Info = 0x0000023C1CFFBAE0
[Close] \
###Create file handle = 0x0000023C1CFC9E50, eventID = 0026, event Info = 0x0000023C1CFFB4C0
[ZwCreateFile] \
Dokan Information: DokanEndDispatchCreate() status = 0, file handle = 0x0000023C1CFC9E50, eventID = 0026, result = 0x1
Dokan Information: SendAndPullEventInformation() with NTSTATUS 0x0, context 0x1cfc9e50, and result object 0x0000023C1F300840 with size 48
###QueryVolumeInfo file handle = 0x0000023C1CFC9E50, eventID = 0026, event Info = 0x0000023C1CFFB4C0
[GetVolumeInformation]
Dokan Information: SendAndPullEventInformation() with NTSTATUS 0x0, context 0x1cfc9e50, and result object 0x0000023C1F300840 with size 64
###GetFileInfo file handle = 0x0000023C1CFC9E50, eventID = 0026, event Info = 0x0000023C1CFFB4C0
	result =  0
	FileAllInformation
	DispatchQueryInformation result =  0
Dokan Information: SendAndPullEventInformation() with NTSTATUS 0x0, context 0x1cfc9e50, and result object 0x0000023C1F300840 with size 140
###Cleanup file handle = 0x0000023C1CFC9E50, eventID = 0026, event Info = 0x0000023C1CFFB4C0
Dokan Information: SendAndPullEventInformation() with NTSTATUS 0x0, context 0x1cfc9e50, and result object 0x0000023C1F300840 with size 48
###Close file handle = 0x0000023C1CFC9E50, eventID = 0026, event Info = 0x0000023C1CFFB4C0
[Close] \
###Create file handle = 0x0000023C1CFCA650, eventID = 0027, event Info = 0x0000023C1CFFBAE0
[ZwCreateFile] \
Dokan Information: DokanEndDispatchCreate() status = 0, file handle = 0x0000023C1CFCA650, eventID = 0027, result = 0x1
Dokan Information: SendAndPullEventInformation() with NTSTATUS 0x0, context 0x1cfca650, and result object 0x0000023C1F300840 with size 48
###QueryVolumeInfo file handle = 0x0000023C1CFCA650, eventID = 0027, event Info = 0x0000023C1CFFBAE0
[GetVolumeInformation]
Dokan Information: SendAndPullEventInformation() with NTSTATUS 0x0, context 0x1cfca650, and result object 0x0000023C1F300840 with size 64
###GetFileInfo file handle = 0x0000023C1CFCA650, eventID = 0027, event Info = 0x0000023C1CFFBAE0
	result =  0
	FileAllInformation
	DispatchQueryInformation result =  0
Dokan Information: SendAndPullEventInformation() with NTSTATUS 0x0, context 0x1cfca650, and result object 0x0000023C1F300840 with size 140
###Cleanup file handle = 0x0000023C1CFCA650, eventID = 0027, event Info = 0x0000023C1CFFBAE0
Dokan Information: SendAndPullEventInformation() with NTSTATUS 0x0, context 0x1cfca650, and result object 0x0000023C1F300840 with size 48
###Close file handle = 0x0000023C1CFCA650, eventID = 0027, event Info = 0x0000023C1CFFBAE0
[Close] ###Create file handle = 0x0000023C1CFC9E50, eventID = 0028, event Info = 0x0000023C1CFFB4C0
\
[ZwCreateFile] \
Dokan Information: DokanEndDispatchCreate() status = 0, file handle = 0x0000023C1CFC9E50, eventID = 0028, result = 0x1
Dokan Information: SendAndPullEventInformation() with NTSTATUS 0x0, context 0x1cfc9e50, and result object 0x0000023C1F300840 with size 48
###QueryVolumeInfo file handle = 0x0000023C1CFC9E50, eventID = 0028, event Info = 0x0000023C1CFFB4C0
[GetVolumeInformation]
Dokan Information: SendAndPullEventInformation() with NTSTATUS 0x0, context 0x1cfc9e50, and result object 0x0000023C1F300840 with size 64
###GetFileInfo file handle = 0x0000023C1CFC9E50, eventID = 0028, event Info = 0x0000023C1CFFB4C0
	result =  0
	FileAllInformation
	DispatchQueryInformation result =  0
Dokan Information: SendAndPullEventInformation() with NTSTATUS 0x0, context 0x1cfc9e50, and result object 0x0000023C1F300840 with size 140
###Cleanup file handle = 0x0000023C1CFC9E50, eventID = 0028, event Info = 0x0000023C1CFFB4C0
Dokan Information: SendAndPullEventInformation() with NTSTATUS 0x0, context 0x1cfc9e50, and result object 0x0000023C1F300840 with size 48
###Close file handle = 0x0000023C1CFC9E50, eventID = 0028, event Info = 0x0000023C1CFFB4C0
[Close] \
###Create file handle = 0x0000023C1CFCA650, eventID = 0029, event Info = 0x0000023C1CFFBAE0
[ZwCreateFile] \
Dokan Information: DokanEndDispatchCreate() status = 0, file handle = 0x0000023C1CFCA650, eventID = 0029, result = 0x1
Dokan Information: SendAndPullEventInformation() with NTSTATUS 0x0, context 0x1cfca650, and result object 0x0000023C1F300840 with size 48
###QueryVolumeInfo file handle = 0x0000023C1CFCA650, eventID = 0029, event Info = 0x0000023C1CFFBAE0
[GetVolumeInformation]
Dokan Information: SendAndPullEventInformation() with NTSTATUS 0x0, context 0x1cfca650, and result object 0x0000023C1F300840 with size 64
###GetFileInfo file handle = 0x0000023C1CFCA650, eventID = 0029, event Info = 0x0000023C1CFFBAE0
	result =  0
	FileAllInformation
	DispatchQueryInformation result =  0
Dokan Information: SendAndPullEventInformation() with NTSTATUS 0x0, context 0x1cfca650, and result object 0x0000023C1F300840 with size 140
###Cleanup file handle = 0x0000023C1CFCA650, eventID = 0029, event Info = 0x0000023C1CFFBAE0
Dokan Information: SendAndPullEventInformation() with NTSTATUS 0x0, context 0x1cfca650, and result object 0x0000023C1F300840 with size 48
###Close file handle = 0x0000023C1CFCA650, eventID = 0029, event Info = 0x0000023C1CFFBAE0
[Close] \
###Create file handle = 0x0000023C1CFCA650, eventID = 0030, event Info = 0x0000023C1CFFB4C0
[ZwCreateFile] \
Dokan Information: DokanEndDispatchCreate() status = 0, file handle = 0x0000023C1CFCA650, eventID = 0030, result = 0x1
Dokan Information: SendAndPullEventInformation() with NTSTATUS 0x0, context 0x1cfca650, and result object 0x0000023C1F300840 with size 48
###QueryVolumeInfo file handle = 0x0000023C1CFCA650, eventID = 0030, event Info = 0x0000023C1CFFB4C0
[GetVolumeInformation]
Dokan Information: SendAndPullEventInformation() with NTSTATUS 0x0, context 0x1cfca650, and result object 0x0000023C1F300840 with size 64
###GetFileInfo file handle = 0x0000023C1CFCA650, eventID = 0030, event Info = 0x0000023C1CFFB4C0
	result =  0
	FileAllInformation
	DispatchQueryInformation result =  0
Dokan Information: SendAndPullEventInformation() with NTSTATUS 0x0, context 0x1cfca650, and result object 0x0000023C1F300840 with size 140
###Cleanup file handle = 0x0000023C1CFCA650, eventID = 0030, event Info = 0x0000023C1CFFB4C0
Dokan Information: SendAndPullEventInformation() with NTSTATUS 0x0, context 0x1cfca650, and result object 0x0000023C1F300840 with size 48
###Close file handle = 0x0000023C1CFCA650, eventID = 0030, event Info = 0x0000023C1CFFB4C0
[Close] \
###Create file handle = 0x0000023C1CFC9E50, eventID = 0031, event Info = 0x0000023C1CFFBAE0
[ZwCreateFile] \
Dokan Information: DokanEndDispatchCreate() status = 0, file handle = 0x0000023C1CFC9E50, eventID = 0031, result = 0x1
Dokan Information: SendAndPullEventInformation() with NTSTATUS 0x0, context 0x1cfc9e50, and result object 0x0000023C1F300840 with size 48
###QueryVolumeInfo file handle = 0x0000023C1CFC9E50, eventID = 0031, event Info = 0x0000023C1CFFBAE0
[GetVolumeInformation]
Dokan Information: SendAndPullEventInformation() with NTSTATUS 0x0, context 0x1cfc9e50, and result object 0x0000023C1F300840 with size 64
###GetFileInfo file handle = 0x0000023C1CFC9E50, eventID = 0031, event Info = 0x0000023C1CFFBAE0
	result =  0
	FileAllInformation
	DispatchQueryInformation result =  0
Dokan Information: SendAndPullEventInformation() with NTSTATUS 0x0, context 0x1cfc9e50, and result object 0x0000023C1F300840 with size 140
###Cleanup file handle = 0x0000023C1CFC9E50, eventID = 0031, event Info = 0x0000023C1CFFBAE0
Dokan Information: SendAndPullEventInformation() with NTSTATUS 0x0, context 0x1cfc9e50, and result object 0x0000023C1F300840 with size 48
###Close file handle = 0x0000023C1CFC9E50, eventID = 0031, event Info = 0x0000023C1CFFBAE0
[Close] \
###Create file handle = 0x0000023C1CFCA650, eventID = 0032, event Info = 0x0000023C1CFFB4C0
[ZwCreateFile] \
Dokan Information: DokanEndDispatchCreate() status = 0, file handle = 0x0000023C1CFCA650, eventID = 0032, result = 0x1
Dokan Information: SendAndPullEventInformation() with NTSTATUS 0x0, context 0x1cfca650, and result object 0x0000023C1F300840 with size 48
###QueryVolumeInfo file handle = 0x0000023C1CFCA650, eventID = 0032, event Info = 0x0000023C1CFFB4C0
[GetVolumeInformation]
Dokan Information: SendAndPullEventInformation() with NTSTATUS 0x0, context 0x1cfca650, and result object 0x0000023C1F300840 with size 64
###GetFileInfo file handle = 0x0000023C1CFCA650, eventID = 0032, event Info = 0x0000023C1CFFB4C0
	result =  0
	FileAllInformation
	DispatchQueryInformation result =  0
Dokan Information: SendAndPullEventInformation() with NTSTATUS 0x0, context 0x1cfca650, and result object 0x0000023C1F300840 with size 140
###Cleanup file handle = 0x0000023C1CFCA650, eventID = 0032, event Info = 0x0000023C1CFFB4C0
Dokan Information: SendAndPullEventInformation() with NTSTATUS 0x0, context 0x1cfca650, and result object 0x0000023C1F300840 with size 48
###Close file handle = 0x0000023C1CFCA650, eventID = 0032, event Info = 0x0000023C1CFFB4C0
[Close] \
###Create file handle = 0x0000023C1CFC9E50, eventID = 0033, event Info = 0x0000023C1CFFBAE0
[ZwCreateFile] \
Dokan Information: DokanEndDispatchCreate() status = 0, file handle = 0x0000023C1CFC9E50, eventID = 0033, result = 0x1
Dokan Information: SendAndPullEventInformation() with NTSTATUS 0x0, context 0x1cfc9e50, and result object 0x0000023C1F300840 with size 48
###QueryVolumeInfo file handle = 0x0000023C1CFC9E50, eventID = 0033, event Info = 0x0000023C1CFFBAE0
[GetVolumeInformation]
Dokan Information: SendAndPullEventInformation() with NTSTATUS 0x0, context 0x1cfc9e50, and result object 0x0000023C1F300840 with size 64
###GetFileInfo file handle = 0x0000023C1CFC9E50, eventID = 0033, event Info = 0x0000023C1CFFBAE0
	result =  0
	FileAllInformation
	DispatchQueryInformation result =  0
Dokan Information: SendAndPullEventInformation() with NTSTATUS 0x0, context 0x1cfc9e50, and result object 0x0000023C1F300840 with size 140
###Cleanup file handle = 0x0000023C1CFC9E50, eventID = 0033, event Info = 0x0000023C1CFFBAE0
Dokan Information: SendAndPullEventInformation() with NTSTATUS 0x0, context 0x1cfc9e50, and result object 0x0000023C1F300840 with size 48
###Close file handle = 0x0000023C1CFC9E50, eventID = 0033, event Info = 0x0000023C1CFFBAE0
[Close] \
###Create file handle = 0x0000023C1CFCA650, eventID = 0034, event Info = 0x0000023C1CFFB4C0
[ZwCreateFile] \
Dokan Information: DokanEndDispatchCreate() status = 0, file handle = 0x0000023C1CFCA650, eventID = 0034, result = 0x1
Dokan Information: SendAndPullEventInformation() with NTSTATUS 0x0, context 0x1cfca650, and result object 0x0000023C1F300840 with size 48
###QueryVolumeInfo file handle = 0x0000023C1CFCA650, eventID = 0034, event Info = 0x0000023C1CFFB4C0
[GetVolumeInformation]
Dokan Information: SendAndPullEventInformation() with NTSTATUS 0x0, context 0x1cfca650, and result object 0x0000023C1F300840 with size 64
###GetFileInfo file handle = 0x0000023C1CFCA650, eventID = 0034, event Info = 0x0000023C1CFFB4C0
	result =  0
	FileAllInformation
	DispatchQueryInformation result =  0
Dokan Information: SendAndPullEventInformation() with NTSTATUS 0x0, context 0x1cfca650, and result object 0x0000023C1F300840 with size 140
###Cleanup file handle = 0x0000023C1CFCA650, eventID = 0034, event Info = 0x0000023C1CFFB4C0
Dokan Information: SendAndPullEventInformation() with NTSTATUS 0x0, context 0x1cfca650, and result object 0x0000023C1F300840 with size 48
###Close file handle = 0x0000023C1CFCA650, eventID = 0034, event Info = 0x0000023C1CFFB4C0
[Close] \
###Create file handle = 0x0000023C1CFC9E50, eventID = 0035, event Info = 0x0000023C1CFFBAE0
[ZwCreateFile] \
Dokan Information: DokanEndDispatchCreate() status = 0, file handle = 0x0000023C1CFC9E50, eventID = 0035, result = 0x1
Dokan Information: SendAndPullEventInformation() with NTSTATUS 0x0, context 0x1cfc9e50, and result object 0x0000023C1F300840 with size 48
###QueryVolumeInfo file handle = 0x0000023C1CFC9E50, eventID = 0035, event Info = 0x0000023C1CFFBAE0
[GetVolumeInformation]
Dokan Information: SendAndPullEventInformation() with NTSTATUS 0x0, context 0x1cfc9e50, and result object 0x0000023C1F300840 with size 64
###GetFileInfo file handle = 0x0000023C1CFC9E50, eventID = 0035, event Info = 0x0000023C1CFFBAE0
	result =  0
	FileAllInformation
	DispatchQueryInformation result =  0
Dokan Information: SendAndPullEventInformation() with NTSTATUS 0x0, context 0x1cfc9e50, and result object 0x0000023C1F300840 with size 140
###Cleanup file handle = 0x0000023C1CFC9E50, eventID = 0035, event Info = 0x0000023C1CFFBAE0
Dokan Information: SendAndPullEventInformation() with NTSTATUS 0x0, context 0x1cfc9e50, and result object 0x0000023C1F300840 with size 48
###Close file handle = 0x0000023C1CFC9E50, eventID = 0035, event Info = 0x0000023C1CFFBAE0
[Close] \
###Create file handle = 0x0000023C1CFCA650, eventID = 0036, event Info = 0x0000023C1CFFB4C0
[ZwCreateFile] \
Dokan Information: DokanEndDispatchCreate() status = 0, file handle = 0x0000023C1CFCA650, eventID = 0036, result = 0x1
Dokan Information: SendAndPullEventInformation() with NTSTATUS 0x0, context 0x1cfca650, and result object 0x0000023C1F300840 with size 48
###QueryVolumeInfo file handle = 0x0000023C1CFCA650, eventID = 0036, event Info = 0x0000023C1CFFB4C0
[GetVolumeInformation]
Dokan Information: SendAndPullEventInformation() with NTSTATUS 0x0, context 0x1cfca650, and result object 0x0000023C1F300840 with size 64
###GetFileInfo file handle = 0x0000023C1CFCA650, eventID = 0036, event Info = 0x0000023C1CFFB4C0
	result =  0
	FileAllInformation
	DispatchQueryInformation result =  0
Dokan Information: SendAndPullEventInformation() with NTSTATUS 0x0, context 0x1cfca650, and result object 0x0000023C1F300840 with size 140
###Cleanup file handle = 0x0000023C1CFCA650, eventID = 0036, event Info = 0x0000023C1CFFB4C0
Dokan Information: SendAndPullEventInformation() with NTSTATUS 0x0, context 0x1cfca650, and result object 0x0000023C1F300840 with size 48
###Close file handle = 0x0000023C1CFCA650, eventID = 0036, event Info = 0x0000023C1CFFB4C0
[Close] \
###Create file handle = 0x0000023C1CFC9E50, eventID = 0037, event Info = 0x0000023C1CFFBAE0
[ZwCreateFile] \
Dokan Information: DokanEndDispatchCreate() status = 0, file handle = 0x0000023C1CFC9E50, eventID = 0037, result = 0x1
Dokan Information: SendAndPullEventInformation() with NTSTATUS 0x0, context 0x1cfc9e50, and result object 0x0000023C1F300840 with size 48
###QueryVolumeInfo file handle = 0x0000023C1CFC9E50, eventID = 0037, event Info = 0x0000023C1CFFBAE0
[GetVolumeInformation]
Dokan Information: SendAndPullEventInformation() with NTSTATUS 0x0, context 0x1cfc9e50, and result object 0x0000023C1F300840 with size 64
###GetFileInfo file handle = 0x0000023C1CFC9E50, eventID = 0037, event Info = 0x0000023C1CFFBAE0
	result =  0
	FileAllInformation
	DispatchQueryInformation result =  0
Dokan Information: SendAndPullEventInformation() with NTSTATUS 0x0, context 0x1cfc9e50, and result object 0x0000023C1F300840 with size 140
###Cleanup file handle = 0x0000023C1CFC9E50, eventID = 0037, event Info = 0x0000023C1CFFBAE0
Dokan Information: SendAndPullEventInformation() with NTSTATUS 0x0, context 0x1cfc9e50, and result object 0x0000023C1F300840 with size 48
###Close file handle = 0x0000023C1CFC9E50, eventID = 0037, event Info = 0x0000023C1CFFBAE0
[Close] \
###Create file handle = 0x0000023C1CFCA650, eventID = 0038, event Info = 0x0000023C1CFFB4C0
[ZwCreateFile] \
Dokan Information: DokanEndDispatchCreate() status = 0, file handle = 0x0000023C1CFCA650, eventID = 0038, result = 0x1
Dokan Information: SendAndPullEventInformation() with NTSTATUS 0x0, context 0x1cfca650, and result object 0x0000023C1F300840 with size 48
###QueryVolumeInfo file handle = 0x0000023C1CFCA650, eventID = 0038, event Info = 0x0000023C1CFFB4C0
[GetVolumeInformation]
Dokan Information: SendAndPullEventInformation() with NTSTATUS 0x0, context 0x1cfca650, and result object 0x0000023C1F300840 with size 64
###GetFileInfo file handle = 0x0000023C1CFCA650, eventID = 0038, event Info = 0x0000023C1CFFB4C0
	result =  0
	FileAllInformation
	DispatchQueryInformation result =  0
Dokan Information: SendAndPullEventInformation() with NTSTATUS 0x0, context 0x1cfca650, and result object 0x0000023C1F300840 with size 140
###Cleanup file handle = 0x0000023C1CFCA650, eventID = 0038, event Info = 0x0000023C1CFFB4C0
Dokan Information: SendAndPullEventInformation() with NTSTATUS 0x0, context 0x1cfca650, and result object 0x0000023C1F300840 with size 48
###Close file handle = 0x0000023C1CFCA650, eventID = 0038, event Info = 0x0000023C1CFFB4C0
[Close] \
###Create file handle = 0x0000023C1CFC9E50, eventID = 0039, event Info = 0x0000023C1CFFBAE0
[ZwCreateFile] \
Dokan Information: DokanEndDispatchCreate() status = 0, file handle = 0x0000023C1CFC9E50, eventID = 0039, result = 0x1
Dokan Information: SendAndPullEventInformation() with NTSTATUS 0x0, context 0x1cfc9e50, and result object 0x0000023C1F300840 with size 48
###QueryVolumeInfo file handle = 0x0000023C1CFC9E50, eventID = 0039, event Info = 0x0000023C1CFFBAE0
[GetVolumeInformation]
Dokan Information: SendAndPullEventInformation() with NTSTATUS 0x0, context 0x1cfc9e50, and result object 0x0000023C1F300840 with size 64
###GetFileInfo file handle = 0x0000023C1CFC9E50, eventID = 0039, event Info = 0x0000023C1CFFBAE0
	result =  0
	FileAllInformation
	DispatchQueryInformation result =  0
Dokan Information: SendAndPullEventInformation() with NTSTATUS 0x0, context 0x1cfc9e50, and result object 0x0000023C1F300840 with size 140
###Cleanup file handle = 0x0000023C1CFC9E50, eventID = 0039, event Info = 0x0000023C1CFFBAE0
Dokan Information: SendAndPullEventInformation() with NTSTATUS 0x0, context 0x1cfc9e50, and result object 0x0000023C1F300840 with size 48
###Close file handle = 0x0000023C1CFC9E50, eventID = 0039, event Info = 0x0000023C1CFFBAE0
[Close] \
###Create file handle = 0x0000023C1CFCA650, eventID = 0040, event Info = 0x0000023C1CFFB4C0
[ZwCreateFile] \
Dokan Information: DokanEndDispatchCreate() status = 0, file handle = 0x0000023C1CFCA650, eventID = 0040, result = 0x1
Dokan Information: SendAndPullEventInformation() with NTSTATUS 0x0, context 0x1cfca650, and result object 0x0000023C1F300840 with size 48
###QueryVolumeInfo file handle = 0x0000023C1CFCA650, eventID = 0040, event Info = 0x0000023C1CFFB4C0
[GetVolumeInformation]
Dokan Information: SendAndPullEventInformation() with NTSTATUS 0x0, context 0x1cfca650, and result object 0x0000023C1F300840 with size 64
###GetFileInfo file handle = 0x0000023C1CFCA650, eventID = 0040, event Info = 0x0000023C1CFFB4C0
	result =  0
	FileAllInformation
	DispatchQueryInformation result =  0
Dokan Information: SendAndPullEventInformation() with NTSTATUS 0x0, context 0x1cfca650, and result object 0x0000023C1F300840 with size 140
###Cleanup file handle = 0x0000023C1CFCA650, eventID = 0040, event Info = 0x0000023C1CFFB4C0
Dokan Information: SendAndPullEventInformation() with NTSTATUS 0x0, context 0x1cfca650, and result object 0x0000023C1F300840 with size 48
###Close file handle = 0x0000023C1CFCA650, eventID = 0040, event Info = 0x0000023C1CFFB4C0
[Close] \
###Create file handle = 0x0000023C1CFC9E50, eventID = 0041, event Info = 0x0000023C1CFFBAE0
[ZwCreateFile] \
Dokan Information: DokanEndDispatchCreate() status = 0, file handle = 0x0000023C1CFC9E50, eventID = 0041, result = 0x1
Dokan Information: SendAndPullEventInformation() with NTSTATUS 0x0, context 0x1cfc9e50, and result object 0x0000023C1F300840 with size 48
###QueryVolumeInfo file handle = 0x0000023C1CFC9E50, eventID = 0041, event Info = 0x0000023C1CFFBAE0
[GetVolumeInformation]
Dokan Information: SendAndPullEventInformation() with NTSTATUS 0x0, context 0x1cfc9e50, and result object 0x0000023C1F300840 with size 64
###GetFileInfo file handle = 0x0000023C1CFC9E50, eventID = 0041, event Info = 0x0000023C1CFFBAE0
	result =  0
	FileAllInformation
	DispatchQueryInformation result =  0
Dokan Information: SendAndPullEventInformation() with NTSTATUS 0x0, context 0x1cfc9e50, and result object 0x0000023C1F300840 with size 140
###Cleanup file handle = 0x0000023C1CFC9E50, eventID = 0041, event Info = 0x0000023C1CFFBAE0
Dokan Information: SendAndPullEventInformation() with NTSTATUS 0x0, context 0x1cfc9e50, and result object 0x0000023C1F300840 with size 48
###Close file handle = 0x0000023C1CFC9E50, eventID = 0041, event Info = 0x0000023C1CFFBAE0
[Close] \
###Create file handle = 0x0000023C1CFCA650, eventID = 0042, event Info = 0x0000023C1CFFB4C0
[ZwCreateFile] \
Dokan Information: DokanEndDispatchCreate() status = 0, file handle = 0x0000023C1CFCA650, eventID = 0042, result = 0x1
Dokan Information: SendAndPullEventInformation() with NTSTATUS 0x0, context 0x1cfca650, and result object 0x0000023C1F300840 with size 48
###QueryVolumeInfo file handle = 0x0000023C1CFCA650, eventID = 0042, event Info = 0x0000023C1CFFB4C0
[GetVolumeInformation]
Dokan Information: SendAndPullEventInformation() with NTSTATUS 0x0, context 0x1cfca650, and result object 0x0000023C1F300840 with size 64
###GetFileInfo file handle = 0x0000023C1CFCA650, eventID = 0042, event Info = 0x0000023C1CFFB4C0
	result =  0
	FileAllInformation
	DispatchQueryInformation result =  0
Dokan Information: SendAndPullEventInformation() with NTSTATUS 0x0, context 0x1cfca650, and result object 0x0000023C1F300840 with size 140
###Cleanup file handle = 0x0000023C1CFCA650, eventID = 0042, event Info = 0x0000023C1CFFB4C0
Dokan Information: SendAndPullEventInformation() with NTSTATUS 0x0, context 0x1cfca650, and result object 0x0000023C1F300840 with size 48
###Close file handle = 0x0000023C1CFCA650, eventID = 0042, event Info = 0x0000023C1CFFB4C0
[Close] \
###Create file handle = 0x0000023C1CFC9E50, eventID = 0043, event Info = 0x0000023C1CFFBAE0
[ZwCreateFile] \
Dokan Information: DokanEndDispatchCreate() status = 0, file handle = 0x0000023C1CFC9E50, eventID = 0043, result = 0x1
Dokan Information: SendAndPullEventInformation() with NTSTATUS 0x0, context 0x1cfc9e50, and result object 0x0000023C1F300840 with size 48
###QueryVolumeInfo file handle = 0x0000023C1CFC9E50, eventID = 0043, event Info = 0x0000023C1CFFBAE0
[GetVolumeInformation]
Dokan Information: SendAndPullEventInformation() with NTSTATUS 0x0, context 0x1cfc9e50, and result object 0x0000023C1F300840 with size 64
###GetFileInfo file handle = 0x0000023C1CFC9E50, eventID = 0043, event Info = 0x0000023C1CFFBAE0
	result =  0
	FileAllInformation
	DispatchQueryInformation result =  0
Dokan Information: SendAndPullEventInformation() with NTSTATUS 0x0, context 0x1cfc9e50, and result object 0x0000023C1F300840 with size 140
###Cleanup file handle = 0x0000023C1CFC9E50, eventID = 0043, event Info = 0x0000023C1CFFBAE0
Dokan Information: SendAndPullEventInformation() with NTSTATUS 0x0, context 0x1cfc9e50, and result object 0x0000023C1F300840 with size 48
###Close file handle = 0x0000023C1CFC9E50, eventID = 0043, event Info = 0x0000023C1CFFBAE0
[Close] \
###Create file handle = 0x0000023C1CFCA650, eventID = 0044, event Info = 0x0000023C1CFFB4C0
[ZwCreateFile] \
Dokan Information: DokanEndDispatchCreate() status = 0, file handle = 0x0000023C1CFCA650, eventID = 0044, result = 0x1
Dokan Information: SendAndPullEventInformation() with NTSTATUS 0x0, context 0x1cfca650, and result object 0x0000023C1F300840 with size 48
###QueryVolumeInfo file handle = 0x0000023C1CFCA650, eventID = 0044, event Info = 0x0000023C1CFFB4C0
[GetVolumeInformation]
Dokan Information: SendAndPullEventInformation() with NTSTATUS 0x0, context 0x1cfca650, and result object 0x0000023C1F300840 with size 64
###GetFileInfo file handle = 0x0000023C1CFCA650, eventID = 0044, event Info = 0x0000023C1CFFB4C0
	result =  0
	FileAllInformation
	DispatchQueryInformation result =  0
Dokan Information: SendAndPullEventInformation() with NTSTATUS 0x0, context 0x1cfca650, and result object 0x0000023C1F300840 with size 140
###Cleanup file handle = 0x0000023C1CFCA650, eventID = 0044, event Info = 0x0000023C1CFFB4C0
Dokan Information: SendAndPullEventInformation() with NTSTATUS 0x0, context 0x1cfca650, and result object 0x0000023C1F300840 with size 48
###Close file handle = 0x0000023C1CFCA650, eventID = 0044, event Info = 0x0000023C1CFFB4C0
[Close] \
###Create file handle = 0x0000023C1CFC9E50, eventID = 0045, event Info = 0x0000023C1CFFBAE0
[ZwCreateFile] \
Dokan Information: DokanEndDispatchCreate() status = 0, file handle = 0x0000023C1CFC9E50, eventID = 0045, result = 0x1
Dokan Information: SendAndPullEventInformation() with NTSTATUS 0x0, context 0x1cfc9e50, and result object 0x0000023C1F300840 with size 48
###QueryVolumeInfo file handle = 0x0000023C1CFC9E50, eventID = 0045, event Info = 0x0000023C1CFFBAE0
[GetVolumeInformation]
Dokan Information: SendAndPullEventInformation() with NTSTATUS 0x0, context 0x1cfc9e50, and result object 0x0000023C1F300840 with size 64
###GetFileInfo file handle = 0x0000023C1CFC9E50, eventID = 0045, event Info = 0x0000023C1CFFBAE0
	result =  0
	FileAllInformation
	DispatchQueryInformation result =  0
Dokan Information: SendAndPullEventInformation() with NTSTATUS 0x0, context 0x1cfc9e50, and result object 0x0000023C1F300840 with size 140
###Cleanup file handle = 0x0000023C1CFC9E50, eventID = 0045, event Info = 0x0000023C1CFFBAE0
Dokan Information: SendAndPullEventInformation() with NTSTATUS 0x0, context 0x1cfc9e50, and result object 0x0000023C1F300840 with size 48
###Close file handle = 0x0000023C1CFC9E50, eventID = 0045, event Info = 0x0000023C1CFFBAE0
[Cl###Create file handle = 0x0000023C1CFCA650, eventID = 0046, event Info = 0x0000023C1CFFB4C0
ose] \
[ZwCreateFile] \
Dokan Information: DokanEndDispatchCreate() status = 0, file handle = 0x0000023C1CFCA650, eventID = 0046, result = 0x1
Dokan Information: SendAndPullEventInformation() with NTSTATUS 0x0, context 0x1cfca650, and result object 0x0000023C1F300840 with size 48
###QueryVolumeInfo file handle = 0x0000023C1CFCA650, eventID = 0046, event Info = 0x0000023C1CFFB4C0
[GetVolumeInformation]
Dokan Information: SendAndPullEventInformation() with NTSTATUS 0x0, context 0x1cfca650, and result object 0x0000023C1F300840 with size 64
###GetFileInfo file handle = 0x0000023C1CFCA650, eventID = 0046, event Info = 0x0000023C1CFFB4C0
	result =  0
	FileAllInformation
	DispatchQueryInformation result =  0
Dokan Information: SendAndPullEventInformation() with NTSTATUS 0x0, context 0x1cfca650, and result object 0x0000023C1F300840 with size 140
###Cleanup file handle = 0x0000023C1CFCA650, eventID = 0046, event Info = 0x0000023C1CFFB4C0
Dokan Information: SendAndPullEventInformation() with NTSTATUS 0x0, context 0x1cfca650, and result object 0x0000023C1F300840 with size 48
###Close file handle = 0x0000023C1CFCA650, eventID = 0046, event Info = 0x0000023C1CFFB4C0
[Close] \
###Create file handle = 0x0000023C1CFC9E50, eventID = 0047, event Info = 0x0000023C1CFFBAE0
[ZwCreateFile] \
Dokan Information: DokanEndDispatchCreate() status = 0, file handle = 0x0000023C1CFC9E50, eventID = 0047, result = 0x1
Dokan Information: SendAndPullEventInformation() with NTSTATUS 0x0, context 0x1cfc9e50, and result object 0x0000023C1F300840 with size 48
###QueryVolumeInfo file handle = 0x0000023C1CFC9E50, eventID = 0047, event Info = 0x0000023C1CFFBAE0
[GetVolumeInformation]
Dokan Information: SendAndPullEventInformation() with NTSTATUS 0x0, context 0x1cfc9e50, and result object 0x0000023C1F300840 with size 64
###GetFileInfo file handle = 0x0000023C1CFC9E50, eventID = 0047, event Info = 0x0000023C1CFFBAE0
	result =  0
	FileAllInformation
	DispatchQueryInformation result =  0
Dokan Information: SendAndPullEventInformation() with NTSTATUS 0x0, context 0x1cfc9e50, and result object 0x0000023C1F300840 with size 140
###Cleanup file handle = 0x0000023C1CFC9E50, eventID = 0047, event Info = 0x0000023C1CFFBAE0
Dokan Information: SendAndPullEventInformation() with NTSTATUS 0x0, context 0x1cfc9e50, and result object 0x0000023C1F300840 with size 48
###Close file handle = 0x0000023C1CFC9E50, eventID = 0047, event Info = 0x0000023C1CFFBAE0
###Create file handle = 0x0000023C1CFCA650, eventID = 0048, event Info = 0x0000023C1CFFB4C0
[ZwCreateFile] \
[Close] \
Dokan Information: DokanEndDispatchCreate() status = 0, file handle = 0x0000023C1CFCA650, eventID = 0048, result = 0x1
Dokan Information: SendAndPullEventInformation() with NTSTATUS 0x0, context 0x1cfca650, and result object 0x0000023C1F300840 with size 48
###QueryVolumeInfo file handle = 0x0000023C1CFCA650, eventID = 0048, event Info = 0x0000023C1CFFB4C0
[GetVolumeInformation]
Dokan Information: SendAndPullEventInformation() with NTSTATUS 0x0, context 0x1cfca650, and result object 0x0000023C1F300840 with size 64
###GetFileInfo file handle = 0x0000023C1CFCA650, eventID = 0048, event Info = 0x0000023C1CFFB4C0
	result =  0
	FileAllInformation
	DispatchQueryInformation result =  0
Dokan Information: SendAndPullEventInformation() with NTSTATUS 0x0, context 0x1cfca650, and result object 0x0000023C1F300840 with size 140
###Cleanup file handle = 0x0000023C1CFCA650, eventID = 0048, event Info = 0x0000023C1CFFB4C0
Dokan Information: SendAndPullEventInformation() with NTSTATUS 0x0, context 0x1cfca650, and result object 0x0000023C1F300840 with size 48
###Close file handle = 0x0000023C1CFCA650, eventID = 0048, event Info = 0x0000023C1CFFB4C0
[Close] \
###Create file handle = 0x0000023C1CFC9E50, eventID = 0049, event Info = 0x0000023C1CFFBAE0
[ZwCreateFile] \
Dokan Information: DokanEndDispatchCreate() status = 0, file handle = 0x0000023C1CFC9E50, eventID = 0049, result = 0x1
Dokan Information: SendAndPullEventInformation() with NTSTATUS 0x0, context 0x1cfc9e50, and result object 0x0000023C1F300840 with size 48
###QueryVolumeInfo file handle = 0x0000023C1CFC9E50, eventID = 0049, event Info = 0x0000023C1CFFBAE0
[GetVolumeInformation]
Dokan Information: SendAndPullEventInformation() with NTSTATUS 0x0, context 0x1cfc9e50, and result object 0x0000023C1F300840 with size 64
###GetFileInfo file handle = 0x0000023C1CFC9E50, eventID = 0049, event Info = 0x0000023C1CFFBAE0
	result =  0
	FileAllInformation
	DispatchQueryInformation result =  0
Dokan Information: SendAndPullEventInformation() with NTSTATUS 0x0, context 0x1cfc9e50, and result object 0x0000023C1F300840 with size 140
###Cleanup file handle = 0x0000023C1CFC9E50, eventID = 0049, event Info = 0x0000023C1CFFBAE0
Dokan Information: SendAndPullEventInformation() with NTSTATUS 0x0, context 0x1cfc9e50, and result object 0x0000023C1F300840 with size 48
###Close file handle = 0x0000023C1CFC9E50, eventID = 0049, event Info = 0x0000023C1CFFBAE0
[Close] \
###Create file handle = 0x0000023C1CFC9E50, eventID = 0050, event Info = 0x0000023C1CFFB4C0
[ZwCreateFile] \
Dokan Information: DokanEndDispatchCreate() status = 0, file handle = 0x0000023C1CFC9E50, eventID = 0050, result = 0x1
Dokan Information: SendAndPullEventInformation() with NTSTATUS 0x0, context 0x1cfc9e50, and result object 0x0000023C1F300840 with size 48
###QueryVolumeInfo file handle = 0x0000023C1CFC9E50, eventID = 0050, event Info = 0x0000023C1CFFB4C0
[GetVolumeInformation]
Dokan Information: SendAndPullEventInformation() with NTSTATUS 0x0, context 0x1cfc9e50, and result object 0x0000023C1F300840 with size 64
###GetFileInfo file handle = 0x0000023C1CFC9E50, eventID = 0050, event Info = 0x0000023C1CFFB4C0
	result =  0
	FileAllInformation
	DispatchQueryInformation result =  0
Dokan Information: SendAndPullEventInformation() with NTSTATUS 0x0, context 0x1cfc9e50, and result object 0x0000023C1F300840 with size 140
###Cleanup file handle = 0x0000023C1CFC9E50, eventID = 0050, event Info = 0x0000023C1CFFB4C0
Dokan Information: SendAndPullEventInformation() with NTSTATUS 0x0, context 0x1cfc9e50, and result object 0x0000023C1F300840 with size 48
###Close file handle = 0x0000023C1CFC9E50, eventID = 0050, event Info = 0x0000023C1CFFB4C0
[Close] \
###Create file handle = 0x0000023C1CFCA650, eventID = 0051, event Info = 0x0000023C1CFFBAE0
[ZwCreateFile] \
Dokan Information: DokanEndDispatchCreate() status = 0, file handle = 0x0000023C1CFCA650, eventID = 0051, result = 0x1
Dokan Information: SendAndPullEventInformation() with NTSTATUS 0x0, context 0x1cfca650, and result object 0x0000023C1F300840 with size 48
###QueryVolumeInfo file handle = 0x0000023C1CFCA650, eventID = 0051, event Info = 0x0000023C1CFFBAE0
[GetVolumeInformation]
Dokan Information: SendAndPullEventInformation() with NTSTATUS 0x0, context 0x1cfca650, and result object 0x0000023C1F300840 with size 64
###GetFileInfo file handle = 0x0000023C1CFCA650, eventID = 0051, event Info = 0x0000023C1CFFBAE0
	result =  0
	FileAllInformation
	DispatchQueryInformation result =  0
Dokan Information: SendAndPullEventInformation() with NTSTATUS 0x0, context 0x1cfca650, and result object 0x0000023C1F300840 with size 140
###Cleanup file handle = 0x0000023C1CFCA650, eventID = 0051, event Info = 0x0000023C1CFFBAE0
Dokan Information: SendAndPullEventInformation() with NTSTATUS 0x0, context 0x1cfca650, and result object 0x0000023C1F300840 with size 48
###Close file handle = 0x0000023C1CFCA650, eventID = 0051, event Info = 0x0000023C1CFFBAE0
[Close] ###Create file handle = 0x0000023C1CFCA650, eventID = 0052, event Info = 0x0000023C1CFFB4C0
\
[ZwCreateFile] \
Dokan Information: DokanEndDispatchCreate() status = 0, file handle = 0x0000023C1CFCA650, eventID = 0052, result = 0x1
Dokan Information: SendAndPullEventInformation() with NTSTATUS 0x0, context 0x1cfca650, and result object 0x0000023C1F300840 with size 48
###QueryVolumeInfo file handle = 0x0000023C1CFCA650, eventID = 0052, event Info = 0x0000023C1CFFB4C0
[GetVolumeInformation]
Dokan Information: SendAndPullEventInformation() with NTSTATUS 0x0, context 0x1cfca650, and result object 0x0000023C1F300840 with size 64
###GetFileInfo file handle = 0x0000023C1CFCA650, eventID = 0052, event Info = 0x0000023C1CFFB4C0
	result =  0
	FileAllInformation
	DispatchQueryInformation result =  0
Dokan Information: SendAndPullEventInformation() with NTSTATUS 0x0, context 0x1cfca650, and result object 0x0000023C1F300840 with size 140
###Cleanup file handle = 0x0000023C1CFCA650, eventID = 0052, event Info = 0x0000023C1CFFB4C0
Dokan Information: SendAndPullEventInformation() with NTSTATUS 0x0, context 0x1cfca650, and result object 0x0000023C1F300840 with size 48
###Close file handle = 0x0000023C1CFCA650, eventID = 0052, event Info = 0x0000023C1CFFB4C0
[Close] \
###Create file handle = 0x0000023C1CFC9E50, eventID = 0053, event Info = 0x0000023C1CFFBAE0
[ZwCreateFile] \
Dokan Information: DokanEndDispatchCreate() status = 0, file handle = 0x0000023C1CFC9E50, eventID = 0053, result = 0x1
Dokan Information: SendAndPullEventInformation() with NTSTATUS 0x0, context 0x1cfc9e50, and result object 0x0000023C1F300840 with size 48
###QueryVolumeInfo file handle = 0x0000023C1CFC9E50, eventID = 0053, event Info = 0x0000023C1CFFBAE0
[GetVolumeInformation]
Dokan Information: SendAndPullEventInformation() with NTSTATUS 0x0, context 0x1cfc9e50, and result object 0x0000023C1F300840 with size 64
###GetFileInfo file handle = 0x0000023C1CFC9E50, eventID = 0053, event Info = 0x0000023C1CFFBAE0
	result =  0
	FileAllInformation
	DispatchQueryInformation result =  0
Dokan Information: SendAndPullEventInformation() with NTSTATUS 0x0, context 0x1cfc9e50, and result object 0x0000023C1F300840 with size 140
###Cleanup file handle = 0x0000023C1CFC9E50, eventID = 0053, event Info = 0x0000023C1CFFBAE0
Dokan Information: SendAndPullEventInformation() with NTSTATUS 0x0, context 0x1cfc9e50, and result object 0x0000023C1F300840 with size 48
###Close file handle = 0x0000023C1CFC9E50, eventID = 0053, event Info = 0x0000023C1CFFBAE0
[Close] \
###Create file handle = 0x0000023C1CFCA650, eventID = 0054, event Info = 0x0000023C1CFFB4C0
[ZwCreateFile] \
Dokan Information: DokanEndDispatchCreate() status = 0, file handle = 0x0000023C1CFCA650, eventID = 0054, result = 0x1
Dokan Information: SendAndPullEventInformation() with NTSTATUS 0x0, context 0x1cfca650, and result object 0x0000023C1F300840 with size 48
###QueryVolumeInfo file handle = 0x0000023C1CFCA650, eventID = 0054, event Info = 0x0000023C1CFFB4C0
[GetVolumeInformation]
Dokan Information: SendAndPullEventInformation() with NTSTATUS 0x0, context 0x1cfca650, and result object 0x0000023C1F300840 with size 64
###GetFileInfo file handle = 0x0000023C1CFCA650, eventID = 0054, event Info = 0x0000023C1CFFB4C0
	result =  0
	FileAllInformation
	DispatchQueryInformation result =  0
Dokan Information: SendAndPullEventInformation() with NTSTATUS 0x0, context 0x1cfca650, and result object 0x0000023C1F300840 with size 140
###Cleanup file handle = 0x0000023C1CFCA650, eventID = 0054, event Info = 0x0000023C1CFFB4C0
Dokan Information: SendAndPullEventInformation() with NTSTATUS 0x0, context 0x1cfca650, and result object 0x0000023C1F300840 with size 48
###Close file handle = 0x0000023C1CFCA650, eventID = 0054, event Info = 0x0000023C1CFFB4C0
[Close] \
###Create file handle = 0x0000023C1CFCA650, eventID = 0055, event Info = 0x0000023C1CFFBAE0
[ZwCreateFile] \
Dokan Information: DokanEndDispatchCreate() status = 0, file handle = 0x0000023C1CFCA650, eventID = 0055, result = 0x1
Dokan Information: SendAndPullEventInformation() with NTSTATUS 0x0, context 0x1cfca650, and result object 0x0000023C1F300840 with size 48
###QueryVolumeInfo file handle = 0x0000023C1CFCA650, eventID = 0055, event Info = 0x0000023C1CFFBAE0
[GetVolumeInformation]
Dokan Information: SendAndPullEventInformation() with NTSTATUS 0x0, context 0x1cfca650, and result object 0x0000023C1F300840 with size 64
###GetFileInfo file handle = 0x0000023C1CFCA650, eventID = 0055, event Info = 0x0000023C1CFFBAE0
	result =  0
	FileAllInformation
	DispatchQueryInformation result =  0
Dokan Information: SendAndPullEventInformation() with NTSTATUS 0x0, context 0x1cfca650, and result object 0x0000023C1F300840 with size 140
###Cleanup file handle = 0x0000023C1CFCA650, eventID = 0055, event Info = 0x0000023C1CFFBAE0
Dokan Information: SendAndPullEventInformation() with NTSTATUS 0x0, context 0x1cfca650, and result object 0x0000023C1F300840 with size 48
###Close file handle = 0x0000023C1CFCA650, eventID = 0055, event Info = 0x0000023C1CFFBAE0
[Close] \
###Create file handle = 0x0000023C1CFC9E50, eventID = 0056, event Info = 0x0000023C1CFFB4C0
[ZwCreateFile] \
Dokan Information: DokanEndDispatchCreate() status = 0, file handle = 0x0000023C1CFC9E50, eventID = 0056, result = 0x1
Dokan Information: SendAndPullEventInformation() with NTSTATUS 0x0, context 0x1cfc9e50, and result object 0x0000023C1F300840 with size 48
###QueryVolumeInfo file handle = 0x0000023C1CFC9E50, eventID = 0056, event Info = 0x0000023C1CFFB4C0
[GetVolumeInformation]
Dokan Information: SendAndPullEventInformation() with NTSTATUS 0x0, context 0x1cfc9e50, and result object 0x0000023C1F300840 with size 64
###GetFileInfo file handle = 0x0000023C1CFC9E50, eventID = 0056, event Info = 0x0000023C1CFFB4C0
	result =  0
	FileAllInformation
	DispatchQueryInformation result =  0
Dokan Information: SendAndPullEventInformation() with NTSTATUS 0x0, context 0x1cfc9e50, and result object 0x0000023C1F300840 with size 140
###Cleanup file handle = 0x0000023C1CFC9E50, eventID = 0056, event Info = 0x0000023C1CFFB4C0
Dokan Information: SendAndPullEventInformation() with NTSTATUS 0x0, context 0x1cfc9e50, and result object 0x0000023C1F300840 with size 48
###Close file handle = 0x0000023C1CFC9E50, eventID = 0056, event Info = 0x0000023C1CFFB4C0
[Close] \
###Create file handle = 0x0000023C1CFCA650, eventID = 0057, event Info = 0x0000023C1CFFBAE0
[ZwCreateFile] \
Dokan Information: DokanEndDispatchCreate() status = 0, file handle = 0x0000023C1CFCA650, eventID = 0057, result = 0x1
Dokan Information: SendAndPullEventInformation() with NTSTATUS 0x0, context 0x1cfca650, and result object 0x0000023C1F300840 with size 48
###QueryVolumeInfo file handle = 0x0000023C1CFCA650, eventID = 0057, event Info = 0x0000023C1CFFBAE0
[GetVolumeInformation]
Dokan Information: SendAndPullEventInformation() with NTSTATUS 0x0, context 0x1cfca650, and result object 0x0000023C1F300840 with size 64
###GetFileInfo file handle = 0x0000023C1CFCA650, eventID = 0057, event Info = 0x0000023C1CFFBAE0
	result =  0
	FileAllInformation
	DispatchQueryInformation result =  0
Dokan Information: SendAndPullEventInformation() with NTSTATUS 0x0, context 0x1cfca650, and result object 0x0000023C1F300840 with size 140
###Cleanup file handle = 0x0000023C1CFCA650, eventID = 0057, event Info = 0x0000023C1CFFBAE0
Dokan Information: SendAndPullEventInformation() with NTSTATUS 0x0, context 0x1cfca650, and result object 0x0000023C1F300840 with size 48
###Close file handle = 0x0000023C1CFCA650, eventID = 0057, event Info = 0x0000023C1CFFBAE0
[Close] \
###Create file handle = 0x0000023C1CFCA650, eventID = 0058, event Info = 0x0000023C1CFFBAE0
[ZwCreateFile] \
Dokan Information: DokanEndDispatchCreate() status = 0, file handle = 0x0000023C1CFCA650, eventID = 0058, result = 0x1
Dokan Information: SendAndPullEventInformation() with NTSTATUS 0x0, context 0x1cfca650, and result object 0x0000023C1F300840 with size 48
###GetFileInfo file handle = 0x0000023C1CFCA650, eventID = 0058, event Info = 0x0000023C1CFFBAE0
	result =  0
	FileStandardInformation
	DispatchQueryInformation result =  0
Dokan Information: SendAndPullEventInformation() with NTSTATUS 0x0, context 0x1cfca650, and result object 0x0000023C1F300840 with size 64
###QueryVolumeInfo file handle = 0x0000023C1CFCA650, eventID = 0058, event Info = 0x0000023C1CFFBAE0
[GetVolumeInformation]
Dokan Information: SendAndPullEventInformation() with NTSTATUS 0x0, context 0x1cfca650, and result object 0x0000023C1F300840 with size 74
###QueryVolumeInfo file handle = 0x0000023C1CFCA650, eventID = 0058, event Info = 0x0000023C1CFFBAE0
[GetVolumeInformation]
Dokan Information: SendAndPullEventInformation() with NTSTATUS 0x0, context 0x1cfca650, and result object 0x0000023C1F300840 with size 68
###Cleanup file handle = 0x0000023C1CFCA650, eventID = 0058, event Info = 0x0000023C1CFFBAE0
Dokan Information: SendAndPullEventInformation() with NTSTATUS 0x0, context 0x1cfca650, and result object 0x0000023C1F300840 with size 48
###Close file handle = 0x0000023C1CFCA650, eventID = 0058, event Info = 0x0000023C1CFFBAE0
[Close] \
###Create file handle = 0x0000023C1CFC9E50, eventID = 0059, event Info = 0x0000023C1CFFB4C0
[ZwCreateFile] \
Dokan Information: DokanEndDispatchCreate() status = 0, file handle = 0x0000023C1CFC9E50, eventID = 0059, result = 0x1
Dokan Information: SendAndPullEventInformation() with NTSTATUS 0x0, context 0x1cfc9e50, and result object 0x0000023C1F300840 with size 48
###GetFileInfo file handle = 0x0000023C1CFC9E50, eventID = 0059, event Info = 0x0000023C1CFFB4C0
	result =  0
	FileNetworkOpenInformation
	DispatchQueryInformation result =  0
Dokan Information: SendAndPullEventInformation() with NTSTATUS 0x0, context 0x1cfc9e50, and result object 0x0000023C1F300840 with size 96
###Cleanup file handle = 0x0000023C1CFC9E50, eventID = 0059, event Info = 0x0000023C1CFFB4C0
Dokan Information: SendAndPullEventInformation() with NTSTATUS 0x0, context 0x1cfc9e50, and result object 0x0000023C1F300840 with size 48
###Close file handle = 0x0000023C1CFC9E50, eventID = 0059, event Info = 0x0000023C1CFFB4C0
[Close] \
###Create file handle = 0x0000023C1CFC9E50, eventID = 0060, event Info = 0x0000023C1CFFBAE0
[ZwCreateFile] \
Dokan Information: DokanEndDispatchCreate() status = 0, file handle = 0x0000023C1CFC9E50, eventID = 0060, result = 0x1
Dokan Information: SendAndPullEventInformation() with NTSTATUS 0x0, context 0x1cfc9e50, and result object 0x0000023C1F300840 with size 48
###GetFileInfo file handle = 0x0000023C1CFC9E50, eventID = 0060, event Info = 0x0000023C1CFFBAE0
	result =  0
	FileBasicInformation
	DispatchQueryInformation result =  0
Dokan Information: SendAndPullEventInformation() with NTSTATUS 0x0, context 0x1cfc9e50, and result object 0x0000023C1F300840 with size 80
###Cleanup file handle = 0x0000023C1CFC9E50, eventID = 0060, event Info = 0x0000023C1CFFBAE0
Dokan Information: SendAndPullEventInformation() with NTSTATUS 0x0, context 0x1cfc9e50, and result object 0x0000023C1F300840 with size 48
###Close file handle = 0x0000023C1CFC9E50, eventID = 0060, event Info = 0x0000023C1CFFBAE0
[Close] \
###Create file handle = 0x0000023C1CFC9E50, eventID = 0061, event Info = 0x0000023C1CFFBAE0
[ZwCreateFile] \
Dokan Information: DokanEndDispatchCreate() status = 0, file handle = 0x0000023C1CFC9E50, eventID = 0061, result = 0x1
Dokan Information: SendAndPullEventInformation() with NTSTATUS 0x0, context 0x1cfc9e50, and result object 0x0000023C1F300840 with size 48
###FindFiles file handle = 0x0000023C1CFC9E50, eventID = 0061, event Info = 0x0000023C1CFFBAE0
WriteDirectoryResults() New directory index is -1.
  STATUS_NO_SUCH_FILE
Dokan Information: SendAndPullEventInformation() with NTSTATUS 0xc000000f, context 0x1cfc9e50, and result object 0x0000023C1F300840 with size 48
###Cleanup file handle = 0x0000023C1CFC9E50, eventID = 0061, event Info = 0x0000023C1CFFBAE0
Dokan Information: SendAndPullEventInformation() with NTSTATUS 0x0, context 0x1cfc9e50, and result object 0x0000023C1F300840 with size 48
###Close file handle = 0x0000023C1CFC9E50, eventID = 0061, event Info = 0x0000023C1CFFBAE0
[Close] \
###Create file handle = 0x0000023C1CFCA650, eventID = 0062, event Info = 0x0000023C1CFFB4C0
[ZwCreateFile] \gost_w.exe
Dokan Information: DokanEndDispatchCreate() status = 0, file handle = 0x0000023C1CFCA650, eventID = 0062, result = 0x2
Dokan Information: SendAndPullEventInformation() with NTSTATUS 0x0, context 0x1cfca650, and result object 0x0000023C1F300840 with size 48
###GetFileInfo file handle = 0x0000023C1CFCA650, eventID = 0062, event Info = 0x0000023C1CFFB4C0
	result =  0
	FileStandardInformation
	DispatchQueryInformation result =  0
Dokan Information: SendAndPullEventInformation() with NTSTATUS 0x0, context 0x1cfca650, and result object 0x0000023C1F300840 with size 64
###GetFileInfo file handle = 0x0000023C1CFCA650, eventID = 0062, event Info = 0x0000023C1CFFB4C0
	result =  0
	FileBasicInformation
	DispatchQueryInformation result =  0
Dokan Information: SendAndPullEventInformation() with NTSTATUS 0x0, context 0x1cfca650, and result object 0x0000023C1F300840 with size 80
###GetFileInfo file handle = 0x0000023C1CFCA650, eventID = 0062, event Info = 0x0000023C1CFFB4C0
	result =  0
	FileStandardInformation
	DispatchQueryInformation result =  0
Dokan Information: SendAndPullEventInformation() with NTSTATUS 0x0, context 0x1cfca650, and result object 0x0000023C1F300840 with size 64
###GetFileInfo file handle = 0x0000023C1CFCA650, eventID = 0062, event Info = 0x0000023C1CFFB4C0
	result =  0
	FileInternalInformation
	DispatchQueryInformation result =  0
Dokan Information: SendAndPullEventInformation() with NTSTATUS 0x0, context 0x1cfca650, and result object 0x0000023C1F300840 with size 48
###WriteFile file handle = 0x0000023C1CFCA650, eventID = 0062, event Info = 0x0000023C1CFFB4C0
[Write] off=0 len=13279232
Dokan Information: SendAndPullEventInformation() with NTSTATUS 0x0, context 0x1cfca650, and result object 0x0000023C1F300840 with size 48
###GetFileInfo file handle = 0x0000023C1CFCA650, eventID = 0062, event Info = 0x0000023C1CFFB4C0
	result =  0
	FileNetworkOpenInformation
	DispatchQueryInformation result =  0
Dokan Information: SendAndPullEventInformation() with NTSTATUS 0x0, context 0x1cfca650, and result object 0x0000023C1F300840 with size 96
###GetFileInfo file handle = 0x0000023C1CFCA650, eventID = 0062, event Info = 0x0000023C1CFFB4C0
	result =  0
	FileStandardInformation
	DispatchQueryInformation result =  0
Dokan Information: SendAndPullEventInformation() with NTSTATUS 0x0, context 0x1cfca650, and result object 0x0000023C1F300840 with size 64
###Read file handle = 0x0000023C1CFCA650, eventID = 0062, event Info = 0x0000023C1CFFB4C0
Dokan Information: SendAndPullEventInformation() with NTSTATUS 0x0, context 0x1cfca650, and result object 0x0000023C1F301870 with size 65576
###Read file handle = 0x0000023C1CFCA650, eventID = 0062, event Info = 0x0000023C1CFFB4C0
Dokan Information: SendAndPullEventInformation() with NTSTATUS 0x0, context 0x1cfca650, and result object 0x0000023C1F301870 with size 65576
###Read file handle = 0x0000023C1CFCA650, eventID = 0062, event Info = 0x0000023C1CFFB4C0
Dokan Information: SendAndPullEventInformation() with NTSTATUS 0x0, context 0x1cfca650, and result object 0x0000023C1F301870 with size 65576
###Read file handle = 0x0000023C1CFCA650, eventID = 0062, event Info = 0x0000023C1CFFB4C0
Dokan Information: SendAndPullEventInformation() with NTSTATUS 0x0, context 0x1cfca650, and result object 0x0000023C1F3118A0 with size 98344
###Read file handle = 0x0000023C1CFCA650, eventID = 0062, event Info = 0x0000023C1CFFB4C0
Dokan Information: SendAndPullEventInformation() with NTSTATUS 0x0, context 0x1cfca650, and result object 0x0000023C1F3318D0 with size 196648
###Read file handle = 0x0000023C1CFCA650, eventID = 0062, event Info = 0x0000023C1CFFB4C0
Dokan Information: SendAndPullEventInformation() with NTSTATUS 0x0, context 0x1cfca650, and result object 0x0000023C1F3318D0 with size 393256
###Read file handle = 0x0000023C1CFCA650, eventID = 0062, event Info = 0x0000023C1CFFB4C0
Dokan Information: SendAndPullEventInformation() with NTSTATUS 0x0, context 0x1cfca650, and result object 0x0000023C1F3318D0 with size 786472
###Read file handle = 0x0000023C1CFCA650, eventID = 0062, event Info = 0x0000023C1CFFB4C0
Dokan Information: SendAndPullEventInformation() with NTSTATUS 0x0, context 0x1cfca650, and result object 0x0000023C1F3318D0 with size 491560
###Read file handle = 0x0000023C1CFCA650, eventID = 0062, event Info = 0x0000023C1CFFB4C0
Dokan Information: SendAndPullEventInformation() with NTSTATUS 0x0, context 0x1cfca650, and result object 0x0000023C1EF22040 with size 1048616
###Read file handle = 0x0000023C1CFCA650, eventID = 0062, event Info = 0x0000023C1CFFB4C0
Dokan Information: SendAndPullEventInformation() with NTSTATUS 0x0, context 0x1cfca650, and result object 0x0000023C1EF2A040 with size 1048616
###Read file handle = 0x0000023C1CFCA650, eventID = 0062, event Info = 0x0000023C1CFFB4C0
Dokan Information: SendAndPullEventInformation() with NTSTATUS 0x0, context 0x1cfca650, and result object 0x0000023C1EF2D040 with size 1048616
###Read file handle = 0x0000023C1CFCA650, eventID = 0062, event Info = 0x0000023C1CFFB4C0
Dokan Information: SendAndPullEventInformation() with NTSTATUS 0x0, context 0x1cfca650, and result object 0x0000023C1EF2C040 with size 1048616
###Read file handle = 0x0000023C1CFCA650, eventID = 0062, event Info = 0x0000023C1CFFB4C0
Dokan Information: SendAndPullEventInformation() with NTSTATUS 0x0, context 0x1cfca650, and result object 0x0000023C1EF2D040 with size 1048616
###Read file handle = 0x0000023C1CFCA650, eventID = 0062, event Info = 0x0000023C1CFFB4C0
Dokan Information: SendAndPullEventInformation() with NTSTATUS 0x0, context 0x1cfca650, and result object 0x0000023C1EF22040 with size 1048616
###Read file handle = 0x0000023C1CFCA650, eventID = 0062, event Info = 0x0000023C1CFFB4C0
Dokan Information: SendAndPullEventInformation() with NTSTATUS 0x0, context 0x1cfca650, and result object 0x0000023C1EF25040 with size 1048616
###Read file handle = 0x0000023C1CFCA650, eventID = 0062, event Info = 0x0000023C1CFFB4C0
Dokan Information: SendAndPullEventInformation() with NTSTATUS 0x0, context 0x1cfca650, and result object 0x0000023C1EF2B040 with size 1048616
###Read file handle = 0x0000023C1CFCA650, eventID = 0062, event Info = 0x0000023C1CFFB4C0
Dokan Information: SendAndPullEventInformation() with NTSTATUS 0x0, context 0x1cfca650, and result object 0x0000023C1EF2B040 with size 1048616
###Read file handle = 0x0000023C1CFCA650, eventID = 0062, event Info = 0x0000023C1CFFB4C0
Dokan Information: SendAndPullEventInformation() with NTSTATUS 0x0, context 0x1cfca650, and result object 0x0000023C1EF20040 with size 1048616
###Read file handle = 0x0000023C1CFCA650, eventID = 0062, event Info = 0x0000023C1CFFB4C0
Dokan Information: SendAndPullEventInformation() with NTSTATUS 0x0, context 0x1cfca650, and result object 0x0000023C1F3318D0 with size 630824
###Cleanup file handle = 0x0000023C1CFCA650, eventID = 0062, event Info = 0x0000023C1CFFB4C0
Dokan Information: SendAndPullEventInformation() with NTSTATUS 0x0, context 0x1cfca650, and result object 0x0000023C1F300840 with size 48
###Close file handle = 0x0000023C1CFCA650, eventID = 0062, event Info = 0x0000023C1CFFB4C0
[Close] \gost_w.exe
[Close-flush] 'gost_w.exe' len=13279232
###Create file handle = 0x0000023C1CFCA650, eventID = 0063, event Info = 0x0000023C1CFFB4C0
[ZwCreateFile] \gost_w.exe
Dokan Information: DokanEndDispatchCreate() status = 0, file handle = 0x0000023C1CFCA650, eventID = 0063, result = 0x1
Dokan Information: SendAndPullEventInformation() with NTSTATUS 0x0, context 0x1cfca650, and result object 0x0000023C1F300840 with size 48
###GetFileInfo file handle = 0x0000023C1CFCA650, eventID = 0063, event Info = 0x0000023C1CFFB4C0
	result =  0
	FileBasicInformation
	DispatchQueryInformation result =  0
Dokan Information: SendAndPullEventInformation() with NTSTATUS 0x0, context 0x1cfca650, and result object 0x0000023C1F300840 with size 80
###GetFileInfo file handle = 0x0000023C1CFCA650, eventID = 0063, event Info = 0x0000023C1CFFB4C0
	result =  0
	FileStandardInformation
	DispatchQueryInformation result =  0
Dokan Information: SendAndPullEventInformation() with NTSTATUS 0x0, context 0x1cfca650, and result object 0x0000023C1F300840 with size 64
###GetFileInfo file handle = 0x0000023C1CFCA650, eventID = 0063, event Info = 0x0000023C1CFFB4C0
	result =  0
	FileBasicInformation
	DispatchQueryInformation result =  0
Dokan Information: SendAndPullEventInformation() with NTSTATUS 0x0, context 0x1cfca650, and result object 0x0000023C1F300840 with size 80
###GetFileInfo file handle = 0x0000023C1CFCA650, eventID = 0063, event Info = 0x0000023C1CFFB4C0
	result =  0
	FileStandardInformation
	DispatchQueryInformation result =  0
Dokan Information: SendAndPullEventInformation() with NTSTATUS 0x0, context 0x1cfca650, and result object 0x0000023C1F300840 with size 64
###Read file handle = 0x0000023C1CFCA650, eventID = 0063, event Info = 0x0000023C1CFFB4C0
Dokan Information: SendAndPullEventInformation() with NTSTATUS 0x0, context 0x1cfca650, and result object 0x0000023C201A0040 with size 13279272
###Cleanup file handle = 0x0000023C1CFCA650, eventID = 0063, event Info = 0x0000023C1CFFB4C0
Dokan Information: SendAndPullEventInformation() with NTSTATUS 0x0, context 0x1cfca650, and result object 0x0000023C1F300840 with size 48
###Close file handle = 0x0000023C1CFCA650, eventID = 0063, event Info = 0x0000023C1CFFB4C0
[Close] \gost_w.exe
[Close-flush] 'gost_w.exe' len=13279232
