Dokan: debug mode on
Dokan: use stderr
AllocationUnitSize: 512 SectorSize: 512
Global device opened
Dokan: Using 12 main pull threads with ipc batching: 0
Dokan Information: mounted: Y: -> \Volume{d6cc17c5-1754-4085-bce7-964f1e9f5de9}
[Mounted]
###QueryVolumeInfo file handle = 0x0000000000000000, eventID = -001, event Info = 0x000002993288B290
[GetVolumeInformation]
###QueryVolumeInfo file handle = 0x0000000000000000, eventID = -001, event Info = 0x000002993288B220
[GetVolumeInformation]
Dokan Information: SendAndPullEventInformation() with NTSTATUS 0x0, context 0x0, and result object 0x000002993467E130 with size 64
Dokan Information: SendAndPullEventInformation() with NTSTATUS 0x80000005, context 0x0, and result object 0x000002993467F160 with size 56
###Create file handle = 0x0000029932888D10, eventID = 0001, event Info = 0x000002993288B220
[ZwCreateFile] \
Dokan Information: DokanEndDispatchCreate() status = 0, file handle = 0x0000029932888D10, eventID = 0001, result = 0x1
Dokan Information: SendAndPullEventInformation() with NTSTATUS 0x0, context 0x32888d10, and result object 0x000002993467F160 with size 48
###GetFileInfo file handle = 0x0000029932888D10, eventID = 0001, event Info = 0x000002993288B220
	result =  0
  unknown type:54
	DispatchQueryInformation result =  c000000d
Dokan Information: SendAndPullEventInformation() with NTSTATUS 0xc000000d, context 0x32888d10, and result object 0x000002993467F160 with size 48
###GetFileInfo file handle = 0x0000029932888D10, eventID = 0001, event Info = 0x000002993288B220
	result =  0
	FileStandardInformation
	DispatchQueryInformation result =  0
Dokan Information: SendAndPullEventInformation() with NTSTATUS 0x0, context 0x32888d10, and result object 0x000002993467F160 with size 64
###QueryVolumeInfo file handle = 0x0000029932888D10, eventID = 0001, event Info = 0x000002993288B220
[GetVolumeInformation]
Dokan Information: SendAndPullEventInformation() with NTSTATUS 0x0, context 0x32888d10, and result object 0x000002993467F160 with size 74
###Cleanup file handle = 0x0000029932888D10, eventID = 0001, event Info = 0x000002993288B220
Dokan Information: SendAndPullEventInformation() with NTSTATUS 0x0, context 0x32888d10, and result object 0x000002993467F160 with size 48
###Close file handle = 0x0000029932888D10, eventID = 0001, event Info = 0x000002993288B220
[Close] \
###Create file handle = 0x0000029932888D10, eventID = 0002, event Info = 0x000002993288B220
[ZwCreateFile] \
Dokan Information: DokanEndDispatchCreate() status = 0, file handle = 0x0000029932888D10, eventID = 0002, result = 0x1
Dokan Information: SendAndPullEventInformation() with NTSTATUS 0x0, context 0x32888d10, and result object 0x000002993467F160 with size 48
###GetFileInfo file handle = 0x0000029932888D10, eventID = 0002, event Info = 0x000002993288B220
	result =  0
	FileStandardInformation
	DispatchQueryInformation result =  0
Dokan Information: SendAndPullEventInformation() with NTSTATUS 0x0, context 0x32888d10, and result object 0x000002993467F160 with size 64
###QueryVolumeInfo file handle = 0x0000029932888D10, eventID = 0002, event Info = 0x000002993288B220
[GetVolumeInformation]
Dokan Information: SendAndPullEventInformation() with NTSTATUS 0x0, context 0x32888d10, and result object 0x000002993467F160 with size 74
###Cleanup file handle = 0x0000029932888D10, eventID = 0002, event Info = 0x000002993288B220
Dokan Information: SendAndPullEventInformation() with NTSTATUS 0x0, context 0x32888d10, and result object 0x000002993467F160 with size 48
###Close file handle = 0x0000029932888D10, eventID = 0002, event Info = 0x000002993288B220
[Close] \
###Create file handle = 0x0000029932888D10, eventID = 0003, event Info = 0x000002993288B140
[ZwCreateFile] \
###Create file handle = 0x0000029932888610, eventID = 0004, event Info = 0x000002993288B0D0
[ZwCreateFile] \
Dokan Information: DokanEndDispatchCreate() status = 0, file handle = 0x0000029932888D10, eventID = 0003, result = 0x1
Dokan Information: DokanEndDispatchCreate() status = 0, file handle = 0x0000029932888610, eventID = 0004, result = 0x1
Dokan Information: SendAndPullEventInformation() with NTSTATUS 0x0, context 0x32888d10, and result object 0x000002993467F160 with size 48
Dokan Information: SendAndPullEventInformation() with NTSTATUS 0x0, context 0x32888610, and result object 0x0000029934769AD0 with size 48
###QueryVolumeInfo file handle = 0x0000029932888D10, eventID = 0003, event Info = 0x000002993288B140
[GetVolumeInformation]
###QueryVolumeInfo file handle = 0x0000029932888610, eventID = 0004, event Info = 0x000002993288B0D0
[GetVolumeInformation]
Dokan Information: SendAndPullEventInformation() with NTSTATUS 0x0, context 0x32888d10, and result object 0x000002993467F160 with size 74
Dokan Information: SendAndPullEventInformation() with NTSTATUS 0x0, context 0x32888610, and result object 0x0000029934769AD0 with size 74
###QueryVolumeInfo file handle = 0x0000029932888D10, eventID = 0003, event Info = 0x000002993288B140
[GetVolumeInformation]
###QueryVolumeInfo file handle = 0x0000029932888610, eventID = 0004, event Info = 0x000002993288B0D0
[GetVolumeInformation]
Dokan Information: SendAndPullEventInformation() with NTSTATUS 0x0, context 0x32888d10, and result object 0x000002993467F160 with size 68
Dokan Information: SendAndPullEventInformation() with NTSTATUS 0x0, context 0x32888610, and result object 0x0000029934769AD0 with size 68
###Cleanup file handle = 0x0000029932888D10, eventID = 0003, event Info = 0x000002993288B140
###Cleanup file handle = 0x0000029932888610, eventID = 0004, event Info = 0x000002993288B0D0
Dokan Information: SendAndPullEventInformation() with NTSTATUS 0x0, context 0x32888d10, and result object 0x000002993467F160 with size 48
Dokan Information: SendAndPullEventInformation() with NTSTATUS 0x0, context 0x32888610, and result object 0x0000029934769AD0 with size 48
###Close file handle = 0x0000029932888D10, eventID = 0003, event Info = 0x000002993288B140
[Close] \
###Create file handle = 0x0000029932888C90, eventID = 0005, event Info = 0x000002993288B610
[ZwCreateFile] \
###Close file handle = 0x0000029932888610, eventID = 0004, event Info = 0x000002993288B0D0
Dokan Information: DokanEndDispatchCreate() status = 0, file handle = 0x0000029932888C90, eventID = 0005, result = 0x1
Dokan Information: SendAndPullEventInformation() with NTSTATUS 0x0, context 0x32888c90, and result object 0x000002993467F160 with size 48
[Close] \
###Create file handle = 0x0000029932888610, eventID = 0006, event Info = 0x000002993288B140
[ZwCreateFile] \
###QueryVolumeInfo file handle = 0x0000029932888C90, eventID = 0005, event Info = 0x000002993288B610
Dokan Information: DokanEndDispatchCreate() status = 0, file handle = 0x0000029932888610, eventID = 0006, result = 0x1
Dokan Information: SendAndPullEventInformation() with NTSTATUS 0x0, context 0x32888c90, and result object 0x000002993467F160 with size 64
Dokan Information: SendAndPullEventInformation() with NTSTATUS 0x0, context 0x32888610, and result object 0x0000029934769AD0 with size 48
###Cleanup file handle = 0x0000029932888C90, eventID = 0005, event Info = 0x000002993288B610
###GetFileInfo file handle = 0x0000029932888610, eventID = 0006, event Info = 0x000002993288B140
	result =  0
	FileBasicInformation
	DispatchQueryInformation result =  0
Dokan Information: SendAndPullEventInformation() with NTSTATUS 0x0, context 0x32888610, and result object 0x0000029934769AD0 with size 80
Dokan Information: SendAndPullEventInformation() with NTSTATUS 0x0, context 0x32888c90, and result object 0x000002993467F160 with size 48
###Cleanup file handle = 0x0000029932888610, eventID = 0006, event Info = 0x000002993288B140
###Create file handle = 0x0000029932888D10, eventID = 0007, event Info = 0x000002993288B0D0
[ZwCreateFile] \
###Close file handle = 0x0000029932888C90, eventID = 0005, event Info = 0x000002993288B610
[Close] \
Dokan Information: SendAndPullEventInformation() with NTSTATUS 0x0, context 0x32888610, and result object 0x0000029934769AD0 with size 48
Dokan Information: DokanEndDispatchCreate() status = 0, file handle = 0x0000029932888D10, eventID = 0007, result = 0x1
###Close file handle = 0x0000029932888610, eventID = 0006, event Info = 0x000002993288B140
[Close] \
###Create file handle = 0x0000029932888C90, eventID = 0008, event Info = 0x000002993288B610
[ZwCreateFile] \
Dokan Information: SendAndPullEventInformation() with NTSTATUS 0x0, context 0x32888d10, and result object 0x000002993467F160 with size 48
Dokan Information: DokanEndDispatchCreate() status = 0, file handle = 0x0000029932888C90, eventID = 0008, result = 0x1
Dokan Information: SendAndPullEventInformation() with NTSTATUS 0x0, context 0x32888c90, and result object 0x0000029934769AD0 with size 48
###Cleanup file handle = 0x0000029932888D10, eventID = 0007, event Info = 0x000002993288B0D0
###QueryVolumeInfo file handle = 0x0000029932888C90, eventID = 0008, event Info = 0x000002993288B610
[GetVolumeInformation]
Dokan Information: SendAndPullEventInformation() with NTSTATUS 0x0, context 0x32888d10, and result object 0x000002993467F160 with size 48
Dokan Information: SendAndPullEventInformation() with NTSTATUS 0x0, context 0x32888c90, and result object 0x0000029934769AD0 with size 74
###Close file handle = 0x0000029932888D10, eventID = 0007, event Info = 0x000002993288B0D0
[Close] \
###QueryVolumeInfo file handle = 0x0000029932888C90, eventID = 0008, event Info = 0x000002993288B610
[GetVolumeInformation]
###Create file handle = 0x0000029932888D10, eventID = 0009, event Info = 0x000002993288B140
[ZwCreateFile] \
Dokan Information: SendAndPullEventInformation() with NTSTATUS 0x0, context 0x32888c90, and result object 0x0000029934769AD0 with size 68
Dokan Information: DokanEndDispatchCreate() status = 0, file handle = 0x0000029932888D10, eventID = 0009, result = 0x1
###Cleanup file handle = 0x0000029932888C90, eventID = 0008, event Info = 0x000002993288B610
Dokan Information: SendAndPullEventInformation() with NTSTATUS 0x0, context 0x32888c90, and result object 0x0000029934769AD0 with size 48
Dokan Information: SendAndPullEventInformation() with NTSTATUS 0x0, context 0x32888d10, and result object 0x000002993467F160 with size 48
###Close file handle = 0x0000029932888C90, eventID = 0008, event Info = 0x000002993288B610
###Create file handle = 0x0000029932888610, eventID = 0010, event Info = 0x000002993288B0D0
[Close] \
###QueryVolumeInfo file handle = 0x0000029932888D10, eventID = 0009, event Info = 0x000002993288B140
[ZwCreateFile] \
[GetVolumeInformation]
Dokan Information: DokanEndDispatchCreate() status = 0, file handle = 0x0000029932888610, eventID = 0010, result = 0x1
Dokan Information: SendAndPullEventInformation() with NTSTATUS 0x0, context 0x32888610, and result object 0x0000029934769AD0 with size 48
Dokan Information: SendAndPullEventInformation() with NTSTATUS 0x0, context 0x32888d10, and result object 0x000002993467F160 with size 64
###QueryVolumeInfo file handle = 0x0000029932888610, eventID = 0010, event Info = 0x000002993288B0D0
###GetFileInfo file handle = 0x0000029932888D10, eventID = 0009, event Info = 0x000002993288B140
	result =  0
	FileAllInformation
Dokan Information: SendAndPullEventInformation() with NTSTATUS 0x0, context 0x32888610, and result object 0x0000029934769AD0 with size 64
	DispatchQueryInformation result =  0
###Cleanup file handle = 0x0000029932888610, eventID = 0010, event Info = 0x000002993288B0D0
Dokan Information: SendAndPullEventInformation() with NTSTATUS 0x0, context 0x32888d10, and result object 0x000002993467F160 with size 140
Dokan Information: SendAndPullEventInformation() with NTSTATUS 0x0, context 0x32888610, and result object 0x0000029934769AD0 with size 48
###Cleanup file handle = 0x0000029932888D10, eventID = 0009, event Info = 0x000002993288B140
Dokan Information: SendAndPullEventInformation() with NTSTATUS 0x0, context 0x32888d10, and result object 0x000002993467F160 with size 48
###Create file handle = 0x0000029932888C90, eventID = 0011, event Info = 0x000002993288B610
###Create file handle = 0x0000029932888D90, eventID = 0012, event Info = 0x000002993288B5A0
[ZwCreateFile] \
###Close file handle = 0x0000029932888D10, eventID = 0009, event Info = 0x000002993288B140
[Close] \
###Close file handle = 0x0000029932888610, eventID = 0010, event Info = 0x000002993288B0D0
[ZwCreateFile] \
Dokan Information: DokanEndDispatchCreate() status = 0, file handle = 0x0000029932888D90, eventID = 0012, result = 0x1
[Close] \
Dokan Information: SendAndPullEventInformation() with NTSTATUS 0x0, context 0x32888d90, and result object 0x000002993467F160 with size 48
Dokan Information: DokanEndDispatchCreate() status = 0, file handle = 0x0000029932888C90, eventID = 0011, result = 0x1
Dokan Information: SendAndPullEventInformation() with NTSTATUS 0x0, context 0x32888c90, and result object 0x0000029934769AD0 with size 48
###QueryVolumeInfo file handle = 0x0000029932888D90, eventID = 0012, event Info = 0x000002993288B5A0
[GetVolumeInformation]
###GetFileInfo file handle = 0x0000029932888C90, eventID = 0011, event Info = 0x000002993288B610
Dokan Information: SendAndPullEventInformation() with NTSTATUS 0x0, context 0x32888d90, and result object 0x000002993467F160 with size 64
	result =  0
	FileBasicInformation
	DispatchQueryInformation result =  0
###GetFileInfo file handle = 0x0000029932888D90, eventID = 0012, event Info = 0x000002993288B5A0
	result =  0
	FileAllInformation
	DispatchQueryInformation result =  0
Dokan Information: SendAndPullEventInformation() with NTSTATUS 0x0, context 0x32888c90, and result object 0x0000029934769AD0 with size 80
Dokan Information: SendAndPullEventInformation() with NTSTATUS 0x0, context 0x32888d90, and result object 0x000002993467F160 with size 140
###Cleanup file handle = 0x0000029932888C90, eventID = 0011, event Info = 0x000002993288B610
###Cleanup file handle = 0x0000029932888D90, eventID = 0012, event Info = 0x000002993288B5A0
Dokan Information: SendAndPullEventInformation() with NTSTATUS 0x0, context 0x32888c90, and result object 0x0000029934769AD0 with size 48
Dokan Information: SendAndPullEventInformation() with NTSTATUS 0x0, context 0x32888d90, and result object 0x000002993467F160 with size 48
###Close file handle = 0x0000029932888C90, eventID = 0011, event Info = 0x000002993288B610
###Close file handle = 0x0000029932888D90, eventID = 0012, event Info = 0x000002993288B5A0
[Close] \
###Create file handle = 0x0000029932888610, eventID = 0013, event Info = 0x000002993288B0D0
[Close] \
[ZwCreateFile] \
###Create file handle = 0x0000029932888D90, eventID = 0014, event Info = 0x000002993288B5A0
[ZwCreateFile] \
Dokan Information: DokanEndDispatchCreate() status = 0, file handle = 0x0000029932888610, eventID = 0013, result = 0x1
Dokan Information: DokanEndDispatchCreate() status = 0, file handle = 0x0000029932888D90, eventID = 0014, result = 0x1
Dokan Information: SendAndPullEventInformation() with NTSTATUS 0x0, context 0x32888610, and result object 0x000002993467F160 with size 48
Dokan Information: SendAndPullEventInformation() with NTSTATUS 0x0, context 0x32888d90, and result object 0x0000029934769AD0 with size 48
###QueryVolumeInfo file handle = 0x0000029932888610, eventID = 0013, event Info = 0x000002993288B0D0
[GetVolumeInformation]
###GetFileInfo file handle = 0x0000029932888D90, eventID = 0014, event Info = 0x000002993288B5A0
	result =  0
Dokan Information: SendAndPullEventInformation() with NTSTATUS 0x0, context 0x32888610, and result object 0x000002993467F160 with size 64
	FileBasicInformation
	DispatchQueryInformation result =  0
###GetFileInfo file handle = 0x0000029932888610, eventID = 0013, event Info = 0x000002993288B0D0
	result =  0
	FileAllInformation
	DispatchQueryInformation result =  0
Dokan Information: SendAndPullEventInformation() with NTSTATUS 0x0, context 0x32888d90, and result object 0x0000029934769AD0 with size 80
Dokan Information: SendAndPullEventInformation() with NTSTATUS 0x0, context 0x32888610, and result object 0x000002993467F160 with size 140
###Cleanup file handle = 0x0000029932888D90, eventID = 0014, event Info = 0x000002993288B5A0
###Cleanup file handle = 0x0000029932888610, eventID = 0013, event Info = 0x000002993288B0D0
Dokan Information: SendAndPullEventInformation() with NTSTATUS 0x0, context 0x32888d90, and result object 0x0000029934769AD0 with size 48
Dokan Information: SendAndPullEventInformation() with NTSTATUS 0x0, context 0x32888610, and result object 0x000002993467F160 with size 48
###Close file handle = 0x0000029932888D90, eventID = 0014, event Info = 0x000002993288B5A0
[Close] \
###Close file handle = 0x0000029932888610, eventID = 0013, event Info = 0x000002993288B0D0
[Close] \
###Create file handle = 0x0000029932888C90, eventID = 0015, event Info = 0x000002993288B610
[ZwCreateFile] \
Dokan Information: DokanEndDispatchCreate() status = 0, file handle = 0x0000029932888C90, eventID = 0015, result = 0x1
Dokan Information: SendAndPullEventInformation() with NTSTATUS 0x0, context 0x32888c90, and result object 0x000002993467F160 with size 48
###QueryVolumeInfo file handle = 0x0000029932888C90, eventID = 0015, event Info = 0x000002993288B610
[GetVolumeInformation]
Dokan Information: SendAndPullEventInformation() with NTSTATUS 0x0, context 0x32888c90, and result object 0x000002993467F160 with size 64
###GetFileInfo file handle = 0x0000029932888C90, eventID = 0015, event Info = 0x000002993288B610
	result =  0
	FileAllInformation
	DispatchQueryInformation result =  0
Dokan Information: SendAndPullEventInformation() with NTSTATUS 0x0, context 0x32888c90, and result object 0x000002993467F160 with size 140
###Cleanup file handle = 0x0000029932888C90, eventID = 0015, event Info = 0x000002993288B610
Dokan Information: SendAndPullEventInformation() with NTSTATUS 0x0, context 0x32888c90, and result object 0x000002993467F160 with size 48
###Close file handle = 0x0000029932888C90, eventID = 0015, event Info = 0x000002993288B610
[Close] \
###Create file handle = 0x0000029932888610, eventID = 0016, event Info = 0x000002993288B0D0
[ZwCreateFile] \
Dokan Information: DokanEndDispatchCreate() status = 0, file handle = 0x0000029932888610, eventID = 0016, result = 0x1
Dokan Information: SendAndPullEventInformation() with NTSTATUS 0x0, context 0x32888610, and result object 0x000002993467F160 with size 48
###QueryVolumeInfo file handle = 0x0000029932888610, eventID = 0016, event Info = 0x000002993288B0D0
[GetVolumeInformation]
Dokan Information: SendAndPullEventInformation() with NTSTATUS 0x0, context 0x32888610, and result object 0x000002993467F160 with size 64
###GetFileInfo file handle = 0x0000029932888610, eventID = 0016, event Info = 0x000002993288B0D0
	result =  0
	FileAllInformation
	DispatchQueryInformation result =  0
Dokan Information: SendAndPullEventInformation() with NTSTATUS 0x0, context 0x32888610, and result object 0x000002993467F160 with size 140
###Cleanup file handle = 0x0000029932888610, eventID = 0016, event Info = 0x000002993288B0D0
Dokan Information: SendAndPullEventInformation() with NTSTATUS 0x0, context 0x32888610, and result object 0x000002993467F160 with size 48
###Close file handle = 0x0000029932888610, eventID = 0016, event Info = 0x000002993288B0D0
[Close] \
###Create file handle = 0x0000029932888610, eventID = 0017, event Info = 0x000002993288B610
[ZwCreateFile] \
Dokan Information: DokanEndDispatchCreate() status = 0, file handle = 0x0000029932888610, eventID = 0017, result = 0x1
Dokan Information: SendAndPullEventInformation() with NTSTATUS 0x0, context 0x32888610, and result object 0x000002993467F160 with size 48
###QueryVolumeInfo file handle = 0x0000029932888610, eventID = 0017, event Info = 0x000002993288B610
[GetVolumeInformation]
Dokan Information: SendAndPullEventInformation() with NTSTATUS 0x0, context 0x32888610, and result object 0x000002993467F160 with size 64
###GetFileInfo file handle = 0x0000029932888610, eventID = 0017, event Info = 0x000002993288B610
	result =  0
	FileAllInformation
	DispatchQueryInformation result =  0
Dokan Information: SendAndPullEventInformation() with NTSTATUS 0x0, context 0x32888610, and result object 0x000002993467F160 with size 140
###Cleanup file handle = 0x0000029932888610, eventID = 0017, event Info = 0x000002993288B610
Dokan Information: SendAndPullEventInformation() with NTSTATUS 0x0, context 0x32888610, and result object 0x000002993467F160 with size 48
###Close file handle = 0x0000029932888610, eventID = 0017, event Info = 0x000002993288B610
[Close] \
###Create file handle = 0x0000029932888610, eventID = 0018, event Info = 0x000002993288B0D0
[ZwCreateFile] \
Dokan Information: DokanEndDispatchCreate() status = 0, file handle = 0x0000029932888610, eventID = 0018, result = 0x1
Dokan Information: SendAndPullEventInformation() with NTSTATUS 0x0, context 0x32888610, and result object 0x000002993467F160 with size 48
###QueryVolumeInfo file handle = 0x0000029932888610, eventID = 0018, event Info = 0x000002993288B0D0
[GetVolumeInformation]
Dokan Information: SendAndPullEventInformation() with NTSTATUS 0x0, context 0x32888610, and result object 0x000002993467F160 with size 64
###GetFileInfo file handle = 0x0000029932888610, eventID = 0018, event Info = 0x000002993288B0D0
	result =  0
	FileAllInformation
	DispatchQueryInformation result =  0
Dokan Information: SendAndPullEventInformation() with NTSTATUS 0x0, context 0x32888610, and result object 0x000002993467F160 with size 140
###Cleanup file handle = 0x0000029932888610, eventID = 0018, event Info = 0x000002993288B0D0
Dokan Information: SendAndPullEventInformation() with NTSTATUS 0x0, context 0x32888610, and result object 0x000002993467F160 with size 48
###Close file handle = 0x0000029932888610, eventID = 0018, event Info = 0x000002993288B0D0
###Create file handle = 0x0000029932888C90, eventID = 0019, event Info = 0x000002993288B610
[Close] \
[ZwCreateFile] \
Dokan Information: DokanEndDispatchCreate() status = 0, file handle = 0x0000029932888C90, eventID = 0019, result = 0x1
Dokan Information: SendAndPullEventInformation() with NTSTATUS 0x0, context 0x32888c90, and result object 0x000002993467F160 with size 48
###QueryVolumeInfo file handle = 0x0000029932888C90, eventID = 0019, event Info = 0x000002993288B610
[GetVolumeInformation]
Dokan Information: SendAndPullEventInformation() with NTSTATUS 0x0, context 0x32888c90, and result object 0x000002993467F160 with size 64
###GetFileInfo file handle = 0x0000029932888C90, eventID = 0019, event Info = 0x000002993288B610
	result =  0
	FileAllInformation
	DispatchQueryInformation result =  0
Dokan Information: SendAndPullEventInformation() with NTSTATUS 0x0, context 0x32888c90, and result object 0x000002993467F160 with size 140
###Cleanup file handle = 0x0000029932888C90, eventID = 0019, event Info = 0x000002993288B610
Dokan Information: SendAndPullEventInformation() with NTSTATUS 0x0, context 0x32888c90, and result object 0x000002993467F160 with size 48
###Close file handle = 0x0000029932888C90, eventID = 0019, event Info = 0x000002993288B610
[Close] \
###Create file handle = 0x0000029932888610, eventID = 0020, event Info = 0x000002993288B0D0
[ZwCreateFile] \
Dokan Information: DokanEndDispatchCreate() status = 0, file handle = 0x0000029932888610, eventID = 0020, result = 0x1
Dokan Information: SendAndPullEventInformation() with NTSTATUS 0x0, context 0x32888610, and result object 0x000002993467F160 with size 48
###QueryVolumeInfo file handle = 0x0000029932888610, eventID = 0020, event Info = 0x000002993288B0D0
[GetVolumeInformation]
Dokan Information: SendAndPullEventInformation() with NTSTATUS 0x0, context 0x32888610, and result object 0x000002993467F160 with size 64
###GetFileInfo file handle = 0x0000029932888610, eventID = 0020, event Info = 0x000002993288B0D0
	result =  0
	FileAllInformation
	DispatchQueryInformation result =  0
Dokan Information: SendAndPullEventInformation() with NTSTATUS 0x0, context 0x32888610, and result object 0x000002993467F160 with size 140
###Cleanup file handle = 0x0000029932888610, eventID = 0020, event Info = 0x000002993288B0D0
Dokan Information: SendAndPullEventInformation() with NTSTATUS 0x0, context 0x32888610, and result object 0x000002993467F160 with size 48
###Close file handle = 0x0000029932888610, eventID = 0020, event Info = 0x000002993288B0D0
###Create file handle = 0x0000029932888C90, eventID = 0021, event Info = 0x000002993288B610
[Close] \
[ZwCreateFile] \
Dokan Information: DokanEndDispatchCreate() status = 0, file handle = 0x0000029932888C90, eventID = 0021, result = 0x1
Dokan Information: SendAndPullEventInformation() with NTSTATUS 0x0, context 0x32888c90, and result object 0x000002993467F160 with size 48
###QueryVolumeInfo file handle = 0x0000029932888C90, eventID = 0021, event Info = 0x000002993288B610
[GetVolumeInformation]
Dokan Information: SendAndPullEventInformation() with NTSTATUS 0x0, context 0x32888c90, and result object 0x000002993467F160 with size 64
###GetFileInfo file handle = 0x0000029932888C90, eventID = 0021, event Info = 0x000002993288B610
	result =  0
	FileAllInformation
	DispatchQueryInformation result =  0
Dokan Information: SendAndPullEventInformation() with NTSTATUS 0x0, context 0x32888c90, and result object 0x000002993467F160 with size 140
###Cleanup file handle = 0x0000029932888C90, eventID = 0021, event Info = 0x000002993288B610
Dokan Information: SendAndPullEventInformation() with NTSTATUS 0x0, context 0x32888c90, and result object 0x000002993467F160 with size 48
###Close file handle = 0x0000029932888C90, eventID = 0021, event Info = 0x000002993288B610
[Close] \
###Create file handle = 0x0000029932888610, eventID = 0022, event Info = 0x000002993288B0D0
[ZwCreateFile] \
Dokan Information: DokanEndDispatchCreate() status = 0, file handle = 0x0000029932888610, eventID = 0022, result = 0x1
Dokan Information: SendAndPullEventInformation() with NTSTATUS 0x0, context 0x32888610, and result object 0x000002993467F160 with size 48
###QueryVolumeInfo file handle = 0x0000029932888610, eventID = 0022, event Info = 0x000002993288B0D0
[GetVolumeInformation]
Dokan Information: SendAndPullEventInformation() with NTSTATUS 0x0, context 0x32888610, and result object 0x000002993467F160 with size 64
###GetFileInfo file handle = 0x0000029932888610, eventID = 0022, event Info = 0x000002993288B0D0
	result =  0
	FileAllInformation
	DispatchQueryInformation result =  0
Dokan Information: SendAndPullEventInformation() with NTSTATUS 0x0, context 0x32888610, and result object 0x000002993467F160 with size 140
###Cleanup file handle = 0x0000029932888610, eventID = 0022, event Info = 0x000002993288B0D0
Dokan Information: SendAndPullEventInformation() with NTSTATUS 0x0, context 0x32888610, and result object 0x000002993467F160 with size 48
###Close file handle = 0x0000029932888610, eventID = 0022, event Info = 0x000002993288B0D0
[Close] \
###Create file handle = 0x0000029932888C90, eventID = 0023, event Info = 0x000002993288B610
[ZwCreateFile] \
Dokan Information: DokanEndDispatchCreate() status = 0, file handle = 0x0000029932888C90, eventID = 0023, result = 0x1
Dokan Information: SendAndPullEventInformation() with NTSTATUS 0x0, context 0x32888c90, and result object 0x000002993467F160 with size 48
###QueryVolumeInfo file handle = 0x0000029932888C90, eventID = 0023, event Info = 0x000002993288B610
[GetVolumeInformation]
Dokan Information: SendAndPullEventInformation() with NTSTATUS 0x0, context 0x32888c90, and result object 0x000002993467F160 with size 64
###GetFileInfo file handle = 0x0000029932888C90, eventID = 0023, event Info = 0x000002993288B610
	result =  0
	FileAllInformation
	DispatchQueryInformation result =  0
Dokan Information: SendAndPullEventInformation() with NTSTATUS 0x0, context 0x32888c90, and result object 0x000002993467F160 with size 140
###Cleanup file handle = 0x0000029932888C90, eventID = 0023, event Info = 0x000002993288B610
Dokan Information: SendAndPullEventInformation() with NTSTATUS 0x0, context 0x32888c90, and result object 0x000002993467F160 with size 48
###Close file handle = 0x0000029932888C90, eventID = 0023, event Info = 0x000002993288B610
[Close] \
###Create file handle = 0x0000029932888610, eventID = 0024, event Info = 0x000002993288B0D0
[ZwCreateFile] \
Dokan Information: DokanEndDispatchCreate() status = 0, file handle = 0x0000029932888610, eventID = 0024, result = 0x1
Dokan Information: SendAndPullEventInformation() with NTSTATUS 0x0, context 0x32888610, and result object 0x000002993467F160 with size 48
###QueryVolumeInfo file handle = 0x0000029932888610, eventID = 0024, event Info = 0x000002993288B0D0
[GetVolumeInformation]
Dokan Information: SendAndPullEventInformation() with NTSTATUS 0x0, context 0x32888610, and result object 0x000002993467F160 with size 64
###GetFileInfo file handle = 0x0000029932888610, eventID = 0024, event Info = 0x000002993288B0D0
	result =  0
	FileAllInformation
	DispatchQueryInformation result =  0
Dokan Information: SendAndPullEventInformation() with NTSTATUS 0x0, context 0x32888610, and result object 0x000002993467F160 with size 140
###Cleanup file handle = 0x0000029932888610, eventID = 0024, event Info = 0x000002993288B0D0
Dokan Information: SendAndPullEventInformation() with NTSTATUS 0x0, context 0x32888610, and result object 0x000002993467F160 with size 48
###Close file handle = 0x0000029932888610, eventID = 0024, event Info = 0x000002993288B0D0
###Create file handle = 0x0000029932888C90, eventID = 0025, event Info = 0x000002993288B610
[Close] \
[ZwCreateFile] \
Dokan Information: DokanEndDispatchCreate() status = 0, file handle = 0x0000029932888C90, eventID = 0025, result = 0x1
Dokan Information: SendAndPullEventInformation() with NTSTATUS 0x0, context 0x32888c90, and result object 0x000002993467F160 with size 48
###QueryVolumeInfo file handle = 0x0000029932888C90, eventID = 0025, event Info = 0x000002993288B610
[GetVolumeInformation]
Dokan Information: SendAndPullEventInformation() with NTSTATUS 0x0, context 0x32888c90, and result object 0x000002993467F160 with size 64
###GetFileInfo file handle = 0x0000029932888C90, eventID = 0025, event Info = 0x000002993288B610
	result =  0
	FileAllInformation
	DispatchQueryInformation result =  0
Dokan Information: SendAndPullEventInformation() with NTSTATUS 0x0, context 0x32888c90, and result object 0x000002993467F160 with size 140
###Cleanup file handle = 0x0000029932888C90, eventID = 0025, event Info = 0x000002993288B610
Dokan Information: SendAndPullEventInformation() with NTSTATUS 0x0, context 0x32888c90, and result object 0x000002993467F160 with size 48
###Close file handle = 0x0000029932888C90, eventID = 0025, event Info = 0x000002993288B610
[Close] \
###Create file handle = 0x0000029932888610, eventID = 0026, event Info = 0x000002993288B0D0
[ZwCreateFile] \
Dokan Information: DokanEndDispatchCreate() status = 0, file handle = 0x0000029932888610, eventID = 0026, result = 0x1
Dokan Information: SendAndPullEventInformation() with NTSTATUS 0x0, context 0x32888610, and result object 0x000002993467F160 with size 48
###QueryVolumeInfo file handle = 0x0000029932888610, eventID = 0026, event Info = 0x000002993288B0D0
[GetVolumeInformation]
Dokan Information: SendAndPullEventInformation() with NTSTATUS 0x0, context 0x32888610, and result object 0x000002993467F160 with size 64
###GetFileInfo file handle = 0x0000029932888610, eventID = 0026, event Info = 0x000002993288B0D0
	result =  0
	FileAllInformation
	DispatchQueryInformation result =  0
Dokan Information: SendAndPullEventInformation() with NTSTATUS 0x0, context 0x32888610, and result object 0x000002993467F160 with size 140
###Cleanup file handle = 0x0000029932888610, eventID = 0026, event Info = 0x000002993288B0D0
Dokan Information: SendAndPullEventInformation() with NTSTATUS 0x0, context 0x32888610, and result object 0x000002993467F160 with size 48
###Close file handle = 0x0000029932888610, eventID = 0026, event Info = 0x000002993288B0D0
[Close] \
###Create file handle = 0x0000029932888C90, eventID = 0027, event Info = 0x000002993288B610
[ZwCreateFile] \
Dokan Information: DokanEndDispatchCreate() status = 0, file handle = 0x0000029932888C90, eventID = 0027, result = 0x1
Dokan Information: SendAndPullEventInformation() with NTSTATUS 0x0, context 0x32888c90, and result object 0x000002993467F160 with size 48
###QueryVolumeInfo file handle = 0x0000029932888C90, eventID = 0027, event Info = 0x000002993288B610
[GetVolumeInformation]
Dokan Information: SendAndPullEventInformation() with NTSTATUS 0x0, context 0x32888c90, and result object 0x000002993467F160 with size 64
###GetFileInfo file handle = 0x0000029932888C90, eventID = 0027, event Info = 0x000002993288B610
	result =  0
	FileAllInformation
	DispatchQueryInformation result =  0
Dokan Information: SendAndPullEventInformation() with NTSTATUS 0x0, context 0x32888c90, and result object 0x000002993467F160 with size 140
###Cleanup file handle = 0x0000029932888C90, eventID = 0027, event Info = 0x000002993288B610
Dokan Information: SendAndPullEventInformation() with NTSTATUS 0x0, context 0x32888c90, and result object 0x000002993467F160 with size 48
###Close file handle = 0x0000029932888C90, eventID = 0027, event Info = 0x000002993288B610
[Close] \
###Create file handle = 0x0000029932888610, eventID = 0028, event Info = 0x000002993288B0D0
[ZwCreateFile] \
Dokan Information: DokanEndDispatchCreate() status = 0, file handle = 0x0000029932888610, eventID = 0028, result = 0x1
Dokan Information: SendAndPullEventInformation() with NTSTATUS 0x0, context 0x32888610, and result object 0x000002993467F160 with size 48
###QueryVolumeInfo file handle = 0x0000029932888610, eventID = 0028, event Info = 0x000002993288B0D0
[GetVolumeInformation]
Dokan Information: SendAndPullEventInformation() with NTSTATUS 0x0, context 0x32888610, and result object 0x000002993467F160 with size 64
###GetFileInfo file handle = 0x0000029932888610, eventID = 0028, event Info = 0x000002993288B0D0
	result =  0
	FileAllInformation
	DispatchQueryInformation result =  0
Dokan Information: SendAndPullEventInformation() with NTSTATUS 0x0, context 0x32888610, and result object 0x000002993467F160 with size 140
###Cleanup file handle = 0x0000029932888610, eventID = 0028, event Info = 0x000002993288B0D0
Dokan Information: SendAndPullEventInformation() with NTSTATUS 0x0, context 0x32888610, and result object 0x000002993467F160 with size 48
###Close file handle = 0x0000029932888610, eventID = 0028, event Info = 0x000002993288B0D0
[Close] \
###Create file handle = 0x0000029932888C90, eventID = 0029, event Info = 0x000002993288B610
[ZwCreateFile] \
Dokan Information: DokanEndDispatchCreate() status = 0, file handle = 0x0000029932888C90, eventID = 0029, result = 0x1
Dokan Information: SendAndPullEventInformation() with NTSTATUS 0x0, context 0x32888c90, and result object 0x000002993467F160 with size 48
###QueryVolumeInfo file handle = 0x0000029932888C90, eventID = 0029, event Info = 0x000002993288B610
[GetVolumeInformation]
Dokan Information: SendAndPullEventInformation() with NTSTATUS 0x0, context 0x32888c90, and result object 0x000002993467F160 with size 64
###GetFileInfo file handle = 0x0000029932888C90, eventID = 0029, event Info = 0x000002993288B610
	result =  0
	FileAllInformation
	DispatchQueryInformation result =  0
Dokan Information: SendAndPullEventInformation() with NTSTATUS 0x0, context 0x32888c90, and result object 0x000002993467F160 with size 140
###Cleanup file handle = 0x0000029932888C90, eventID = 0029, event Info = 0x000002993288B610
Dokan Information: SendAndPullEventInformation() with NTSTATUS 0x0, context 0x32888c90, and result object 0x000002993467F160 with size 48
###Close file handle = 0x0000029932888C90, eventID = 0029, event Info = 0x000002993288B610
[Close] \
###Create file handle = 0x0000029932888610, eventID = 0030, event Info = 0x000002993288B0D0
[ZwCreateFile] \
Dokan Information: DokanEndDispatchCreate() status = 0, file handle = 0x0000029932888610, eventID = 0030, result = 0x1
Dokan Information: SendAndPullEventInformation() with NTSTATUS 0x0, context 0x32888610, and result object 0x000002993467F160 with size 48
###QueryVolumeInfo file handle = 0x0000029932888610, eventID = 0030, event Info = 0x000002993288B0D0
[GetVolumeInformation]
Dokan Information: SendAndPullEventInformation() with NTSTATUS 0x0, context 0x32888610, and result object 0x000002993467F160 with size 64
###GetFileInfo file handle = 0x0000029932888610, eventID = 0030, event Info = 0x000002993288B0D0
	result =  0
	FileAllInformation
	DispatchQueryInformation result =  0
Dokan Information: SendAndPullEventInformation() with NTSTATUS 0x0, context 0x32888610, and result object 0x000002993467F160 with size 140
###Cleanup file handle = 0x0000029932888610, eventID = 0030, event Info = 0x000002993288B0D0
Dokan Information: SendAndPullEventInformation() with NTSTATUS 0x0, context 0x32888610, and result object 0x000002993467F160 with size 48
###Close file handle = 0x0000029932888610, eventID = 0030, event Info = 0x000002993288B0D0
[Close] \
###Create file handle = 0x0000029932888C90, eventID = 0031, event Info = 0x000002993288B610
[ZwCreateFile] \
Dokan Information: DokanEndDispatchCreate() status = 0, file handle = 0x0000029932888C90, eventID = 0031, result = 0x1
Dokan Information: SendAndPullEventInformation() with NTSTATUS 0x0, context 0x32888c90, and result object 0x000002993467F160 with size 48
###QueryVolumeInfo file handle = 0x0000029932888C90, eventID = 0031, event Info = 0x000002993288B610
[GetVolumeInformation]
Dokan Information: SendAndPullEventInformation() with NTSTATUS 0x0, context 0x32888c90, and result object 0x000002993467F160 with size 64
###GetFileInfo file handle = 0x0000029932888C90, eventID = 0031, event Info = 0x000002993288B610
	result =  0
	FileAllInformation
	DispatchQueryInformation result =  0
Dokan Information: SendAndPullEventInformation() with NTSTATUS 0x0, context 0x32888c90, and result object 0x000002993467F160 with size 140
###Cleanup file handle = 0x0000029932888C90, eventID = 0031, event Info = 0x000002993288B610
Dokan Information: SendAndPullEventInformation() with NTSTATUS 0x0, context 0x32888c90, and result object 0x000002993467F160 with size 48
###Close file handle = 0x0000029932888C90, eventID = 0031, event Info = 0x000002993288B610
[Close] \
###Create file handle = 0x0000029932888C90, eventID = 0032, event Info = 0x000002993288B610
[ZwCreateFile] \
Dokan Information: DokanEndDispatchCreate() status = 0, file handle = 0x0000029932888C90, eventID = 0032, result = 0x1
Dokan Information: SendAndPullEventInformation() with NTSTATUS 0x0, context 0x32888c90, and result object 0x000002993467F160 with size 48
###QueryVolumeInfo file handle = 0x0000029932888C90, eventID = 0032, event Info = 0x000002993288B610
[GetVolumeInformation]
Dokan Information: SendAndPullEventInformation() with NTSTATUS 0x0, context 0x32888c90, and result object 0x000002993467F160 with size 64
###GetFileInfo file handle = 0x0000029932888C90, eventID = 0032, event Info = 0x000002993288B610
	result =  0
	FileAllInformation
	DispatchQueryInformation result =  0
Dokan Information: SendAndPullEventInformation() with NTSTATUS 0x0, context 0x32888c90, and result object 0x000002993467F160 with size 140
###Cleanup file handle = 0x0000029932888C90, eventID = 0032, event Info = 0x000002993288B610
Dokan Information: SendAndPullEventInformation() with NTSTATUS 0x0, context 0x32888c90, and result object 0x000002993467F160 with size 48
###Close file handle = 0x0000029932888C90, eventID = 0032, event Info = 0x000002993288B610
[Close] \
###Create file handle = 0x0000029932888610, eventID = 0033, event Info = 0x000002993288B0D0
[ZwCreateFile] \
Dokan Information: DokanEndDispatchCreate() status = 0, file handle = 0x0000029932888610, eventID = 0033, result = 0x1
Dokan Information: SendAndPullEventInformation() with NTSTATUS 0x0, context 0x32888610, and result object 0x000002993467F160 with size 48
###QueryVolumeInfo file handle = 0x0000029932888610, eventID = 0033, event Info = 0x000002993288B0D0
[GetVolumeInformation]
Dokan Information: SendAndPullEventInformation() with NTSTATUS 0x0, context 0x32888610, and result object 0x000002993467F160 with size 64
###GetFileInfo file handle = 0x0000029932888610, eventID = 0033, event Info = 0x000002993288B0D0
	result =  0
	FileAllInformation
	DispatchQueryInformation result =  0
Dokan Information: SendAndPullEventInformation() with NTSTATUS 0x0, context 0x32888610, and result object 0x000002993467F160 with size 140
###Cleanup file handle = 0x0000029932888610, eventID = 0033, event Info = 0x000002993288B0D0
Dokan Information: SendAndPullEventInformation() with NTSTATUS 0x0, context 0x32888610, and result object 0x000002993467F160 with size 48
###Close file handle = 0x0000029932888610, eventID = 0033, event Info = 0x000002993288B0D0
[Close] \
###Create file handle = 0x0000029932888C90, eventID = 0034, event Info = 0x000002993288B610
[ZwCreateFile] \
Dokan Information: DokanEndDispatchCreate() status = 0, file handle = 0x0000029932888C90, eventID = 0034, result = 0x1
Dokan Information: SendAndPullEventInformation() with NTSTATUS 0x0, context 0x32888c90, and result object 0x000002993467F160 with size 48
###QueryVolumeInfo file handle = 0x0000029932888C90, eventID = 0034, event Info = 0x000002993288B610
[GetVolumeInformation]
Dokan Information: SendAndPullEventInformation() with NTSTATUS 0x0, context 0x32888c90, and result object 0x000002993467F160 with size 64
###GetFileInfo file handle = 0x0000029932888C90, eventID = 0034, event Info = 0x000002993288B610
	result =  0
	FileAllInformation
	DispatchQueryInformation result =  0
Dokan Information: SendAndPullEventInformation() with NTSTATUS 0x0, context 0x32888c90, and result object 0x000002993467F160 with size 140
###Cleanup file handle = 0x0000029932888C90, eventID = 0034, event Info = 0x000002993288B610
Dokan Information: SendAndPullEventInformation() with NTSTATUS 0x0, context 0x32888c90, and result object 0x000002993467F160 with size 48
###Close file handle = 0x0000029932888C90, eventID = 0034, event Info = 0x000002993288B610
[Close] \
###Create file handle = 0x0000029932888610, eventID = 0035, event Info = 0x000002993288B0D0
[ZwCreateFile] \
Dokan Information: DokanEndDispatchCreate() status = 0, file handle = 0x0000029932888610, eventID = 0035, result = 0x1
Dokan Information: SendAndPullEventInformation() with NTSTATUS 0x0, context 0x32888610, and result object 0x000002993467F160 with size 48
###QueryVolumeInfo file handle = 0x0000029932888610, eventID = 0035, event Info = 0x000002993288B0D0
[GetVolumeInformation]
Dokan Information: SendAndPullEventInformation() with NTSTATUS 0x0, context 0x32888610, and result object 0x000002993467F160 with size 64
###GetFileInfo file handle = 0x0000029932888610, eventID = 0035, event Info = 0x000002993288B0D0
	result =  0
	FileAllInformation
	DispatchQueryInformation result =  0
Dokan Information: SendAndPullEventInformation() with NTSTATUS 0x0, context 0x32888610, and result object 0x000002993467F160 with size 140
###Cleanup file handle = 0x0000029932888610, eventID = 0035, event Info = 0x000002993288B0D0
Dokan Information: SendAndPullEventInformation() with NTSTATUS 0x0, context 0x32888610, and result object 0x000002993467F160 with size 48
###Close file handle = 0x0000029932888610, eventID = 0035, event Info = 0x000002993288B0D0
[Close] \
###Create file handle = 0x0000029932888C90, eventID = 0036, event Info = 0x000002993288B610
[ZwCreateFile] \
Dokan Information: DokanEndDispatchCreate() status = 0, file handle = 0x0000029932888C90, eventID = 0036, result = 0x1
Dokan Information: SendAndPullEventInformation() with NTSTATUS 0x0, context 0x32888c90, and result object 0x000002993467F160 with size 48
###QueryVolumeInfo file handle = 0x0000029932888C90, eventID = 0036, event Info = 0x000002993288B610
[GetVolumeInformation]
Dokan Information: SendAndPullEventInformation() with NTSTATUS 0x0, context 0x32888c90, and result object 0x000002993467F160 with size 64
###GetFileInfo file handle = 0x0000029932888C90, eventID = 0036, event Info = 0x000002993288B610
	result =  0
	FileAllInformation
	DispatchQueryInformation result =  0
Dokan Information: SendAndPullEventInformation() with NTSTATUS 0x0, context 0x32888c90, and result object 0x000002993467F160 with size 140
###Cleanup file handle = 0x0000029932888C90, eventID = 0036, event Info = 0x000002993288B610
Dokan Information: SendAndPullEventInformation() with NTSTATUS 0x0, context 0x32888c90, and result object 0x000002993467F160 with size 48
###Close file handle = 0x0000029932888C90, eventID = 0036, event Info = 0x000002993288B610
[Close] \
###Create file handle = 0x0000029932888610, eventID = 0037, event Info = 0x000002993288B0D0
[ZwCreateFile] \
Dokan Information: DokanEndDispatchCreate() status = 0, file handle = 0x0000029932888610, eventID = 0037, result = 0x1
Dokan Information: SendAndPullEventInformation() with NTSTATUS 0x0, context 0x32888610, and result object 0x000002993467F160 with size 48
###QueryVolumeInfo file handle = 0x0000029932888610, eventID = 0037, event Info = 0x000002993288B0D0
[GetVolumeInformation]
Dokan Information: SendAndPullEventInformation() with NTSTATUS 0x0, context 0x32888610, and result object 0x000002993467F160 with size 64
###GetFileInfo file handle = 0x0000029932888610, eventID = 0037, event Info = 0x000002993288B0D0
	result =  0
	FileAllInformation
	DispatchQueryInformation result =  0
Dokan Information: SendAndPullEventInformation() with NTSTATUS 0x0, context 0x32888610, and result object 0x000002993467F160 with size 140
###Cleanup file handle = 0x0000029932888610, eventID = 0037, event Info = 0x000002993288B0D0
Dokan Information: SendAndPullEventInformation() with NTSTATUS 0x0, context 0x32888610, and result object 0x000002993467F160 with size 48
###Close file handle = 0x0000029932888610, eventID = 0037, event Info = 0x000002993288B0D0
[Close] \
###Create file handle = 0x0000029932888C90, eventID = 0038, event Info = 0x000002993288B610
[ZwCreateFile] \
Dokan Information: DokanEndDispatchCreate() status = 0, file handle = 0x0000029932888C90, eventID = 0038, result = 0x1
Dokan Information: SendAndPullEventInformation() with NTSTATUS 0x0, context 0x32888c90, and result object 0x000002993467F160 with size 48
###QueryVolumeInfo file handle = 0x0000029932888C90, eventID = 0038, event Info = 0x000002993288B610
[GetVolumeInformation]
Dokan Information: SendAndPullEventInformation() with NTSTATUS 0x0, context 0x32888c90, and result object 0x000002993467F160 with size 64
###GetFileInfo file handle = 0x0000029932888C90, eventID = 0038, event Info = 0x000002993288B610
	result =  0
	FileAllInformation
	DispatchQueryInformation result =  0
Dokan Information: SendAndPullEventInformation() with NTSTATUS 0x0, context 0x32888c90, and result object 0x000002993467F160 with size 140
###Cleanup file handle = 0x0000029932888C90, eventID = 0038, event Info = 0x000002993288B610
Dokan Information: SendAndPullEventInformation() with NTSTATUS 0x0, context 0x32888c90, and result object 0x000002993467F160 with size 48
###Close file handle = 0x0000029932888C90, eventID = 0038, event Info = 0x000002993288B610
[Close] \
###Create file handle = 0x0000029932888610, eventID = 0039, event Info = 0x000002993288B0D0
[ZwCreateFile] \
Dokan Information: DokanEndDispatchCreate() status = 0, file handle = 0x0000029932888610, eventID = 0039, result = 0x1
Dokan Information: SendAndPullEventInformation() with NTSTATUS 0x0, context 0x32888610, and result object 0x000002993467F160 with size 48
###QueryVolumeInfo file handle = 0x0000029932888610, eventID = 0039, event Info = 0x000002993288B0D0
[GetVolumeInformation]
Dokan Information: SendAndPullEventInformation() with NTSTATUS 0x0, context 0x32888610, and result object 0x000002993467F160 with size 64
###GetFileInfo file handle = 0x0000029932888610, eventID = 0039, event Info = 0x000002993288B0D0
	result =  0
	FileAllInformation
	DispatchQueryInformation result =  0
Dokan Information: SendAndPullEventInformation() with NTSTATUS 0x0, context 0x32888610, and result object 0x000002993467F160 with size 140
###Cleanup file handle = 0x0000029932888610, eventID = 0039, event Info = 0x000002993288B0D0
Dokan Information: SendAndPullEventInformation() with NTSTATUS 0x0, context 0x32888610, and result object 0x000002993467F160 with size 48
###Close file handle = 0x0000029932888610, eventID = 0039, event Info = 0x000002993288B0D0
[Close] \
###Create file handle = 0x0000029932888C90, eventID = 0040, event Info = 0x000002993288B610
[ZwCreateFile] \
Dokan Information: DokanEndDispatchCreate() status = 0, file handle = 0x0000029932888C90, eventID = 0040, result = 0x1
Dokan Information: SendAndPullEventInformation() with NTSTATUS 0x0, context 0x32888c90, and result object 0x000002993467F160 with size 48
###QueryVolumeInfo file handle = 0x0000029932888C90, eventID = 0040, event Info = 0x000002993288B610
[GetVolumeInformation]
Dokan Information: SendAndPullEventInformation() with NTSTATUS 0x0, context 0x32888c90, and result object 0x000002993467F160 with size 64
###GetFileInfo file handle = 0x0000029932888C90, eventID = 0040, event Info = 0x000002993288B610
	result =  0
	FileAllInformation
	DispatchQueryInformation result =  0
Dokan Information: SendAndPullEventInformation() with NTSTATUS 0x0, context 0x32888c90, and result object 0x000002993467F160 with size 140
###Cleanup file handle = 0x0000029932888C90, eventID = 0040, event Info = 0x000002993288B610
Dokan Information: SendAndPullEventInformation() with NTSTATUS 0x0, context 0x32888c90, and result object 0x000002993467F160 with size 48
###Close file handle = 0x0000029932888C90, eventID = 0040, event Info = 0x000002993288B610
[Close] \
###Create file handle = 0x0000029932888610, eventID = 0041, event Info = 0x000002993288B0D0
[ZwCreateFile] \
Dokan Information: DokanEndDispatchCreate() status = 0, file handle = 0x0000029932888610, eventID = 0041, result = 0x1
Dokan Information: SendAndPullEventInformation() with NTSTATUS 0x0, context 0x32888610, and result object 0x000002993467F160 with size 48
###QueryVolumeInfo file handle = 0x0000029932888610, eventID = 0041, event Info = 0x000002993288B0D0
[GetVolumeInformation]
Dokan Information: SendAndPullEventInformation() with NTSTATUS 0x0, context 0x32888610, and result object 0x000002993467F160 with size 64
###GetFileInfo file handle = 0x0000029932888610, eventID = 0041, event Info = 0x000002993288B0D0
	result =  0
	FileAllInformation
	DispatchQueryInformation result =  0
Dokan Information: SendAndPullEventInformation() with NTSTATUS 0x0, context 0x32888610, and result object 0x000002993467F160 with size 140
###Cleanup file handle = 0x0000029932888610, eventID = 0041, event Info = 0x000002993288B0D0
Dokan Information: SendAndPullEventInformation() with NTSTATUS 0x0, context 0x32888610, and result object 0x000002993467F160 with size 48
###Close file handle = 0x0000029932888610, eventID = 0041, event Info = 0x000002993288B0D0
[Close] \
###Create file handle = 0x0000029932888C90, eventID = 0042, event Info = 0x000002993288B610
[ZwCreateFile] \
Dokan Information: DokanEndDispatchCreate() status = 0, file handle = 0x0000029932888C90, eventID = 0042, result = 0x1
Dokan Information: SendAndPullEventInformation() with NTSTATUS 0x0, context 0x32888c90, and result object 0x000002993467F160 with size 48
###QueryVolumeInfo file handle = 0x0000029932888C90, eventID = 0042, event Info = 0x000002993288B610
[GetVolumeInformation]
Dokan Information: SendAndPullEventInformation() with NTSTATUS 0x0, context 0x32888c90, and result object 0x000002993467F160 with size 64
###GetFileInfo file handle = 0x0000029932888C90, eventID = 0042, event Info = 0x000002993288B610
	result =  0
	FileAllInformation
	DispatchQueryInformation result =  0
Dokan Information: SendAndPullEventInformation() with NTSTATUS 0x0, context 0x32888c90, and result object 0x000002993467F160 with size 140
###Cleanup file handle = 0x0000029932888C90, eventID = 0042, event Info = 0x000002993288B610
Dokan Information: SendAndPullEventInformation() with NTSTATUS 0x0, context 0x32888c90, and result object 0x000002993467F160 with size 48
###Close file handle = 0x0000029932888C90, eventID = 0042, event Info = 0x000002993288B610
[Close] \
###Create file handle = 0x0000029932888610, eventID = 0043, event Info = 0x000002993288B0D0
[ZwCreateFile] \
Dokan Information: DokanEndDispatchCreate() status = 0, file handle = 0x0000029932888610, eventID = 0043, result = 0x1
Dokan Information: SendAndPullEventInformation() with NTSTATUS 0x0, context 0x32888610, and result object 0x000002993467F160 with size 48
###QueryVolumeInfo file handle = 0x0000029932888610, eventID = 0043, event Info = 0x000002993288B0D0
[GetVolumeInformation]
Dokan Information: SendAndPullEventInformation() with NTSTATUS 0x0, context 0x32888610, and result object 0x000002993467F160 with size 64
###GetFileInfo file handle = 0x0000029932888610, eventID = 0043, event Info = 0x000002993288B0D0
	result =  0
	FileAllInformation
	DispatchQueryInformation result =  0
Dokan Information: SendAndPullEventInformation() with NTSTATUS 0x0, context 0x32888610, and result object 0x000002993467F160 with size 140
###Cleanup file handle = 0x0000029932888610, eventID = 0043, event Info = 0x000002993288B0D0
Dokan Information: SendAndPullEventInformation() with NTSTATUS 0x0, context 0x32888610, and result object 0x000002993467F160 with size 48
###Close file handle = 0x0000029932888610, eventID = 0043, event Info = 0x000002993288B0D0
[Close] \
###Create file handle = 0x0000029932888C90, eventID = 0044, event Info = 0x000002993288B610
[ZwCreateFile] \
Dokan Information: DokanEndDispatchCreate() status = 0, file handle = 0x0000029932888C90, eventID = 0044, result = 0x1
Dokan Information: SendAndPullEventInformation() with NTSTATUS 0x0, context 0x32888c90, and result object 0x000002993467F160 with size 48
###QueryVolumeInfo file handle = 0x0000029932888C90, eventID = 0044, event Info = 0x000002993288B610
[GetVolumeInformation]
Dokan Information: SendAndPullEventInformation() with NTSTATUS 0x0, context 0x32888c90, and result object 0x000002993467F160 with size 64
###GetFileInfo file handle = 0x0000029932888C90, eventID = 0044, event Info = 0x000002993288B610
	result =  0
	FileAllInformation
	DispatchQueryInformation result =  0
Dokan Information: SendAndPullEventInformation() with NTSTATUS 0x0, context 0x32888c90, and result object 0x000002993467F160 with size 140
###Cleanup file handle = 0x0000029932888C90, eventID = 0044, event Info = 0x000002993288B610
Dokan Information: SendAndPullEventInformation() with NTSTATUS 0x0, context 0x32888c90, and result object 0x000002993467F160 with size 48
###Close file handle = 0x0000029932888C90, eventID = 0044, event Info = 0x000002993288B610
[Close] \
###Create file handle = 0x0000029932888610, eventID = 0045, event Info = 0x000002993288B0D0
[ZwCreateFile] \
Dokan Information: DokanEndDispatchCreate() status = 0, file handle = 0x0000029932888610, eventID = 0045, result = 0x1
Dokan Information: SendAndPullEventInformation() with NTSTATUS 0x0, context 0x32888610, and result object 0x000002993467F160 with size 48
###QueryVolumeInfo file handle = 0x0000029932888610, eventID = 0045, event Info = 0x000002993288B0D0
[GetVolumeInformation]
Dokan Information: SendAndPullEventInformation() with NTSTATUS 0x0, context 0x32888610, and result object 0x000002993467F160 with size 64
###GetFileInfo file handle = 0x0000029932888610, eventID = 0045, event Info = 0x000002993288B0D0
	result =  0
	FileAllInformation
	DispatchQueryInformation result =  0
Dokan Information: SendAndPullEventInformation() with NTSTATUS 0x0, context 0x32888610, and result object 0x000002993467F160 with size 140
###Cleanup file handle = 0x0000029932888610, eventID = 0045, event Info = 0x000002993288B0D0
Dokan Information: SendAndPullEventInformation() with NTSTATUS 0x0, context 0x32888610, and result object 0x000002993467F160 with size 48
###Close file handle = 0x0000029932888610, eventID = 0045, event Info = 0x000002993288B0D0
[Close] \
###Create file handle = 0x0000029932888C90, eventID = 0046, event Info = 0x000002993288B610
[ZwCreateFile] \
Dokan Information: DokanEndDispatchCreate() status = 0, file handle = 0x0000029932888C90, eventID = 0046, result = 0x1
Dokan Information: SendAndPullEventInformation() with NTSTATUS 0x0, context 0x32888c90, and result object 0x000002993467F160 with size 48
###QueryVolumeInfo file handle = 0x0000029932888C90, eventID = 0046, event Info = 0x000002993288B610
[GetVolumeInformation]
Dokan Information: SendAndPullEventInformation() with NTSTATUS 0x0, context 0x32888c90, and result object 0x000002993467F160 with size 64
###GetFileInfo file handle = 0x0000029932888C90, eventID = 0046, event Info = 0x000002993288B610
	result =  0
	FileAllInformation
	DispatchQueryInformation result =  0
Dokan Information: SendAndPullEventInformation() with NTSTATUS 0x0, context 0x32888c90, and result object 0x000002993467F160 with size 140
###Cleanup file handle = 0x0000029932888C90, eventID = 0046, event Info = 0x000002993288B610
Dokan Information: SendAndPullEventInformation() with NTSTATUS 0x0, context 0x32888c90, and result object 0x000002993467F160 with size 48
###Close file handle = 0x0000029932888C90, eventID = 0046, event Info = 0x000002993288B610
[Close] \
###Create file handle = 0x0000029932888610, eventID = 0047, event Info = 0x000002993288B0D0
[ZwCreateFile] \
Dokan Information: DokanEndDispatchCreate() status = 0, file handle = 0x0000029932888610, eventID = 0047, result = 0x1
Dokan Information: SendAndPullEventInformation() with NTSTATUS 0x0, context 0x32888610, and result object 0x000002993467F160 with size 48
###QueryVolumeInfo file handle = 0x0000029932888610, eventID = 0047, event Info = 0x000002993288B0D0
[GetVolumeInformation]
Dokan Information: SendAndPullEventInformation() with NTSTATUS 0x0, context 0x32888610, and result object 0x000002993467F160 with size 64
###GetFileInfo file handle = 0x0000029932888610, eventID = 0047, event Info = 0x000002993288B0D0
	result =  0
	FileAllInformation
	DispatchQueryInformation result =  0
Dokan Information: SendAndPullEventInformation() with NTSTATUS 0x0, context 0x32888610, and result object 0x000002993467F160 with size 140
###Cleanup file handle = 0x0000029932888610, eventID = 0047, event Info = 0x000002993288B0D0
Dokan Information: SendAndPullEventInformation() with NTSTATUS 0x0, context 0x32888610, and result object 0x000002993467F160 with size 48
###Close file handle = 0x0000029932888610, eventID = 0047, event Info = 0x000002993288B0D0
[Close] \
###Create file handle = 0x0000029932888C90, eventID = 0048, event Info = 0x000002993288B610
[ZwCreateFile] \
Dokan Information: DokanEndDispatchCreate() status = 0, file handle = 0x0000029932888C90, eventID = 0048, result = 0x1
Dokan Information: SendAndPullEventInformation() with NTSTATUS 0x0, context 0x32888c90, and result object 0x000002993467F160 with size 48
###QueryVolumeInfo file handle = 0x0000029932888C90, eventID = 0048, event Info = 0x000002993288B610
[GetVolumeInformation]
Dokan Information: SendAndPullEventInformation() with NTSTATUS 0x0, context 0x32888c90, and result object 0x000002993467F160 with size 64
###GetFileInfo file handle = 0x0000029932888C90, eventID = 0048, event Info = 0x000002993288B610
	result =  0
	FileAllInformation
	DispatchQueryInformation result =  0
Dokan Information: SendAndPullEventInformation() with NTSTATUS 0x0, context 0x32888c90, and result object 0x000002993467F160 with size 140
###Cleanup file handle = 0x0000029932888C90, eventID = 0048, event Info = 0x000002993288B610
Dokan Information: SendAndPullEventInformation() with NTSTATUS 0x0, context 0x32888c90, and result object 0x000002993467F160 with size 48
###Close file handle = 0x0000029932888C90, eventID = 0048, event Info = 0x000002993288B610
[Close] \
###Create file handle = 0x0000029932888610, eventID = 0049, event Info = 0x000002993288B0D0
[ZwCreateFile] \
Dokan Information: DokanEndDispatchCreate() status = 0, file handle = 0x0000029932888610, eventID = 0049, result = 0x1
Dokan Information: SendAndPullEventInformation() with NTSTATUS 0x0, context 0x32888610, and result object 0x000002993467F160 with size 48
###QueryVolumeInfo file handle = 0x0000029932888610, eventID = 0049, event Info = 0x000002993288B0D0
[GetVolumeInformation]
Dokan Information: SendAndPullEventInformation() with NTSTATUS 0x0, context 0x32888610, and result object 0x000002993467F160 with size 64
###GetFileInfo file handle = 0x0000029932888610, eventID = 0049, event Info = 0x000002993288B0D0
	result =  0
	FileAllInformation
	DispatchQueryInformation result =  0
Dokan Information: SendAndPullEventInformation() with NTSTATUS 0x0, context 0x32888610, and result object 0x000002993467F160 with size 140
###Cleanup file handle = 0x0000029932888610, eventID = 0049, event Info = 0x000002993288B0D0
Dokan Information: SendAndPullEventInformation() with NTSTATUS 0x0, context 0x32888610, and result object 0x000002993467F160 with size 48
###Close file handle = 0x0000029932888610, eventID = 0049, event Info = 0x000002993288B0D0
[Close] \
###Create file handle = 0x0000029932888C90, eventID = 0050, event Info = 0x000002993288B610
[ZwCreateFile] \
Dokan Information: DokanEndDispatchCreate() status = 0, file handle = 0x0000029932888C90, eventID = 0050, result = 0x1
Dokan Information: SendAndPullEventInformation() with NTSTATUS 0x0, context 0x32888c90, and result object 0x000002993467F160 with size 48
###QueryVolumeInfo file handle = 0x0000029932888C90, eventID = 0050, event Info = 0x000002993288B610
[GetVolumeInformation]
Dokan Information: SendAndPullEventInformation() with NTSTATUS 0x0, context 0x32888c90, and result object 0x000002993467F160 with size 64
###GetFileInfo file handle = 0x0000029932888C90, eventID = 0050, event Info = 0x000002993288B610
	result =  0
	FileAllInformation
	DispatchQueryInformation result =  0
Dokan Information: SendAndPullEventInformation() with NTSTATUS 0x0, context 0x32888c90, and result object 0x000002993467F160 with size 140
###Cleanup file handle = 0x0000029932888C90, eventID = 0050, event Info = 0x000002993288B610
Dokan Information: SendAndPullEventInformation() with NTSTATUS 0x0, context 0x32888c90, and result object 0x000002993467F160 with size 48
###Close file handle = 0x0000029932888C90, eventID = 0050, event Info = 0x000002993288B610
[Close] \
###Create file handle = 0x0000029932888C90, eventID = 0051, event Info = 0x000002993288B0D0
[ZwCreateFile] \
Dokan Information: DokanEndDispatchCreate() status = 0, file handle = 0x0000029932888C90, eventID = 0051, result = 0x1
Dokan Information: SendAndPullEventInformation() with NTSTATUS 0x0, context 0x32888c90, and result object 0x000002993467F160 with size 48
###QueryVolumeInfo file handle = 0x0000029932888C90, eventID = 0051, event Info = 0x000002993288B0D0
[GetVolumeInformation]
Dokan Information: SendAndPullEventInformation() with NTSTATUS 0x0, context 0x32888c90, and result object 0x000002993467F160 with size 64
###GetFileInfo file handle = 0x0000029932888C90, eventID = 0051, event Info = 0x000002993288B0D0
	result =  0
	FileAllInformation
	DispatchQueryInformation result =  0
Dokan Information: SendAndPullEventInformation() with NTSTATUS 0x0, context 0x32888c90, and result object 0x000002993467F160 with size 140
###Cleanup file handle = 0x0000029932888C90, eventID = 0051, event Info = 0x000002993288B0D0
Dokan Information: SendAndPullEventInformation() with NTSTATUS 0x0, context 0x32888c90, and result object 0x000002993467F160 with size 48
###Close file handle = 0x0000029932888C90, eventID = 0051, event Info = 0x000002993288B0D0
[Close] \
###Create file handle = 0x0000029932888610, eventID = 0052, event Info = 0x000002993288B610
[ZwCreateFile] \
Dokan Information: DokanEndDispatchCreate() status = 0, file handle = 0x0000029932888610, eventID = 0052, result = 0x1
Dokan Information: SendAndPullEventInformation() with NTSTATUS 0x0, context 0x32888610, and result object 0x000002993467F160 with size 48
###QueryVolumeInfo file handle = 0x0000029932888610, eventID = 0052, event Info = 0x000002993288B610
[GetVolumeInformation]
Dokan Information: SendAndPullEventInformation() with NTSTATUS 0x0, context 0x32888610, and result object 0x000002993467F160 with size 64
###GetFileInfo file handle = 0x0000029932888610, eventID = 0052, event Info = 0x000002993288B610
	result =  0
	FileAllInformation
	DispatchQueryInformation result =  0
Dokan Information: SendAndPullEventInformation() with NTSTATUS 0x0, context 0x32888610, and result object 0x000002993467F160 with size 140
###Cleanup file handle = 0x0000029932888610, eventID = 0052, event Info = 0x000002993288B610
Dokan Information: SendAndPullEventInformation() with NTSTATUS 0x0, context 0x32888610, and result object 0x000002993467F160 with size 48
###Close file handle = 0x0000029932888610, eventID = 0052, event Info = 0x000002993288B610
[Close] \
###Create file handle = 0x0000029932888C90, eventID = 0053, event Info = 0x000002993288B0D0
[ZwCreateFile] \
Dokan Information: DokanEndDispatchCreate() status = 0, file handle = 0x0000029932888C90, eventID = 0053, result = 0x1
Dokan Information: SendAndPullEventInformation() with NTSTATUS 0x0, context 0x32888c90, and result object 0x000002993467F160 with size 48
###QueryVolumeInfo file handle = 0x0000029932888C90, eventID = 0053, event Info = 0x000002993288B0D0
[GetVolumeInformation]
Dokan Information: SendAndPullEventInformation() with NTSTATUS 0x0, context 0x32888c90, and result object 0x000002993467F160 with size 64
###GetFileInfo file handle = 0x0000029932888C90, eventID = 0053, event Info = 0x000002993288B0D0
	result =  0
	FileAllInformation
	DispatchQueryInformation result =  0
Dokan Information: SendAndPullEventInformation() with NTSTATUS 0x0, context 0x32888c90, and result object 0x000002993467F160 with size 140
###Cleanup file handle = 0x0000029932888C90, eventID = 0053, event Info = 0x000002993288B0D0
Dokan Information: SendAndPullEventInformation() with NTSTATUS 0x0, context 0x32888c90, and result object 0x000002993467F160 with size 48
###Close file handle = 0x0000029932888C90, eventID = 0053, event Info = 0x000002993288B0D0
[Close] \
###Create file handle = 0x0000029932888610, eventID = 0054, event Info = 0x000002993288B610
[ZwCreateFile] \
Dokan Information: DokanEndDispatchCreate() status = 0, file handle = 0x0000029932888610, eventID = 0054, result = 0x1
Dokan Information: SendAndPullEventInformation() with NTSTATUS 0x0, context 0x32888610, and result object 0x000002993467F160 with size 48
###QueryVolumeInfo file handle = 0x0000029932888610, eventID = 0054, event Info = 0x000002993288B610
[GetVolumeInformation]
Dokan Information: SendAndPullEventInformation() with NTSTATUS 0x0, context 0x32888610, and result object 0x000002993467F160 with size 64
###GetFileInfo file handle = 0x0000029932888610, eventID = 0054, event Info = 0x000002993288B610
	result =  0
	FileAllInformation
	DispatchQueryInformation result =  0
Dokan Information: SendAndPullEventInformation() with NTSTATUS 0x0, context 0x32888610, and result object 0x000002993467F160 with size 140
###Cleanup file handle = 0x0000029932888610, eventID = 0054, event Info = 0x000002993288B610
Dokan Information: SendAndPullEventInformation() with NTSTATUS 0x0, context 0x32888610, and result object 0x000002993467F160 with size 48
###Close file handle = 0x0000029932888610, eventID = 0054, event Info = 0x000002993288B610
[Close] \
###Create file handle = 0x0000029932888C90, eventID = 0055, event Info = 0x000002993288B0D0
[ZwCreateFile] \
Dokan Information: DokanEndDispatchCreate() status = 0, file handle = 0x0000029932888C90, eventID = 0055, result = 0x1
Dokan Information: SendAndPullEventInformation() with NTSTATUS 0x0, context 0x32888c90, and result object 0x000002993467F160 with size 48
###QueryVolumeInfo file handle = 0x0000029932888C90, eventID = 0055, event Info = 0x000002993288B0D0
[GetVolumeInformation]
Dokan Information: SendAndPullEventInformation() with NTSTATUS 0x0, context 0x32888c90, and result object 0x000002993467F160 with size 64
###GetFileInfo file handle = 0x0000029932888C90, eventID = 0055, event Info = 0x000002993288B0D0
	result =  0
	FileAllInformation
	DispatchQueryInformation result =  0
Dokan Information: SendAndPullEventInformation() with NTSTATUS 0x0, context 0x32888c90, and result object 0x000002993467F160 with size 140
###Cleanup file handle = 0x0000029932888C90, eventID = 0055, event Info = 0x000002993288B0D0
Dokan Information: SendAndPullEventInformation() with NTSTATUS 0x0, context 0x32888c90, and result object 0x000002993467F160 with size 48
###Close file handle = 0x0000029932888C90, eventID = 0055, event Info = 0x000002993288B0D0
[Close] \
###Create file handle = 0x0000029932888610, eventID = 0056, event Info = 0x000002993288B610
[ZwCreateFile] \
Dokan Information: DokanEndDispatchCreate() status = 0, file handle = 0x0000029932888610, eventID = 0056, result = 0x1
Dokan Information: SendAndPullEventInformation() with NTSTATUS 0x0, context 0x32888610, and result object 0x000002993467F160 with size 48
###QueryVolumeInfo file handle = 0x0000029932888610, eventID = 0056, event Info = 0x000002993288B610
[GetVolumeInformation]
Dokan Information: SendAndPullEventInformation() with NTSTATUS 0x0, context 0x32888610, and result object 0x000002993467F160 with size 64
###GetFileInfo file handle = 0x0000029932888610, eventID = 0056, event Info = 0x000002993288B610
	result =  0
	FileAllInformation
	DispatchQueryInformation result =  0
Dokan Information: SendAndPullEventInformation() with NTSTATUS 0x0, context 0x32888610, and result object 0x000002993467F160 with size 140
###Cleanup file handle = 0x0000029932888610, eventID = 0056, event Info = 0x000002993288B610
Dokan Information: SendAndPullEventInformation() with NTSTATUS 0x0, context 0x32888610, and result object 0x000002993467F160 with size 48
###Close file handle = 0x0000029932888610, eventID = 0056, event Info = 0x000002993288B610
[Close] \
###Create file handle = 0x0000029932888C90, eventID = 0057, event Info = 0x000002993288B0D0
[ZwCreateFile] \
Dokan Information: DokanEndDispatchCreate() status = 0, file handle = 0x0000029932888C90, eventID = 0057, result = 0x1
Dokan Information: SendAndPullEventInformation() with NTSTATUS 0x0, context 0x32888c90, and result object 0x000002993467F160 with size 48
###QueryVolumeInfo file handle = 0x0000029932888C90, eventID = 0057, event Info = 0x000002993288B0D0
[GetVolumeInformation]
Dokan Information: SendAndPullEventInformation() with NTSTATUS 0x0, context 0x32888c90, and result object 0x000002993467F160 with size 64
###GetFileInfo file handle = 0x0000029932888C90, eventID = 0057, event Info = 0x000002993288B0D0
	result =  0
	FileAllInformation
	DispatchQueryInformation result =  0
Dokan Information: SendAndPullEventInformation() with NTSTATUS 0x0, context 0x32888c90, and result object 0x000002993467F160 with size 140
###Cleanup file handle = 0x0000029932888C90, eventID = 0057, event Info = 0x000002993288B0D0
Dokan Information: SendAndPullEventInformation() with NTSTATUS 0x0, context 0x32888c90, and result object 0x000002993467F160 with size 48
###Close file handle = 0x0000029932888C90, eventID = 0057, event Info = 0x000002993288B0D0
[Close] \
###Create file handle = 0x0000029932888610, eventID = 0058, event Info = 0x000002993288B610
[ZwCreateFile] \
Dokan Information: DokanEndDispatchCreate() status = 0, file handle = 0x0000029932888610, eventID = 0058, result = 0x1
Dokan Information: SendAndPullEventInformation() with NTSTATUS 0x0, context 0x32888610, and result object 0x000002993467F160 with size 48
###QueryVolumeInfo file handle = 0x0000029932888610, eventID = 0058, event Info = 0x000002993288B610
[GetVolumeInformation]
Dokan Information: SendAndPullEventInformation() with NTSTATUS 0x0, context 0x32888610, and result object 0x000002993467F160 with size 64
###GetFileInfo file handle = 0x0000029932888610, eventID = 0058, event Info = 0x000002993288B610
	result =  0
	FileAllInformation
	DispatchQueryInformation result =  0
Dokan Information: SendAndPullEventInformation() with NTSTATUS 0x0, context 0x32888610, and result object 0x000002993467F160 with size 140
###Cleanup file handle = 0x0000029932888610, eventID = 0058, event Info = 0x000002993288B610
Dokan Information: SendAndPullEventInformation() with NTSTATUS 0x0, context 0x32888610, and result object 0x000002993467F160 with size 48
###Close file handle = 0x0000029932888610, eventID = 0058, event Info = 0x000002993288B610
[Close] \
###Create file handle = 0x0000029932888C90, eventID = 0059, event Info = 0x000002993288B0D0
[ZwCreateFile] \
Dokan Information: DokanEndDispatchCreate() status = 0, file handle = 0x0000029932888C90, eventID = 0059, result = 0x1
Dokan Information: SendAndPullEventInformation() with NTSTATUS 0x0, context 0x32888c90, and result object 0x000002993467F160 with size 48
###QueryVolumeInfo file handle = 0x0000029932888C90, eventID = 0059, event Info = 0x000002993288B0D0
[GetVolumeInformation]
Dokan Information: SendAndPullEventInformation() with NTSTATUS 0x0, context 0x32888c90, and result object 0x000002993467F160 with size 64
###GetFileInfo file handle = 0x0000029932888C90, eventID = 0059, event Info = 0x000002993288B0D0
	result =  0
	FileAllInformation
	DispatchQueryInformation result =  0
Dokan Information: SendAndPullEventInformation() with NTSTATUS 0x0, context 0x32888c90, and result object 0x000002993467F160 with size 140
###Cleanup file handle = 0x0000029932888C90, eventID = 0059, event Info = 0x000002993288B0D0
Dokan Information: SendAndPullEventInformation() with NTSTATUS 0x0, context 0x32888c90, and result object 0x000002993467F160 with size 48
###Close file handle = 0x0000029932888C90, eventID = 0059, event Info = 0x000002993288B0D0
[Close] \
###Create file handle = 0x0000029932888610, eventID = 0060, event Info = 0x000002993288B610
[ZwCreateFile] \
Dokan Information: DokanEndDispatchCreate() status = 0, file handle = 0x0000029932888610, eventID = 0060, result = 0x1
Dokan Information: SendAndPullEventInformation() with NTSTATUS 0x0, context 0x32888610, and result object 0x000002993467F160 with size 48
###QueryVolumeInfo file handle = 0x0000029932888610, eventID = 0060, event Info = 0x000002993288B610
[GetVolumeInformation]
Dokan Information: SendAndPullEventInformation() with NTSTATUS 0x0, context 0x32888610, and result object 0x000002993467F160 with size 64
###GetFileInfo file handle = 0x0000029932888610, eventID = 0060, event Info = 0x000002993288B610
	result =  0
	FileAllInformation
	DispatchQueryInformation result =  0
Dokan Information: SendAndPullEventInformation() with NTSTATUS 0x0, context 0x32888610, and result object 0x000002993467F160 with size 140
###Cleanup file handle = 0x0000029932888610, eventID = 0060, event Info = 0x000002993288B610
Dokan Information: SendAndPullEventInformation() with NTSTATUS 0x0, context 0x32888610, and result object 0x000002993467F160 with size 48
###Close file handle = 0x0000029932888610, eventID = 0060, event Info = 0x000002993288B610
[Close] \
###Create file handle = 0x0000029932888C90, eventID = 0061, event Info = 0x000002993288B0D0
[ZwCreateFile] \
Dokan Information: DokanEndDispatchCreate() status = 0, file handle = 0x0000029932888C90, eventID = 0061, result = 0x1
Dokan Information: SendAndPullEventInformation() with NTSTATUS 0x0, context 0x32888c90, and result object 0x000002993467F160 with size 48
###QueryVolumeInfo file handle = 0x0000029932888C90, eventID = 0061, event Info = 0x000002993288B0D0
[GetVolumeInformation]
Dokan Information: SendAndPullEventInformation() with NTSTATUS 0x0, context 0x32888c90, and result object 0x000002993467F160 with size 64
###GetFileInfo file handle = 0x0000029932888C90, eventID = 0061, event Info = 0x000002993288B0D0
	result =  0
	FileAllInformation
	DispatchQueryInformation result =  0
Dokan Information: SendAndPullEventInformation() with NTSTATUS 0x0, context 0x32888c90, and result object 0x000002993467F160 with size 140
###Cleanup file handle = 0x0000029932888C90, eventID = 0061, event Info = 0x000002993288B0D0
Dokan Information: SendAndPullEventInformation() with NTSTATUS 0x0, context 0x32888c90, and result object 0x000002993467F160 with size 48
###Close file handle = 0x0000029932888C90, eventID = 0061, event Info = 0x000002993288B0D0
[Close] \
###Create file handle = 0x0000029932888610, eventID = 0062, event Info = 0x000002993288B610
[ZwCreateFile] \
Dokan Information: DokanEndDispatchCreate() status = 0, file handle = 0x0000029932888610, eventID = 0062, result = 0x1
Dokan Information: SendAndPullEventInformation() with NTSTATUS 0x0, context 0x32888610, and result object 0x000002993467F160 with size 48
###QueryVolumeInfo file handle = 0x0000029932888610, eventID = 0062, event Info = 0x000002993288B610
[GetVolumeInformation]
Dokan Information: SendAndPullEventInformation() with NTSTATUS 0x0, context 0x32888610, and result object 0x000002993467F160 with size 64
###GetFileInfo file handle = 0x0000029932888610, eventID = 0062, event Info = 0x000002993288B610
	result =  0
	FileAllInformation
	DispatchQueryInformation result =  0
Dokan Information: SendAndPullEventInformation() with NTSTATUS 0x0, context 0x32888610, and result object 0x000002993467F160 with size 140
###Cleanup file handle = 0x0000029932888610, eventID = 0062, event Info = 0x000002993288B610
Dokan Information: SendAndPullEventInformation() with NTSTATUS 0x0, context 0x32888610, and result object 0x000002993467F160 with size 48
###Close file handle = 0x0000029932888610, eventID = 0062, event Info = 0x000002993288B610
[Close] \
###Create file handle = 0x0000029932888C90, eventID = 0063, event Info = 0x000002993288B0D0
[ZwCreateFile] \
Dokan Information: DokanEndDispatchCreate() status = 0, file handle = 0x0000029932888C90, eventID = 0063, result = 0x1
Dokan Information: SendAndPullEventInformation() with NTSTATUS 0x0, context 0x32888c90, and result object 0x000002993467F160 with size 48
###QueryVolumeInfo file handle = 0x0000029932888C90, eventID = 0063, event Info = 0x000002993288B0D0
[GetVolumeInformation]
Dokan Information: SendAndPullEventInformation() with NTSTATUS 0x0, context 0x32888c90, and result object 0x000002993467F160 with size 64
###GetFileInfo file handle = 0x0000029932888C90, eventID = 0063, event Info = 0x000002993288B0D0
	result =  0
	FileAllInformation
	DispatchQueryInformation result =  0
Dokan Information: SendAndPullEventInformation() with NTSTATUS 0x0, context 0x32888c90, and result object 0x000002993467F160 with size 140
###Cleanup file handle = 0x0000029932888C90, eventID = 0063, event Info = 0x000002993288B0D0
Dokan Information: SendAndPullEventInformation() with NTSTATUS 0x0, context 0x32888c90, and result object 0x000002993467F160 with size 48
###Close file handle = 0x0000029932888C90, eventID = 0063, event Info = 0x000002993288B0D0
[Close] \
###Create file handle = 0x0000029932888610, eventID = 0064, event Info = 0x000002993288B610
[ZwCreateFile] \
Dokan Information: DokanEndDispatchCreate() status = 0, file handle = 0x0000029932888610, eventID = 0064, result = 0x1
Dokan Information: SendAndPullEventInformation() with NTSTATUS 0x0, context 0x32888610, and result object 0x000002993467F160 with size 48
###QueryVolumeInfo file handle = 0x0000029932888610, eventID = 0064, event Info = 0x000002993288B610
[GetVolumeInformation]
Dokan Information: SendAndPullEventInformation() with NTSTATUS 0x0, context 0x32888610, and result object 0x000002993467F160 with size 64
###GetFileInfo file handle = 0x0000029932888610, eventID = 0064, event Info = 0x000002993288B610
	result =  0
	FileAllInformation
	DispatchQueryInformation result =  0
Dokan Information: SendAndPullEventInformation() with NTSTATUS 0x0, context 0x32888610, and result object 0x000002993467F160 with size 140
###Cleanup file handle = 0x0000029932888610, eventID = 0064, event Info = 0x000002993288B610
Dokan Information: SendAndPullEventInformation() with NTSTATUS 0x0, context 0x32888610, and result object 0x000002993467F160 with size 48
###Close file handle = 0x0000029932888610, eventID = 0064, event Info = 0x000002993288B610
[Close] \
###Create file handle = 0x0000029932888C90, eventID = 0065, event Info = 0x000002993288B0D0
[ZwCreateFile] \
Dokan Information: DokanEndDispatchCreate() status = 0, file handle = 0x0000029932888C90, eventID = 0065, result = 0x1
Dokan Information: SendAndPullEventInformation() with NTSTATUS 0x0, context 0x32888c90, and result object 0x000002993467F160 with size 48
###QueryVolumeInfo file handle = 0x0000029932888C90, eventID = 0065, event Info = 0x000002993288B0D0
[GetVolumeInformation]
Dokan Information: SendAndPullEventInformation() with NTSTATUS 0x0, context 0x32888c90, and result object 0x000002993467F160 with size 64
###GetFileInfo file handle = 0x0000029932888C90, eventID = 0065, event Info = 0x000002993288B0D0
	result =  0
	FileAllInformation
	DispatchQueryInformation result =  0
Dokan Information: SendAndPullEventInformation() with NTSTATUS 0x0, context 0x32888c90, and result object 0x000002993467F160 with size 140
###Cleanup file handle = 0x0000029932888C90, eventID = 0065, event Info = 0x000002993288B0D0
Dokan Information: SendAndPullEventInformation() with NTSTATUS 0x0, context 0x32888c90, and result object 0x000002993467F160 with size 48
###Close file handle = 0x0000029932888C90, eventID = 0065, event Info = 0x000002993288B0D0
[Close] \
###Create file handle = 0x0000029932888610, eventID = 0066, event Info = 0x000002993288B610
[ZwCreateFile] \
Dokan Information: DokanEndDispatchCreate() status = 0, file handle = 0x0000029932888610, eventID = 0066, result = 0x1
Dokan Information: SendAndPullEventInformation() with NTSTATUS 0x0, context 0x32888610, and result object 0x000002993467F160 with size 48
###QueryVolumeInfo file handle = 0x0000029932888610, eventID = 0066, event Info = 0x000002993288B610
[GetVolumeInformation]
Dokan Information: SendAndPullEventInformation() with NTSTATUS 0x0, context 0x32888610, and result object 0x000002993467F160 with size 64
###GetFileInfo file handle = 0x0000029932888610, eventID = 0066, event Info = 0x000002993288B610
	result =  0
	FileAllInformation
	DispatchQueryInformation result =  0
Dokan Information: SendAndPullEventInformation() with NTSTATUS 0x0, context 0x32888610, and result object 0x000002993467F160 with size 140
###Cleanup file handle = 0x0000029932888610, eventID = 0066, event Info = 0x000002993288B610
Dokan Information: SendAndPullEventInformation() with NTSTATUS 0x0, context 0x32888610, and result object 0x000002993467F160 with size 48
###Close file handle = 0x0000029932888610, eventID = 0066, event Info = 0x000002993288B610
[Close] \
###Create file handle = 0x0000029932888C90, eventID = 0067, event Info = 0x000002993288B0D0
[ZwCreateFile] \
Dokan Information: DokanEndDispatchCreate() status = 0, file handle = 0x0000029932888C90, eventID = 0067, result = 0x1
Dokan Information: SendAndPullEventInformation() with NTSTATUS 0x0, context 0x32888c90, and result object 0x000002993467F160 with size 48
###QueryVolumeInfo file handle = 0x0000029932888C90, eventID = 0067, event Info = 0x000002993288B0D0
[GetVolumeInformation]
Dokan Information: SendAndPullEventInformation() with NTSTATUS 0x0, context 0x32888c90, and result object 0x000002993467F160 with size 64
###GetFileInfo file handle = 0x0000029932888C90, eventID = 0067, event Info = 0x000002993288B0D0
	result =  0
	FileAllInformation
	DispatchQueryInformation result =  0
Dokan Information: SendAndPullEventInformation() with NTSTATUS 0x0, context 0x32888c90, and result object 0x000002993467F160 with size 140
###Cleanup file handle = 0x0000029932888C90, eventID = 0067, event Info = 0x000002993288B0D0
Dokan Information: SendAndPullEventInformation() with NTSTATUS 0x0, context 0x32888c90, and result object 0x000002993467F160 with size 48
###Close file handle = 0x0000029932888C90, eventID = 0067, event Info = 0x000002993288B0D0
[Close] \
###Create file handle = 0x0000029932888C90, eventID = 0068, event Info = 0x000002993288B610
[ZwCreateFile] \
Dokan Information: DokanEndDispatchCreate() status = 0, file handle = 0x0000029932888C90, eventID = 0068, result = 0x1
Dokan Information: SendAndPullEventInformation() with NTSTATUS 0x0, context 0x32888c90, and result object 0x000002993467F160 with size 48
###QueryVolumeInfo file handle = 0x0000029932888C90, eventID = 0068, event Info = 0x000002993288B610
[GetVolumeInformation]
Dokan Information: SendAndPullEventInformation() with NTSTATUS 0x0, context 0x32888c90, and result object 0x000002993467F160 with size 64
###GetFileInfo file handle = 0x0000029932888C90, eventID = 0068, event Info = 0x000002993288B610
	result =  0
	FileAllInformation
	DispatchQueryInformation result =  0
Dokan Information: SendAndPullEventInformation() with NTSTATUS 0x0, context 0x32888c90, and result object 0x000002993467F160 with size 140
###Cleanup file handle = 0x0000029932888C90, eventID = 0068, event Info = 0x000002993288B610
Dokan Information: SendAndPullEventInformation() with NTSTATUS 0x0, context 0x32888c90, and result object 0x000002993467F160 with size 48
###Close file handle = 0x0000029932888C90, eventID = 0068, event Info = 0x000002993288B610
[Close] \
###Create file handle = 0x0000029932888C90, eventID = 0069, event Info = 0x000002993288B610
[ZwCreateFile] \
Dokan Information: DokanEndDispatchCreate() status = 0, file handle = 0x0000029932888C90, eventID = 0069, result = 0x1
Dokan Information: SendAndPullEventInformation() with NTSTATUS 0x0, context 0x32888c90, and result object 0x000002993467F160 with size 48
###GetFileInfo file handle = 0x0000029932888C90, eventID = 0069, event Info = 0x000002993288B610
	result =  0
	FileStandardInformation
	DispatchQueryInformation result =  0
Dokan Information: SendAndPullEventInformation() with NTSTATUS 0x0, context 0x32888c90, and result object 0x000002993467F160 with size 64
###QueryVolumeInfo file handle = 0x0000029932888C90, eventID = 0069, event Info = 0x000002993288B610
[GetVolumeInformation]
Dokan Information: SendAndPullEventInformation() with NTSTATUS 0x0, context 0x32888c90, and result object 0x000002993467F160 with size 74
###QueryVolumeInfo file handle = 0x0000029932888C90, eventID = 0069, event Info = 0x000002993288B610
[GetVolumeInformation]
Dokan Information: SendAndPullEventInformation() with NTSTATUS 0x0, context 0x32888c90, and result object 0x000002993467F160 with size 68
###Cleanup file handle = 0x0000029932888C90, eventID = 0069, event Info = 0x000002993288B610
Dokan Information: SendAndPullEventInformation() with NTSTATUS 0x0, context 0x32888c90, and result object 0x000002993467F160 with size 48
###Close file handle = 0x0000029932888C90, eventID = 0069, event Info = 0x000002993288B610
[Close] \
###Create file handle = 0x0000029932888610, eventID = 0070, event Info = 0x000002993288B0D0
[ZwCreateFile] \
Dokan Information: DokanEndDispatchCreate() status = 0, file handle = 0x0000029932888610, eventID = 0070, result = 0x1
Dokan Information: SendAndPullEventInformation() with NTSTATUS 0x0, context 0x32888610, and result object 0x000002993467F160 with size 48
###GetFileInfo file handle = 0x0000029932888610, eventID = 0070, event Info = 0x000002993288B0D0
	result =  0
	FileNetworkOpenInformation
	DispatchQueryInformation result =  0
Dokan Information: SendAndPullEventInformation() with NTSTATUS 0x0, context 0x32888610, and result object 0x000002993467F160 with size 96
###Cleanup file handle = 0x0000029932888610, eventID = 0070, event Info = 0x000002993288B0D0
Dokan Information: SendAndPullEventInformation() with NTSTATUS 0x0, context 0x32888610, and result object 0x000002993467F160 with size 48
###Close file handle = 0x0000029932888610, eventID = 0070, event Info = 0x000002993288B0D0
[Close] \
###Create file handle = 0x0000029932888610, eventID = 0071, event Info = 0x000002993288B0D0
[ZwCreateFile] \
Dokan Information: DokanEndDispatchCreate() status = 0, file handle = 0x0000029932888610, eventID = 0071, result = 0x1
Dokan Information: SendAndPullEventInformation() with NTSTATUS 0x0, context 0x32888610, and result object 0x000002993467F160 with size 48
###GetFileInfo file handle = 0x0000029932888610, eventID = 0071, event Info = 0x000002993288B0D0
	result =  0
	FileBasicInformation
	DispatchQueryInformation result =  0
Dokan Information: SendAndPullEventInformation() with NTSTATUS 0x0, context 0x32888610, and result object 0x000002993467F160 with size 80
###Cleanup file handle = 0x0000029932888610, eventID = 0071, event Info = 0x000002993288B0D0
Dokan Information: SendAndPullEventInformation() with NTSTATUS 0x0, context 0x32888610, and result object 0x000002993467F160 with size 48
###Close file handle = 0x0000029932888610, eventID = 0071, event Info = 0x000002993288B0D0
[Close] \
###Create file handle = 0x0000029932888610, eventID = 0072, event Info = 0x000002993288B0D0
[ZwCreateFile] \root.txt
Dokan Information: DokanEndDispatchCreate() status = c0000034, file handle = 0x0000000000000000, eventID = -001, result = 0x5
Dokan Information: SendAndPullEventInformation() with NTSTATUS 0xc0000034, context 0x0, and result object 0x000002993467F160 with size 48
###Create file handle = 0x0000029932888610, eventID = 0073, event Info = 0x000002993288B0D0
[ZwCreateFile] \root.txt
Dokan Information: DokanEndDispatchCreate() status = c0000034, file handle = 0x0000000000000000, eventID = -001, result = 0x5
Dokan Information: SendAndPullEventInformation() with NTSTATUS 0xc0000034, context 0x0, and result object 0x000002993467F160 with size 48
###Create file handle = 0x0000029932888610, eventID = 0074, event Info = 0x000002993288B0D0
[ZwCreateFile] \root.txt
Dokan Information: DokanEndDispatchCreate() status = c0000034, file handle = 0x0000000000000000, eventID = -001, result = 0x5
Dokan Information: SendAndPullEventInformation() with NTSTATUS 0xc0000034, context 0x0, and result object 0x000002993467F160 with size 48
###Create file handle = 0x0000029932888610, eventID = 0075, event Info = 0x000002993288B0D0
[ZwCreateFile] \root.txt
Dokan Information: DokanEndDispatchCreate() status = c0000034, file handle = 0x0000000000000000, eventID = -001, result = 0x5
Dokan Information: SendAndPullEventInformation() with NTSTATUS 0xc0000034, context 0x0, and result object 0x000002993467F160 with size 48
###Create file handle = 0x0000029932888610, eventID = 0076, event Info = 0x000002993288B0D0
[ZwCreateFile] \
Dokan Information: DokanEndDispatchCreate() status = 0, file handle = 0x0000029932888610, eventID = 0076, result = 0x1
Dokan Information: SendAndPullEventInformation() with NTSTATUS 0x0, context 0x32888610, and result object 0x000002993467F160 with size 48
###FindFiles file handle = 0x0000029932888610, eventID = 0076, event Info = 0x000002993288B0D0
WriteDirectoryResults() New directory index is -1.
  STATUS_NO_SUCH_FILE
Dokan Information: SendAndPullEventInformation() with NTSTATUS 0xc000000f, context 0x32888610, and result object 0x000002993467F160 with size 48
###Cleanup file handle = 0x0000029932888610, eventID = 0076, event Info = 0x000002993288B0D0
Dokan Information: SendAndPullEventInformation() with NTSTATUS 0x0, context 0x32888610, and result object 0x000002993467F160 with size 48
###Close file handle = 0x0000029932888610, eventID = 0076, event Info = 0x000002993288B0D0
[Close] \
###Create file handle = 0x0000029932888C90, eventID = 0077, event Info = 0x000002993288B610
[ZwCreateFile] \root.txt
[ZwCreate] root.txt des=0x12019f
Dokan Information: DokanEndDispatchCreate() status = 0, file handle = 0x0000029932888C90, eventID = 0077, result = 0x2
Dokan Information: SendAndPullEventInformation() with NTSTATUS 0x0, context 0x32888c90, and result object 0x000002993467F160 with size 48
###GetFileInfo file handle = 0x0000029932888C90, eventID = 0077, event Info = 0x000002993288B610
	result =  c0000034
	DispatchQueryInformation result =  c0000034
Dokan Information: SendAndPullEventInformation() with NTSTATUS 0xc000000d, context 0x32888c90, and result object 0x000002993467F160 with size 48
###GetFileInfo file handle = 0x0000029932888C90, eventID = 0077, event Info = 0x000002993288B610
	result =  c0000034
	DispatchQueryInformation result =  c0000034
Dokan Information: SendAndPullEventInformation() with NTSTATUS 0xc000000d, context 0x32888c90, and result object 0x000002993467F160 with size 48
###GetFileInfo file handle = 0x0000029932888C90, eventID = 0077, event Info = 0x000002993288B610
	result =  c0000034
	DispatchQueryInformation result =  c0000034
Dokan Information: SendAndPullEventInformation() with NTSTATUS 0xc000000d, context 0x32888c90, and result object 0x000002993467F160 with size 48
###GetFileInfo file handle = 0x0000029932888C90, eventID = 0077, event Info = 0x000002993288B610
	result =  c0000034
	DispatchQueryInformation result =  c0000034
Dokan Information: SendAndPullEventInformation() with NTSTATUS 0xc000000d, context 0x32888c90, and result object 0x000002993467F160 with size 48
###GetFileInfo file handle = 0x0000029932888C90, eventID = 0077, event Info = 0x000002993288B610
	result =  c0000034
	DispatchQueryInformation result =  c0000034
Dokan Information: SendAndPullEventInformation() with NTSTATUS 0xc000000d, context 0x32888c90, and result object 0x000002993467F160 with size 48
###Cleanup file handle = 0x0000029932888C90, eventID = 0077, event Info = 0x000002993288B610
Dokan Information: SendAndPullEventInformation() with NTSTATUS 0x0, context 0x32888c90, and result object 0x000002993467F160 with size 48
###Close file handle = 0x0000029932888C90, eventID = 0077, event Info = 0x000002993288B610
[Close] \root.txt
