Dokan: debug mode on
Dokan: use stderr
AllocationUnitSize: 512 SectorSize: 512
Global device opened
Dokan: Using 12 main pull threads with ipc batching: 0
###Create file handle = 0x0000028DA6C77C70, eventID = 0001, event Info = 0x0000028DA6C89B30
[ZwCreateFile] \System Volume Information\MountPointManagerRemoteDatabase disp=1 attrs=0x86 opts=0x60
Dokan Information: DokanEndDispatchCreate() status = c0000034, file handle = 0x0000000000000000, eventID = -001, result = 0x5
Dokan Information: SendAndPullEventInformation() with NTSTATUS 0xc0000034, context 0x0, and result object 0x0000028DA6D055B0 with size 48
###Create file handle = 0x0000028DA6C77C70, eventID = 0002, event Info = 0x0000028DA6C89B30
[ZwCreateFile] \$Extend\$Reparse:$R:$INDEX_ALLOCATION disp=1 attrs=0x0 opts=0x20
Dokan Information: DokanEndDispatchCreate() status = c0000034, file handle = 0x0000000000000000, eventID = -001, result = 0x5
Dokan Information: SendAndPullEventInformation() with NTSTATUS 0xc0000034, context 0x0, and result object 0x0000028DA6D055B0 with size 48
Dokan Information: mounted: Y: -> \Volume{d6cc17c5-176d-4085-bce7-964f1e9f5de9}
[Mounted]
###QueryVolumeInfo file handle = 0x0000000000000000, eventID = -001, event Info = 0x0000028DA6C89B30
[GetVolumeInformation]
Dokan Information: SendAndPullEventInformation() with NTSTATUS 0x0, context 0x0, and result object 0x0000028DA6D055B0 with size 64
###QueryVolumeInfo file handle = 0x0000000000000000, eventID = -001, event Info = 0x0000028DA6C89B30
[GetVolumeInformation]
Dokan Information: SendAndPullEventInformation() with NTSTATUS 0x80000005, context 0x0, and result object 0x0000028DA6D055B0 with size 56
###Create file handle = 0x0000028DA6C77C70, eventID = 0003, event Info = 0x0000028DA6C89B30
[ZwCreateFile] \ disp=1 attrs=0x0 opts=0x21
Dokan Information: DokanEndDispatchCreate() status = 0, file handle = 0x0000028DA6C77C70, eventID = 0003, result = 0x1
Dokan Information: SendAndPullEventInformation() with NTSTATUS 0x0, context 0xa6c77c70, and result object 0x0000028DA6D055B0 with size 48
###GetFileInfo file handle = 0x0000028DA6C77C70, eventID = 0003, event Info = 0x0000028DA6C89B30
	result =  0
  unknown type:54
	DispatchQueryInformation result =  c000000d
Dokan Information: SendAndPullEventInformation() with NTSTATUS 0xc000000d, context 0xa6c77c70, and result object 0x0000028DA6D055B0 with size 48
###GetFileInfo file handle = 0x0000028DA6C77C70, eventID = 0003, event Info = 0x0000028DA6C89B30
	result =  0
	FileStandardInformation
	DispatchQueryInformation result =  0
Dokan Information: SendAndPullEventInformation() with NTSTATUS 0x0, context 0xa6c77c70, and result object 0x0000028DA6D055B0 with size 64
###QueryVolumeInfo file handle = 0x0000028DA6C77C70, eventID = 0003, event Info = 0x0000028DA6C89B30
[GetVolumeInformation]
Dokan Information: SendAndPullEventInformation() with NTSTATUS 0x0, context 0xa6c77c70, and result object 0x0000028DA6D055B0 with size 74
###Cleanup file handle = 0x0000028DA6C77C70, eventID = 0003, event Info = 0x0000028DA6C89B30
Dokan Information: SendAndPullEventInformation() with NTSTATUS 0x0, context 0xa6c77c70, and result object 0x0000028DA6D055B0 with size 48
###Close file handle = 0x0000028DA6C77C70, eventID = 0003, event Info = 0x0000028DA6C89B30
[Close] \
###Create file handle = 0x0000028DA6C77C70, eventID = 0004, event Info = 0x0000028DA6C89B30
[ZwCreateFile] \ disp=1 attrs=0x0 opts=0x21
Dokan Information: DokanEndDispatchCreate() status = 0, file handle = 0x0000028DA6C77C70, eventID = 0004, result = 0x1
Dokan Information: SendAndPullEventInformation() with NTSTATUS 0x0, context 0xa6c77c70, and result object 0x0000028DA6D055B0 with size 48
###QueryVolumeInfo file handle = 0x0000028DA6C77C70, eventID = 0004, event Info = 0x0000028DA6C89B30
[GetVolumeInformation]
Dokan Information: SendAndPullEventInformation() with NTSTATUS 0x0, context 0xa6c77c70, and result object 0x0000028DA6D055B0 with size 74
###Cleanup file handle = 0x0000028DA6C77C70, eventID = 0004, event Info = 0x0000028DA6C89B30
Dokan Information: SendAndPullEventInformation() with NTSTATUS 0x0, context 0xa6c77c70, and result object 0x0000028DA6D055B0 with size 48
###Close file handle = 0x0000028DA6C77C70, eventID = 0004, event Info = 0x0000028DA6C89B30
[Close] \
###Create file handle = 0x0000028DA6C77C70, eventID = 0005, event Info = 0x0000028DA6C89A50
[ZwCreateFile] \ disp=1 attrs=0x0 opts=0x21
Dokan Information: DokanEndDispatchCreate() status = 0, file handle = 0x0000028DA6C77C70, eventID = 0005, result = 0x1
Dokan Information: SendAndPullEventInformation() with NTSTATUS 0x0, context 0xa6c77c70, and result object 0x0000028DA6D055B0 with size 48
###QueryVolumeInfo file handle = 0x0000028DA6C77C70, eventID = 0005, event Info = 0x0000028DA6C89A50
[GetVolumeInformation]
Dokan Information: SendAndPullEventInformation() with NTSTATUS 0x0, context 0xa6c77c70, and result object 0x0000028DA6D055B0 with size 74
###QueryVolumeInfo file handle = 0x0000028DA6C77C70, eventID = 0005, event Info = 0x0000028DA6C89A50
[GetVolumeInformation]
Dokan Information: SendAndPullEventInformation() with NTSTATUS 0x0, context 0xa6c77c70, and result object 0x0000028DA6D055B0 with size 68
###Cleanup file handle = 0x0000028DA6C77C70, eventID = 0005, event Info = 0x0000028DA6C89A50
Dokan Information: SendAndPullEventInformation() with NTSTATUS 0x0, context 0xa6c77c70, and result object 0x0000028DA6D055B0 with size 48
###Close file handle = 0x0000028DA6C77C70, eventID = 0005, event Info = 0x0000028DA6C89A50
[Close] \
###Create file handle = 0x0000028DA6C77F70, eventID = 0006, event Info = 0x0000028DA6C89900
[ZwCreateFile] \ disp=1 attrs=0x0 opts=0x800021
Dokan Information: DokanEndDispatchCreate() status = 0, file handle = 0x0000028DA6C77F70, eventID = 0006, result = 0x1
Dokan Information: SendAndPullEventInformation() with NTSTATUS 0x0, context 0xa6c77f70, and result object 0x0000028DA6D055B0 with size 48
###QueryVolumeInfo file handle = 0x0000028DA6C77F70, eventID = 0006, event Info = 0x0000028DA6C89900
Dokan Information: SendAndPullEventInformation() with NTSTATUS 0x0, context 0xa6c77f70, and result object 0x0000028DA6D055B0 with size 64
###Cleanup file handle = 0x0000028DA6C77F70, eventID = 0006, event Info = 0x0000028DA6C89900
Dokan Information: SendAndPullEventInformation() with NTSTATUS 0x0, context 0xa6c77f70, and result object 0x0000028DA6D055B0 with size 48
###Close file handle = 0x0000028DA6C77F70, eventID = 0006, event Info = 0x0000028DA6C89900
[Close] \
###Create file handle = 0x0000028DA6C77C70, eventID = 0007, event Info = 0x0000028DA6C89A50
[ZwCreateFile] \ disp=1 attrs=0x0 opts=0x200020
Dokan Information: DokanEndDispatchCreate() status = 0, file handle = 0x0000028DA6C77C70, eventID = 0007, result = 0x1
Dokan Information: SendAndPullEventInformation() with NTSTATUS 0x0, context 0xa6c77c70, and result object 0x0000028DA6D055B0 with size 48
###Cleanup file handle = 0x0000028DA6C77C70, eventID = 0007, event Info = 0x0000028DA6C89A50
Dokan Information: SendAndPullEventInformation() with NTSTATUS 0x0, context 0xa6c77c70, and result object 0x0000028DA6D055B0 with size 48
###Close file handle = 0x0000028DA6C77C70, eventID = 0007, event Info = 0x0000028DA6C89A50
[Close] \
###Create file handle = 0x0000028DA6C77C70, eventID = 0008, event Info = 0x0000028DA6C89A50
[ZwCreateFile] \ disp=1 attrs=0x80 opts=0x200020
Dokan Information: DokanEndDispatchCreate() status = 0, file handle = 0x0000028DA6C77C70, eventID = 0008, result = 0x1
Dokan Information: SendAndPullEventInformation() with NTSTATUS 0x0, context 0xa6c77c70, and result object 0x0000028DA6D055B0 with size 48
###QueryVolumeInfo file handle = 0x0000028DA6C77C70, eventID = 0008, event Info = 0x0000028DA6C89A50
[GetVolumeInformation]
Dokan Information: SendAndPullEventInformation() with NTSTATUS 0x0, context 0xa6c77c70, and result object 0x0000028DA6D055B0 with size 64
###GetFileInfo file handle = 0x0000028DA6C77C70, eventID = 0008, event Info = 0x0000028DA6C89A50
	result =  0
	FileAllInformation
	DispatchQueryInformation result =  0
Dokan Information: SendAndPullEventInformation() with NTSTATUS 0x0, context 0xa6c77c70, and result object 0x0000028DA6D055B0 with size 140
###Cleanup file handle = 0x0000028DA6C77C70, eventID = 0008, event Info = 0x0000028DA6C89A50
Dokan Information: SendAndPullEventInformation() with NTSTATUS 0x0, context 0xa6c77c70, and result object 0x0000028DA6D055B0 with size 48
###Close file handle = 0x0000028DA6C77C70, eventID = 0008, event Info = 0x0000028DA6C89A50
[Close] \
###Create file handle = 0x0000028DA6C77F70, eventID = 0009, event Info = 0x0000028DA6C89900
[ZwCreateFile] \ disp=1 attrs=0x80 opts=0x200020
Dokan Information: DokanEndDispatchCreate() status = 0, file handle = 0x0000028DA6C77F70, eventID = 0009, result = 0x1
Dokan Information: SendAndPullEventInformation() with NTSTATUS 0x0, context 0xa6c77f70, and result object 0x0000028DA6D055B0 with size 48
###QueryVolumeInfo file handle = 0x0000028DA6C77F70, eventID = 0009, event Info = 0x0000028DA6C89900
[GetVolumeInformation]
Dokan Information: SendAndPullEventInformation() with NTSTATUS 0x0, context 0xa6c77f70, and result object 0x0000028DA6D055B0 with size 64
###GetFileInfo file handle = 0x0000028DA6C77F70, eventID = 0009, event Info = 0x0000028DA6C89900
	result =  0
	FileAllInformation
	DispatchQueryInformation result =  0
Dokan Information: SendAndPullEventInformation() with NTSTATUS 0x0, context 0xa6c77f70, and result object 0x0000028DA6D055B0 with size 140
###Cleanup file handle = 0x0000028DA6C77F70, eventID = 0009, event Info = 0x0000028DA6C89900
Dokan Information: SendAndPullEventInformation() with NTSTATUS 0x0, context 0xa6c77f70, and result object 0x0000028DA6D055B0 with size 48
###Close file handle = 0x0000028DA6C77F70, eventID = 0009, event Info = 0x0000028DA6C89900
[Close] \
###Create file handle = 0x0000028DA6C77C70, eventID = 0010, event Info = 0x0000028DA6C89A50
[ZwCreateFile] \ disp=1 attrs=0x80 opts=0x200020
Dokan Information: DokanEndDispatchCreate() status = 0, file handle = 0x0000028DA6C77C70, eventID = 0010, result = 0x1
Dokan Information: SendAndPullEventInformation() with NTSTATUS 0x0, context 0xa6c77c70, and result object 0x0000028DA6D055B0 with size 48
###QueryVolumeInfo file handle = 0x0000028DA6C77C70, eventID = 0010, event Info = 0x0000028DA6C89A50
[GetVolumeInformation]
Dokan Information: SendAndPullEventInformation() with NTSTATUS 0x0, context 0xa6c77c70, and result object 0x0000028DA6D055B0 with size 64
###GetFileInfo file handle = 0x0000028DA6C77C70, eventID = 0010, event Info = 0x0000028DA6C89A50
	result =  0
	FileAllInformation
	DispatchQueryInformation result =  0
Dokan Information: SendAndPullEventInformation() with NTSTATUS 0x0, context 0xa6c77c70, and result object 0x0000028DA6D055B0 with size 140
###Create file handle = 0x0000028DA6C77F70, eventID = 0011, event Info = 0x0000028DA6C89900
[ZwCreateFile] \ disp=1 attrs=0x0 opts=0x21
###Cleanup file handle = 0x0000028DA6C77C70, eventID = 0010, event Info = 0x0000028DA6C89A50
Dokan Information: SendAndPullEventInformation() with NTSTATUS 0x0, context 0xa6c77c70, and result object 0x0000028DA6D055B0 with size 48
Dokan Information: DokanEndDispatchCreate() status = 0, file handle = 0x0000028DA6C77F70, eventID = 0011, result = 0x1
###Close file handle = 0x0000028DA6C77C70, eventID = 0010, event Info = 0x0000028DA6C89A50
[Close] \
###Create file handle = 0x0000028DA6C786F0, eventID = 0012, event Info = 0x0000028DA6C89C80
[ZwCreateFile] \ disp=1 attrs=0x80 opts=0x200020
Dokan Information: SendAndPullEventInformation() with NTSTATUS 0x0, context 0xa6c77f70, and result object 0x0000028DA8BA22F0 with size 48
Dokan Information: DokanEndDispatchCreate() status = 0, file handle = 0x0000028DA6C786F0, eventID = 0012, result = 0x1
###QueryVolumeInfo file handle = 0x0000028DA6C77F70, eventID = 0011, event Info = 0x0000028DA6C89900
[GetVolumeInformation]
Dokan Information: SendAndPullEventInformation() with NTSTATUS 0x0, context 0xa6c786f0, and result object 0x0000028DA6D055B0 with size 48
Dokan Information: SendAndPullEventInformation() with NTSTATUS 0x0, context 0xa6c77f70, and result object 0x0000028DA8BA22F0 with size 74
###QueryVolumeInfo file handle = 0x0000028DA6C786F0, eventID = 0012, event Info = 0x0000028DA6C89C80
[GetVolumeInformation]
###QueryVolumeInfo file handle = 0x0000028DA6C77F70, eventID = 0011, event Info = 0x0000028DA6C89900
[GetVolumeInformation]
Dokan Information: SendAndPullEventInformation() with NTSTATUS 0x0, context 0xa6c786f0, and result object 0x0000028DA6D055B0 with size 64
Dokan Information: SendAndPullEventInformation() with NTSTATUS 0x0, context 0xa6c77f70, and result object 0x0000028DA8BA22F0 with size 68
###GetFileInfo file handle = 0x0000028DA6C786F0, eventID = 0012, event Info = 0x0000028DA6C89C80
	result =  0
	FileAllInformation
	DispatchQueryInformation result =  0
###Cleanup file handle = 0x0000028DA6C77F70, eventID = 0011, event Info = 0x0000028DA6C89900
Dokan Information: SendAndPullEventInformation() with NTSTATUS 0x0, context 0xa6c786f0, and result object 0x0000028DA6D055B0 with size 140
Dokan Information: SendAndPullEventInformation() with NTSTATUS 0x0, context 0xa6c77f70, and result object 0x0000028DA8BA22F0 with size 48
###Cleanup file handle = 0x0000028DA6C786F0, eventID = 0012, event Info = 0x0000028DA6C89C80
###Close file handle = 0x0000028DA6C77F70, eventID = 0011, event Info = 0x0000028DA6C89900
Dokan Information: SendAndPullEventInformation() with NTSTATUS 0x0, context 0xa6c786f0, and result object 0x0000028DA6D055B0 with size 48
[Close] \
###Close file handle = 0x0000028DA6C786F0, eventID = 0012, event Info = 0x0000028DA6C89C80
[Close] \
###Create file handle = 0x0000028DA6C77F70, eventID = 0013, event Info = 0x0000028DA6C89A50
[ZwCreateFile] \ disp=1 attrs=0x80 opts=0x200020
Dokan Information: DokanEndDispatchCreate() status = 0, file handle = 0x0000028DA6C77F70, eventID = 0013, result = 0x1
Dokan Information: SendAndPullEventInformation() with NTSTATUS 0x0, context 0xa6c77f70, and result object 0x0000028DA6D055B0 with size 48
###QueryVolumeInfo file handle = 0x0000028DA6C77F70, eventID = 0013, event Info = 0x0000028DA6C89A50
[GetVolumeInformation]
###Create file handle = 0x0000028DA6C786F0, eventID = 0014, event Info = 0x0000028DA6C89C80
[ZwCreateFile] \ disp=1 attrs=0x0 opts=0x200000
Dokan Information: SendAndPullEventInformation() with NTSTATUS 0x0, context 0xa6c77f70, and result object 0x0000028DA6D055B0 with size 64
Dokan Information: DokanEndDispatchCreate() status = 0, file handle = 0x0000028DA6C786F0, eventID = 0014, result = 0x1
###GetFileInfo file handle = 0x0000028DA6C77F70, eventID = 0013, event Info = 0x0000028DA6C89A50
	result =  0
Dokan Information: SendAndPullEventInformation() with NTSTATUS 0x0, context 0xa6c786f0, and result object 0x0000028DA8BA22F0 with size 48
	FileAllInformation
	DispatchQueryInformation result =  0
###GetFileInfo file handle = 0x0000028DA6C786F0, eventID = 0014, event Info = 0x0000028DA6C89C80
	result =  0
	FileBasicInformation
	DispatchQueryInformation result =  0
Dokan Information: SendAndPullEventInformation() with NTSTATUS 0x0, context 0xa6c77f70, and result object 0x0000028DA6D055B0 with size 140
Dokan Information: SendAndPullEventInformation() with NTSTATUS 0x0, context 0xa6c786f0, and result object 0x0000028DA8BA22F0 with size 80
###Cleanup file handle = 0x0000028DA6C77F70, eventID = 0013, event Info = 0x0000028DA6C89A50
###Cleanup file handle = 0x0000028DA6C786F0, eventID = 0014, event Info = 0x0000028DA6C89C80
Dokan Information: SendAndPullEventInformation() with NTSTATUS 0x0, context 0xa6c77f70, and result object 0x0000028DA6D055B0 with size 48
Dokan Information: SendAndPullEventInformation() with NTSTATUS 0x0, context 0xa6c786f0, and result object 0x0000028DA8BA22F0 with size 48
###Create file handle = 0x0000028DA6C77C70, eventID = 0015, event Info = 0x0000028DA6C89900
[ZwCreateFile] \ disp=1 attrs=0x80 opts=0x200020
###Close file handle = 0x0000028DA6C77F70, eventID = 0013, event Info = 0x0000028DA6C89A50
[Close] \
###Close file handle = 0x0000028DA6C786F0, eventID = 0014, event Info = 0x0000028DA6C89C80
[Close] \
Dokan Information: DokanEndDispatchCreate() status = 0, file handle = 0x0000028DA6C77C70, eventID = 0015, result = 0x1
###Create file handle = 0x0000028DA6C77FF0, eventID = 0016, event Info = 0x0000028DA6C899E0
[ZwCreateFile] \ disp=1 attrs=0x0 opts=0x21
Dokan Information: SendAndPullEventInformation() with NTSTATUS 0x0, context 0xa6c77c70, and result object 0x0000028DA6D055B0 with size 48
Dokan Information: DokanEndDispatchCreate() status = 0, file handle = 0x0000028DA6C77FF0, eventID = 0016, result = 0x1
###QueryVolumeInfo file handle = 0x0000028DA6C77C70, eventID = 0015, event Info = 0x0000028DA6C89900
[GetVolumeInformation]
Dokan Information: SendAndPullEventInformation() with NTSTATUS 0x0, context 0xa6c77ff0, and result object 0x0000028DA8BA22F0 with size 48
Dokan Information: SendAndPullEventInformation() with NTSTATUS 0x0, context 0xa6c77c70, and result object 0x0000028DA6D055B0 with size 64
###QueryVolumeInfo file handle = 0x0000028DA6C77FF0, eventID = 0016, event Info = 0x0000028DA6C899E0
###GetFileInfo file handle = 0x0000028DA6C77C70, eventID = 0015, event Info = 0x0000028DA6C89900
[GetVolumeInformation]
	result =  0
	FileAllInformation
	DispatchQueryInformation result =  0
Dokan Information: SendAndPullEventInformation() with NTSTATUS 0x0, context 0xa6c77ff0, and result object 0x0000028DA8BA22F0 with size 74
Dokan Information: SendAndPullEventInformation() with NTSTATUS 0x0, context 0xa6c77c70, and result object 0x0000028DA6D055B0 with size 140
###QueryVolumeInfo file handle = 0x0000028DA6C77FF0, eventID = 0016, event Info = 0x0000028DA6C899E0
[GetVolumeInformation]
###Cleanup file handle = 0x0000028DA6C77C70, eventID = 0015, event Info = 0x0000028DA6C89900
Dokan Information: SendAndPullEventInformation() with NTSTATUS 0x0, context 0xa6c77ff0, and result object 0x0000028DA8BA22F0 with size 68
Dokan Information: SendAndPullEventInformation() with NTSTATUS 0x0, context 0xa6c77c70, and result object 0x0000028DA6D055B0 with size 48
###Cleanup file handle = 0x0000028DA6C77FF0, eventID = 0016, event Info = 0x0000028DA6C899E0
###Create file handle = 0x0000028DA6C786F0, eventID = 0017, event Info = 0x0000028DA6C89C80
[ZwCreateFile] \ disp=1 attrs=0x80 opts=0x200020
###Close file handle = 0x0000028DA6C77C70, eventID = 0015, event Info = 0x0000028DA6C89900
[Close] \
Dokan Information: SendAndPullEventInformation() with NTSTATUS 0x0, context 0xa6c77ff0, and result object 0x0000028DA8BA22F0 with size 48
Dokan Information: DokanEndDispatchCreate() status = 0, file handle = 0x0000028DA6C786F0, eventID = 0017, result = 0x1
Dokan Information: SendAndPullEventInformation() with NTSTATUS 0x0, context 0xa6c786f0, and result object 0x0000028DA6D055B0 with size 48
###Create file handle = 0x0000028DA6C77C70, eventID = 0018, event Info = 0x0000028DA6C89900
[ZwCreateFile] \ disp=1 attrs=0x0 opts=0x800021
###Close file handle = 0x0000028DA6C77FF0, eventID = 0016, event Info = 0x0000028DA6C899E0
[Close] \
###QueryVolumeInfo file handle = 0x0000028DA6C786F0, eventID = 0017, event Info = 0x0000028DA6C89C80
[GetVolumeInformation]
Dokan Information: DokanEndDispatchCreate() status = 0, file handle = 0x0000028DA6C77C70, eventID = 0018, result = 0x1
Dokan Information: SendAndPullEventInformation() with NTSTATUS 0x0, context 0xa6c786f0, and result object 0x0000028DA6D055B0 with size 64
Dokan Information: SendAndPullEventInformation() with NTSTATUS 0x0, context 0xa6c77c70, and result object 0x0000028DA8BA22F0 with size 48
###GetFileInfo file handle = 0x0000028DA6C786F0, eventID = 0017, event Info = 0x0000028DA6C89C80
	result =  0
###QueryVolumeInfo file handle = 0x0000028DA6C77C70, eventID = 0018, event Info = 0x0000028DA6C89900
	FileAllInformation
	DispatchQueryInformation result =  0
Dokan Information: SendAndPullEventInformation() with NTSTATUS 0x0, context 0xa6c77c70, and result object 0x0000028DA8BA22F0 with size 64
Dokan Information: SendAndPullEventInformation() with NTSTATUS 0x0, context 0xa6c786f0, and result object 0x0000028DA6D055B0 with size 140
###Cleanup file handle = 0x0000028DA6C77C70, eventID = 0018, event Info = 0x0000028DA6C89900
###Cleanup file handle = 0x0000028DA6C786F0, eventID = 0017, event Info = 0x0000028DA6C89C80
Dokan Information: SendAndPullEventInformation() with NTSTATUS 0x0, context 0xa6c77c70, and result object 0x0000028DA8BA22F0 with size 48
Dokan Information: SendAndPullEventInformation() with NTSTATUS 0x0, context 0xa6c786f0, and result object 0x0000028DA6D055B0 with size 48
###Close file handle = 0x0000028DA6C77C70, eventID = 0018, event Info = 0x0000028DA6C89900
###Create file handle = 0x0000028DA6C77FF0, eventID = 0019, event Info = 0x0000028DA6C899E0
[Close] \
###Close file handle = 0x0000028DA6C786F0, eventID = 0017, event Info = 0x0000028DA6C89C80
[ZwCreateFile] \ disp=1 attrs=0x0 opts=0x200000
###Create file handle = 0x0000028DA6C77F70, eventID = 0020, event Info = 0x0000028DA6C89A50
[Close] \
Dokan Information: DokanEndDispatchCreate() status = 0, file handle = 0x0000028DA6C77FF0, eventID = 0019, result = 0x1
Dokan Information: SendAndPullEventInformation() with NTSTATUS 0x0, context 0xa6c77ff0, and result object 0x0000028DA8BA22F0 with size 48
[ZwCreateFile] \ disp=1 attrs=0x80 opts=0x200020
###GetFileInfo file handle = 0x0000028DA6C77FF0, eventID = 0019, event Info = 0x0000028DA6C899E0
	result =  0
	FileBasicInformation
	DispatchQueryInformation result =  0
Dokan Information: DokanEndDispatchCreate() status = 0, file handle = 0x0000028DA6C77F70, eventID = 0020, result = 0x1
Dokan Information: SendAndPullEventInformation() with NTSTATUS 0x0, context 0xa6c77ff0, and result object 0x0000028DA8BA22F0 with size 80
Dokan Information: SendAndPullEventInformation() with NTSTATUS 0x0, context 0xa6c77f70, and result object 0x0000028DA6D055B0 with size 48
###Cleanup file handle = 0x0000028DA6C77FF0, eventID = 0019, event Info = 0x0000028DA6C899E0
###QueryVolumeInfo file handle = 0x0000028DA6C77F70, eventID = 0020, event Info = 0x0000028DA6C89A50
[GetVolumeInformation]
Dokan Information: SendAndPullEventInformation() with NTSTATUS 0x0, context 0xa6c77ff0, and result object 0x0000028DA8BA22F0 with size 48
Dokan Information: SendAndPullEventInformation() with NTSTATUS 0x0, context 0xa6c77f70, and result object 0x0000028DA6D055B0 with size 64
###Close file handle = 0x0000028DA6C77FF0, eventID = 0019, event Info = 0x0000028DA6C899E0
[Close] \
###GetFileInfo file handle = 0x0000028DA6C77F70, eventID = 0020, event Info = 0x0000028DA6C89A50
	result =  0
	FileAllInformation
###Create file handle = 0x0000028DA6C77FF0, eventID = 0021, event Info = 0x0000028DA6C899E0
[ZwCreateFile] \ disp=1 attrs=0x0 opts=0x200000
	DispatchQueryInformation result =  0
Dokan Information: SendAndPullEventInformation() with NTSTATUS 0x0, context 0xa6c77f70, and result object 0x0000028DA6D055B0 with size 140
Dokan Information: DokanEndDispatchCreate() status = 0, file handle = 0x0000028DA6C77FF0, eventID = 0021, result = 0x1
###Cleanup file handle = 0x0000028DA6C77F70, eventID = 0020, event Info = 0x0000028DA6C89A50
Dokan Information: SendAndPullEventInformation() with NTSTATUS 0x0, context 0xa6c77ff0, and result object 0x0000028DA8BA22F0 with size 48
Dokan Information: SendAndPullEventInformation() with NTSTATUS 0x0, context 0xa6c77f70, and result object 0x0000028DA6D055B0 with size 48
###GetFileInfo file handle = 0x0000028DA6C77FF0, eventID = 0021, event Info = 0x0000028DA6C899E0
	result =  0
	FileBasicInformation
	DispatchQueryInformation result =  0
###Create file handle = 0x0000028DA6C786F0, eventID = 0022, event Info = 0x0000028DA6C89C80
[ZwCreateFile] \ disp=1 attrs=0x80 opts=0x200020
###Close file handle = 0x0000028DA6C77F70, eventID = 0020, event Info = 0x0000028DA6C89A50
Dokan Information: SendAndPullEventInformation() with NTSTATUS 0x0, context 0xa6c77ff0, and result object 0x0000028DA8BA22F0 with size 80
[Close] \
Dokan Information: DokanEndDispatchCreate() status = 0, file handle = 0x0000028DA6C786F0, eventID = 0022, result = 0x1
###Cleanup file handle = 0x0000028DA6C77FF0, eventID = 0021, event Info = 0x0000028DA6C899E0
Dokan Information: SendAndPullEventInformation() with NTSTATUS 0x0, context 0xa6c786f0, and result object 0x0000028DA6D055B0 with size 48
Dokan Information: SendAndPullEventInformation() with NTSTATUS 0x0, context 0xa6c77ff0, and result object 0x0000028DA8BA22F0 with size 48
###QueryVolumeInfo file handle = 0x0000028DA6C786F0, eventID = 0022, event Info = 0x0000028DA6C89C80
[GetVolumeInformation]
###Close file handle = 0x0000028DA6C77FF0, eventID = 0021, event Info = 0x0000028DA6C899E0
[Close] \
Dokan Information: SendAndPullEventInformation() with NTSTATUS 0x0, context 0xa6c786f0, and result object 0x0000028DA6D055B0 with size 64
###GetFileInfo file handle = 0x0000028DA6C786F0, eventID = 0022, event Info = 0x0000028DA6C89C80
	result =  0
	FileAllInformation
	DispatchQueryInformation result =  0
Dokan Information: SendAndPullEventInformation() with NTSTATUS 0x0, context 0xa6c786f0, and result object 0x0000028DA6D055B0 with size 140
###Cleanup file handle = 0x0000028DA6C786F0, eventID = 0022, event Info = 0x0000028DA6C89C80
Dokan Information: SendAndPullEventInformation() with NTSTATUS 0x0, context 0xa6c786f0, and result object 0x0000028DA6D055B0 with size 48
###Close file handle = 0x0000028DA6C786F0, eventID = 0022, event Info = 0x0000028DA6C89C80
[Close] \
###Create file handle = 0x0000028DA6C77FF0, eventID = 0023, event Info = 0x0000028DA6C899E0
[ZwCreateFile] \ disp=1 attrs=0x80 opts=0x200020
Dokan Information: DokanEndDispatchCreate() status = 0, file handle = 0x0000028DA6C77FF0, eventID = 0023, result = 0x1
Dokan Information: SendAndPullEventInformation() with NTSTATUS 0x0, context 0xa6c77ff0, and result object 0x0000028DA6D055B0 with size 48
###QueryVolumeInfo file handle = 0x0000028DA6C77FF0, eventID = 0023, event Info = 0x0000028DA6C899E0
[GetVolumeInformation]
Dokan Information: SendAndPullEventInformation() with NTSTATUS 0x0, context 0xa6c77ff0, and result object 0x0000028DA6D055B0 with size 64
###GetFileInfo file handle = 0x0000028DA6C77FF0, eventID = 0023, event Info = 0x0000028DA6C899E0
	result =  0
	FileAllInformation
	DispatchQueryInformation result =  0
Dokan Information: SendAndPullEventInformation() with NTSTATUS 0x0, context 0xa6c77ff0, and result object 0x0000028DA6D055B0 with size 140
###Cleanup file handle = 0x0000028DA6C77FF0, eventID = 0023, event Info = 0x0000028DA6C899E0
Dokan Information: SendAndPullEventInformation() with NTSTATUS 0x0, context 0xa6c77ff0, and result object 0x0000028DA6D055B0 with size 48
###Close file handle = 0x0000028DA6C77FF0, eventID = 0023, event Info = 0x0000028DA6C899E0
[Close] \
###Create file handle = 0x0000028DA6C786F0, eventID = 0024, event Info = 0x0000028DA6C89C80
[ZwCreateFile] \ disp=1 attrs=0x80 opts=0x200020
Dokan Information: DokanEndDispatchCreate() status = 0, file handle = 0x0000028DA6C786F0, eventID = 0024, result = 0x1
Dokan Information: SendAndPullEventInformation() with NTSTATUS 0x0, context 0xa6c786f0, and result object 0x0000028DA6D055B0 with size 48
###QueryVolumeInfo file handle = 0x0000028DA6C786F0, eventID = 0024, event Info = 0x0000028DA6C89C80
[GetVolumeInformation]
Dokan Information: SendAndPullEventInformation() with NTSTATUS 0x0, context 0xa6c786f0, and result object 0x0000028DA6D055B0 with size 64
###GetFileInfo file handle = 0x0000028DA6C786F0, eventID = 0024, event Info = 0x0000028DA6C89C80
	result =  0
	FileAllInformation
	DispatchQueryInformation result =  0
Dokan Information: SendAndPullEventInformation() with NTSTATUS 0x0, context 0xa6c786f0, and result object 0x0000028DA6D055B0 with size 140
###Cleanup file handle = 0x0000028DA6C786F0, eventID = 0024, event Info = 0x0000028DA6C89C80
Dokan Information: SendAndPullEventInformation() with NTSTATUS 0x0, context 0xa6c786f0, and result object 0x0000028DA6D055B0 with size 48
###Close file handle = 0x0000028DA6C786F0, eventID = 0024, event Info = 0x0000028DA6C89C80
###Create file handle = 0x0000028DA6C77FF0, eventID = 0025, event Info = 0x0000028DA6C899E0
[Close] \
[ZwCreateFile] \ disp=1 attrs=0x80 opts=0x200020
Dokan Information: DokanEndDispatchCreate() status = 0, file handle = 0x0000028DA6C77FF0, eventID = 0025, result = 0x1
Dokan Information: SendAndPullEventInformation() with NTSTATUS 0x0, context 0xa6c77ff0, and result object 0x0000028DA6D055B0 with size 48
###QueryVolumeInfo file handle = 0x0000028DA6C77FF0, eventID = 0025, event Info = 0x0000028DA6C899E0
[GetVolumeInformation]
Dokan Information: SendAndPullEventInformation() with NTSTATUS 0x0, context 0xa6c77ff0, and result object 0x0000028DA6D055B0 with size 64
###GetFileInfo file handle = 0x0000028DA6C77FF0, eventID = 0025, event Info = 0x0000028DA6C899E0
	result =  0
	FileAllInformation
	DispatchQueryInformation result =  0
Dokan Information: SendAndPullEventInformation() with NTSTATUS 0x0, context 0xa6c77ff0, and result object 0x0000028DA6D055B0 with size 140
###Cleanup file handle = 0x0000028DA6C77FF0, eventID = 0025, event Info = 0x0000028DA6C899E0
Dokan Information: SendAndPullEventInformation() with NTSTATUS 0x0, context 0xa6c77ff0, and result object 0x0000028DA6D055B0 with size 48
###Close file handle = 0x0000028DA6C77FF0, eventID = 0025, event Info = 0x0000028DA6C899E0
[Close] \
###Create file handle = 0x0000028DA6C77FF0, eventID = 0026, event Info = 0x0000028DA6C89C80
[ZwCreateFile] \ disp=1 attrs=0x80 opts=0x200020
Dokan Information: DokanEndDispatchCreate() status = 0, file handle = 0x0000028DA6C77FF0, eventID = 0026, result = 0x1
Dokan Information: SendAndPullEventInformation() with NTSTATUS 0x0, context 0xa6c77ff0, and result object 0x0000028DA6D055B0 with size 48
###QueryVolumeInfo file handle = 0x0000028DA6C77FF0, eventID = 0026, event Info = 0x0000028DA6C89C80
[GetVolumeInformation]
Dokan Information: SendAndPullEventInformation() with NTSTATUS 0x0, context 0xa6c77ff0, and result object 0x0000028DA6D055B0 with size 64
###GetFileInfo file handle = 0x0000028DA6C77FF0, eventID = 0026, event Info = 0x0000028DA6C89C80
	result =  0
	FileAllInformation
	DispatchQueryInformation result =  0
Dokan Information: SendAndPullEventInformation() with NTSTATUS 0x0, context 0xa6c77ff0, and result object 0x0000028DA6D055B0 with size 140
###Cleanup file handle = 0x0000028DA6C77FF0, eventID = 0026, event Info = 0x0000028DA6C89C80
Dokan Information: SendAndPullEventInformation() with NTSTATUS 0x0, context 0xa6c77ff0, and result object 0x0000028DA6D055B0 with size 48
###Close file handle = 0x0000028DA6C77FF0, eventID = 0026, event Info = 0x0000028DA6C89C80
[Close] \
###Create file handle = 0x0000028DA6C77FF0, eventID = 0027, event Info = 0x0000028DA6C899E0
[ZwCreateFile] \ disp=1 attrs=0x80 opts=0x200020
Dokan Information: DokanEndDispatchCreate() status = 0, file handle = 0x0000028DA6C77FF0, eventID = 0027, result = 0x1
Dokan Information: SendAndPullEventInformation() with NTSTATUS 0x0, context 0xa6c77ff0, and result object 0x0000028DA6D055B0 with size 48
###QueryVolumeInfo file handle = 0x0000028DA6C77FF0, eventID = 0027, event Info = 0x0000028DA6C899E0
[GetVolumeInformation]
Dokan Information: SendAndPullEventInformation() with NTSTATUS 0x0, context 0xa6c77ff0, and result object 0x0000028DA6D055B0 with size 64
###GetFileInfo file handle = 0x0000028DA6C77FF0, eventID = 0027, event Info = 0x0000028DA6C899E0
	result =  0
	FileAllInformation
	DispatchQueryInformation result =  0
Dokan Information: SendAndPullEventInformation() with NTSTATUS 0x0, context 0xa6c77ff0, and result object 0x0000028DA6D055B0 with size 140
###Cleanup file handle = 0x0000028DA6C77FF0, eventID = 0027, event Info = 0x0000028DA6C899E0
Dokan Information: SendAndPullEventInformation() with NTSTATUS 0x0, context 0xa6c77ff0, and result object 0x0000028DA6D055B0 with size 48
###Close file handle = 0x0000028DA6C77FF0, eventID = 0027, event Info = 0x0000028DA6C899E0
###Create file handle = 0x0000028DA6C786F0, eventID = 0028, event Info = 0x0000028DA6C89C80
[Close] \
[ZwCreateFile] \ disp=1 attrs=0x80 opts=0x200020
Dokan Information: DokanEndDispatchCreate() status = 0, file handle = 0x0000028DA6C786F0, eventID = 0028, result = 0x1
Dokan Information: SendAndPullEventInformation() with NTSTATUS 0x0, context 0xa6c786f0, and result object 0x0000028DA6D055B0 with size 48
###QueryVolumeInfo file handle = 0x0000028DA6C786F0, eventID = 0028, event Info = 0x0000028DA6C89C80
[GetVolumeInformation]
Dokan Information: SendAndPullEventInformation() with NTSTATUS 0x0, context 0xa6c786f0, and result object 0x0000028DA6D055B0 with size 64
###GetFileInfo file handle = 0x0000028DA6C786F0, eventID = 0028, event Info = 0x0000028DA6C89C80
	result =  0
	FileAllInformation
	DispatchQueryInformation result =  0
Dokan Information: SendAndPullEventInformation() with NTSTATUS 0x0, context 0xa6c786f0, and result object 0x0000028DA6D055B0 with size 140
###Cleanup file handle = 0x0000028DA6C786F0, eventID = 0028, event Info = 0x0000028DA6C89C80
Dokan Information: SendAndPullEventInformation() with NTSTATUS 0x0, context 0xa6c786f0, and result object 0x0000028DA6D055B0 with size 48
###Close file handle = 0x0000028DA6C786F0, eventID = 0028, event Info = 0x0000028DA6C89C80
[Close] \
###Create file handle = 0x0000028DA6C77FF0, eventID = 0029, event Info = 0x0000028DA6C899E0
[ZwCreateFile] \ disp=1 attrs=0x80 opts=0x200020
Dokan Information: DokanEndDispatchCreate() status = 0, file handle = 0x0000028DA6C77FF0, eventID = 0029, result = 0x1
Dokan Information: SendAndPullEventInformation() with NTSTATUS 0x0, context 0xa6c77ff0, and result object 0x0000028DA6D055B0 with size 48
###QueryVolumeInfo file handle = 0x0000028DA6C77FF0, eventID = 0029, event Info = 0x0000028DA6C899E0
[GetVolumeInformation]
Dokan Information: SendAndPullEventInformation() with NTSTATUS 0x0, context 0xa6c77ff0, and result object 0x0000028DA6D055B0 with size 64
###GetFileInfo file handle = 0x0000028DA6C77FF0, eventID = 0029, event Info = 0x0000028DA6C899E0
	result =  0
	FileAllInformation
	DispatchQueryInformation result =  0
Dokan Information: SendAndPullEventInformation() with NTSTATUS 0x0, context 0xa6c77ff0, and result object 0x0000028DA6D055B0 with size 140
###Cleanup file handle = 0x0000028DA6C77FF0, eventID = 0029, event Info = 0x0000028DA6C899E0
Dokan Information: SendAndPullEventInformation() with NTSTATUS 0x0, context 0xa6c77ff0, and result object 0x0000028DA6D055B0 with size 48
###Close file handle = 0x0000028DA6C77FF0, eventID = 0029, event Info = 0x0000028DA6C899E0
[Close] \
###Create file handle = 0x0000028DA6C77FF0, eventID = 0030, event Info = 0x0000028DA6C89C80
[ZwCreateFile] \ disp=1 attrs=0x80 opts=0x200020
Dokan Information: DokanEndDispatchCreate() status = 0, file handle = 0x0000028DA6C77FF0, eventID = 0030, result = 0x1
Dokan Information: SendAndPullEventInformation() with NTSTATUS 0x0, context 0xa6c77ff0, and result object 0x0000028DA6D055B0 with size 48
###QueryVolumeInfo file handle = 0x0000028DA6C77FF0, eventID = 0030, event Info = 0x0000028DA6C89C80
[GetVolumeInformation]
Dokan Information: SendAndPullEventInformation() with NTSTATUS 0x0, context 0xa6c77ff0, and result object 0x0000028DA6D055B0 with size 64
###GetFileInfo file handle = 0x0000028DA6C77FF0, eventID = 0030, event Info = 0x0000028DA6C89C80
	result =  0
	FileAllInformation
	DispatchQueryInformation result =  0
Dokan Information: SendAndPullEventInformation() with NTSTATUS 0x0, context 0xa6c77ff0, and result object 0x0000028DA6D055B0 with size 140
###Cleanup file handle = 0x0000028DA6C77FF0, eventID = 0030, event Info = 0x0000028DA6C89C80
Dokan Information: SendAndPullEventInformation() with NTSTATUS 0x0, context 0xa6c77ff0, and result object 0x0000028DA6D055B0 with size 48
###Close file handle = 0x0000028DA6C77FF0, eventID = 0030, event Info = 0x0000028DA6C89C80
[Close] \
###Create file handle = 0x0000028DA6C786F0, eventID = 0031, event Info = 0x0000028DA6C899E0
[ZwCreateFile] \ disp=1 attrs=0x80 opts=0x200020
Dokan Information: DokanEndDispatchCreate() status = 0, file handle = 0x0000028DA6C786F0, eventID = 0031, result = 0x1
Dokan Information: SendAndPullEventInformation() with NTSTATUS 0x0, context 0xa6c786f0, and result object 0x0000028DA6D055B0 with size 48
###QueryVolumeInfo file handle = 0x0000028DA6C786F0, eventID = 0031, event Info = 0x0000028DA6C899E0
[GetVolumeInformation]
Dokan Information: SendAndPullEventInformation() with NTSTATUS 0x0, context 0xa6c786f0, and result object 0x0000028DA6D055B0 with size 64
###GetFileInfo file handle = 0x0000028DA6C786F0, eventID = 0031, event Info = 0x0000028DA6C899E0
	result =  0
	FileAllInformation
	DispatchQueryInformation result =  0
Dokan Information: SendAndPullEventInformation() with NTSTATUS 0x0, context 0xa6c786f0, and result object 0x0000028DA6D055B0 with size 140
###Cleanup file handle = 0x0000028DA6C786F0, eventID = 0031, event Info = 0x0000028DA6C899E0
Dokan Information: SendAndPullEventInformation() with NTSTATUS 0x0, context 0xa6c786f0, and result object 0x0000028DA6D055B0 with size 48
###Close file handle = 0x0000028DA6C786F0, eventID = 0031, event Info = 0x0000028DA6C899E0
[Close] \
###Create file handle = 0x0000028DA6C77FF0, eventID = 0032, event Info = 0x0000028DA6C89C80
[ZwCreateFile] \ disp=1 attrs=0x80 opts=0x200020
Dokan Information: DokanEndDispatchCreate() status = 0, file handle = 0x0000028DA6C77FF0, eventID = 0032, result = 0x1
Dokan Information: SendAndPullEventInformation() with NTSTATUS 0x0, context 0xa6c77ff0, and result object 0x0000028DA6D055B0 with size 48
###QueryVolumeInfo file handle = 0x0000028DA6C77FF0, eventID = 0032, event Info = 0x0000028DA6C89C80
[GetVolumeInformation]
Dokan Information: SendAndPullEventInformation() with NTSTATUS 0x0, context 0xa6c77ff0, and result object 0x0000028DA6D055B0 with size 64
###GetFileInfo file handle = 0x0000028DA6C77FF0, eventID = 0032, event Info = 0x0000028DA6C89C80
	result =  0
	FileAllInformation
	DispatchQueryInformation result =  0
Dokan Information: SendAndPullEventInformation() with NTSTATUS 0x0, context 0xa6c77ff0, and result object 0x0000028DA6D055B0 with size 140
###Cleanup file handle = 0x0000028DA6C77FF0, eventID = 0032, event Info = 0x0000028DA6C89C80
Dokan Information: SendAndPullEventInformation() with NTSTATUS 0x0, context 0xa6c77ff0, and result object 0x0000028DA6D055B0 with size 48
###Close file handle = 0x0000028DA6C77FF0, eventID = 0032, event Info = 0x0000028DA6C89C80
[Close] \
###Create file handle = 0x0000028DA6C786F0, eventID = 0033, event Info = 0x0000028DA6C899E0
[ZwCreateFile] \ disp=1 attrs=0x80 opts=0x200020
Dokan Information: DokanEndDispatchCreate() status = 0, file handle = 0x0000028DA6C786F0, eventID = 0033, result = 0x1
Dokan Information: SendAndPullEventInformation() with NTSTATUS 0x0, context 0xa6c786f0, and result object 0x0000028DA6D055B0 with size 48
###QueryVolumeInfo file handle = 0x0000028DA6C786F0, eventID = 0033, event Info = 0x0000028DA6C899E0
[GetVolumeInformation]
Dokan Information: SendAndPullEventInformation() with NTSTATUS 0x0, context 0xa6c786f0, and result object 0x0000028DA6D055B0 with size 64
###GetFileInfo file handle = 0x0000028DA6C786F0, eventID = 0033, event Info = 0x0000028DA6C899E0
	result =  0
	FileAllInformation
	DispatchQueryInformation result =  0
Dokan Information: SendAndPullEventInformation() with NTSTATUS 0x0, context 0xa6c786f0, and result object 0x0000028DA6D055B0 with size 140
###Cleanup file handle = 0x0000028DA6C786F0, eventID = 0033, event Info = 0x0000028DA6C899E0
Dokan Information: SendAndPullEventInformation() with NTSTATUS 0x0, context 0xa6c786f0, and result object 0x0000028DA6D055B0 with size 48
###Close file handle = 0x0000028DA6C786F0, eventID = 0033, event Info = 0x0000028DA6C899E0
[Close] \
###Create file handle = 0x0000028DA6C77FF0, eventID = 0034, event Info = 0x0000028DA6C89C80
[ZwCreateFile] \ disp=1 attrs=0x80 opts=0x200020
Dokan Information: DokanEndDispatchCreate() status = 0, file handle = 0x0000028DA6C77FF0, eventID = 0034, result = 0x1
Dokan Information: SendAndPullEventInformation() with NTSTATUS 0x0, context 0xa6c77ff0, and result object 0x0000028DA6D055B0 with size 48
###QueryVolumeInfo file handle = 0x0000028DA6C77FF0, eventID = 0034, event Info = 0x0000028DA6C89C80
[GetVolumeInformation]
Dokan Information: SendAndPullEventInformation() with NTSTATUS 0x0, context 0xa6c77ff0, and result object 0x0000028DA6D055B0 with size 64
###GetFileInfo file handle = 0x0000028DA6C77FF0, eventID = 0034, event Info = 0x0000028DA6C89C80
	result =  0
	FileAllInformation
	DispatchQueryInformation result =  0
Dokan Information: SendAndPullEventInformation() with NTSTATUS 0x0, context 0xa6c77ff0, and result object 0x0000028DA6D055B0 with size 140
###Cleanup file handle = 0x0000028DA6C77FF0, eventID = 0034, event Info = 0x0000028DA6C89C80
Dokan Information: SendAndPullEventInformation() with NTSTATUS 0x0, context 0xa6c77ff0, and result object 0x0000028DA6D055B0 with size 48
###Close file handle = 0x0000028DA6C77FF0, eventID = 0034, event Info = 0x0000028DA6C89C80
[Close] \
###Create file handle = 0x0000028DA6C786F0, eventID = 0035, event Info = 0x0000028DA6C899E0
[ZwCreateFile] \ disp=1 attrs=0x80 opts=0x200020
Dokan Information: DokanEndDispatchCreate() status = 0, file handle = 0x0000028DA6C786F0, eventID = 0035, result = 0x1
Dokan Information: SendAndPullEventInformation() with NTSTATUS 0x0, context 0xa6c786f0, and result object 0x0000028DA6D055B0 with size 48
###QueryVolumeInfo file handle = 0x0000028DA6C786F0, eventID = 0035, event Info = 0x0000028DA6C899E0
[GetVolumeInformation]
Dokan Information: SendAndPullEventInformation() with NTSTATUS 0x0, context 0xa6c786f0, and result object 0x0000028DA6D055B0 with size 64
###GetFileInfo file handle = 0x0000028DA6C786F0, eventID = 0035, event Info = 0x0000028DA6C899E0
	result =  0
	FileAllInformation
	DispatchQueryInformation result =  0
Dokan Information: SendAndPullEventInformation() with NTSTATUS 0x0, context 0xa6c786f0, and result object 0x0000028DA6D055B0 with size 140
###Cleanup file handle = 0x0000028DA6C786F0, eventID = 0035, event Info = 0x0000028DA6C899E0
Dokan Information: SendAndPullEventInformation() with NTSTATUS 0x0, context 0xa6c786f0, and result object 0x0000028DA6D055B0 with size 48
###Close file handle = 0x0000028DA6C786F0, eventID = 0035, event Info = 0x0000028DA6C899E0
[Close] \
###Create file handle = 0x0000028DA6C77FF0, eventID = 0036, event Info = 0x0000028DA6C89C80
[ZwCreateFile] \ disp=1 attrs=0x80 opts=0x200020
Dokan Information: DokanEndDispatchCreate() status = 0, file handle = 0x0000028DA6C77FF0, eventID = 0036, result = 0x1
Dokan Information: SendAndPullEventInformation() with NTSTATUS 0x0, context 0xa6c77ff0, and result object 0x0000028DA6D055B0 with size 48
###QueryVolumeInfo file handle = 0x0000028DA6C77FF0, eventID = 0036, event Info = 0x0000028DA6C89C80
[GetVolumeInformation]
Dokan Information: SendAndPullEventInformation() with NTSTATUS 0x0, context 0xa6c77ff0, and result object 0x0000028DA6D055B0 with size 64
###GetFileInfo file handle = 0x0000028DA6C77FF0, eventID = 0036, event Info = 0x0000028DA6C89C80
	result =  0
	FileAllInformation
	DispatchQueryInformation result =  0
Dokan Information: SendAndPullEventInformation() with NTSTATUS 0x0, context 0xa6c77ff0, and result object 0x0000028DA6D055B0 with size 140
###Cleanup file handle = 0x0000028DA6C77FF0, eventID = 0036, event Info = 0x0000028DA6C89C80
Dokan Information: SendAndPullEventInformation() with NTSTATUS 0x0, context 0xa6c77ff0, and result object 0x0000028DA6D055B0 with size 48
###Close file handle = 0x0000028DA6C77FF0, eventID = 0036, event Info = 0x0000028DA6C89C80
[Close] \
###Create file handle = 0x0000028DA6C786F0, eventID = 0037, event Info = 0x0000028DA6C899E0
[ZwCreateFile] \ disp=1 attrs=0x80 opts=0x200020
Dokan Information: DokanEndDispatchCreate() status = 0, file handle = 0x0000028DA6C786F0, eventID = 0037, result = 0x1
Dokan Information: SendAndPullEventInformation() with NTSTATUS 0x0, context 0xa6c786f0, and result object 0x0000028DA6D055B0 with size 48
###QueryVolumeInfo file handle = 0x0000028DA6C786F0, eventID = 0037, event Info = 0x0000028DA6C899E0
[GetVolumeInformation]
Dokan Information: SendAndPullEventInformation() with NTSTATUS 0x0, context 0xa6c786f0, and result object 0x0000028DA6D055B0 with size 64
###GetFileInfo file handle = 0x0000028DA6C786F0, eventID = 0037, event Info = 0x0000028DA6C899E0
	result =  0
	FileAllInformation
	DispatchQueryInformation result =  0
Dokan Information: SendAndPullEventInformation() with NTSTATUS 0x0, context 0xa6c786f0, and result object 0x0000028DA6D055B0 with size 140
###Cleanup file handle = 0x0000028DA6C786F0, eventID = 0037, event Info = 0x0000028DA6C899E0
Dokan Information: SendAndPullEventInformation() with NTSTATUS 0x0, context 0xa6c786f0, and result object 0x0000028DA6D055B0 with size 48
###Close file handle = 0x0000028DA6C786F0, eventID = 0037, event Info = 0x0000028DA6C899E0
[Close] \
###Create file handle = 0x0000028DA6C77FF0, eventID = 0038, event Info = 0x0000028DA6C89C80
[ZwCreateFile] \ disp=1 attrs=0x80 opts=0x200020
Dokan Information: DokanEndDispatchCreate() status = 0, file handle = 0x0000028DA6C77FF0, eventID = 0038, result = 0x1
Dokan Information: SendAndPullEventInformation() with NTSTATUS 0x0, context 0xa6c77ff0, and result object 0x0000028DA6D055B0 with size 48
###QueryVolumeInfo file handle = 0x0000028DA6C77FF0, eventID = 0038, event Info = 0x0000028DA6C89C80
[GetVolumeInformation]
Dokan Information: SendAndPullEventInformation() with NTSTATUS 0x0, context 0xa6c77ff0, and result object 0x0000028DA6D055B0 with size 64
###GetFileInfo file handle = 0x0000028DA6C77FF0, eventID = 0038, event Info = 0x0000028DA6C89C80
	result =  0
	FileAllInformation
	DispatchQueryInformation result =  0
Dokan Information: SendAndPullEventInformation() with NTSTATUS 0x0, context 0xa6c77ff0, and result object 0x0000028DA6D055B0 with size 140
###Cleanup file handle = 0x0000028DA6C77FF0, eventID = 0038, event Info = 0x0000028DA6C89C80
Dokan Information: SendAndPullEventInformation() with NTSTATUS 0x0, context 0xa6c77ff0, and result object 0x0000028DA6D055B0 with size 48
###Close file handle = 0x0000028DA6C77FF0, eventID = 0038, event Info = 0x0000028DA6C89C80
[Close] \
###Create file handle = 0x0000028DA6C786F0, eventID = 0039, event Info = 0x0000028DA6C899E0
[ZwCreateFile] \ disp=1 attrs=0x80 opts=0x200020
Dokan Information: DokanEndDispatchCreate() status = 0, file handle = 0x0000028DA6C786F0, eventID = 0039, result = 0x1
Dokan Information: SendAndPullEventInformation() with NTSTATUS 0x0, context 0xa6c786f0, and result object 0x0000028DA6D055B0 with size 48
###QueryVolumeInfo file handle = 0x0000028DA6C786F0, eventID = 0039, event Info = 0x0000028DA6C899E0
[GetVolumeInformation]
Dokan Information: SendAndPullEventInformation() with NTSTATUS 0x0, context 0xa6c786f0, and result object 0x0000028DA6D055B0 with size 64
###GetFileInfo file handle = 0x0000028DA6C786F0, eventID = 0039, event Info = 0x0000028DA6C899E0
	result =  0
	FileAllInformation
	DispatchQueryInformation result =  0
Dokan Information: SendAndPullEventInformation() with NTSTATUS 0x0, context 0xa6c786f0, and result object 0x0000028DA6D055B0 with size 140
###Cleanup file handle = 0x0000028DA6C786F0, eventID = 0039, event Info = 0x0000028DA6C899E0
Dokan Information: SendAndPullEventInformation() with NTSTATUS 0x0, context 0xa6c786f0, and result object 0x0000028DA6D055B0 with size 48
###Close file handle = 0x0000028DA6C786F0, eventID = 0039, event Info = 0x0000028DA6C899E0
[Close] \
###Create file handle = 0x0000028DA6C77FF0, eventID = 0040, event Info = 0x0000028DA6C89C80
[ZwCreateFile] \ disp=1 attrs=0x80 opts=0x200020
Dokan Information: DokanEndDispatchCreate() status = 0, file handle = 0x0000028DA6C77FF0, eventID = 0040, result = 0x1
Dokan Information: SendAndPullEventInformation() with NTSTATUS 0x0, context 0xa6c77ff0, and result object 0x0000028DA6D055B0 with size 48
###QueryVolumeInfo file handle = 0x0000028DA6C77FF0, eventID = 0040, event Info = 0x0000028DA6C89C80
[GetVolumeInformation]
Dokan Information: SendAndPullEventInformation() with NTSTATUS 0x0, context 0xa6c77ff0, and result object 0x0000028DA6D055B0 with size 64
###GetFileInfo file handle = 0x0000028DA6C77FF0, eventID = 0040, event Info = 0x0000028DA6C89C80
	result =  0
	FileAllInformation
	DispatchQueryInformation result =  0
Dokan Information: SendAndPullEventInformation() with NTSTATUS 0x0, context 0xa6c77ff0, and result object 0x0000028DA6D055B0 with size 140
###Cleanup file handle = 0x0000028DA6C77FF0, eventID = 0040, event Info = 0x0000028DA6C89C80
Dokan Information: SendAndPullEventInformation() with NTSTATUS 0x0, context 0xa6c77ff0, and result object 0x0000028DA6D055B0 with size 48
###Close file handle = 0x0000028DA6C77FF0, eventID = 0040, event Info = 0x0000028DA6C89C80
[Close] \
###Create file handle = 0x0000028DA6C786F0, eventID = 0041, event Info = 0x0000028DA6C899E0
[ZwCreateFile] \ disp=1 attrs=0x80 opts=0x200020
Dokan Information: DokanEndDispatchCreate() status = 0, file handle = 0x0000028DA6C786F0, eventID = 0041, result = 0x1
Dokan Information: SendAndPullEventInformation() with NTSTATUS 0x0, context 0xa6c786f0, and result object 0x0000028DA6D055B0 with size 48
###QueryVolumeInfo file handle = 0x0000028DA6C786F0, eventID = 0041, event Info = 0x0000028DA6C899E0
[GetVolumeInformation]
Dokan Information: SendAndPullEventInformation() with NTSTATUS 0x0, context 0xa6c786f0, and result object 0x0000028DA6D055B0 with size 64
###GetFileInfo file handle = 0x0000028DA6C786F0, eventID = 0041, event Info = 0x0000028DA6C899E0
	result =  0
	FileAllInformation
	DispatchQueryInformation result =  0
Dokan Information: SendAndPullEventInformation() with NTSTATUS 0x0, context 0xa6c786f0, and result object 0x0000028DA6D055B0 with size 140
###Cleanup file handle = 0x0000028DA6C786F0, eventID = 0041, event Info = 0x0000028DA6C899E0
Dokan Information: SendAndPullEventInformation() with NTSTATUS 0x0, context 0xa6c786f0, and result object 0x0000028DA6D055B0 with size 48
###Close file handle = 0x0000028DA6C786F0, eventID = 0041, event Info = 0x0000028DA6C899E0
[Close] \
###Create file handle = 0x0000028DA6C77FF0, eventID = 0042, event Info = 0x0000028DA6C89C80
[ZwCreateFile] \ disp=1 attrs=0x80 opts=0x200020
Dokan Information: DokanEndDispatchCreate() status = 0, file handle = 0x0000028DA6C77FF0, eventID = 0042, result = 0x1
Dokan Information: SendAndPullEventInformation() with NTSTATUS 0x0, context 0xa6c77ff0, and result object 0x0000028DA6D055B0 with size 48
###QueryVolumeInfo file handle = 0x0000028DA6C77FF0, eventID = 0042, event Info = 0x0000028DA6C89C80
[GetVolumeInformation]
Dokan Information: SendAndPullEventInformation() with NTSTATUS 0x0, context 0xa6c77ff0, and result object 0x0000028DA6D055B0 with size 64
###GetFileInfo file handle = 0x0000028DA6C77FF0, eventID = 0042, event Info = 0x0000028DA6C89C80
	result =  0
	FileAllInformation
	DispatchQueryInformation result =  0
Dokan Information: SendAndPullEventInformation() with NTSTATUS 0x0, context 0xa6c77ff0, and result object 0x0000028DA6D055B0 with size 140
###Cleanup file handle = 0x0000028DA6C77FF0, eventID = 0042, event Info = 0x0000028DA6C89C80
Dokan Information: SendAndPullEventInformation() with NTSTATUS 0x0, context 0xa6c77ff0, and result object 0x0000028DA6D055B0 with size 48
###Close file handle = 0x0000028DA6C77FF0, eventID = 0042, event Info = 0x0000028DA6C89C80
[Close] \
###Create file handle = 0x0000028DA6C786F0, eventID = 0043, event Info = 0x0000028DA6C899E0
[ZwCreateFile] \ disp=1 attrs=0x80 opts=0x200020
Dokan Information: DokanEndDispatchCreate() status = 0, file handle = 0x0000028DA6C786F0, eventID = 0043, result = 0x1
Dokan Information: SendAndPullEventInformation() with NTSTATUS 0x0, context 0xa6c786f0, and result object 0x0000028DA6D055B0 with size 48
###QueryVolumeInfo file handle = 0x0000028DA6C786F0, eventID = 0043, event Info = 0x0000028DA6C899E0
[GetVolumeInformation]
Dokan Information: SendAndPullEventInformation() with NTSTATUS 0x0, context 0xa6c786f0, and result object 0x0000028DA6D055B0 with size 64
###GetFileInfo file handle = 0x0000028DA6C786F0, eventID = 0043, event Info = 0x0000028DA6C899E0
	result =  0
	FileAllInformation
	DispatchQueryInformation result =  0
Dokan Information: SendAndPullEventInformation() with NTSTATUS 0x0, context 0xa6c786f0, and result object 0x0000028DA6D055B0 with size 140
###Cleanup file handle = 0x0000028DA6C786F0, eventID = 0043, event Info = 0x0000028DA6C899E0
Dokan Information: SendAndPullEventInformation() with NTSTATUS 0x0, context 0xa6c786f0, and result object 0x0000028DA6D055B0 with size 48
###Close file handle = 0x0000028DA6C786F0, eventID = 0043, event Info = 0x0000028DA6C899E0
[Close] \
###Create file handle = 0x0000028DA6C77FF0, eventID = 0044, event Info = 0x0000028DA6C89C80
[ZwCreateFile] \ disp=1 attrs=0x80 opts=0x200020
Dokan Information: DokanEndDispatchCreate() status = 0, file handle = 0x0000028DA6C77FF0, eventID = 0044, result = 0x1
Dokan Information: SendAndPullEventInformation() with NTSTATUS 0x0, context 0xa6c77ff0, and result object 0x0000028DA6D055B0 with size 48
###QueryVolumeInfo file handle = 0x0000028DA6C77FF0, eventID = 0044, event Info = 0x0000028DA6C89C80
[GetVolumeInformation]
Dokan Information: SendAndPullEventInformation() with NTSTATUS 0x0, context 0xa6c77ff0, and result object 0x0000028DA6D055B0 with size 64
###GetFileInfo file handle = 0x0000028DA6C77FF0, eventID = 0044, event Info = 0x0000028DA6C89C80
	result =  0
	FileAllInformation
	DispatchQueryInformation result =  0
Dokan Information: SendAndPullEventInformation() with NTSTATUS 0x0, context 0xa6c77ff0, and result object 0x0000028DA6D055B0 with size 140
###Cleanup file handle = 0x0000028DA6C77FF0, eventID = 0044, event Info = 0x0000028DA6C89C80
Dokan Information: SendAndPullEventInformation() with NTSTATUS 0x0, context 0xa6c77ff0, and result object 0x0000028DA6D055B0 with size 48
###Close file handle = 0x0000028DA6C77FF0, eventID = 0044, event Info = 0x0000028DA6C89C80
[Close] \
###Create file handle = 0x0000028DA6C77FF0, eventID = 0045, event Info = 0x0000028DA6C89C80
[ZwCreateFile] \ disp=1 attrs=0x80 opts=0x200020
Dokan Information: DokanEndDispatchCreate() status = 0, file handle = 0x0000028DA6C77FF0, eventID = 0045, result = 0x1
Dokan Information: SendAndPullEventInformation() with NTSTATUS 0x0, context 0xa6c77ff0, and result object 0x0000028DA6D055B0 with size 48
###QueryVolumeInfo file handle = 0x0000028DA6C77FF0, eventID = 0045, event Info = 0x0000028DA6C89C80
[GetVolumeInformation]
Dokan Information: SendAndPullEventInformation() with NTSTATUS 0x0, context 0xa6c77ff0, and result object 0x0000028DA6D055B0 with size 64
###GetFileInfo file handle = 0x0000028DA6C77FF0, eventID = 0045, event Info = 0x0000028DA6C89C80
	result =  0
	FileAllInformation
	DispatchQueryInformation result =  0
Dokan Information: SendAndPullEventInformation() with NTSTATUS 0x0, context 0xa6c77ff0, and result object 0x0000028DA6D055B0 with size 140
###Cleanup file handle = 0x0000028DA6C77FF0, eventID = 0045, event Info = 0x0000028DA6C89C80
Dokan Information: SendAndPullEventInformation() with NTSTATUS 0x0, context 0xa6c77ff0, and result object 0x0000028DA6D055B0 with size 48
###Close file handle = 0x0000028DA6C77FF0, eventID = 0045, event Info = 0x0000028DA6C89C80
[Close] \
###Create file handle = 0x0000028DA6C786F0, eventID = 0046, event Info = 0x0000028DA6C899E0
[ZwCreateFile] \ disp=1 attrs=0x80 opts=0x200020
Dokan Information: DokanEndDispatchCreate() status = 0, file handle = 0x0000028DA6C786F0, eventID = 0046, result = 0x1
Dokan Information: SendAndPullEventInformation() with NTSTATUS 0x0, context 0xa6c786f0, and result object 0x0000028DA6D055B0 with size 48
###QueryVolumeInfo file handle = 0x0000028DA6C786F0, eventID = 0046, event Info = 0x0000028DA6C899E0
[GetVolumeInformation]
Dokan Information: SendAndPullEventInformation() with NTSTATUS 0x0, context 0xa6c786f0, and result object 0x0000028DA6D055B0 with size 64
###GetFileInfo file handle = 0x0000028DA6C786F0, eventID = 0046, event Info = 0x0000028DA6C899E0
	result =  0
	FileAllInformation
	DispatchQueryInformation result =  0
Dokan Information: SendAndPullEventInformation() with NTSTATUS 0x0, context 0xa6c786f0, and result object 0x0000028DA6D055B0 with size 140
###Cleanup file handle = 0x0000028DA6C786F0, eventID = 0046, event Info = 0x0000028DA6C899E0
Dokan Information: SendAndPullEventInformation() with NTSTATUS 0x0, context 0xa6c786f0, and result object 0x0000028DA6D055B0 with size 48
###Close file handle = 0x0000028DA6C786F0, eventID = 0046, event Info = 0x0000028DA6C899E0
[Close] \
###Create file handle = 0x0000028DA6C77FF0, eventID = 0047, event Info = 0x0000028DA6C89C80
[ZwCreateFile] \ disp=1 attrs=0x80 opts=0x200020
Dokan Information: DokanEndDispatchCreate() status = 0, file handle = 0x0000028DA6C77FF0, eventID = 0047, result = 0x1
Dokan Information: SendAndPullEventInformation() with NTSTATUS 0x0, context 0xa6c77ff0, and result object 0x0000028DA6D055B0 with size 48
###QueryVolumeInfo file handle = 0x0000028DA6C77FF0, eventID = 0047, event Info = 0x0000028DA6C89C80
[GetVolumeInformation]
Dokan Information: SendAndPullEventInformation() with NTSTATUS 0x0, context 0xa6c77ff0, and result object 0x0000028DA6D055B0 with size 64
###GetFileInfo file handle = 0x0000028DA6C77FF0, eventID = 0047, event Info = 0x0000028DA6C89C80
	result =  0
	FileAllInformation
	DispatchQueryInformation result =  0
Dokan Information: SendAndPullEventInformation() with NTSTATUS 0x0, context 0xa6c77ff0, and result object 0x0000028DA6D055B0 with size 140
###Cleanup file handle = 0x0000028DA6C77FF0, eventID = 0047, event Info = 0x0000028DA6C89C80
Dokan Information: SendAndPullEventInformation() with NTSTATUS 0x0, context 0xa6c77ff0, and result object 0x0000028DA6D055B0 with size 48
###Close file handle = 0x0000028DA6C77FF0, eventID = 0047, event Info = 0x0000028DA6C89C80
[Close] \
###Create file handle = 0x0000028DA6C786F0, eventID = 0048, event Info = 0x0000028DA6C899E0
[ZwCreateFile] \ disp=1 attrs=0x80 opts=0x200020
Dokan Information: DokanEndDispatchCreate() status = 0, file handle = 0x0000028DA6C786F0, eventID = 0048, result = 0x1
Dokan Information: SendAndPullEventInformation() with NTSTATUS 0x0, context 0xa6c786f0, and result object 0x0000028DA6D055B0 with size 48
###QueryVolumeInfo file handle = 0x0000028DA6C786F0, eventID = 0048, event Info = 0x0000028DA6C899E0
[GetVolumeInformation]
Dokan Information: SendAndPullEventInformation() with NTSTATUS 0x0, context 0xa6c786f0, and result object 0x0000028DA6D055B0 with size 64
###GetFileInfo file handle = 0x0000028DA6C786F0, eventID = 0048, event Info = 0x0000028DA6C899E0
	result =  0
	FileAllInformation
	DispatchQueryInformation result =  0
Dokan Information: SendAndPullEventInformation() with NTSTATUS 0x0, context 0xa6c786f0, and result object 0x0000028DA6D055B0 with size 140
###Cleanup file handle = 0x0000028DA6C786F0, eventID = 0048, event Info = 0x0000028DA6C899E0
Dokan Information: SendAndPullEventInformation() with NTSTATUS 0x0, context 0xa6c786f0, and result object 0x0000028DA6D055B0 with size 48
###Close file handle = 0x0000028DA6C786F0, eventID = 0048, event Info = 0x0000028DA6C899E0
[Close] \
###Create file handle = 0x0000028DA6C786F0, eventID = 0049, event Info = 0x0000028DA6C89C80
[ZwCreateFile] \ disp=1 attrs=0x80 opts=0x200020
Dokan Information: DokanEndDispatchCreate() status = 0, file handle = 0x0000028DA6C786F0, eventID = 0049, result = 0x1
Dokan Information: SendAndPullEventInformation() with NTSTATUS 0x0, context 0xa6c786f0, and result object 0x0000028DA6D055B0 with size 48
###QueryVolumeInfo file handle = 0x0000028DA6C786F0, eventID = 0049, event Info = 0x0000028DA6C89C80
[GetVolumeInformation]
Dokan Information: SendAndPullEventInformation() with NTSTATUS 0x0, context 0xa6c786f0, and result object 0x0000028DA6D055B0 with size 64
###GetFileInfo file handle = 0x0000028DA6C786F0, eventID = 0049, event Info = 0x0000028DA6C89C80
	result =  0
	FileAllInformation
	DispatchQueryInformation result =  0
Dokan Information: SendAndPullEventInformation() with NTSTATUS 0x0, context 0xa6c786f0, and result object 0x0000028DA6D055B0 with size 140
###Cleanup file handle = 0x0000028DA6C786F0, eventID = 0049, event Info = 0x0000028DA6C89C80
Dokan Information: SendAndPullEventInformation() with NTSTATUS 0x0, context 0xa6c786f0, and result object 0x0000028DA6D055B0 with size 48
###Close file handle = 0x0000028DA6C786F0, eventID = 0049, event Info = 0x0000028DA6C89C80
[Close] \
###Create file handle = 0x0000028DA6C77FF0, eventID = 0050, event Info = 0x0000028DA6C899E0
[ZwCreateFile] \ disp=1 attrs=0x80 opts=0x200020
Dokan Information: DokanEndDispatchCreate() status = 0, file handle = 0x0000028DA6C77FF0, eventID = 0050, result = 0x1
Dokan Information: SendAndPullEventInformation() with NTSTATUS 0x0, context 0xa6c77ff0, and result object 0x0000028DA6D055B0 with size 48
###QueryVolumeInfo file handle = 0x0000028DA6C77FF0, eventID = 0050, event Info = 0x0000028DA6C899E0
[GetVolumeInformation]
Dokan Information: SendAndPullEventInformation() with NTSTATUS 0x0, context 0xa6c77ff0, and result object 0x0000028DA6D055B0 with size 64
###GetFileInfo file handle = 0x0000028DA6C77FF0, eventID = 0050, event Info = 0x0000028DA6C899E0
	result =  0
	FileAllInformation
	DispatchQueryInformation result =  0
Dokan Information: SendAndPullEventInformation() with NTSTATUS 0x0, context 0xa6c77ff0, and result object 0x0000028DA6D055B0 with size 140
###Cleanup file handle = 0x0000028DA6C77FF0, eventID = 0050, event Info = 0x0000028DA6C899E0
Dokan Information: SendAndPullEventInformation() with NTSTATUS 0x0, context 0xa6c77ff0, and result object 0x0000028DA6D055B0 with size 48
###Close file handle = 0x0000028DA6C77FF0, eventID = 0050, event Info = 0x0000028DA6C899E0
[Close] \
###Create file handle = 0x0000028DA6C786F0, eventID = 0051, event Info = 0x0000028DA6C89C80
[ZwCreateFile] \ disp=1 attrs=0x80 opts=0x200020
Dokan Information: DokanEndDispatchCreate() status = 0, file handle = 0x0000028DA6C786F0, eventID = 0051, result = 0x1
Dokan Information: SendAndPullEventInformation() with NTSTATUS 0x0, context 0xa6c786f0, and result object 0x0000028DA6D055B0 with size 48
###QueryVolumeInfo file handle = 0x0000028DA6C786F0, eventID = 0051, event Info = 0x0000028DA6C89C80
[GetVolumeInformation]
Dokan Information: SendAndPullEventInformation() with NTSTATUS 0x0, context 0xa6c786f0, and result object 0x0000028DA6D055B0 with size 64
###GetFileInfo file handle = 0x0000028DA6C786F0, eventID = 0051, event Info = 0x0000028DA6C89C80
	result =  0
	FileAllInformation
	DispatchQueryInformation result =  0
Dokan Information: SendAndPullEventInformation() with NTSTATUS 0x0, context 0xa6c786f0, and result object 0x0000028DA6D055B0 with size 140
###Cleanup file handle = 0x0000028DA6C786F0, eventID = 0051, event Info = 0x0000028DA6C89C80
Dokan Information: SendAndPullEventInformation() with NTSTATUS 0x0, context 0xa6c786f0, and result object 0x0000028DA6D055B0 with size 48
###Close file handle = 0x0000028DA6C786F0, eventID = 0051, event Info = 0x0000028DA6C89C80
[Close] \
###Create file handle = 0x0000028DA6C77FF0, eventID = 0052, event Info = 0x0000028DA6C899E0
[ZwCreateFile] \ disp=1 attrs=0x80 opts=0x200020
Dokan Information: DokanEndDispatchCreate() status = 0, file handle = 0x0000028DA6C77FF0, eventID = 0052, result = 0x1
Dokan Information: SendAndPullEventInformation() with NTSTATUS 0x0, context 0xa6c77ff0, and result object 0x0000028DA6D055B0 with size 48
###QueryVolumeInfo file handle = 0x0000028DA6C77FF0, eventID = 0052, event Info = 0x0000028DA6C899E0
[GetVolumeInformation]
Dokan Information: SendAndPullEventInformation() with NTSTATUS 0x0, context 0xa6c77ff0, and result object 0x0000028DA6D055B0 with size 64
###GetFileInfo file handle = 0x0000028DA6C77FF0, eventID = 0052, event Info = 0x0000028DA6C899E0
	result =  0
	FileAllInformation
	DispatchQueryInformation result =  0
Dokan Information: SendAndPullEventInformation() with NTSTATUS 0x0, context 0xa6c77ff0, and result object 0x0000028DA6D055B0 with size 140
###Cleanup file handle = 0x0000028DA6C77FF0, eventID = 0052, event Info = 0x0000028DA6C899E0
Dokan Information: SendAndPullEventInformation() with NTSTATUS 0x0, context 0xa6c77ff0, and result object 0x0000028DA6D055B0 with size 48
###Close file handle = 0x0000028DA6C77FF0, eventID = 0052, event Info = 0x0000028DA6C899E0
[Close] \
###Create file handle = 0x0000028DA6C786F0, eventID = 0053, event Info = 0x0000028DA6C89C80
[ZwCreateFile] \ disp=1 attrs=0x80 opts=0x200020
Dokan Information: DokanEndDispatchCreate() status = 0, file handle = 0x0000028DA6C786F0, eventID = 0053, result = 0x1
Dokan Information: SendAndPullEventInformation() with NTSTATUS 0x0, context 0xa6c786f0, and result object 0x0000028DA6D055B0 with size 48
###QueryVolumeInfo file handle = 0x0000028DA6C786F0, eventID = 0053, event Info = 0x0000028DA6C89C80
[GetVolumeInformation]
Dokan Information: SendAndPullEventInformation() with NTSTATUS 0x0, context 0xa6c786f0, and result object 0x0000028DA6D055B0 with size 64
###GetFileInfo file handle = 0x0000028DA6C786F0, eventID = 0053, event Info = 0x0000028DA6C89C80
	result =  0
	FileAllInformation
	DispatchQueryInformation result =  0
Dokan Information: SendAndPullEventInformation() with NTSTATUS 0x0, context 0xa6c786f0, and result object 0x0000028DA6D055B0 with size 140
###Cleanup file handle = 0x0000028DA6C786F0, eventID = 0053, event Info = 0x0000028DA6C89C80
Dokan Information: SendAndPullEventInformation() with NTSTATUS 0x0, context 0xa6c786f0, and result object 0x0000028DA6D055B0 with size 48
###Close file handle = 0x0000028DA6C786F0, eventID = 0053, event Info = 0x0000028DA6C89C80
[Close] \
###Create file handle = 0x0000028DA6C77FF0, eventID = 0054, event Info = 0x0000028DA6C899E0
[ZwCreateFile] \ disp=1 attrs=0x80 opts=0x200020
Dokan Information: DokanEndDispatchCreate() status = 0, file handle = 0x0000028DA6C77FF0, eventID = 0054, result = 0x1
Dokan Information: SendAndPullEventInformation() with NTSTATUS 0x0, context 0xa6c77ff0, and result object 0x0000028DA6D055B0 with size 48
###QueryVolumeInfo file handle = 0x0000028DA6C77FF0, eventID = 0054, event Info = 0x0000028DA6C899E0
[GetVolumeInformation]
Dokan Information: SendAndPullEventInformation() with NTSTATUS 0x0, context 0xa6c77ff0, and result object 0x0000028DA6D055B0 with size 64
###GetFileInfo file handle = 0x0000028DA6C77FF0, eventID = 0054, event Info = 0x0000028DA6C899E0
	result =  0
	FileAllInformation
	DispatchQueryInformation result =  0
Dokan Information: SendAndPullEventInformation() with NTSTATUS 0x0, context 0xa6c77ff0, and result object 0x0000028DA6D055B0 with size 140
###Cleanup file handle = 0x0000028DA6C77FF0, eventID = 0054, event Info = 0x0000028DA6C899E0
Dokan Information: SendAndPullEventInformation() with NTSTATUS 0x0, context 0xa6c77ff0, and result object 0x0000028DA6D055B0 with size 48
###Close file handle = 0x0000028DA6C77FF0, eventID = 0054, event Info = 0x0000028DA6C899E0
[Close] \
###Create file handle = 0x0000028DA6C786F0, eventID = 0055, event Info = 0x0000028DA6C89C80
[ZwCreateFile] \ disp=1 attrs=0x80 opts=0x200020
Dokan Information: DokanEndDispatchCreate() status = 0, file handle = 0x0000028DA6C786F0, eventID = 0055, result = 0x1
Dokan Information: SendAndPullEventInformation() with NTSTATUS 0x0, context 0xa6c786f0, and result object 0x0000028DA6D055B0 with size 48
###QueryVolumeInfo file handle = 0x0000028DA6C786F0, eventID = 0055, event Info = 0x0000028DA6C89C80
[GetVolumeInformation]
Dokan Information: SendAndPullEventInformation() with NTSTATUS 0x0, context 0xa6c786f0, and result object 0x0000028DA6D055B0 with size 64
###GetFileInfo file handle = 0x0000028DA6C786F0, eventID = 0055, event Info = 0x0000028DA6C89C80
	result =  0
	FileAllInformation
	DispatchQueryInformation result =  0
Dokan Information: SendAndPullEventInformation() with NTSTATUS 0x0, context 0xa6c786f0, and result object 0x0000028DA6D055B0 with size 140
###Cleanup file handle = 0x0000028DA6C786F0, eventID = 0055, event Info = 0x0000028DA6C89C80
Dokan Information: SendAndPullEventInformation() with NTSTATUS 0x0, context 0xa6c786f0, and result object 0x0000028DA6D055B0 with size 48
###Close file handle = 0x0000028DA6C786F0, eventID = 0055, event Info = 0x0000028DA6C89C80
[Close] \
###Create file handle = 0x0000028DA6C77FF0, eventID = 0056, event Info = 0x0000028DA6C899E0
[ZwCreateFile] \ disp=1 attrs=0x80 opts=0x200020
Dokan Information: DokanEndDispatchCreate() status = 0, file handle = 0x0000028DA6C77FF0, eventID = 0056, result = 0x1
Dokan Information: SendAndPullEventInformation() with NTSTATUS 0x0, context 0xa6c77ff0, and result object 0x0000028DA6D055B0 with size 48
###QueryVolumeInfo file handle = 0x0000028DA6C77FF0, eventID = 0056, event Info = 0x0000028DA6C899E0
[GetVolumeInformation]
Dokan Information: SendAndPullEventInformation() with NTSTATUS 0x0, context 0xa6c77ff0, and result object 0x0000028DA6D055B0 with size 64
###GetFileInfo file handle = 0x0000028DA6C77FF0, eventID = 0056, event Info = 0x0000028DA6C899E0
	result =  0
	FileAllInformation
	DispatchQueryInformation result =  0
Dokan Information: SendAndPullEventInformation() with NTSTATUS 0x0, context 0xa6c77ff0, and result object 0x0000028DA6D055B0 with size 140
###Cleanup file handle = 0x0000028DA6C77FF0, eventID = 0056, event Info = 0x0000028DA6C899E0
Dokan Information: SendAndPullEventInformation() with NTSTATUS 0x0, context 0xa6c77ff0, and result object 0x0000028DA6D055B0 with size 48
###Close file handle = 0x0000028DA6C77FF0, eventID = 0056, event Info = 0x0000028DA6C899E0
[Close] \
###Create file handle = 0x0000028DA6C786F0, eventID = 0057, event Info = 0x0000028DA6C89C80
[ZwCreateFile] \ disp=1 attrs=0x80 opts=0x200020
Dokan Information: DokanEndDispatchCreate() status = 0, file handle = 0x0000028DA6C786F0, eventID = 0057, result = 0x1
Dokan Information: SendAndPullEventInformation() with NTSTATUS 0x0, context 0xa6c786f0, and result object 0x0000028DA6D055B0 with size 48
###QueryVolumeInfo file handle = 0x0000028DA6C786F0, eventID = 0057, event Info = 0x0000028DA6C89C80
[GetVolumeInformation]
Dokan Information: SendAndPullEventInformation() with NTSTATUS 0x0, context 0xa6c786f0, and result object 0x0000028DA6D055B0 with size 64
###GetFileInfo file handle = 0x0000028DA6C786F0, eventID = 0057, event Info = 0x0000028DA6C89C80
	result =  0
	FileAllInformation
	DispatchQueryInformation result =  0
Dokan Information: SendAndPullEventInformation() with NTSTATUS 0x0, context 0xa6c786f0, and result object 0x0000028DA6D055B0 with size 140
###Cleanup file handle = 0x0000028DA6C786F0, eventID = 0057, event Info = 0x0000028DA6C89C80
Dokan Information: SendAndPullEventInformation() with NTSTATUS 0x0, context 0xa6c786f0, and result object 0x0000028DA6D055B0 with size 48
###Close file handle = 0x0000028DA6C786F0, eventID = 0057, event Info = 0x0000028DA6C89C80
[Close] \
###Create file handle = 0x0000028DA6C77FF0, eventID = 0058, event Info = 0x0000028DA6C899E0
[ZwCreateFile] \ disp=1 attrs=0x80 opts=0x200020
Dokan Information: DokanEndDispatchCreate() status = 0, file handle = 0x0000028DA6C77FF0, eventID = 0058, result = 0x1
Dokan Information: SendAndPullEventInformation() with NTSTATUS 0x0, context 0xa6c77ff0, and result object 0x0000028DA6D055B0 with size 48
###QueryVolumeInfo file handle = 0x0000028DA6C77FF0, eventID = 0058, event Info = 0x0000028DA6C899E0
[GetVolumeInformation]
Dokan Information: SendAndPullEventInformation() with NTSTATUS 0x0, context 0xa6c77ff0, and result object 0x0000028DA6D055B0 with size 64
###GetFileInfo file handle = 0x0000028DA6C77FF0, eventID = 0058, event Info = 0x0000028DA6C899E0
	result =  0
	FileAllInformation
	DispatchQueryInformation result =  0
Dokan Information: SendAndPullEventInformation() with NTSTATUS 0x0, context 0xa6c77ff0, and result object 0x0000028DA6D055B0 with size 140
###Cleanup file handle = 0x0000028DA6C77FF0, eventID = 0058, event Info = 0x0000028DA6C899E0
Dokan Information: SendAndPullEventInformation() with NTSTATUS 0x0, context 0xa6c77ff0, and result object 0x0000028DA6D055B0 with size 48
###Close file handle = 0x0000028DA6C77FF0, eventID = 0058, event Info = 0x0000028DA6C899E0
[Close] \
###Create file handle = 0x0000028DA6C786F0, eventID = 0059, event Info = 0x0000028DA6C89C80
[ZwCreateFile] \ disp=1 attrs=0x80 opts=0x200020
Dokan Information: DokanEndDispatchCreate() status = 0, file handle = 0x0000028DA6C786F0, eventID = 0059, result = 0x1
Dokan Information: SendAndPullEventInformation() with NTSTATUS 0x0, context 0xa6c786f0, and result object 0x0000028DA6D055B0 with size 48
###QueryVolumeInfo file handle = 0x0000028DA6C786F0, eventID = 0059, event Info = 0x0000028DA6C89C80
[GetVolumeInformation]
Dokan Information: SendAndPullEventInformation() with NTSTATUS 0x0, context 0xa6c786f0, and result object 0x0000028DA6D055B0 with size 64
###GetFileInfo file handle = 0x0000028DA6C786F0, eventID = 0059, event Info = 0x0000028DA6C89C80
	result =  0
	FileAllInformation
	DispatchQueryInformation result =  0
Dokan Information: SendAndPullEventInformation() with NTSTATUS 0x0, context 0xa6c786f0, and result object 0x0000028DA6D055B0 with size 140
###Cleanup file handle = 0x0000028DA6C786F0, eventID = 0059, event Info = 0x0000028DA6C89C80
Dokan Information: SendAndPullEventInformation() with NTSTATUS 0x0, context 0xa6c786f0, and result object 0x0000028DA6D055B0 with size 48
###Close file handle = 0x0000028DA6C786F0, eventID = 0059, event Info = 0x0000028DA6C89C80
[Close] \
###Create file handle = 0x0000028DA6C77FF0, eventID = 0060, event Info = 0x0000028DA6C899E0
[ZwCreateFile] \ disp=1 attrs=0x80 opts=0x200020
Dokan Information: DokanEndDispatchCreate() status = 0, file handle = 0x0000028DA6C77FF0, eventID = 0060, result = 0x1
Dokan Information: SendAndPullEventInformation() with NTSTATUS 0x0, context 0xa6c77ff0, and result object 0x0000028DA6D055B0 with size 48
###QueryVolumeInfo file handle = 0x0000028DA6C77FF0, eventID = 0060, event Info = 0x0000028DA6C899E0
[GetVolumeInformation]
Dokan Information: SendAndPullEventInformation() with NTSTATUS 0x0, context 0xa6c77ff0, and result object 0x0000028DA6D055B0 with size 64
###GetFileInfo file handle = 0x0000028DA6C77FF0, eventID = 0060, event Info = 0x0000028DA6C899E0
	result =  0
	FileAllInformation
	DispatchQueryInformation result =  0
Dokan Information: SendAndPullEventInformation() with NTSTATUS 0x0, context 0xa6c77ff0, and result object 0x0000028DA6D055B0 with size 140
###Cleanup file handle = 0x0000028DA6C77FF0, eventID = 0060, event Info = 0x0000028DA6C899E0
Dokan Information: SendAndPullEventInformation() with NTSTATUS 0x0, context 0xa6c77ff0, and result object 0x0000028DA6D055B0 with size 48
###Close file handle = 0x0000028DA6C77FF0, eventID = 0060, event Info = 0x0000028DA6C899E0
[Close] \
###Create file handle = 0x0000028DA6C786F0, eventID = 0061, event Info = 0x0000028DA6C89C80
[ZwCreateFile] \ disp=1 attrs=0x80 opts=0x200020
Dokan Information: DokanEndDispatchCreate() status = 0, file handle = 0x0000028DA6C786F0, eventID = 0061, result = 0x1
Dokan Information: SendAndPullEventInformation() with NTSTATUS 0x0, context 0xa6c786f0, and result object 0x0000028DA6D055B0 with size 48
###QueryVolumeInfo file handle = 0x0000028DA6C786F0, eventID = 0061, event Info = 0x0000028DA6C89C80
[GetVolumeInformation]
Dokan Information: SendAndPullEventInformation() with NTSTATUS 0x0, context 0xa6c786f0, and result object 0x0000028DA6D055B0 with size 64
###GetFileInfo file handle = 0x0000028DA6C786F0, eventID = 0061, event Info = 0x0000028DA6C89C80
	result =  0
	FileAllInformation
	DispatchQueryInformation result =  0
Dokan Information: SendAndPullEventInformation() with NTSTATUS 0x0, context 0xa6c786f0, and result object 0x0000028DA6D055B0 with size 140
###Cleanup file handle = 0x0000028DA6C786F0, eventID = 0061, event Info = 0x0000028DA6C89C80
Dokan Information: SendAndPullEventInformation() with NTSTATUS 0x0, context 0xa6c786f0, and result object 0x0000028DA6D055B0 with size 48
###Close file handle = 0x0000028DA6C786F0, eventID = 0061, event Info = 0x0000028DA6C89C80
###Create file handle = 0x0000028DA6C77FF0, eventID = 0062, event Info = 0x0000028DA6C899E0
[Close] \
[ZwCreateFile] \ disp=1 attrs=0x80 opts=0x200020
Dokan Information: DokanEndDispatchCreate() status = 0, file handle = 0x0000028DA6C77FF0, eventID = 0062, result = 0x1
Dokan Information: SendAndPullEventInformation() with NTSTATUS 0x0, context 0xa6c77ff0, and result object 0x0000028DA6D055B0 with size 48
###QueryVolumeInfo file handle = 0x0000028DA6C77FF0, eventID = 0062, event Info = 0x0000028DA6C899E0
[GetVolumeInformation]
Dokan Information: SendAndPullEventInformation() with NTSTATUS 0x0, context 0xa6c77ff0, and result object 0x0000028DA6D055B0 with size 64
###GetFileInfo file handle = 0x0000028DA6C77FF0, eventID = 0062, event Info = 0x0000028DA6C899E0
	result =  0
	FileAllInformation
	DispatchQueryInformation result =  0
Dokan Information: SendAndPullEventInformation() with NTSTATUS 0x0, context 0xa6c77ff0, and result object 0x0000028DA6D055B0 with size 140
###Cleanup file handle = 0x0000028DA6C77FF0, eventID = 0062, event Info = 0x0000028DA6C899E0
Dokan Information: SendAndPullEventInformation() with NTSTATUS 0x0, context 0xa6c77ff0, and result object 0x0000028DA6D055B0 with size 48
###Close file handle = 0x0000028DA6C77FF0, eventID = 0062, event Info = 0x0000028DA6C899E0
###Create file handle = 0x0000028DA6C786F0, eventID = 0063, event Info = 0x0000028DA6C89C80
[Close] \
[ZwCreateFile] \ disp=1 attrs=0x80 opts=0x200020
Dokan Information: DokanEndDispatchCreate() status = 0, file handle = 0x0000028DA6C786F0, eventID = 0063, result = 0x1
Dokan Information: SendAndPullEventInformation() with NTSTATUS 0x0, context 0xa6c786f0, and result object 0x0000028DA6D055B0 with size 48
###QueryVolumeInfo file handle = 0x0000028DA6C786F0, eventID = 0063, event Info = 0x0000028DA6C89C80
[GetVolumeInformation]
Dokan Information: SendAndPullEventInformation() with NTSTATUS 0x0, context 0xa6c786f0, and result object 0x0000028DA6D055B0 with size 64
###GetFileInfo file handle = 0x0000028DA6C786F0, eventID = 0063, event Info = 0x0000028DA6C89C80
	result =  0
	FileAllInformation
	DispatchQueryInformation result =  0
Dokan Information: SendAndPullEventInformation() with NTSTATUS 0x0, context 0xa6c786f0, and result object 0x0000028DA6D055B0 with size 140
###Cleanup file handle = 0x0000028DA6C786F0, eventID = 0063, event Info = 0x0000028DA6C89C80
Dokan Information: SendAndPullEventInformation() with NTSTATUS 0x0, context 0xa6c786f0, and result object 0x0000028DA6D055B0 with size 48
###Close file handle = 0x0000028DA6C786F0, eventID = 0063, event Info = 0x0000028DA6C89C80
[Close] \
###Create file handle = 0x0000028DA6C786F0, eventID = 0064, event Info = 0x0000028DA6C89C80
[ZwCreateFile] \ disp=1 attrs=0x0 opts=0x4021
Dokan Information: DokanEndDispatchCreate() status = 0, file handle = 0x0000028DA6C786F0, eventID = 0064, result = 0x1
Dokan Information: SendAndPullEventInformation() with NTSTATUS 0x0, context 0xa6c786f0, and result object 0x0000028DA6D055B0 with size 48
###GetFileInfo file handle = 0x0000028DA6C786F0, eventID = 0064, event Info = 0x0000028DA6C89C80
	result =  0
	FileStandardInformation
	DispatchQueryInformation result =  0
Dokan Information: SendAndPullEventInformation() with NTSTATUS 0x0, context 0xa6c786f0, and result object 0x0000028DA6D055B0 with size 64
###QueryVolumeInfo file handle = 0x0000028DA6C786F0, eventID = 0064, event Info = 0x0000028DA6C89C80
[GetVolumeInformation]
Dokan Information: SendAndPullEventInformation() with NTSTATUS 0x0, context 0xa6c786f0, and result object 0x0000028DA6D055B0 with size 74
###QueryVolumeInfo file handle = 0x0000028DA6C786F0, eventID = 0064, event Info = 0x0000028DA6C89C80
[GetVolumeInformation]
Dokan Information: SendAndPullEventInformation() with NTSTATUS 0x0, context 0xa6c786f0, and result object 0x0000028DA6D055B0 with size 68
###Cleanup file handle = 0x0000028DA6C786F0, eventID = 0064, event Info = 0x0000028DA6C89C80
Dokan Information: SendAndPullEventInformation() with NTSTATUS 0x0, context 0xa6c786f0, and result object 0x0000028DA6D055B0 with size 48
###Close file handle = 0x0000028DA6C786F0, eventID = 0064, event Info = 0x0000028DA6C89C80
[Close] \
###Create file handle = 0x0000028DA6C77FF0, eventID = 0065, event Info = 0x0000028DA6C899E0
[ZwCreateFile] \ disp=1 attrs=0x0 opts=0x204000
Dokan Information: DokanEndDispatchCreate() status = 0, file handle = 0x0000028DA6C77FF0, eventID = 0065, result = 0x1
Dokan Information: SendAndPullEventInformation() with NTSTATUS 0x0, context 0xa6c77ff0, and result object 0x0000028DA6D055B0 with size 48
###GetFileInfo file handle = 0x0000028DA6C77FF0, eventID = 0065, event Info = 0x0000028DA6C899E0
	result =  0
	FileNetworkOpenInformation
	DispatchQueryInformation result =  0
Dokan Information: SendAndPullEventInformation() with NTSTATUS 0x0, context 0xa6c77ff0, and result object 0x0000028DA6D055B0 with size 96
###Cleanup file handle = 0x0000028DA6C77FF0, eventID = 0065, event Info = 0x0000028DA6C899E0
Dokan Information: SendAndPullEventInformation() with NTSTATUS 0x0, context 0xa6c77ff0, and result object 0x0000028DA6D055B0 with size 48
###Close file handle = 0x0000028DA6C77FF0, eventID = 0065, event Info = 0x0000028DA6C899E0
[Close] \
###Create file handle = 0x0000028DA6C77FF0, eventID = 0066, event Info = 0x0000028DA6C899E0
[ZwCreateFile] \ disp=1 attrs=0x0 opts=0x204000
Dokan Information: DokanEndDispatchCreate() status = 0, file handle = 0x0000028DA6C77FF0, eventID = 0066, result = 0x1
Dokan Information: SendAndPullEventInformation() with NTSTATUS 0x0, context 0xa6c77ff0, and result object 0x0000028DA6D055B0 with size 48
###GetFileInfo file handle = 0x0000028DA6C77FF0, eventID = 0066, event Info = 0x0000028DA6C899E0
	result =  0
	FileBasicInformation
	DispatchQueryInformation result =  0
Dokan Information: SendAndPullEventInformation() with NTSTATUS 0x0, context 0xa6c77ff0, and result object 0x0000028DA6D055B0 with size 80
###Cleanup file handle = 0x0000028DA6C77FF0, eventID = 0066, event Info = 0x0000028DA6C899E0
Dokan Information: SendAndPullEventInformation() with NTSTATUS 0x0, context 0xa6c77ff0, and result object 0x0000028DA6D055B0 with size 48
###Close file handle = 0x0000028DA6C77FF0, eventID = 0066, event Info = 0x0000028DA6C899E0
[Close] \
###Create file handle = 0x0000028DA6C77FF0, eventID = 0067, event Info = 0x0000028DA6C899E0
[ZwCreateFile] \ disp=1 attrs=0x0 opts=0x204000
Dokan Information: DokanEndDispatchCreate() status = 0, file handle = 0x0000028DA6C77FF0, eventID = 0067, result = 0x1
Dokan Information: SendAndPullEventInformation() with NTSTATUS 0x0, context 0xa6c77ff0, and result object 0x0000028DA6D055B0 with size 48
###GetFileInfo file handle = 0x0000028DA6C77FF0, eventID = 0067, event Info = 0x0000028DA6C899E0
	result =  0
	FileBasicInformation
	DispatchQueryInformation result =  0
Dokan Information: SendAndPullEventInformation() with NTSTATUS 0x0, context 0xa6c77ff0, and result object 0x0000028DA6D055B0 with size 80
###Cleanup file handle = 0x0000028DA6C77FF0, eventID = 0067, event Info = 0x0000028DA6C899E0
Dokan Information: SendAndPullEventInformation() with NTSTATUS 0x0, context 0xa6c77ff0, and result object 0x0000028DA6D055B0 with size 48
###Close file handle = 0x0000028DA6C77FF0, eventID = 0067, event Info = 0x0000028DA6C899E0
[Close] \
###Create file handle = 0x0000028DA6C77FF0, eventID = 0068, event Info = 0x0000028DA6C899E0
[ZwCreateFile] \proj disp=1 attrs=0x0 opts=0x204000
Dokan Information: DokanEndDispatchCreate() status = c0000034, file handle = 0x0000000000000000, eventID = -001, result = 0x5
Dokan Information: SendAndPullEventInformation() with NTSTATUS 0xc0000034, context 0x0, and result object 0x0000028DA6D055B0 with size 48
###Create file handle = 0x0000028DA6C77FF0, eventID = 0069, event Info = 0x0000028DA6C899E0
[ZwCreateFile] \proj disp=1 attrs=0x0 opts=0x204000
Dokan Information: DokanEndDispatchCreate() status = c0000034, file handle = 0x0000000000000000, eventID = -001, result = 0x5
Dokan Information: SendAndPullEventInformation() with NTSTATUS 0xc0000034, context 0x0, and result object 0x0000028DA6D055B0 with size 48
###Create file handle = 0x0000028DA6C77FF0, eventID = 0070, event Info = 0x0000028DA6C899E0
[ZwCreateFile] \ disp=1 attrs=0x80 opts=0x4021
Dokan Information: DokanEndDispatchCreate() status = 0, file handle = 0x0000028DA6C77FF0, eventID = 0070, result = 0x1
Dokan Information: SendAndPullEventInformation() with NTSTATUS 0x0, context 0xa6c77ff0, and result object 0x0000028DA6D055B0 with size 48
###FindFiles file handle = 0x0000028DA6C77FF0, eventID = 0070, event Info = 0x0000028DA6C899E0
WriteDirectoryResults() New directory index is -1.
  STATUS_NO_SUCH_FILE
Dokan Information: SendAndPullEventInformation() with NTSTATUS 0xc000000f, context 0xa6c77ff0, and result object 0x0000028DA6D055B0 with size 48
###Cleanup file handle = 0x0000028DA6C77FF0, eventID = 0070, event Info = 0x0000028DA6C899E0
Dokan Information: SendAndPullEventInformation() with NTSTATUS 0x0, context 0xa6c77ff0, and result object 0x0000028DA6D055B0 with size 48
###Close file handle = 0x0000028DA6C77FF0, eventID = 0070, event Info = 0x0000028DA6C899E0
[Close] \
###Create file handle = 0x0000028DA6C786F0, eventID = 0071, event Info = 0x0000028DA6C89C80
[ZwCreateFile] \proj disp=2 attrs=0x80 opts=0x204021
Dokan Information: DokanEndDispatchCreate() status = 0, file handle = 0x0000028DA6C786F0, eventID = 0071, result = 0x2
Dokan Information: SendAndPullEventInformation() with NTSTATUS 0x0, context 0xa6c786f0, and result object 0x0000028DA6D055B0 with size 48
###GetFileInfo file handle = 0x0000028DA6C786F0, eventID = 0071, event Info = 0x0000028DA6C89C80
	result =  0
	FileStandardInformation
	DispatchQueryInformation result =  0
Dokan Information: SendAndPullEventInformation() with NTSTATUS 0x0, context 0xa6c786f0, and result object 0x0000028DA6D055B0 with size 64
###GetFileInfo file handle = 0x0000028DA6C786F0, eventID = 0071, event Info = 0x0000028DA6C89C80
	result =  0
	FileBasicInformation
	DispatchQueryInformation result =  0
Dokan Information: SendAndPullEventInformation() with NTSTATUS 0x0, context 0xa6c786f0, and result object 0x0000028DA6D055B0 with size 80
###Cleanup file handle = 0x0000028DA6C786F0, eventID = 0071, event Info = 0x0000028DA6C89C80
Dokan Information: SendAndPullEventInformation() with NTSTATUS 0x0, context 0xa6c786f0, and result object 0x0000028DA6D055B0 with size 48
###Close file handle = 0x0000028DA6C786F0, eventID = 0071, event Info = 0x0000028DA6C89C80
[Close] \proj
###Create file handle = 0x0000028DA6C786F0, eventID = 0072, event Info = 0x0000028DA6C89C80
[ZwCreateFile] \ disp=1 attrs=0x0 opts=0x21
Dokan Information: DokanEndDispatchCreate() status = 0, file handle = 0x0000028DA6C786F0, eventID = 0072, result = 0x1
Dokan Information: SendAndPullEventInformation() with NTSTATUS 0x0, context 0xa6c786f0, and result object 0x0000028DA6D055B0 with size 48
###GetFileInfo file handle = 0x0000028DA6C786F0, eventID = 0072, event Info = 0x0000028DA6C89C80
	result =  0
	FileStandardInformation
	DispatchQueryInformation result =  0
Dokan Information: SendAndPullEventInformation() with NTSTATUS 0x0, context 0xa6c786f0, and result object 0x0000028DA6D055B0 with size 64
###QueryVolumeInfo file handle = 0x0000028DA6C786F0, eventID = 0072, event Info = 0x0000028DA6C89C80
[GetVolumeInformation]
Dokan Information: SendAndPullEventInformation() with NTSTATUS 0x0, context 0xa6c786f0, and result object 0x0000028DA6D055B0 with size 74
###QueryVolumeInfo file handle = 0x0000028DA6C786F0, eventID = 0072, event Info = 0x0000028DA6C89C80
[GetVolumeInformation]
Dokan Information: SendAndPullEventInformation() with NTSTATUS 0x0, context 0xa6c786f0, and result object 0x0000028DA6D055B0 with size 68
###Cleanup file handle = 0x0000028DA6C786F0, eventID = 0072, event Info = 0x0000028DA6C89C80
Dokan Information: SendAndPullEventInformation() with NTSTATUS 0x0, context 0xa6c786f0, and result object 0x0000028DA6D055B0 with size 48
###Close file handle = 0x0000028DA6C786F0, eventID = 0072, event Info = 0x0000028DA6C89C80
[Close] \
###Create file handle = 0x0000028DA6C77FF0, eventID = 0073, event Info = 0x0000028DA6C899E0
[ZwCreateFile] \ disp=1 attrs=0x0 opts=0x200000
Dokan Information: DokanEndDispatchCreate() status = 0, file handle = 0x0000028DA6C77FF0, eventID = 0073, result = 0x1
Dokan Information: SendAndPullEventInformation() with NTSTATUS 0x0, context 0xa6c77ff0, and result object 0x0000028DA6D055B0 with size 48
###GetFileInfo file handle = 0x0000028DA6C77FF0, eventID = 0073, event Info = 0x0000028DA6C899E0
	result =  0
	FileStandardInformation
	DispatchQueryInformation result =  0
Dokan Information: SendAndPullEventInformation() with NTSTATUS 0x0, context 0xa6c77ff0, and result object 0x0000028DA6D055B0 with size 64
###GetFileInfo file handle = 0x0000028DA6C77FF0, eventID = 0073, event Info = 0x0000028DA6C899E0
	result =  0
	FileNetworkOpenInformation
	DispatchQueryInformation result =  0
Dokan Information: SendAndPullEventInformation() with NTSTATUS 0x0, context 0xa6c77ff0, and result object 0x0000028DA6D055B0 with size 96
###Cleanup file handle = 0x0000028DA6C77FF0, eventID = 0073, event Info = 0x0000028DA6C899E0
Dokan Information: SendAndPullEventInformation() with NTSTATUS 0x0, context 0xa6c77ff0, and result object 0x0000028DA6D055B0 with size 48
###Close file handle = 0x0000028DA6C77FF0, eventID = 0073, event Info = 0x0000028DA6C899E0
[Close] \
###Create file handle = 0x0000028DA6C77FF0, eventID = 0074, event Info = 0x0000028DA6C899E0
[ZwCreateFile] \ disp=1 attrs=0x0 opts=0x200000
Dokan Information: DokanEndDispatchCreate() status = 0, file handle = 0x0000028DA6C77FF0, eventID = 0074, result = 0x1
Dokan Information: SendAndPullEventInformation() with NTSTATUS 0x0, context 0xa6c77ff0, and result object 0x0000028DA6D055B0 with size 48
###GetFileInfo file handle = 0x0000028DA6C77FF0, eventID = 0074, event Info = 0x0000028DA6C899E0
	result =  0
	FileBasicInformation
	DispatchQueryInformation result =  0
Dokan Information: SendAndPullEventInformation() with NTSTATUS 0x0, context 0xa6c77ff0, and result object 0x0000028DA6D055B0 with size 80
###Cleanup file handle = 0x0000028DA6C77FF0, eventID = 0074, event Info = 0x0000028DA6C899E0
Dokan Information: SendAndPullEventInformation() with NTSTATUS 0x0, context 0xa6c77ff0, and result object 0x0000028DA6D055B0 with size 48
###Close file handle = 0x0000028DA6C77FF0, eventID = 0074, event Info = 0x0000028DA6C899E0
[Close] \
