Dokan: debug mode on
Dokan: use stderr
AllocationUnitSize: 512 SectorSize: 512
Global device opened
Dokan: Using 12 main pull threads with ipc batching: 0
###Create file handle = 0x00000200385D8770, eventID = 0001, event Info = 0x00000200385DC710
[ZwCreateFile] \System Volume Information\MountPointManagerRemoteDatabase
Dokan Information: DokanEndDispatchCreate() status = c0000034, file handle = 0x0000000000000000, eventID = -001, result = 0x5
Dokan Information: SendAndPullEventInformation() with NTSTATUS 0xc0000034, context 0x0, and result object 0x00000200386492C0 with size 48
###Create file handle = 0x00000200385D8770, eventID = 0002, event Info = 0x00000200385DC710
[ZwCreateFile] \$Extend\$Reparse:$R:$INDEX_ALLOCATION
Dokan Information: DokanEndDispatchCreate() status = c0000034, file handle = 0x0000000000000000, eventID = -001, result = 0x5
Dokan Information: SendAndPullEventInformation() with NTSTATUS 0xc0000034, context 0x0, and result object 0x00000200386492C0 with size 48
###QueryVolumeInfo file handle = 0x0000000000000000, eventID = -001, event Info = 0x00000200385DC710
[GetVolumeInformation]
Dokan Information: mounted: Y: -> \Volume{d6cc17c5-1718-4085-bce7-964f1e9f5de9}
[Mounted]
Dokan Information: SendAndPullEventInformation() with NTSTATUS 0x0, context 0x0, and result object 0x00000200386492C0 with size 64
###QueryVolumeInfo file handle = 0x0000000000000000, eventID = -001, event Info = 0x00000200385DC710
[GetVolumeInformation]
Dokan Information: SendAndPullEventInformation() with NTSTATUS 0x80000005, context 0x0, and result object 0x00000200386492C0 with size 56
###Create file handle = 0x00000200385D8770, eventID = 0003, event Info = 0x00000200385DC710
[ZwCreateFile] \
Dokan Information: DokanEndDispatchCreate() status = 0, file handle = 0x00000200385D8770, eventID = 0003, result = 0x1
Dokan Information: SendAndPullEventInformation() with NTSTATUS 0x0, context 0x385d8770, and result object 0x00000200386492C0 with size 48
###GetFileInfo file handle = 0x00000200385D8770, eventID = 0003, event Info = 0x00000200385DC710
	result =  0
  unknown type:54
	DispatchQueryInformation result =  c000000d
Dokan Information: SendAndPullEventInformation() with NTSTATUS 0xc000000d, context 0x385d8770, and result object 0x00000200386492C0 with size 48
###GetFileInfo file handle = 0x00000200385D8770, eventID = 0003, event Info = 0x00000200385DC710
	result =  0
	FileStandardInformation
	DispatchQueryInformation result =  0
Dokan Information: SendAndPullEventInformation() with NTSTATUS 0x0, context 0x385d8770, and result object 0x00000200386492C0 with size 64
###QueryVolumeInfo file handle = 0x00000200385D8770, eventID = 0003, event Info = 0x00000200385DC710
[GetVolumeInformation]
Dokan Information: SendAndPullEventInformation() with NTSTATUS 0x0, context 0x385d8770, and result object 0x00000200386492C0 with size 74
###Cleanup file handle = 0x00000200385D8770, eventID = 0003, event Info = 0x00000200385DC710
Dokan Information: SendAndPullEventInformation() with NTSTATUS 0x0, context 0x385d8770, and result object 0x00000200386492C0 with size 48
###Close file handle = 0x00000200385D8770, eventID = 0003, event Info = 0x00000200385DC710
[Close] \
###Create file handle = 0x00000200385D8770, eventID = 0004, event Info = 0x00000200385DC710
[ZwCreateFile] \
Dokan Information: DokanEndDispatchCreate() status = 0, file handle = 0x00000200385D8770, eventID = 0004, result = 0x1
Dokan Information: SendAndPullEventInformation() with NTSTATUS 0x0, context 0x385d8770, and result object 0x00000200386492C0 with size 48
###QueryVolumeInfo file handle = 0x00000200385D8770, eventID = 0004, event Info = 0x00000200385DC710
[GetVolumeInformation]
Dokan Information: SendAndPullEventInformation() with NTSTATUS 0x0, context 0x385d8770, and result object 0x00000200386492C0 with size 74
###Cleanup file handle = 0x00000200385D8770, eventID = 0004, event Info = 0x00000200385DC710
Dokan Information: SendAndPullEventInformation() with NTSTATUS 0x0, context 0x385d8770, and result object 0x00000200386492C0 with size 48
###Close file handle = 0x00000200385D8770, eventID = 0004, event Info = 0x00000200385DC710
[Close] \
###Create file handle = 0x00000200385D8770, eventID = 0005, event Info = 0x00000200385FE090
[ZwCreateFile] \
Dokan Information: DokanEndDispatchCreate() status = 0, file handle = 0x00000200385D8770, eventID = 0005, result = 0x1
Dokan Information: SendAndPullEventInformation() with NTSTATUS 0x0, context 0x385d8770, and result object 0x00000200386492C0 with size 48
###QueryVolumeInfo file handle = 0x00000200385D8770, eventID = 0005, event Info = 0x00000200385FE090
[GetVolumeInformation]
Dokan Information: SendAndPullEventInformation() with NTSTATUS 0x0, context 0x385d8770, and result object 0x00000200386492C0 with size 74
###QueryVolumeInfo file handle = 0x00000200385D8770, eventID = 0005, event Info = 0x00000200385FE090
[GetVolumeInformation]
Dokan Information: SendAndPullEventInformation() with NTSTATUS 0x0, context 0x385d8770, and result object 0x00000200386492C0 with size 68
###Cleanup file handle = 0x00000200385D8770, eventID = 0005, event Info = 0x00000200385FE090
Dokan Information: SendAndPullEventInformation() with NTSTATUS 0x0, context 0x385d8770, and result object 0x00000200386492C0 with size 48
###Close file handle = 0x00000200385D8770, eventID = 0005, event Info = 0x00000200385FE090
[Close] \
###Create file handle = 0x00000200385D85F0, eventID = 0006, event Info = 0x00000200385FDBC0
[ZwCreateFile] \
Dokan Information: DokanEndDispatchCreate() status = 0, file handle = 0x00000200385D85F0, eventID = 0006, result = 0x1
Dokan Information: SendAndPullEventInformation() with NTSTATUS 0x0, context 0x385d85f0, and result object 0x00000200386492C0 with size 48
###QueryVolumeInfo file handle = 0x00000200385D85F0, eventID = 0006, event Info = 0x00000200385FDBC0
Dokan Information: SendAndPullEventInformation() with NTSTATUS 0x0, context 0x385d85f0, and result object 0x00000200386492C0 with size 64
###Cleanup file handle = 0x00000200385D85F0, eventID = 0006, event Info = 0x00000200385FDBC0
Dokan Information: SendAndPullEventInformation() with NTSTATUS 0x0, context 0x385d85f0, and result object 0x00000200386492C0 with size 48
###Close file handle = 0x00000200385D85F0, eventID = 0006, event Info = 0x00000200385FDBC0
###Create file handle = 0x00000200385D8770, eventID = 0007, event Info = 0x00000200385FE090
[Close] \
[ZwCreateFile] \
Dokan Information: DokanEndDispatchCreate() status = 0, file handle = 0x00000200385D8770, eventID = 0007, result = 0x1
Dokan Information: SendAndPullEventInformation() with NTSTATUS 0x0, context 0x385d8770, and result object 0x00000200386492C0 with size 48
###Cleanup file handle = 0x00000200385D8770, eventID = 0007, event Info = 0x00000200385FE090
Dokan Information: SendAndPullEventInformation() with NTSTATUS 0x0, context 0x385d8770, and result object 0x00000200386492C0 with size 48
###Close file handle = 0x00000200385D8770, eventID = 0007, event Info = 0x00000200385FE090
[Close] \
###Create file handle = 0x00000200385D8770, eventID = 0008, event Info = 0x00000200385FE090
[ZwCreateFile] \
Dokan Information: DokanEndDispatchCreate() status = 0, file handle = 0x00000200385D8770, eventID = 0008, result = 0x1
Dokan Information: SendAndPullEventInformation() with NTSTATUS 0x0, context 0x385d8770, and result object 0x00000200386492C0 with size 48
###QueryVolumeInfo file handle = 0x00000200385D8770, eventID = 0008, event Info = 0x00000200385FE090
[GetVolumeInformation]
Dokan Information: SendAndPullEventInformation() with NTSTATUS 0x0, context 0x385d8770, and result object 0x00000200386492C0 with size 64
###GetFileInfo file handle = 0x00000200385D8770, eventID = 0008, event Info = 0x00000200385FE090
	result =  0
	FileAllInformation
	DispatchQueryInformation result =  0
Dokan Information: SendAndPullEventInformation() with NTSTATUS 0x0, context 0x385d8770, and result object 0x00000200386492C0 with size 140
###Cleanup file handle = 0x00000200385D8770, eventID = 0008, event Info = 0x00000200385FE090
Dokan Information: SendAndPullEventInformation() with NTSTATUS 0x0, context 0x385d8770, and result object 0x00000200386492C0 with size 48
###Close file handle = 0x00000200385D8770, eventID = 0008, event Info = 0x00000200385FE090
[Close] \
###Create file handle = 0x00000200385D8770, eventID = 0009, event Info = 0x00000200385FE090
[ZwCreateFile] \
Dokan Information: DokanEndDispatchCreate() status = 0, file handle = 0x00000200385D8770, eventID = 0009, result = 0x1
Dokan Information: SendAndPullEventInformation() with NTSTATUS 0x0, context 0x385d8770, and result object 0x00000200386492C0 with size 48
###QueryVolumeInfo file handle = 0x00000200385D8770, eventID = 0009, event Info = 0x00000200385FE090
[GetVolumeInformation]
Dokan Information: SendAndPullEventInformation() with NTSTATUS 0x0, context 0x385d8770, and result object 0x00000200386492C0 with size 64
###GetFileInfo file handle = 0x00000200385D8770, eventID = 0009, event Info = 0x00000200385FE090
	result =  0
	FileAllInformation
	DispatchQueryInformation result =  0
Dokan Information: SendAndPullEventInformation() with NTSTATUS 0x0, context 0x385d8770, and result object 0x00000200386492C0 with size 140
###Cleanup file handle = 0x00000200385D8770, eventID = 0009, event Info = 0x00000200385FE090
###Create file handle = 0x00000200385D85F0, eventID = 0010, event Info = 0x00000200385FDBC0
[ZwCreateFile] \
Dokan Information: SendAndPullEventInformation() with NTSTATUS 0x0, context 0x385d8770, and result object 0x00000200386492C0 with size 48
Dokan Information: DokanEndDispatchCreate() status = 0, file handle = 0x00000200385D85F0, eventID = 0010, result = 0x1
###Close file handle = 0x00000200385D8770, eventID = 0009, event Info = 0x00000200385FE090
Dokan Information: SendAndPullEventInformation() with NTSTATUS 0x0, context 0x385d85f0, and result object 0x000002003A056B50 with size 48
[Close] \
###Create file handle = 0x00000200385D8770, eventID = 0011, event Info = 0x00000200385FDBC0
[ZwCreateFile] \
###QueryVolumeInfo file handle = 0x00000200385D85F0, eventID = 0010, event Info = 0x00000200385FE100
[GetVolumeInformation]
Dokan Information: DokanEndDispatchCreate() status = 0, file handle = 0x00000200385D8770, eventID = 0011, result = 0x1
Dokan Information: SendAndPullEventInformation() with NTSTATUS 0x0, context 0x385d85f0, and result object 0x00000200386492C0 with size 74
Dokan Information: SendAndPullEventInformation() with NTSTATUS 0x0, context 0x385d8770, and result object 0x000002003A056B50 with size 48
###QueryVolumeInfo file handle = 0x00000200385D85F0, eventID = 0010, event Info = 0x00000200385FE100
[GetVolumeInformation]
###QueryVolumeInfo file handle = 0x00000200385D8770, eventID = 0011, event Info = 0x00000200385FDBC0
[GetVolumeInformation]
Dokan Information: SendAndPullEventInformation() with NTSTATUS 0x0, context 0x385d85f0, and result object 0x00000200386492C0 with size 68
Dokan Information: SendAndPullEventInformation() with NTSTATUS 0x0, context 0x385d8770, and result object 0x000002003A056B50 with size 64
###Cleanup file handle = 0x00000200385D85F0, eventID = 0010, event Info = 0x00000200385FE100
###GetFileInfo file handle = 0x00000200385D8770, eventID = 0011, event Info = 0x00000200385FDBC0
	result =  0
	FileAllInformation
	DispatchQueryInformation result =  0
Dokan Information: SendAndPullEventInformation() with NTSTATUS 0x0, context 0x385d85f0, and result object 0x00000200386492C0 with size 48
Dokan Information: SendAndPullEventInformation() with NTSTATUS 0x0, context 0x385d8770, and result object 0x000002003A056B50 with size 140
###Close file handle = 0x00000200385D85F0, eventID = 0010, event Info = 0x00000200385FE100
[Close] \
###Cleanup file handle = 0x00000200385D8770, eventID = 0011, event Info = 0x00000200385FDBC0
Dokan Information: SendAndPullEventInformation() with NTSTATUS 0x0, context 0x385d8770, and result object 0x000002003A056B50 with size 48
###Close file handle = 0x00000200385D8770, eventID = 0011, event Info = 0x00000200385FDBC0
###Create file handle = 0x00000200385D85F0, eventID = 0012, event Info = 0x00000200385FE100
[ZwCreateFile] \
###Create file handle = 0x00000200385D7E70, eventID = 0013, event Info = 0x00000200385FE090
[ZwCreateFile] \
Dokan Information: DokanEndDispatchCreate() status = 0, file handle = 0x00000200385D85F0, eventID = 0012, result = 0x1
[Close] \
Dokan Information: DokanEndDispatchCreate() status = 0, file handle = 0x00000200385D7E70, eventID = 0013, result = 0x1
Dokan Information: SendAndPullEventInformation() with NTSTATUS 0x0, context 0x385d85f0, and result object 0x000002003A056B50 with size 48
Dokan Information: SendAndPullEventInformation() with NTSTATUS 0x0, context 0x385d7e70, and result object 0x00000200386492C0 with size 48
###GetFileInfo file handle = 0x00000200385D7E70, eventID = 0013, event Info = 0x00000200385FE100
	result =  0
	FileBasicInformation
	DispatchQueryInformation result =  0
###QueryVolumeInfo file handle = 0x00000200385D85F0, eventID = 0012, event Info = 0x00000200385FE090
[GetVolumeInformation]
Dokan Information: SendAndPullEventInformation() with NTSTATUS 0x0, context 0x385d7e70, and result object 0x000002003A056B50 with size 80
Dokan Information: SendAndPullEventInformation() with NTSTATUS 0x0, context 0x385d85f0, and result object 0x00000200386492C0 with size 64
###Cleanup file handle = 0x00000200385D7E70, eventID = 0013, event Info = 0x00000200385FE100
###GetFileInfo file handle = 0x00000200385D85F0, eventID = 0012, event Info = 0x00000200385FE090
	result =  0
	FileAllInformation
	DispatchQueryInformation result =  0
Dokan Information: SendAndPullEventInformation() with NTSTATUS 0x0, context 0x385d7e70, and result object 0x000002003A056B50 with size 48
Dokan Information: SendAndPullEventInformation() with NTSTATUS 0x0, context 0x385d85f0, and result object 0x00000200386492C0 with size 140
###Close file handle = 0x00000200385D7E70, eventID = 0013, event Info = 0x00000200385FE100
[Close] \
###Create file handle = 0x00000200385D8770, eventID = 0014, event Info = 0x00000200385FE090
[ZwCreateFile] \
###Cleanup file handle = 0x00000200385D85F0, eventID = 0012, event Info = 0x00000200385FDBC0
Dokan Information: DokanEndDispatchCreate() status = 0, file handle = 0x00000200385D8770, eventID = 0014, result = 0x1
Dokan Information: SendAndPullEventInformation() with NTSTATUS 0x0, context 0x385d85f0, and result object 0x000002003A056B50 with size 48
Dokan Information: SendAndPullEventInformation() with NTSTATUS 0x0, context 0x385d8770, and result object 0x00000200386492C0 with size 48
###Close file handle = 0x00000200385D85F0, eventID = 0012, event Info = 0x00000200385FDBC0
###QueryVolumeInfo file handle = 0x00000200385D8770, eventID = 0014, event Info = 0x00000200385FE090
[Close] \
###Create file handle = 0x00000200385D85F0, eventID = 0015, event Info = 0x00000200385FE100
[GetVolumeInformation]
Dokan Information: SendAndPullEventInformation() with NTSTATUS 0x0, context 0x385d8770, and result object 0x00000200386492C0 with size 74
[ZwCreateFile] \
###QueryVolumeInfo file handle = 0x00000200385D8770, eventID = 0014, event Info = 0x00000200385FE090
[GetVolumeInformation]
Dokan Information: DokanEndDispatchCreate() status = 0, file handle = 0x00000200385D85F0, eventID = 0015, result = 0x1
Dokan Information: SendAndPullEventInformation() with NTSTATUS 0x0, context 0x385d85f0, and result object 0x000002003A056B50 with size 48
Dokan Information: SendAndPullEventInformation() with NTSTATUS 0x0, context 0x385d8770, and result object 0x00000200386492C0 with size 68
###QueryVolumeInfo file handle = 0x00000200385D85F0, eventID = 0015, event Info = 0x00000200385FE100
[GetVolumeInformation]
###Cleanup file handle = 0x00000200385D8770, eventID = 0014, event Info = 0x00000200385FE090
Dokan Information: SendAndPullEventInformation() with NTSTATUS 0x0, context 0x385d8770, and result object 0x00000200386492C0 with size 48
Dokan Information: SendAndPullEventInformation() with NTSTATUS 0x0, context 0x385d85f0, and result object 0x000002003A056B50 with size 64
###Close file handle = 0x00000200385D8770, eventID = 0014, event Info = 0x00000200385FE090
[Close] \
###Create file handle = 0x00000200385D7E70, eventID = 0016, event Info = 0x00000200385FDBC0
[ZwCreateFile] \
###GetFileInfo file handle = 0x00000200385D85F0, eventID = 0015, event Info = 0x00000200385FE100
	result =  0
	FileAllInformation
	DispatchQueryInformation result =  0
Dokan Information: DokanEndDispatchCreate() status = 0, file handle = 0x00000200385D7E70, eventID = 0016, result = 0x1
Dokan Information: SendAndPullEventInformation() with NTSTATUS 0x0, context 0x385d85f0, and result object 0x000002003A056B50 with size 140
Dokan Information: SendAndPullEventInformation() with NTSTATUS 0x0, context 0x385d7e70, and result object 0x00000200386492C0 with size 48
###Cleanup file handle = 0x00000200385D85F0, eventID = 0015, event Info = 0x00000200385FE100
###QueryVolumeInfo file handle = 0x00000200385D7E70, eventID = 0016, event Info = 0x00000200385FDBC0
Dokan Information: SendAndPullEventInformation() with NTSTATUS 0x0, context 0x385d85f0, and result object 0x000002003A056B50 with size 48
Dokan Information: SendAndPullEventInformation() with NTSTATUS 0x0, context 0x385d7e70, and result object 0x00000200386492C0 with size 64
###Close file handle = 0x00000200385D85F0, eventID = 0015, event Info = 0x00000200385FE100
###Cleanup file handle = 0x00000200385D7E70, eventID = 0016, event Info = 0x00000200385FDBC0
[Close] \
Dokan Information: SendAndPullEventInformation() with NTSTATUS 0x0, context 0x385d7e70, and result object 0x00000200386492C0 with size 48
###Close file handle = 0x00000200385D7E70, eventID = 0016, event Info = 0x00000200385FDBC0
###Create file handle = 0x00000200385D85F0, eventID = 0017, event Info = 0x00000200385FE100
[Close] \
[ZwCreateFile] \
Dokan Information: DokanEndDispatchCreate() status = 0, file handle = 0x00000200385D85F0, eventID = 0017, result = 0x1
Dokan Information: SendAndPullEventInformation() with NTSTATUS 0x0, context 0x385d85f0, and result object 0x00000200386492C0 with size 48
###GetFileInfo file handle = 0x00000200385D85F0, eventID = 0017, event Info = 0x00000200385FE100
	result =  0
	FileBasicInformation
	DispatchQueryInformation result =  0
Dokan Information: SendAndPullEventInformation() with NTSTATUS 0x0, context 0x385d85f0, and result object 0x00000200386492C0 with size 80
###Cleanup file handle = 0x00000200385D85F0, eventID = 0017, event Info = 0x00000200385FE100
Dokan Information: SendAndPullEventInformation() with NTSTATUS 0x0, context 0x385d85f0, and result object 0x00000200386492C0 with size 48
###Close file handle = 0x00000200385D85F0, eventID = 0017, event Info = 0x00000200385FE100
[Close] \
###Create file handle = 0x00000200385D85F0, eventID = 0018, event Info = 0x00000200385FE100
[ZwCreateFile] \
Dokan Information: DokanEndDispatchCreate() status = 0, file handle = 0x00000200385D85F0, eventID = 0018, result = 0x1
Dokan Information: SendAndPullEventInformation() with NTSTATUS 0x0, context 0x385d85f0, and result object 0x00000200386492C0 with size 48
###GetFileInfo file handle = 0x00000200385D85F0, eventID = 0018, event Info = 0x00000200385FE100
	result =  0
	FileBasicInformation
	DispatchQueryInformation result =  0
Dokan Information: SendAndPullEventInformation() with NTSTATUS 0x0, context 0x385d85f0, and result object 0x00000200386492C0 with size 80
###Cleanup file handle = 0x00000200385D85F0, eventID = 0018, event Info = 0x00000200385FE100
Dokan Information: SendAndPullEventInformation() with NTSTATUS 0x0, context 0x385d85f0, and result object 0x00000200386492C0 with size 48
###Close file handle = 0x00000200385D85F0, eventID = 0018, event Info = 0x00000200385FE100
[Close] \
###Create file handle = 0x00000200385D85F0, eventID = 0019, event Info = 0x00000200385FE100
[ZwCreateFile] \
Dokan Information: DokanEndDispatchCreate() status = 0, file handle = 0x00000200385D85F0, eventID = 0019, result = 0x1
Dokan Information: SendAndPullEventInformation() with NTSTATUS 0x0, context 0x385d85f0, and result object 0x00000200386492C0 with size 48
###GetFileInfo file handle = 0x00000200385D85F0, eventID = 0019, event Info = 0x00000200385FE100
	result =  0
	FileStandardInformation
	DispatchQueryInformation result =  0
Dokan Information: SendAndPullEventInformation() with NTSTATUS 0x0, context 0x385d85f0, and result object 0x00000200386492C0 with size 64
###QueryVolumeInfo file handle = 0x00000200385D85F0, eventID = 0019, event Info = 0x00000200385FE100
[GetVolumeInformation]
Dokan Information: SendAndPullEventInformation() with NTSTATUS 0x0, context 0x385d85f0, and result object 0x00000200386492C0 with size 74
###QueryVolumeInfo file handle = 0x00000200385D85F0, eventID = 0019, event Info = 0x00000200385FE100
[GetVolumeInformation]
Dokan Information: SendAndPullEventInformation() with NTSTATUS 0x0, context 0x385d85f0, and result object 0x00000200386492C0 with size 68
###Cleanup file handle = 0x00000200385D85F0, eventID = 0019, event Info = 0x00000200385FE100
Dokan Information: SendAndPullEventInformation() with NTSTATUS 0x0, context 0x385d85f0, and result object 0x00000200386492C0 with size 48
###Close file handle = 0x00000200385D85F0, eventID = 0019, event Info = 0x00000200385FE100
[Close] \
###Create file handle = 0x00000200385D7E70, eventID = 0020, event Info = 0x00000200385FDBC0
[ZwCreateFile] \
Dokan Information: DokanEndDispatchCreate() status = 0, file handle = 0x00000200385D7E70, eventID = 0020, result = 0x1
Dokan Information: SendAndPullEventInformation() with NTSTATUS 0x0, context 0x385d7e70, and result object 0x00000200386492C0 with size 48
###GetFileInfo file handle = 0x00000200385D7E70, eventID = 0020, event Info = 0x00000200385FDBC0
	result =  0
	FileNetworkOpenInformation
	DispatchQueryInformation result =  0
Dokan Information: SendAndPullEventInformation() with NTSTATUS 0x0, context 0x385d7e70, and result object 0x00000200386492C0 with size 96
###Cleanup file handle = 0x00000200385D7E70, eventID = 0020, event Info = 0x00000200385FDBC0
Dokan Information: SendAndPullEventInformation() with NTSTATUS 0x0, context 0x385d7e70, and result object 0x00000200386492C0 with size 48
###Close file handle = 0x00000200385D7E70, eventID = 0020, event Info = 0x00000200385FDBC0
[Close] \
###Create file handle = 0x00000200385D7E70, eventID = 0021, event Info = 0x00000200385FDBC0
[ZwCreateFile] \
Dokan Information: DokanEndDispatchCreate() status = 0, file handle = 0x00000200385D7E70, eventID = 0021, result = 0x1
Dokan Information: SendAndPullEventInformation() with NTSTATUS 0x0, context 0x385d7e70, and result object 0x00000200386492C0 with size 48
###GetFileInfo file handle = 0x00000200385D7E70, eventID = 0021, event Info = 0x00000200385FDBC0
	result =  0
	FileBasicInformation
	DispatchQueryInformation result =  0
Dokan Information: SendAndPullEventInformation() with NTSTATUS 0x0, context 0x385d7e70, and result object 0x00000200386492C0 with size 80
###Cleanup file handle = 0x00000200385D7E70, eventID = 0021, event Info = 0x00000200385FDBC0
Dokan Information: SendAndPullEventInformation() with NTSTATUS 0x0, context 0x385d7e70, and result object 0x00000200386492C0 with size 48
###Close file handle = 0x00000200385D7E70, eventID = 0021, event Info = 0x00000200385FDBC0
[Close] \
###Create file handle = 0x00000200385D7E70, eventID = 0022, event Info = 0x00000200385FDBC0
[ZwCreateFile] \ond.png
Dokan Information: DokanEndDispatchCreate() status = 0, file handle = 0x00000200385D7E70, eventID = 0022, result = 0x1
Dokan Information: SendAndPullEventInformation() with NTSTATUS 0x0, context 0x385d7e70, and result object 0x00000200386492C0 with size 48
###GetFileInfo file handle = 0x00000200385D7E70, eventID = 0022, event Info = 0x00000200385FDBC0
	result =  0
	FileStandardInformation
	DispatchQueryInformation result =  0
Dokan Information: SendAndPullEventInformation() with NTSTATUS 0x0, context 0x385d7e70, and result object 0x00000200386492C0 with size 64
###GetFileInfo file handle = 0x00000200385D7E70, eventID = 0022, event Info = 0x00000200385FDBC0
	result =  0
	FileBasicInformation
	DispatchQueryInformation result =  0
Dokan Information: SendAndPullEventInformation() with NTSTATUS 0x0, context 0x385d7e70, and result object 0x00000200386492C0 with size 80
###Cleanup file handle = 0x00000200385D7E70, eventID = 0022, event Info = 0x00000200385FDBC0
Dokan Information: SendAndPullEventInformation() with NTSTATUS 0x0, context 0x385d7e70, and result object 0x00000200386492C0 with size 48
###Close file handle = 0x00000200385D7E70, eventID = 0022, event Info = 0x00000200385FDBC0
[Close] \ond.png
###Create file handle = 0x00000200385D85F0, eventID = 0023, event Info = 0x00000200385FE100
[ZwCreateFile] \ond.png
Dokan Information: DokanEndDispatchCreate() status = 0, file handle = 0x00000200385D85F0, eventID = 0023, result = 0x1
Dokan Information: SendAndPullEventInformation() with NTSTATUS 0x0, context 0x385d85f0, and result object 0x00000200386492C0 with size 48
###GetFileInfo file handle = 0x00000200385D85F0, eventID = 0023, event Info = 0x00000200385FE100
	result =  0
	FileBasicInformation
	DispatchQueryInformation result =  0
Dokan Information: SendAndPullEventInformation() with NTSTATUS 0x0, context 0x385d85f0, and result object 0x00000200386492C0 with size 80
###Cleanup file handle = 0x00000200385D85F0, eventID = 0023, event Info = 0x00000200385FE100
Dokan Information: SendAndPullEventInformation() with NTSTATUS 0x0, context 0x385d85f0, and result object 0x00000200386492C0 with size 48
###Close file handle = 0x00000200385D85F0, eventID = 0023, event Info = 0x00000200385FE100
[Close] \ond.png
###Create file handle = 0x00000200385D85F0, eventID = 0024, event Info = 0x00000200385FE100
[ZwCreateFile] \
Dokan Information: DokanEndDispatchCreate() status = 0, file handle = 0x00000200385D85F0, eventID = 0024, result = 0x1
Dokan Information: SendAndPullEventInformation() with NTSTATUS 0x0, context 0x385d85f0, and result object 0x00000200386492C0 with size 48
###FindFiles file handle = 0x00000200385D85F0, eventID = 0024, event Info = 0x00000200385FE100
FileMatch? : ond.png (ond.png,0,0)
  =>return single entry
WriteDirectoryResults() New directory index is 1.
index to 1
Dokan Information: SendAndPullEventInformation() with NTSTATUS 0x0, context 0x385d85f0, and result object 0x00000200386492C0 with size 72
###Cleanup file handle = 0x00000200385D85F0, eventID = 0024, event Info = 0x00000200385FE100
Dokan Information: SendAndPullEventInformation() with NTSTATUS 0x0, context 0x385d85f0, and result object 0x00000200386492C0 with size 48
###Close file handle = 0x00000200385D85F0, eventID = 0024, event Info = 0x00000200385FE100
[Close] \
###Create file handle = 0x00000200385D7E70, eventID = 0025, event Info = 0x00000200385FDBC0
[ZwCreateFile] \ond.png
Dokan Information: DokanEndDispatchCreate() status = 0, file handle = 0x00000200385D7E70, eventID = 0025, result = 0x2
Dokan Information: SendAndPullEventInformation() with NTSTATUS 0x0, context 0x385d7e70, and result object 0x00000200386492C0 with size 48
###GetFileInfo file handle = 0x00000200385D7E70, eventID = 0025, event Info = 0x00000200385FDBC0
	result =  0
	FileBasicInformation
	DispatchQueryInformation result =  0
Dokan Information: SendAndPullEventInformation() with NTSTATUS 0x0, context 0x385d7e70, and result object 0x00000200386492C0 with size 80
###GetFileInfo file handle = 0x00000200385D7E70, eventID = 0025, event Info = 0x00000200385FDBC0
	result =  0
	FileStandardInformation
	DispatchQueryInformation result =  0
Dokan Information: SendAndPullEventInformation() with NTSTATUS 0x0, context 0x385d7e70, and result object 0x00000200386492C0 with size 64
###GetFileInfo file handle = 0x00000200385D7E70, eventID = 0025, event Info = 0x00000200385FDBC0
	result =  0
	FileInternalInformation
	DispatchQueryInformation result =  0
Dokan Information: SendAndPullEventInformation() with NTSTATUS 0x0, context 0x385d7e70, and result object 0x00000200386492C0 with size 48
###GetFileInfo file handle = 0x00000200385D7E70, eventID = 0025, event Info = 0x00000200385FDBC0
	result =  0
	FileBasicInformation
	DispatchQueryInformation result =  0
Dokan Information: SendAndPullEventInformation() with NTSTATUS 0x0, context 0x385d7e70, and result object 0x00000200386492C0 with size 80
###QueryVolumeInfo file handle = 0x00000200385D7E70, eventID = 0025, event Info = 0x00000200385FDBC0
[GetVolumeInformation]
Dokan Information: SendAndPullEventInformation() with NTSTATUS 0x0, context 0x385d7e70, and result object 0x00000200386492C0 with size 68
###GetFileInfo file handle = 0x00000200385D7E70, eventID = 0025, event Info = 0x00000200385FDBC0
	result =  0
	FileStandardInformation
	DispatchQueryInformation result =  0
Dokan Information: SendAndPullEventInformation() with NTSTATUS 0x0, context 0x385d7e70, and result object 0x00000200386492C0 with size 64
###Read file handle = 0x00000200385D7E70, eventID = 0025, event Info = 0x00000200385FDBC0
Dokan Information: SendAndPullEventInformation() with NTSTATUS 0x0, context 0x385d7e70, and result object 0x000002003A4300A0 with size 46294
###QueryVolumeInfo file handle = 0x00000200385D7E70, eventID = 0025, event Info = 0x00000200385FDBC0
[GetVolumeInformation]
Dokan Information: SendAndPullEventInformation() with NTSTATUS 0x0, context 0x385d7e70, and result object 0x00000200386492C0 with size 68
###GetFileInfo file handle = 0x00000200385D7E70, eventID = 0025, event Info = 0x00000200385FDBC0
	result =  0
	FileBasicInformation
	DispatchQueryInformation result =  0
Dokan Information: SendAndPullEventInformation() with NTSTATUS 0x0, context 0x385d7e70, and result object 0x00000200386492C0 with size 80
###GetFileInfo file handle = 0x00000200385D7E70, eventID = 0025, event Info = 0x00000200385FDBC0
	result =  0
	FileStandardInformation
	DispatchQueryInformation result =  0
Dokan Information: SendAndPullEventInformation() with NTSTATUS 0x0, context 0x385d7e70, and result object 0x00000200386492C0 with size 64
###SetFileInfo file handle = 0x00000200385D7E70, eventID = 0025, FileInformationClass = 20, event Info = 0x00000200385FDBC0
	DispatchSetInformation result =  c0000002
Dokan Information: SendAndPullEventInformation() with NTSTATUS 0xc0000002, context 0x385d7e70, and result object 0x00000200386492C0 with size 48
###WriteFile file handle = 0x00000200385D7E70, eventID = 0025, event Info = 0x00000200385FDBC0
[Write] off=0 len=46254
Dokan Information: SendAndPullEventInformation() with NTSTATUS 0x0, context 0x385d7e70, and result object 0x00000200386492C0 with size 48
###SetFileInfo file handle = 0x00000200385D7E70, eventID = 0025, FileInformationClass = 4, event Info = 0x00000200385FDBC0
	DispatchSetInformation result =  c0000002
Dokan Information: SendAndPullEventInformation() with NTSTATUS 0xc0000002, context 0x385d7e70, and result object 0x00000200386492C0 with size 48
###GetFileInfo file handle = 0x00000200385D7E70, eventID = 0025, event Info = 0x00000200385FDBC0
	result =  0
  unknown type:55
	DispatchQueryInformation result =  c000000d
Dokan Information: SendAndPullEventInformation() with NTSTATUS 0xc000000d, context 0x385d7e70, and result object 0x00000200386492C0 with size 48
###GetFileInfo file handle = 0x00000200385D7E70, eventID = 0025, event Info = 0x00000200385FDBC0
	result =  0
	FileNetworkOpenInformation
	DispatchQueryInformation result =  0
Dokan Information: SendAndPullEventInformation() with NTSTATUS 0x0, context 0x385d7e70, and result object 0x00000200386492C0 with size 96
###GetFileInfo file handle = 0x00000200385D7E70, eventID = 0025, event Info = 0x00000200385FDBC0
	result =  0
	FileStandardInformation
	DispatchQueryInformation result =  0
Dokan Information: SendAndPullEventInformation() with NTSTATUS 0x0, context 0x385d7e70, and result object 0x00000200386492C0 with size 64
###Read file handle = 0x00000200385D7E70, eventID = 0025, event Info = 0x00000200385FDBC0
Dokan Information: SendAndPullEventInformation() with NTSTATUS 0x0, context 0x385d7e70, and result object 0x000002003A4300A0 with size 46294
###Cleanup file handle = 0x00000200385D7E70, eventID = 0025, event Info = 0x00000200385FDBC0
Dokan Information: SendAndPullEventInformation() with NTSTATUS 0x0, context 0x385d7e70, and result object 0x00000200386492C0 with size 48
###Close file handle = 0x00000200385D7E70, eventID = 0025, event Info = 0x00000200385FDBC0
[Close] \ond.png
