Dokan: debug mode on
Dokan: use stderr
AllocationUnitSize: 512 SectorSize: 512
Global device opened
Dokan: Using 12 main pull threads with ipc batching: 0
###QueryVolumeInfo file handle = 0x0000000000000000, eventID = -001, event Info = 0x000001AE88A38300
[GetVolumeInformation]
###QueryVolumeInfo file handle = 0x0000000000000000, eventID = -001, event Info = 0x000001AE88A37DC0
[GetVolumeInformation]
Dokan Information: mounted: Y: -> \Volume{d6cc17c5-1729-4085-bce7-964f1e9f5de9}
[MouDokan Information: SendAndPullEventInformation() with NTSTATUS 0x0, context 0x0, and result object 0x000001AE88AFF380 with size 64
nted]
Dokan Information: SendAndPullEventInformation() with NTSTATUS 0x80000005, context 0x0, and result object 0x000001AE88B003B0 with size 56
###Create file handle = 0x000001AE88A3AA50, eventID = 0001, event Info = 0x000001AE88A37DC0
[ZwCreateFile] \
Dokan Information: DokanEndDispatchCreate() status = 0, file handle = 0x000001AE88A3AA50, eventID = 0001, result = 0x1
Dokan Information: SendAndPullEventInformation() with NTSTATUS 0x0, context 0x88a3aa50, and result object 0x000001AE88B003B0 with size 48
###GetFileInfo file handle = 0x000001AE88A3AA50, eventID = 0001, event Info = 0x000001AE88A37DC0
	result =  0
  unknown type:54
	DispatchQueryInformation result =  c000000d
Dokan Information: SendAndPullEventInformation() with NTSTATUS 0xc000000d, context 0x88a3aa50, and result object 0x000001AE88B003B0 with size 48
###GetFileInfo file handle = 0x000001AE88A3AA50, eventID = 0001, event Info = 0x000001AE88A37DC0
	result =  0
	FileStandardInformation
	DispatchQueryInformation result =  0
Dokan Information: SendAndPullEventInformation() with NTSTATUS 0x0, context 0x88a3aa50, and result object 0x000001AE88B003B0 with size 64
###QueryVolumeInfo file handle = 0x000001AE88A3AA50, eventID = 0001, event Info = 0x000001AE88A37DC0
[GetVolumeInformation]
Dokan Information: SendAndPullEventInformation() with NTSTATUS 0x0, context 0x88a3aa50, and result object 0x000001AE88B003B0 with size 74
###Cleanup file handle = 0x000001AE88A3AA50, eventID = 0001, event Info = 0x000001AE88A37DC0
Dokan Information: SendAndPullEventInformation() with NTSTATUS 0x0, context 0x88a3aa50, and result object 0x000001AE88B003B0 with size 48
###Close file handle = 0x000001AE88A3AA50, eventID = 0001, event Info = 0x000001AE88A37DC0
[Close] \
###Create file handle = 0x000001AE88A3AA50, eventID = 0002, event Info = 0x000001AE88A37DC0
[ZwCreateFile] \
Dokan Information: DokanEndDispatchCreate() status = 0, file handle = 0x000001AE88A3AA50, eventID = 0002, result = 0x1
Dokan Information: SendAndPullEventInformation() with NTSTATUS 0x0, context 0x88a3aa50, and result object 0x000001AE88B003B0 with size 48
###GetFileInfo file handle = 0x000001AE88A3AA50, eventID = 0002, event Info = 0x000001AE88A37DC0
	result =  0
	FileStandardInformation
	DispatchQueryInformation result =  0
Dokan Information: SendAndPullEventInformation() with NTSTATUS 0x0, context 0x88a3aa50, and result object 0x000001AE88B003B0 with size 64
###QueryVolumeInfo file handle = 0x000001AE88A3AA50, eventID = 0002, event Info = 0x000001AE88A37DC0
[GetVolumeInformation]
Dokan Information: SendAndPullEventInformation() with NTSTATUS 0x0, context 0x88a3aa50, and result object 0x000001AE88B003B0 with size 74
###Cleanup file handle = 0x000001AE88A3AA50, eventID = 0002, event Info = 0x000001AE88A37DC0
Dokan Information: SendAndPullEventInformation() with NTSTATUS 0x0, context 0x88a3aa50, and result object 0x000001AE88B003B0 with size 48
###Close file handle = 0x000001AE88A3AA50, eventID = 0002, event Info = 0x000001AE88A37DC0
[Close] \
###Create file handle = 0x000001AE88A3AA50, eventID = 0003, event Info = 0x000001AE88A64B10
[ZwCreateFile] \
###Create file handle = 0x000001AE88A3A550, eventID = 0004, event Info = 0x000001AE88A64950
[ZwCreateFile] Dokan Information: DokanEndDispatchCreate() status = 0, file handle = 0x000001AE88A3AA50, eventID = 0003, result = 0x1
Dokan Information: SendAndPullEventInformation() with NTSTATUS 0x0, context 0x88a3aa50, and result object 0x000001AE88B003B0 with size 48
\
###QueryVolumeInfo file handle = 0x000001AE88A3AA50, eventID = 0003, event Info = 0x000001AE88A64B10
[GetVolumeInformation]
Dokan Information: DokanEndDispatchCreate() status = 0, file handle = 0x000001AE88A3A550, eventID = 0004, result = 0x1
Dokan Information: SendAndPullEventInformation() with NTSTATUS 0x0, context 0x88a3aa50, and result object 0x000001AE88B003B0 with size 74
Dokan Information: SendAndPullEventInformation() with NTSTATUS 0x0, context 0x88a3a550, and result object 0x000001AE8A906E10 with size 48
###QueryVolumeInfo file handle = 0x000001AE88A3AA50, eventID = 0003, event Info = 0x000001AE88A64B10
[GetVolumeInformation]
###GetFileInfo file handle = 0x000001AE88A3A550, eventID = 0004, event Info = 0x000001AE88A64950
Dokan Information: SendAndPullEventInformation() with NTSTATUS 0x0, context 0x88a3aa50, and result object 0x000001AE88B003B0 with size 68
	result =  0
	FileBasicInformation
	DispatchQueryInformation result =  0
###Cleanup file handle = 0x000001AE88A3AA50, eventID = 0003, event Info = 0x000001AE88A64B10
Dokan Information: SendAndPullEventInformation() with NTSTATUS 0x0, context 0x88a3a550, and result object 0x000001AE8A906E10 with size 80
Dokan Information: SendAndPullEventInformation() with NTSTATUS 0x0, context 0x88a3aa50, and result object 0x000001AE88B003B0 with size 48
###Cleanup file handle = 0x000001AE88A3A550, eventID = 0004, event Info = 0x000001AE88A64950
###Close file handle = 0x000001AE88A3AA50, eventID = 0003, event Info = 0x000001AE88A64B10
[Close] \
Dokan Information: SendAndPullEventInformation() with NTSTATUS 0x0, context 0x88a3a550, and result object 0x000001AE8A906E10 with size 48
###Close file handle = 0x000001AE88A3A550, eventID = 0004, event Info = 0x000001AE88A64950
[Close] \
###Create file handle = 0x000001AE88A3A550, eventID = 0005, event Info = 0x000001AE88A64B10
[ZwCreateFile] \
Dokan Information: DokanEndDispatchCreate() status = 0, file handle = 0x000001AE88A3A550, eventID = 0005, result = 0x1
Dokan Information: SendAndPullEventInformation() with NTSTATUS 0x0, context 0x88a3a550, and result object 0x000001AE8A906E10 with size 48
###GetFileInfo file handle = 0x000001AE88A3A550, eventID = 0005, event Info = 0x000001AE88A64B10
	result =  0
	FileBasicInformation
	DispatchQueryInformation result =  0
Dokan Information: SendAndPullEventInformation() with NTSTATUS 0x0, context 0x88a3a550, and result object 0x000001AE8A906E10 with size 80
###GetFileInfo file handle = 0x000001AE88A3A550, eventID = 0005, event Info = 0x000001AE88A64B10
	result =  0
	FileBasicInformation
	DispatchQueryInformation result =  0
Dokan Information: SendAndPullEventInformation() with NTSTATUS 0x0, context 0x88a3a550, and result object 0x000001AE8A906E10 with size 80
###Create file handle = 0x000001AE88A3AA50, eventID = 0006, event Info = 0x000001AE88A64B10
[ZwCreateFile] \
Dokan Information: DokanEndDispatchCreate() status = 0, file handle = 0x000001AE88A3AA50, eventID = 0006, result = 0x1
Dokan Information: SendAndPullEventInformation() with NTSTATUS 0x0, context 0x88a3aa50, and result object 0x000001AE8A906E10 with size 48
###GetFileInfo file handle = 0x000001AE88A3AA50, eventID = 0006, event Info = 0x000001AE88A64B10
	result =  0
	FileBasicInformation
	DispatchQueryInformation result =  0
Dokan Information: SendAndPullEventInformation() with NTSTATUS 0x0, context 0x88a3aa50, and result object 0x000001AE8A906E10 with size 80
###GetFileInfo file handle = 0x000001AE88A3AA50, eventID = 0006, event Info = 0x000001AE88A64B10
	result =  0
	FileBasicInformation
	DispatchQueryInformation result =  0
Dokan Information: SendAndPullEventInformation() with NTSTATUS 0x0, context 0x88a3aa50, and result object 0x000001AE8A906E10 with size 80
###Create file handle = 0x000001AE88A3A3D0, eventID = 0007, event Info = 0x000001AE88A64B10
[ZwCreateFile] \
Dokan Information: DokanEndDispatchCreate() status = 0, file handle = 0x000001AE88A3A3D0, eventID = 0007, result = 0x1
Dokan Information: SendAndPullEventInformation() with NTSTATUS 0x0, context 0x88a3a3d0, and result object 0x000001AE8A906E10 with size 48
###QueryVolumeInfo file handle = 0x000001AE88A3A3D0, eventID = 0007, event Info = 0x000001AE88A64B10
[GetVolumeInformation]
Dokan Information: SendAndPullEventInformation() with NTSTATUS 0x0, context 0x88a3a3d0, and result object 0x000001AE8A906E10 with size 74
###QueryVolumeInfo file handle = 0x000001AE88A3A3D0, eventID = 0007, event Info = 0x000001AE88A64B10
[GetVolumeInformation]
Dokan Information: SendAndPullEventInformation() with NTSTATUS 0x0, context 0x88a3a3d0, and result object 0x000001AE8A906E10 with size 68
###Cleanup file handle = 0x000001AE88A3A3D0, eventID = 0007, event Info = 0x000001AE88A64B10
Dokan Information: SendAndPullEventInformation() with NTSTATUS 0x0, context 0x88a3a3d0, and result object 0x000001AE8A906E10 with size 48
###Close file handle = 0x000001AE88A3A3D0, eventID = 0007, event Info = 0x000001AE88A64B10
[Close] \
###Create file handle = 0x000001AE88A3A3D0, eventID = 0008, event Info = 0x000001AE88A64B10
[ZwCreateFile] \
###Create file handle = 0x000001AE88A3A150, eventID = 0009, event Info = 0x000001AE88A64950
[ZDokan Information: DokanEndDispatchCreate() status = 0, file handle = 0x000001AE88A3A3D0, eventID = 0008, result = 0x1
wDokan Information: SendAndPullEventInformation() with NTSTATUS 0x0, context 0x88a3a3d0, and result object 0x000001AE8A906E10 with size 48
C###GetFileInfo file handle = 0x000001AE88A3A3D0, eventID = 0008, event Info = 0x000001AE88A64B10
reat	result =  0
	FileBasicInformation
	DispatchQueryInformation result =  0
eFile] \
Dokan Information: SendAndPullEventInformation() with NTSTATUS 0x0, context 0x88a3a3d0, and result object 0x000001AE8A906E10 with size 80
Dokan Information: DokanEndDispatchCreate() status = 0, file handle = 0x000001AE88A3A150, eventID = 0009, result = 0x1
###Cleanup file handle = 0x000001AE88A3A3D0, eventID = 0008, event Info = 0x000001AE88A64B10
Dokan Information: SendAndPullEventInformation() with NTSTATUS 0x0, context 0x88a3a150, and result object 0x000001AE88B003B0 with size 48
Dokan Information: SendAndPullEventInformation() with NTSTATUS 0x0, context 0x88a3a3d0, and result object 0x000001AE8A906E10 with size 48
###QueryVolumeInfo file handle = 0x000001AE88A3A150, eventID = 0009, event Info = 0x000001AE88A64950
[GetVol###Close file handle = 0x000001AE88A3A3D0, eventID = 0008, event Info = 0x000001AE88A64B10
umeInformation]
###Create file handle = 0x000001AE88A3A1D0, eventID = 0010, event Info = 0x000001AE88A64170
[Close] \
Dokan Information: SendAndPullEventInformation() with NTSTATUS 0x0, context 0x88a3a150, and result object 0x000001AE88B003B0 with size 74
[ZwCreateFile]###QueryVolumeInfo file handle = 0x000001AE88A3A150, eventID = 0009, event Info = 0x000001AE88A64950
 \
[GetDokan Information: DokanEndDispatchCreate() status = 0, file handle = 0x000001AE88A3A1D0, eventID = 0010, result = 0x1
VolumeInformation]
Dokan Information: SendAndPullEventInformation() with NTSTATUS 0x0, context 0x88a3a1d0, and result object 0x000001AE8A906E10 with size 48
Dokan Information: SendAndPullEventInformation() with NTSTATUS 0x0, context 0x88a3a150, and result object 0x000001AE88B003B0 with size 68
###QueryVolumeInfo file handle = 0x000001AE88A3A1D0, eventID = 0010, event Info = 0x000001AE88A64170
[GetVolumeInforma###Cleanup file handle = 0x000001AE88A3A150, eventID = 0009, event Info = 0x000001AE88A64950
tion]
Dokan Information: SendAndPullEventInformation() with NTSTATUS 0x0, context 0x88a3a150, and result object 0x000001AE88B003B0 with size 48
Dokan Information: SendAndPullEventInformation() with NTSTATUS 0x0, context 0x88a3a1d0, and result object 0x000001AE8A906E10 with size 74
###Close file handle = 0x000001AE88A3A150, eventID = 0009, event Info = 0x000001AE88A64950
###Create file handle = 0x000001AE88A3A3D0, eventID = 0011, event Info = 0x000001AE88A64B10
[Clo###QueryVolumeInfo file handle = 0x000001AE88A3A1D0, eventID = 0010, event Info = 0x000001AE88A64170
se] \
[ZwCreateFile] \
[GetVolumeInformation]
Dokan Information: DokanEndDispatchCreate() status = 0, file handle = 0x000001AE88A3A3D0, eventID = 0011, result = 0x1
Dokan Information: SendAndPullEventInformation() with NTSTATUS 0x0, context 0x88a3a1d0, and result object 0x000001AE8A906E10 with size 68
Dokan Information: SendAndPullEventInformation() with NTSTATUS 0x0, context 0x88a3a3d0, and result object 0x000001AE88B003B0 with size 48
###Cleanup file handle = 0x000001AE88A3A1D0, eventID = 0010, event Info = 0x000001AE88A64170
###QueryVolumeInfo file handle = 0x000001AE88A3A3D0, eventID = 0011, event Info = 0x000001AE88A64B10
Dokan Information: SendAndPullEventInformation() with NTSTATUS 0x0, context 0x88a3a1d0, and result object 0x000001AE8A906E10 with size 48
###Close file handle = 0x000001AE88A3A1D0, eventID = 0010, event Info = 0x000001AE88A64170
[Close] \
Dokan Information: SendAndPullEventInformation() with NTSTATUS 0x0, context 0x88a3a3d0, and result object 0x000001AE88B003B0 with size 64
###Create file handle = 0x000001AE88A3A150, eventID = 0012, event Info = 0x000001AE88A64950
[Z###Cleanup file handle = 0x000001AE88A3A3D0, eventID = 0011, event Info = 0x000001AE88A64B10
wDokan Information: SendAndPullEventInformation() with NTSTATUS 0x0, context 0x88a3a3d0, and result object 0x000001AE88B003B0 with size 48
CreateFile] \
###Close file handle = 0x000001AE88A3A3D0, eventID = 0011, event Info = 0x000001AE88A64B10
[Clos###Create file handle = 0x000001AE88A3A1D0, eventID = 0013, event Info = 0x000001AE88A64170
e] \
Dokan Information: DokanEndDispatchCreate() status = 0, file handle = 0x000001AE88A3A150, eventID = 0012, result = 0x1
[ZwCreateFile] \
Dokan Information: SendAndPullEventInformation() with NTSTATUS 0x0, context 0x88a3a150, and result object 0x000001AE8A906E10 with size 48
Dokan Information: DokanEndDispatchCreate() status = 0, file handle = 0x000001AE88A3A1D0, eventID = 0013, result = 0x1
Dokan Information: SendAndPullEventInformation() with NTSTATUS 0x0, context 0x88a3a1d0, and result object 0x000001AE88B003B0 with size 48
###QueryVolumeInfo file handle = 0x000001AE88A3A150, eventID = 0012, event Info = 0x000001AE88A64950
###Cleanup file handle = 0x000001AE88A3A1D0, eventID = 0013, event Info = 0x000001AE88A64170
Dokan Information: SendAndPullEventInformation() with NTSTATUS 0x0, context 0x88a3a1d0, and result object 0x000001AE88B003B0 with size 48
Dokan Information: SendAndPullEventInformation() with NTSTATUS 0x0, context 0x88a3a150, and result object 0x000001AE8A906E10 with size 64
###Close file handle = 0x000001AE88A3A1D0, eventID = 0013, event Info = 0x000001AE88A64170
###Cleanup file handle = 0x000001AE88A3A150, eventID = 0012, event Info = 0x000001AE88A64950
[Close] \
Dokan Information: SendAndPullEventInformation() with NTSTATUS 0x0, context 0x88a3a150, and result object 0x000001AE8A906E10 with size 48
###Create file handle = 0x000001AE88A3A1D0, eventID = 0014, event Info = 0x000001AE88A64B10
[ZwCreateFile]###Close file handle = 0x000001AE88A3A150, eventID = 0012, event Info = 0x000001AE88A64950
 \
###Create file handle = 0x000001AE88A3A3D0, eventID = 0015, event Info = 0x000001AE88A64170
Dokan Information: DokanEndDispatchCreate() status = 0, file handle = 0x000001AE88A3A1D0, eventID = 0014, result = 0x1
[Close] Dokan Information: SendAndPullEventInformation() with NTSTATUS 0x0, context 0x88a3a1d0, and result object 0x000001AE88B003B0 with size 48
\
###QueryVolumeInfo file handle = 0x000001AE88A3A1D0, eventID = 0014, event Info = 0x000001AE88A64B10
[ZwCreateFile] \
[GetVolumeDokan Information: DokanEndDispatchCreate() status = 0, file handle = 0x000001AE88A3A3D0, eventID = 0015, result = 0x1
Information]
Dokan Information: SendAndPullEventInformation() with NTSTATUS 0x0, context 0x88a3a3d0, and result object 0x000001AE8A906E10 with size 48
Dokan Information: SendAndPullEventInformation() with NTSTATUS 0x0, context 0x88a3a1d0, and result object 0x000001AE88B003B0 with size 64
###GetFileInfo file handle = 0x000001AE88A3A3D0, eventID = 0015, event Info = 0x000001AE88A64170
	result =  0
	FileBasicInformation
	DispatchQueryInformation result =  0
###GetFileInfo file handle = 0x000001AE88A3A1D0, eventID = 0014, event Info = 0x000001AE88A64B10
	result =  0
	FileAllInformation
	DispatchQueryInformation result =  0
Dokan Information: SendAndPullEventInformation() with NTSTATUS 0x0, context 0x88a3a3d0, and result object 0x000001AE88B003B0 with size 80
Dokan Information: SendAndPullEventInformation() with NTSTATUS 0x0, context 0x88a3a1d0, and result object 0x000001AE8A906E10 with size 140
###Cleanup file handle = 0x000001AE88A3A3D0, eventID = 0015, event Info = 0x000001AE88A64170
###Cleanup file handle = 0x000001AE88A3A1D0, eventID = 0014, event Info = 0x000001AE88A64B10
Dokan Information: SendAndPullEventInformation() with NTSTATUS 0x0, context 0x88a3a3d0, and result object 0x000001AE88B003B0 with size 48
Dokan Information: SendAndPullEventInformation() with NTSTATUS 0x0, context 0x88a3a1d0, and result object 0x000001AE8A906E10 with size 48
###Close file handle = 0x000001AE88A3A3D0, eventID = 0015, event Info = 0x000001AE88A64170
[Close] \
###Close file handle = 0x000001AE88A3A1D0, eventID = 0014, event Info = 0x000001AE88A64B10
[Close] \
###Create file handle = 0x000001AE88A3A150, eventID = 0016, event Info = 0x000001AE88A64950
[ZwCreateFile] \
###Create file handle = 0x000001AE88A3A3D0, eventID = 0017, event Info = 0x000001AE88A37DC0
[ZwCreateFile] \
Dokan Information: DokanEndDispatchCreate() status = 0, file handle = 0x000001AE88A3A150, eventID = 0016, result = 0x1
Dokan Information: SendAndPullEventInformation() with NTSTATUS 0x0, context 0x88a3a150, and result object 0x000001AE8A906E10 with size 48
Dokan Information: DokanEndDispatchCreate() status = 0, file handle = 0x000001AE88A3A3D0, eventID = 0017, result = 0x1
###QueryVolumeInfo file handle = 0x000001AE88A3A150, eventID = 0016, event Info = 0x000001AE88A64950
[GetVolumeInformation]
Dokan Information: SendAndPullEventInformation() with NTSTATUS 0x0, context 0x88a3a3d0, and result object 0x000001AE88B003B0 with size 48
Dokan Information: SendAndPullEventInformation() with NTSTATUS 0x0, context 0x88a3a150, and result object 0x000001AE8A906E10 with size 64
###GetFileInfo file handle = 0x000001AE88A3A3D0, eventID = 0017, event Info = 0x000001AE88A37DC0
	result =  0
	FileBasicInformation
###GetFileInfo file handle = 0x000001AE88A3A150, eventID = 0016, event Info = 0x000001AE88A64950
	result =  0
	FileAllInformation
	DispatchQueryInformation result =  0
Dokan Information: SendAndPullEventInformation() with NTSTATUS 0x0, context 0x88a3a150, and result object 0x000001AE88B003B0 with size 140
	DispatchQueryInformation result =  0
###Cleanup file handle = 0x000001AE88A3A150, eventID = 0016, event Info = 0x000001AE88A64950
Dokan Information: SendAndPullEventInformation() with NTSTATUS 0x0, context 0x88a3a3d0, and result object 0x000001AE8A906E10 with size 80
Dokan Information: SendAndPullEventInformation() with NTSTATUS 0x0, context 0x88a3a150, and result object 0x000001AE88B003B0 with size 48
###Cleanup file handle = 0x000001AE88A3A3D0, eventID = 0017, event Info = 0x000001AE88A37DC0
###Create file handle = 0x000001AE88A3A1D0, eventID = 0018, event Info = 0x000001AE88A64B10
[ZwC###Close file handle = 0x000001AE88A3A150, eventID = 0016, event Info = 0x000001AE88A64950
reateFile] \
Dokan Information: SendAndPullEventInformation() with NTSTATUS 0x0, context 0x88a3a3d0, and result object 0x000001AE8A906E10 with size 48
[Close] \
Dokan Information: DokanEndDispatchCreate() status = 0, file handle = 0x000001AE88A3A1D0, eventID = 0018, result = 0x1
###Close file handle = 0x000001AE88A3A3D0, eventID = 0017, event Info = 0x000001AE88A37DC0
[Close] \
Dokan Information: SendAndPullEventInformation() with NTSTATUS 0x0, context 0x88a3a1d0, and result object 0x000001AE88B003B0 with size 48
###QueryVolumeInfo file handle = 0x000001AE88A3A1D0, eventID = 0018, event Info = 0x000001AE88A64B10
[GetVolumeInformation]
Dokan Information: SendAndPullEventInformation() with NTSTATUS 0x0, context 0x88a3a1d0, and result object 0x000001AE88B003B0 with size 64
###GetFileInfo file handle = 0x000001AE88A3A1D0, eventID = 0018, event Info = 0x000001AE88A64B10
	result =  0
	FileAllInformation
	DispatchQueryInformation result =  0
Dokan Information: SendAndPullEventInformation() with NTSTATUS 0x0, context 0x88a3a1d0, and result object 0x000001AE88B003B0 with size 140
###Cleanup file handle = 0x000001AE88A3A1D0, eventID = 0018, event Info = 0x000001AE88A64B10
Dokan Information: SendAndPullEventInformation() with NTSTATUS 0x0, context 0x88a3a1d0, and result object 0x000001AE88B003B0 with size 48
###Close file handle = 0x000001AE88A3A1D0, eventID = 0018, event Info = 0x000001AE88A64B10
[Close] \
###Create file handle = 0x000001AE88A3A3D0, eventID = 0019, event Info = 0x000001AE88A37DC0
[ZwCreateFile] \
Dokan Information: DokanEndDispatchCreate() status = 0, file handle = 0x000001AE88A3A3D0, eventID = 0019, result = 0x1
Dokan Information: SendAndPullEventInformation() with NTSTATUS 0x0, context 0x88a3a3d0, and result object 0x000001AE88B003B0 with size 48
###QueryVolumeInfo file handle = 0x000001AE88A3A3D0, eventID = 0019, event Info = 0x000001AE88A37DC0
[GetVolumeInformation]
Dokan Information: SendAndPullEventInformation() with NTSTATUS 0x0, context 0x88a3a3d0, and result object 0x000001AE88B003B0 with size 64
###GetFileInfo file handle = 0x000001AE88A3A3D0, eventID = 0019, event Info = 0x000001AE88A37DC0
	result =  0
	FileAllInformation
	DispatchQueryInformation result =  0
Dokan Information: SendAndPullEventInformation() with NTSTATUS 0x0, context 0x88a3a3d0, and result object 0x000001AE88B003B0 with size 140
###Cleanup file handle = 0x000001AE88A3A3D0, eventID = 0019, event Info = 0x000001AE88A37DC0
Dokan Information: SendAndPullEventInformation() with NTSTATUS 0x0, context 0x88a3a3d0, and result object 0x000001AE88B003B0 with size 48
###Close file handle = 0x000001AE88A3A3D0, eventID = 0019, event Info = 0x000001AE88A37DC0
[Close] \
###Create file handle = 0x000001AE88A3A1D0, eventID = 0020, event Info = 0x000001AE88A64B10
[ZwCreateFile] \
Dokan Information: DokanEndDispatchCreate() status = 0, file handle = 0x000001AE88A3A1D0, eventID = 0020, result = 0x1
Dokan Information: SendAndPullEventInformation() with NTSTATUS 0x0, context 0x88a3a1d0, and result object 0x000001AE88B003B0 with size 48
###QueryVolumeInfo file handle = 0x000001AE88A3A1D0, eventID = 0020, event Info = 0x000001AE88A64B10
[GetVolumeInformation]
Dokan Information: SendAndPullEventInformation() with NTSTATUS 0x0, context 0x88a3a1d0, and result object 0x000001AE88B003B0 with size 64
###GetFileInfo file handle = 0x000001AE88A3A1D0, eventID = 0020, event Info = 0x000001AE88A64B10
	result =  0
	FileAllInformation
	DispatchQueryInformation result =  0
Dokan Information: SendAndPullEventInformation() with NTSTATUS 0x0, context 0x88a3a1d0, and result object 0x000001AE88B003B0 with size 140
###Cleanup file handle = 0x000001AE88A3A1D0, eventID = 0020, event Info = 0x000001AE88A64B10
Dokan Information: SendAndPullEventInformation() with NTSTATUS 0x0, context 0x88a3a1d0, and result object 0x000001AE88B003B0 with size 48
###Close file handle = 0x000001AE88A3A1D0, eventID = 0020, event Info = 0x000001AE88A64B10
[Close] \
###Create file handle = 0x000001AE88A3A1D0, eventID = 0021, event Info = 0x000001AE88A37DC0
[ZwCreateFile] \
Dokan Information: DokanEndDispatchCreate() status = 0, file handle = 0x000001AE88A3A1D0, eventID = 0021, result = 0x1
Dokan Information: SendAndPullEventInformation() with NTSTATUS 0x0, context 0x88a3a1d0, and result object 0x000001AE88B003B0 with size 48
###QueryVolumeInfo file handle = 0x000001AE88A3A1D0, eventID = 0021, event Info = 0x000001AE88A37DC0
[GetVolumeInformation]
Dokan Information: SendAndPullEventInformation() with NTSTATUS 0x0, context 0x88a3a1d0, and result object 0x000001AE88B003B0 with size 64
###GetFileInfo file handle = 0x000001AE88A3A1D0, eventID = 0021, event Info = 0x000001AE88A37DC0
	result =  0
	FileAllInformation
	DispatchQueryInformation result =  0
Dokan Information: SendAndPullEventInformation() with NTSTATUS 0x0, context 0x88a3a1d0, and result object 0x000001AE88B003B0 with size 140
###Cleanup file handle = 0x000001AE88A3A1D0, eventID = 0021, event Info = 0x000001AE88A37DC0
Dokan Information: SendAndPullEventInformation() with NTSTATUS 0x0, context 0x88a3a1d0, and result object 0x000001AE88B003B0 with size 48
###Close file handle = 0x000001AE88A3A1D0, eventID = 0021, event Info = 0x000001AE88A37DC0
[Close] \
###Create file handle = 0x000001AE88A3A3D0, eventID = 0022, event Info = 0x000001AE88A64B10
[ZwCreateFile] \
Dokan Information: DokanEndDispatchCreate() status = 0, file handle = 0x000001AE88A3A3D0, eventID = 0022, result = 0x1
Dokan Information: SendAndPullEventInformation() with NTSTATUS 0x0, context 0x88a3a3d0, and result object 0x000001AE88B003B0 with size 48
###QueryVolumeInfo file handle = 0x000001AE88A3A3D0, eventID = 0022, event Info = 0x000001AE88A64B10
[GetVolumeInformation]
Dokan Information: SendAndPullEventInformation() with NTSTATUS 0x0, context 0x88a3a3d0, and result object 0x000001AE88B003B0 with size 64
###GetFileInfo file handle = 0x000001AE88A3A3D0, eventID = 0022, event Info = 0x000001AE88A64B10
	result =  0
	FileAllInformation
	DispatchQueryInformation result =  0
Dokan Information: SendAndPullEventInformation() with NTSTATUS 0x0, context 0x88a3a3d0, and result object 0x000001AE88B003B0 with size 140
###Cleanup file handle = 0x000001AE88A3A3D0, eventID = 0022, event Info = 0x000001AE88A64B10
Dokan Information: SendAndPullEventInformation() with NTSTATUS 0x0, context 0x88a3a3d0, and result object 0x000001AE88B003B0 with size 48
###Close file handle = 0x000001AE88A3A3D0, eventID = 0022, event Info = 0x000001AE88A64B10
[Close] \
###Create file handle = 0x000001AE88A3A1D0, eventID = 0023, event Info = 0x000001AE88A37DC0
[ZwCreateFile] \
Dokan Information: DokanEndDispatchCreate() status = 0, file handle = 0x000001AE88A3A1D0, eventID = 0023, result = 0x1
Dokan Information: SendAndPullEventInformation() with NTSTATUS 0x0, context 0x88a3a1d0, and result object 0x000001AE88B003B0 with size 48
###QueryVolumeInfo file handle = 0x000001AE88A3A1D0, eventID = 0023, event Info = 0x000001AE88A37DC0
[GetVolumeInformation]
Dokan Information: SendAndPullEventInformation() with NTSTATUS 0x0, context 0x88a3a1d0, and result object 0x000001AE88B003B0 with size 64
###GetFileInfo file handle = 0x000001AE88A3A1D0, eventID = 0023, event Info = 0x000001AE88A37DC0
	result =  0
	FileAllInformation
	DispatchQueryInformation result =  0
Dokan Information: SendAndPullEventInformation() with NTSTATUS 0x0, context 0x88a3a1d0, and result object 0x000001AE88B003B0 with size 140
###Cleanup file handle = 0x000001AE88A3A1D0, eventID = 0023, event Info = 0x000001AE88A37DC0
Dokan Information: SendAndPullEventInformation() with NTSTATUS 0x0, context 0x88a3a1d0, and result object 0x000001AE88B003B0 with size 48
###Close file handle = 0x000001AE88A3A1D0, eventID = 0023, event Info = 0x000001AE88A37DC0
[Close] \
###Create file handle = 0x000001AE88A3A1D0, eventID = 0024, event Info = 0x000001AE88A64B10
[ZwCreateFile] \
Dokan Information: DokanEndDispatchCreate() status = 0, file handle = 0x000001AE88A3A1D0, eventID = 0024, result = 0x1
Dokan Information: SendAndPullEventInformation() with NTSTATUS 0x0, context 0x88a3a1d0, and result object 0x000001AE88B003B0 with size 48
###QueryVolumeInfo file handle = 0x000001AE88A3A1D0, eventID = 0024, event Info = 0x000001AE88A64B10
[GetVolumeInformation]
Dokan Information: SendAndPullEventInformation() with NTSTATUS 0x0, context 0x88a3a1d0, and result object 0x000001AE88B003B0 with size 64
###GetFileInfo file handle = 0x000001AE88A3A1D0, eventID = 0024, event Info = 0x000001AE88A64B10
	result =  0
	FileAllInformation
	DispatchQueryInformation result =  0
Dokan Information: SendAndPullEventInformation() with NTSTATUS 0x0, context 0x88a3a1d0, and result object 0x000001AE88B003B0 with size 140
###Cleanup file handle = 0x000001AE88A3A1D0, eventID = 0024, event Info = 0x000001AE88A64B10
Dokan Information: SendAndPullEventInformation() with NTSTATUS 0x0, context 0x88a3a1d0, and result object 0x000001AE88B003B0 with size 48
###Close file handle = 0x000001AE88A3A1D0, eventID = 0024, event Info = 0x000001AE88A64B10
[Close] ###Create file handle = 0x000001AE88A3A3D0, eventID = 0025, event Info = 0x000001AE88A37DC0
\
[ZwCreateFile] \
Dokan Information: DokanEndDispatchCreate() status = 0, file handle = 0x000001AE88A3A3D0, eventID = 0025, result = 0x1
Dokan Information: SendAndPullEventInformation() with NTSTATUS 0x0, context 0x88a3a3d0, and result object 0x000001AE88B003B0 with size 48
###QueryVolumeInfo file handle = 0x000001AE88A3A3D0, eventID = 0025, event Info = 0x000001AE88A37DC0
[GetVolumeInformation]
Dokan Information: SendAndPullEventInformation() with NTSTATUS 0x0, context 0x88a3a3d0, and result object 0x000001AE88B003B0 with size 64
###GetFileInfo file handle = 0x000001AE88A3A3D0, eventID = 0025, event Info = 0x000001AE88A37DC0
	result =  0
	FileAllInformation
	DispatchQueryInformation result =  0
Dokan Information: SendAndPullEventInformation() with NTSTATUS 0x0, context 0x88a3a3d0, and result object 0x000001AE88B003B0 with size 140
###Cleanup file handle = 0x000001AE88A3A3D0, eventID = 0025, event Info = 0x000001AE88A37DC0
Dokan Information: SendAndPullEventInformation() with NTSTATUS 0x0, context 0x88a3a3d0, and result object 0x000001AE88B003B0 with size 48
###Close file handle = 0x000001AE88A3A3D0, eventID = 0025, event Info = 0x000001AE88A37DC0
[Close] ###Create file handle = 0x000001AE88A3A3D0, eventID = 0026, event Info = 0x000001AE88A64B10
\
[ZwCreateFile] \
Dokan Information: DokanEndDispatchCreate() status = 0, file handle = 0x000001AE88A3A3D0, eventID = 0026, result = 0x1
Dokan Information: SendAndPullEventInformation() with NTSTATUS 0x0, context 0x88a3a3d0, and result object 0x000001AE88B003B0 with size 48
###QueryVolumeInfo file handle = 0x000001AE88A3A3D0, eventID = 0026, event Info = 0x000001AE88A64B10
[GetVolumeInformation]
Dokan Information: SendAndPullEventInformation() with NTSTATUS 0x0, context 0x88a3a3d0, and result object 0x000001AE88B003B0 with size 64
###GetFileInfo file handle = 0x000001AE88A3A3D0, eventID = 0026, event Info = 0x000001AE88A64B10
	result =  0
	FileAllInformation
	DispatchQueryInformation result =  0
Dokan Information: SendAndPullEventInformation() with NTSTATUS 0x0, context 0x88a3a3d0, and result object 0x000001AE88B003B0 with size 140
###Cleanup file handle = 0x000001AE88A3A3D0, eventID = 0026, event Info = 0x000001AE88A64B10
Dokan Information: SendAndPullEventInformation() with NTSTATUS 0x0, context 0x88a3a3d0, and result object 0x000001AE88B003B0 with size 48
###Close file handle = 0x000001AE88A3A3D0, eventID = 0026, event Info = 0x000001AE88A64B10
[Close] \
###Create file handle = 0x000001AE88A3A1D0, eventID = 0027, event Info = 0x000001AE88A37DC0
[ZwCreateFile] \
Dokan Information: DokanEndDispatchCreate() status = 0, file handle = 0x000001AE88A3A1D0, eventID = 0027, result = 0x1
Dokan Information: SendAndPullEventInformation() with NTSTATUS 0x0, context 0x88a3a1d0, and result object 0x000001AE88B003B0 with size 48
###QueryVolumeInfo file handle = 0x000001AE88A3A1D0, eventID = 0027, event Info = 0x000001AE88A37DC0
[GetVolumeInformation]
Dokan Information: SendAndPullEventInformation() with NTSTATUS 0x0, context 0x88a3a1d0, and result object 0x000001AE88B003B0 with size 64
###GetFileInfo file handle = 0x000001AE88A3A1D0, eventID = 0027, event Info = 0x000001AE88A37DC0
	result =  0
	FileAllInformation
	DispatchQueryInformation result =  0
Dokan Information: SendAndPullEventInformation() with NTSTATUS 0x0, context 0x88a3a1d0, and result object 0x000001AE88B003B0 with size 140
###Cleanup file handle = 0x000001AE88A3A1D0, eventID = 0027, event Info = 0x000001AE88A37DC0
Dokan Information: SendAndPullEventInformation() with NTSTATUS 0x0, context 0x88a3a1d0, and result object 0x000001AE88B003B0 with size 48
###Close file handle = 0x000001AE88A3A1D0, eventID = 0027, event Info = 0x000001AE88A37DC0
[Close] \
###Create file handle = 0x000001AE88A3A3D0, eventID = 0028, event Info = 0x000001AE88A64B10
[ZwCreateFile] \
Dokan Information: DokanEndDispatchCreate() status = 0, file handle = 0x000001AE88A3A3D0, eventID = 0028, result = 0x1
Dokan Information: SendAndPullEventInformation() with NTSTATUS 0x0, context 0x88a3a3d0, and result object 0x000001AE88B003B0 with size 48
###QueryVolumeInfo file handle = 0x000001AE88A3A3D0, eventID = 0028, event Info = 0x000001AE88A64B10
[GetVolumeInformation]
Dokan Information: SendAndPullEventInformation() with NTSTATUS 0x0, context 0x88a3a3d0, and result object 0x000001AE88B003B0 with size 64
###GetFileInfo file handle = 0x000001AE88A3A3D0, eventID = 0028, event Info = 0x000001AE88A64B10
	result =  0
	FileAllInformation
	DispatchQueryInformation result =  0
Dokan Information: SendAndPullEventInformation() with NTSTATUS 0x0, context 0x88a3a3d0, and result object 0x000001AE88B003B0 with size 140
###Cleanup file handle = 0x000001AE88A3A3D0, eventID = 0028, event Info = 0x000001AE88A64B10
Dokan Information: SendAndPullEventInformation() with NTSTATUS 0x0, context 0x88a3a3d0, and result object 0x000001AE88B003B0 with size 48
###Close file handle = 0x000001AE88A3A3D0, eventID = 0028, event Info = 0x000001AE88A64B10
[Close] ###Create file handle = 0x000001AE88A3A1D0, eventID = 0029, event Info = 0x000001AE88A37DC0
\
[ZwCreateFile] \
Dokan Information: DokanEndDispatchCreate() status = 0, file handle = 0x000001AE88A3A1D0, eventID = 0029, result = 0x1
Dokan Information: SendAndPullEventInformation() with NTSTATUS 0x0, context 0x88a3a1d0, and result object 0x000001AE88B003B0 with size 48
###QueryVolumeInfo file handle = 0x000001AE88A3A1D0, eventID = 0029, event Info = 0x000001AE88A37DC0
[GetVolumeInformation]
Dokan Information: SendAndPullEventInformation() with NTSTATUS 0x0, context 0x88a3a1d0, and result object 0x000001AE88B003B0 with size 64
###GetFileInfo file handle = 0x000001AE88A3A1D0, eventID = 0029, event Info = 0x000001AE88A37DC0
	result =  0
	FileAllInformation
	DispatchQueryInformation result =  0
Dokan Information: SendAndPullEventInformation() with NTSTATUS 0x0, context 0x88a3a1d0, and result object 0x000001AE88B003B0 with size 140
###Cleanup file handle = 0x000001AE88A3A1D0, eventID = 0029, event Info = 0x000001AE88A37DC0
Dokan Information: SendAndPullEventInformation() with NTSTATUS 0x0, context 0x88a3a1d0, and result object 0x000001AE88B003B0 with size 48
###Close file handle = 0x000001AE88A3A1D0, eventID = 0029, event Info = 0x000001AE88A37DC0
[Close] \
###Create file handle = 0x000001AE88A3A3D0, eventID = 0030, event Info = 0x000001AE88A64B10
[ZwCreateFile] \
Dokan Information: DokanEndDispatchCreate() status = 0, file handle = 0x000001AE88A3A3D0, eventID = 0030, result = 0x1
Dokan Information: SendAndPullEventInformation() with NTSTATUS 0x0, context 0x88a3a3d0, and result object 0x000001AE88B003B0 with size 48
###QueryVolumeInfo file handle = 0x000001AE88A3A3D0, eventID = 0030, event Info = 0x000001AE88A64B10
[GetVolumeInformation]
Dokan Information: SendAndPullEventInformation() with NTSTATUS 0x0, context 0x88a3a3d0, and result object 0x000001AE88B003B0 with size 64
###GetFileInfo file handle = 0x000001AE88A3A3D0, eventID = 0030, event Info = 0x000001AE88A64B10
	result =  0
	FileAllInformation
	DispatchQueryInformation result =  0
Dokan Information: SendAndPullEventInformation() with NTSTATUS 0x0, context 0x88a3a3d0, and result object 0x000001AE88B003B0 with size 140
###Cleanup file handle = 0x000001AE88A3A3D0, eventID = 0030, event Info = 0x000001AE88A64B10
Dokan Information: SendAndPullEventInformation() with NTSTATUS 0x0, context 0x88a3a3d0, and result object 0x000001AE88B003B0 with size 48
###Close file handle = 0x000001AE88A3A3D0, eventID = 0030, event Info = 0x000001AE88A64B10
[Close] \
###Create file handle = 0x000001AE88A3A1D0, eventID = 0031, event Info = 0x000001AE88A37DC0
[ZwCreateFile] \
Dokan Information: DokanEndDispatchCreate() status = 0, file handle = 0x000001AE88A3A1D0, eventID = 0031, result = 0x1
Dokan Information: SendAndPullEventInformation() with NTSTATUS 0x0, context 0x88a3a1d0, and result object 0x000001AE88B003B0 with size 48
###QueryVolumeInfo file handle = 0x000001AE88A3A1D0, eventID = 0031, event Info = 0x000001AE88A37DC0
[GetVolumeInformation]
Dokan Information: SendAndPullEventInformation() with NTSTATUS 0x0, context 0x88a3a1d0, and result object 0x000001AE88B003B0 with size 64
###GetFileInfo file handle = 0x000001AE88A3A1D0, eventID = 0031, event Info = 0x000001AE88A37DC0
	result =  0
	FileAllInformation
	DispatchQueryInformation result =  0
Dokan Information: SendAndPullEventInformation() with NTSTATUS 0x0, context 0x88a3a1d0, and result object 0x000001AE88B003B0 with size 140
###Cleanup file handle = 0x000001AE88A3A1D0, eventID = 0031, event Info = 0x000001AE88A37DC0
Dokan Information: SendAndPullEventInformation() with NTSTATUS 0x0, context 0x88a3a1d0, and result object 0x000001AE88B003B0 with size 48
###Close file handle = 0x000001AE88A3A1D0, eventID = 0031, event Info = 0x000001AE88A37DC0
[Close] \
###Create file handle = 0x000001AE88A3A3D0, eventID = 0032, event Info = 0x000001AE88A64B10
[ZwCreateFile] \
Dokan Information: DokanEndDispatchCreate() status = 0, file handle = 0x000001AE88A3A3D0, eventID = 0032, result = 0x1
Dokan Information: SendAndPullEventInformation() with NTSTATUS 0x0, context 0x88a3a3d0, and result object 0x000001AE88B003B0 with size 48
###QueryVolumeInfo file handle = 0x000001AE88A3A3D0, eventID = 0032, event Info = 0x000001AE88A64B10
[GetVolumeInformation]
Dokan Information: SendAndPullEventInformation() with NTSTATUS 0x0, context 0x88a3a3d0, and result object 0x000001AE88B003B0 with size 64
###GetFileInfo file handle = 0x000001AE88A3A3D0, eventID = 0032, event Info = 0x000001AE88A64B10
	result =  0
	FileAllInformation
	DispatchQueryInformation result =  0
Dokan Information: SendAndPullEventInformation() with NTSTATUS 0x0, context 0x88a3a3d0, and result object 0x000001AE88B003B0 with size 140
###Cleanup file handle = 0x000001AE88A3A3D0, eventID = 0032, event Info = 0x000001AE88A64B10
Dokan Information: SendAndPullEventInformation() with NTSTATUS 0x0, context 0x88a3a3d0, and result object 0x000001AE88B003B0 with size 48
###Close file handle = 0x000001AE88A3A3D0, eventID = 0032, event Info = 0x000001AE88A64B10
[Close] \
###Create file handle = 0x000001AE88A3A1D0, eventID = 0033, event Info = 0x000001AE88A37DC0
[ZwCreateFile] \
Dokan Information: DokanEndDispatchCreate() status = 0, file handle = 0x000001AE88A3A1D0, eventID = 0033, result = 0x1
Dokan Information: SendAndPullEventInformation() with NTSTATUS 0x0, context 0x88a3a1d0, and result object 0x000001AE88B003B0 with size 48
###QueryVolumeInfo file handle = 0x000001AE88A3A1D0, eventID = 0033, event Info = 0x000001AE88A37DC0
[GetVolumeInformation]
Dokan Information: SendAndPullEventInformation() with NTSTATUS 0x0, context 0x88a3a1d0, and result object 0x000001AE88B003B0 with size 64
###GetFileInfo file handle = 0x000001AE88A3A1D0, eventID = 0033, event Info = 0x000001AE88A37DC0
	result =  0
	FileAllInformation
	DispatchQueryInformation result =  0
Dokan Information: SendAndPullEventInformation() with NTSTATUS 0x0, context 0x88a3a1d0, and result object 0x000001AE88B003B0 with size 140
###Cleanup file handle = 0x000001AE88A3A1D0, eventID = 0033, event Info = 0x000001AE88A37DC0
Dokan Information: SendAndPullEventInformation() with NTSTATUS 0x0, context 0x88a3a1d0, and result object 0x000001AE88B003B0 with size 48
###Close file handle = 0x000001AE88A3A1D0, eventID = 0033, event Info = 0x000001AE88A37DC0
[Close] \
###Create file handle = 0x000001AE88A3A3D0, eventID = 0034, event Info = 0x000001AE88A64B10
[ZwCreateFile] \
Dokan Information: DokanEndDispatchCreate() status = 0, file handle = 0x000001AE88A3A3D0, eventID = 0034, result = 0x1
Dokan Information: SendAndPullEventInformation() with NTSTATUS 0x0, context 0x88a3a3d0, and result object 0x000001AE88B003B0 with size 48
###QueryVolumeInfo file handle = 0x000001AE88A3A3D0, eventID = 0034, event Info = 0x000001AE88A64B10
[GetVolumeInformation]
Dokan Information: SendAndPullEventInformation() with NTSTATUS 0x0, context 0x88a3a3d0, and result object 0x000001AE88B003B0 with size 64
###GetFileInfo file handle = 0x000001AE88A3A3D0, eventID = 0034, event Info = 0x000001AE88A64B10
	result =  0
	FileAllInformation
	DispatchQueryInformation result =  0
Dokan Information: SendAndPullEventInformation() with NTSTATUS 0x0, context 0x88a3a3d0, and result object 0x000001AE88B003B0 with size 140
###Cleanup file handle = 0x000001AE88A3A3D0, eventID = 0034, event Info = 0x000001AE88A64B10
Dokan Information: SendAndPullEventInformation() with NTSTATUS 0x0, context 0x88a3a3d0, and result object 0x000001AE88B003B0 with size 48
###Close file handle = 0x000001AE88A3A3D0, eventID = 0034, event Info = 0x000001AE88A64B10
[Close] \
###Create file handle = 0x000001AE88A3A3D0, eventID = 0035, event Info = 0x000001AE88A37DC0
[ZwCreateFile] \
Dokan Information: DokanEndDispatchCreate() status = 0, file handle = 0x000001AE88A3A3D0, eventID = 0035, result = 0x1
Dokan Information: SendAndPullEventInformation() with NTSTATUS 0x0, context 0x88a3a3d0, and result object 0x000001AE88B003B0 with size 48
###QueryVolumeInfo file handle = 0x000001AE88A3A3D0, eventID = 0035, event Info = 0x000001AE88A37DC0
[GetVolumeInformation]
Dokan Information: SendAndPullEventInformation() with NTSTATUS 0x0, context 0x88a3a3d0, and result object 0x000001AE88B003B0 with size 64
###GetFileInfo file handle = 0x000001AE88A3A3D0, eventID = 0035, event Info = 0x000001AE88A37DC0
	result =  0
	FileAllInformation
	DispatchQueryInformation result =  0
Dokan Information: SendAndPullEventInformation() with NTSTATUS 0x0, context 0x88a3a3d0, and result object 0x000001AE88B003B0 with size 140
###Cleanup file handle = 0x000001AE88A3A3D0, eventID = 0035, event Info = 0x000001AE88A37DC0
Dokan Information: SendAndPullEventInformation() with NTSTATUS 0x0, context 0x88a3a3d0, and result object 0x000001AE88B003B0 with size 48
###Close file handle = 0x000001AE88A3A3D0, eventID = 0035, event Info = 0x000001AE88A37DC0
[Close] \
###Create file handle = 0x000001AE88A3A1D0, eventID = 0036, event Info = 0x000001AE88A64B10
[ZwCreateFile] \
Dokan Information: DokanEndDispatchCreate() status = 0, file handle = 0x000001AE88A3A1D0, eventID = 0036, result = 0x1
Dokan Information: SendAndPullEventInformation() with NTSTATUS 0x0, context 0x88a3a1d0, and result object 0x000001AE88B003B0 with size 48
###QueryVolumeInfo file handle = 0x000001AE88A3A1D0, eventID = 0036, event Info = 0x000001AE88A64B10
[GetVolumeInformation]
Dokan Information: SendAndPullEventInformation() with NTSTATUS 0x0, context 0x88a3a1d0, and result object 0x000001AE88B003B0 with size 64
###GetFileInfo file handle = 0x000001AE88A3A1D0, eventID = 0036, event Info = 0x000001AE88A64B10
	result =  0
	FileAllInformation
	DispatchQueryInformation result =  0
Dokan Information: SendAndPullEventInformation() with NTSTATUS 0x0, context 0x88a3a1d0, and result object 0x000001AE88B003B0 with size 140
###Cleanup file handle = 0x000001AE88A3A1D0, eventID = 0036, event Info = 0x000001AE88A64B10
Dokan Information: SendAndPullEventInformation() with NTSTATUS 0x0, context 0x88a3a1d0, and result object 0x000001AE88B003B0 with size 48
###Close file handle = 0x000001AE88A3A1D0, eventID = 0036, event Info = 0x000001AE88A64B10
[Close] \
###Create file handle = 0x000001AE88A3A3D0, eventID = 0037, event Info = 0x000001AE88A37DC0
[ZwCreateFile] \
Dokan Information: DokanEndDispatchCreate() status = 0, file handle = 0x000001AE88A3A3D0, eventID = 0037, result = 0x1
Dokan Information: SendAndPullEventInformation() with NTSTATUS 0x0, context 0x88a3a3d0, and result object 0x000001AE88B003B0 with size 48
###QueryVolumeInfo file handle = 0x000001AE88A3A3D0, eventID = 0037, event Info = 0x000001AE88A37DC0
[GetVolumeInformation]
Dokan Information: SendAndPullEventInformation() with NTSTATUS 0x0, context 0x88a3a3d0, and result object 0x000001AE88B003B0 with size 64
###GetFileInfo file handle = 0x000001AE88A3A3D0, eventID = 0037, event Info = 0x000001AE88A37DC0
	result =  0
	FileAllInformation
	DispatchQueryInformation result =  0
Dokan Information: SendAndPullEventInformation() with NTSTATUS 0x0, context 0x88a3a3d0, and result object 0x000001AE88B003B0 with size 140
###Cleanup file handle = 0x000001AE88A3A3D0, eventID = 0037, event Info = 0x000001AE88A37DC0
Dokan Information: SendAndPullEventInformation() with NTSTATUS 0x0, context 0x88a3a3d0, and result object 0x000001AE88B003B0 with size 48
###Close file handle = 0x000001AE88A3A3D0, eventID = 0037, event Info = 0x000001AE88A37DC0
###Create file handle = 0x000001AE88A3A1D0, eventID = 0038, event Info = 0x000001AE88A64B10
[Close] \
[ZwCreateFile] \
Dokan Information: DokanEndDispatchCreate() status = 0, file handle = 0x000001AE88A3A1D0, eventID = 0038, result = 0x1
Dokan Information: SendAndPullEventInformation() with NTSTATUS 0x0, context 0x88a3a1d0, and result object 0x000001AE88B003B0 with size 48
###QueryVolumeInfo file handle = 0x000001AE88A3A1D0, eventID = 0038, event Info = 0x000001AE88A64B10
[GetVolumeInformation]
Dokan Information: SendAndPullEventInformation() with NTSTATUS 0x0, context 0x88a3a1d0, and result object 0x000001AE88B003B0 with size 64
###GetFileInfo file handle = 0x000001AE88A3A1D0, eventID = 0038, event Info = 0x000001AE88A64B10
	result =  0
	FileAllInformation
	DispatchQueryInformation result =  0
Dokan Information: SendAndPullEventInformation() with NTSTATUS 0x0, context 0x88a3a1d0, and result object 0x000001AE88B003B0 with size 140
###Cleanup file handle = 0x000001AE88A3A1D0, eventID = 0038, event Info = 0x000001AE88A64B10
Dokan Information: SendAndPullEventInformation() with NTSTATUS 0x0, context 0x88a3a1d0, and result object 0x000001AE88B003B0 with size 48
###Close file handle = 0x000001AE88A3A1D0, eventID = 0038, event Info = 0x000001AE88A64B10
[Close] \
###Create file handle = 0x000001AE88A3A3D0, eventID = 0039, event Info = 0x000001AE88A37DC0
[ZwCreateFile] \
Dokan Information: DokanEndDispatchCreate() status = 0, file handle = 0x000001AE88A3A3D0, eventID = 0039, result = 0x1
Dokan Information: SendAndPullEventInformation() with NTSTATUS 0x0, context 0x88a3a3d0, and result object 0x000001AE88B003B0 with size 48
###QueryVolumeInfo file handle = 0x000001AE88A3A3D0, eventID = 0039, event Info = 0x000001AE88A37DC0
[GetVolumeInformation]
Dokan Information: SendAndPullEventInformation() with NTSTATUS 0x0, context 0x88a3a3d0, and result object 0x000001AE88B003B0 with size 64
###GetFileInfo file handle = 0x000001AE88A3A3D0, eventID = 0039, event Info = 0x000001AE88A37DC0
	result =  0
	FileAllInformation
	DispatchQueryInformation result =  0
Dokan Information: SendAndPullEventInformation() with NTSTATUS 0x0, context 0x88a3a3d0, and result object 0x000001AE88B003B0 with size 140
###Cleanup file handle = 0x000001AE88A3A3D0, eventID = 0039, event Info = 0x000001AE88A37DC0
Dokan Information: SendAndPullEventInformation() with NTSTATUS 0x0, context 0x88a3a3d0, and result object 0x000001AE88B003B0 with size 48
###Close file handle = 0x000001AE88A3A3D0, eventID = 0039, event Info = 0x000001AE88A37DC0
[Close] \
###Create file handle = 0x000001AE88A3A1D0, eventID = 0040, event Info = 0x000001AE88A64B10
[ZwCreateFile] \
Dokan Information: DokanEndDispatchCreate() status = 0, file handle = 0x000001AE88A3A1D0, eventID = 0040, result = 0x1
Dokan Information: SendAndPullEventInformation() with NTSTATUS 0x0, context 0x88a3a1d0, and result object 0x000001AE88B003B0 with size 48
###QueryVolumeInfo file handle = 0x000001AE88A3A1D0, eventID = 0040, event Info = 0x000001AE88A64B10
[GetVolumeInformation]
Dokan Information: SendAndPullEventInformation() with NTSTATUS 0x0, context 0x88a3a1d0, and result object 0x000001AE88B003B0 with size 64
###GetFileInfo file handle = 0x000001AE88A3A1D0, eventID = 0040, event Info = 0x000001AE88A64B10
	result =  0
	FileAllInformation
	DispatchQueryInformation result =  0
Dokan Information: SendAndPullEventInformation() with NTSTATUS 0x0, context 0x88a3a1d0, and result object 0x000001AE88B003B0 with size 140
###Cleanup file handle = 0x000001AE88A3A1D0, eventID = 0040, event Info = 0x000001AE88A64B10
Dokan Information: SendAndPullEventInformation() with NTSTATUS 0x0, context 0x88a3a1d0, and result object 0x000001AE88B003B0 with size 48
###Close file handle = 0x000001AE88A3A1D0, eventID = 0040, event Info = 0x000001AE88A64B10
[Close] \
###Create file handle = 0x000001AE88A3A3D0, eventID = 0041, event Info = 0x000001AE88A37DC0
[ZwCreateFile] \
Dokan Information: DokanEndDispatchCreate() status = 0, file handle = 0x000001AE88A3A3D0, eventID = 0041, result = 0x1
Dokan Information: SendAndPullEventInformation() with NTSTATUS 0x0, context 0x88a3a3d0, and result object 0x000001AE88B003B0 with size 48
###QueryVolumeInfo file handle = 0x000001AE88A3A3D0, eventID = 0041, event Info = 0x000001AE88A37DC0
[GetVolumeInformation]
Dokan Information: SendAndPullEventInformation() with NTSTATUS 0x0, context 0x88a3a3d0, and result object 0x000001AE88B003B0 with size 64
###GetFileInfo file handle = 0x000001AE88A3A3D0, eventID = 0041, event Info = 0x000001AE88A37DC0
	result =  0
	FileAllInformation
	DispatchQueryInformation result =  0
Dokan Information: SendAndPullEventInformation() with NTSTATUS 0x0, context 0x88a3a3d0, and result object 0x000001AE88B003B0 with size 140
###Cleanup file handle = 0x000001AE88A3A3D0, eventID = 0041, event Info = 0x000001AE88A37DC0
Dokan Information: SendAndPullEventInformation() with NTSTATUS 0x0, context 0x88a3a3d0, and result object 0x000001AE88B003B0 with size 48
###Close file handle = 0x000001AE88A3A3D0, eventID = 0041, event Info = 0x000001AE88A37DC0
[Close] \
###Create file handle = 0x000001AE88A3A1D0, eventID = 0042, event Info = 0x000001AE88A64B10
[ZwCreateFile] \
Dokan Information: DokanEndDispatchCreate() status = 0, file handle = 0x000001AE88A3A1D0, eventID = 0042, result = 0x1
Dokan Information: SendAndPullEventInformation() with NTSTATUS 0x0, context 0x88a3a1d0, and result object 0x000001AE88B003B0 with size 48
###QueryVolumeInfo file handle = 0x000001AE88A3A1D0, eventID = 0042, event Info = 0x000001AE88A64B10
[GetVolumeInformation]
Dokan Information: SendAndPullEventInformation() with NTSTATUS 0x0, context 0x88a3a1d0, and result object 0x000001AE88B003B0 with size 64
###GetFileInfo file handle = 0x000001AE88A3A1D0, eventID = 0042, event Info = 0x000001AE88A64B10
	result =  0
	FileAllInformation
	DispatchQueryInformation result =  0
Dokan Information: SendAndPullEventInformation() with NTSTATUS 0x0, context 0x88a3a1d0, and result object 0x000001AE88B003B0 with size 140
###Cleanup file handle = 0x000001AE88A3A1D0, eventID = 0042, event Info = 0x000001AE88A64B10
Dokan Information: SendAndPullEventInformation() with NTSTATUS 0x0, context 0x88a3a1d0, and result object 0x000001AE88B003B0 with size 48
###Close file handle = 0x000001AE88A3A1D0, eventID = 0042, event Info = 0x000001AE88A64B10
[Close] ###Create file handle = 0x000001AE88A3A3D0, eventID = 0043, event Info = 0x000001AE88A37DC0
\
[ZwCreateFile] \
Dokan Information: DokanEndDispatchCreate() status = 0, file handle = 0x000001AE88A3A3D0, eventID = 0043, result = 0x1
Dokan Information: SendAndPullEventInformation() with NTSTATUS 0x0, context 0x88a3a3d0, and result object 0x000001AE88B003B0 with size 48
###QueryVolumeInfo file handle = 0x000001AE88A3A3D0, eventID = 0043, event Info = 0x000001AE88A37DC0
[GetVolumeInformation]
Dokan Information: SendAndPullEventInformation() with NTSTATUS 0x0, context 0x88a3a3d0, and result object 0x000001AE88B003B0 with size 64
###GetFileInfo file handle = 0x000001AE88A3A3D0, eventID = 0043, event Info = 0x000001AE88A37DC0
	result =  0
	FileAllInformation
	DispatchQueryInformation result =  0
Dokan Information: SendAndPullEventInformation() with NTSTATUS 0x0, context 0x88a3a3d0, and result object 0x000001AE88B003B0 with size 140
###Cleanup file handle = 0x000001AE88A3A3D0, eventID = 0043, event Info = 0x000001AE88A37DC0
Dokan Information: SendAndPullEventInformation() with NTSTATUS 0x0, context 0x88a3a3d0, and result object 0x000001AE88B003B0 with size 48
###Close file handle = 0x000001AE88A3A3D0, eventID = 0043, event Info = 0x000001AE88A37DC0
[Close] \
###Create file handle = 0x000001AE88A3A1D0, eventID = 0044, event Info = 0x000001AE88A64B10
[ZwCreateFile] \
Dokan Information: DokanEndDispatchCreate() status = 0, file handle = 0x000001AE88A3A1D0, eventID = 0044, result = 0x1
Dokan Information: SendAndPullEventInformation() with NTSTATUS 0x0, context 0x88a3a1d0, and result object 0x000001AE88B003B0 with size 48
###QueryVolumeInfo file handle = 0x000001AE88A3A1D0, eventID = 0044, event Info = 0x000001AE88A64B10
[GetVolumeInformation]
Dokan Information: SendAndPullEventInformation() with NTSTATUS 0x0, context 0x88a3a1d0, and result object 0x000001AE88B003B0 with size 64
###GetFileInfo file handle = 0x000001AE88A3A1D0, eventID = 0044, event Info = 0x000001AE88A64B10
	result =  0
	FileAllInformation
	DispatchQueryInformation result =  0
Dokan Information: SendAndPullEventInformation() with NTSTATUS 0x0, context 0x88a3a1d0, and result object 0x000001AE88B003B0 with size 140
###Cleanup file handle = 0x000001AE88A3A1D0, eventID = 0044, event Info = 0x000001AE88A64B10
Dokan Information: SendAndPullEventInformation() with NTSTATUS 0x0, context 0x88a3a1d0, and result object 0x000001AE88B003B0 with size 48
###Close file handle = 0x000001AE88A3A1D0, eventID = 0044, event Info = 0x000001AE88A64B10
[Close] \
###Create file handle = 0x000001AE88A3A3D0, eventID = 0045, event Info = 0x000001AE88A37DC0
[ZwCreateFile] \
Dokan Information: DokanEndDispatchCreate() status = 0, file handle = 0x000001AE88A3A3D0, eventID = 0045, result = 0x1
Dokan Information: SendAndPullEventInformation() with NTSTATUS 0x0, context 0x88a3a3d0, and result object 0x000001AE88B003B0 with size 48
###QueryVolumeInfo file handle = 0x000001AE88A3A3D0, eventID = 0045, event Info = 0x000001AE88A37DC0
[GetVolumeInformation]
Dokan Information: SendAndPullEventInformation() with NTSTATUS 0x0, context 0x88a3a3d0, and result object 0x000001AE88B003B0 with size 64
###GetFileInfo file handle = 0x000001AE88A3A3D0, eventID = 0045, event Info = 0x000001AE88A37DC0
	result =  0
	FileAllInformation
	DispatchQueryInformation result =  0
Dokan Information: SendAndPullEventInformation() with NTSTATUS 0x0, context 0x88a3a3d0, and result object 0x000001AE88B003B0 with size 140
###Cleanup file handle = 0x000001AE88A3A3D0, eventID = 0045, event Info = 0x000001AE88A37DC0
Dokan Information: SendAndPullEventInformation() with NTSTATUS 0x0, context 0x88a3a3d0, and result object 0x000001AE88B003B0 with size 48
###Close file handle = 0x000001AE88A3A3D0, eventID = 0045, event Info = 0x000001AE88A37DC0
[Close] \
###Create file handle = 0x000001AE88A3A3D0, eventID = 0046, event Info = 0x000001AE88A37DC0
[ZwCreateFile] \
Dokan Information: DokanEndDispatchCreate() status = 0, file handle = 0x000001AE88A3A3D0, eventID = 0046, result = 0x1
Dokan Information: SendAndPullEventInformation() with NTSTATUS 0x0, context 0x88a3a3d0, and result object 0x000001AE88B003B0 with size 48
###QueryVolumeInfo file handle = 0x000001AE88A3A3D0, eventID = 0046, event Info = 0x000001AE88A37DC0
[GetVolumeInformation]
Dokan Information: SendAndPullEventInformation() with NTSTATUS 0x0, context 0x88a3a3d0, and result object 0x000001AE88B003B0 with size 74
###QueryVolumeInfo file handle = 0x000001AE88A3A3D0, eventID = 0046, event Info = 0x000001AE88A37DC0
[GetVolumeInformation]
Dokan Information: SendAndPullEventInformation() with NTSTATUS 0x0, context 0x88a3a3d0, and result object 0x000001AE88B003B0 with size 68
###Cleanup file handle = 0x000001AE88A3A3D0, eventID = 0046, event Info = 0x000001AE88A37DC0
Dokan Information: SendAndPullEventInformation() with NTSTATUS 0x0, context 0x88a3a3d0, and result object 0x000001AE88B003B0 with size 48
###Close file handle = 0x000001AE88A3A3D0, eventID = 0046, event Info = 0x000001AE88A37DC0
[Close] \
###Create file handle = 0x000001AE88A3A1D0, eventID = 0047, event Info = 0x000001AE88A64B10
[ZwCreateFile] \
Dokan Information: DokanEndDispatchCreate() status = 0, file handle = 0x000001AE88A3A1D0, eventID = 0047, result = 0x1
Dokan Information: SendAndPullEventInformation() with NTSTATUS 0x0, context 0x88a3a1d0, and result object 0x000001AE88B003B0 with size 48
###GetFileInfo file handle = 0x000001AE88A3A1D0, eventID = 0047, event Info = 0x000001AE88A64B10
	result =  0
	FileBasicInformation
	DispatchQueryInformation result =  0
Dokan Information: SendAndPullEventInformation() with NTSTATUS 0x0, context 0x88a3a1d0, and result object 0x000001AE88B003B0 with size 80
###Cleanup file handle = 0x000001AE88A3A1D0, eventID = 0047, event Info = 0x000001AE88A64B10
Dokan Information: SendAndPullEventInformation() with NTSTATUS 0x0, context 0x88a3a1d0, and result object 0x000001AE88B003B0 with size 48
###Close file handle = 0x000001AE88A3A1D0, eventID = 0047, event Info = 0x000001AE88A64B10
[Close] \
###Create file handle = 0x000001AE88A3A1D0, eventID = 0048, event Info = 0x000001AE88A37DC0
[ZwCreateFile] \gost_w.exe
Dokan Information: DokanEndDispatchCreate() status = c0000034, file handle = 0x0000000000000000, eventID = -001, result = 0x5
Dokan Information: SendAndPullEventInformation() with NTSTATUS 0xc0000034, context 0x0, and result object 0x000001AE88B003B0 with size 48
###Create file handle = 0x000001AE88A3A1D0, eventID = 0049, event Info = 0x000001AE88A37DC0
[ZwCreateFile] \gost_w.exe
Dokan Information: DokanEndDispatchCreate() status = c0000034, file handle = 0x0000000000000000, eventID = -001, result = 0x5
Dokan Information: SendAndPullEventInformation() with NTSTATUS 0xc0000034, context 0x0, and result object 0x000001AE88B003B0 with size 48
###Create file handle = 0x000001AE88A3A1D0, eventID = 0050, event Info = 0x000001AE88A37DC0
[ZwCreateFile] \
Dokan Information: DokanEndDispatchCreate() status = 0, file handle = 0x000001AE88A3A1D0, eventID = 0050, result = 0x1
Dokan Information: SendAndPullEventInformation() with NTSTATUS 0x0, context 0x88a3a1d0, and result object 0x000001AE88B003B0 with size 48
###FindFiles file handle = 0x000001AE88A3A1D0, eventID = 0050, event Info = 0x000001AE88A37DC0
WriteDirectoryResults() New directory index is -1.
  STATUS_NO_SUCH_FILE
Dokan Information: SendAndPullEventInformation() with NTSTATUS 0xc000000f, context 0x88a3a1d0, and result object 0x000001AE88B003B0 with size 48
###Cleanup file handle = 0x000001AE88A3A1D0, eventID = 0050, event Info = 0x000001AE88A37DC0
Dokan Information: SendAndPullEventInformation() with NTSTATUS 0x0, context 0x88a3a1d0, and result object 0x000001AE88B003B0 with size 48
###Close file handle = 0x000001AE88A3A1D0, eventID = 0050, event Info = 0x000001AE88A37DC0
[Close] \
###Create file handle = 0x000001AE88A3A3D0, eventID = 0051, event Info = 0x000001AE88A64B10
[ZwCreateFile] \gost_w.exe
Dokan Information: DokanEndDispatchCreate() status = 0, file handle = 0x000001AE88A3A3D0, eventID = 0051, result = 0x2
Dokan Information: SendAndPullEventInformation() with NTSTATUS 0x0, context 0x88a3a3d0, and result object 0x000001AE88B003B0 with size 48
###GetFileInfo file handle = 0x000001AE88A3A3D0, eventID = 0051, event Info = 0x000001AE88A64B10
	result =  c0000034
	DispatchQueryInformation result =  c0000034
Dokan Information: SendAndPullEventInformation() with NTSTATUS 0xc000000d, context 0x88a3a3d0, and result object 0x000001AE88B003B0 with size 48
###GetFileInfo file handle = 0x000001AE88A3A3D0, eventID = 0051, event Info = 0x000001AE88A64B10
	result =  c0000034
	DispatchQueryInformation result =  c0000034
Dokan Information: SendAndPullEventInformation() with NTSTATUS 0xc000000d, context 0x88a3a3d0, and result object 0x000001AE88B003B0 with size 48
###GetFileInfo file handle = 0x000001AE88A3A3D0, eventID = 0051, event Info = 0x000001AE88A64B10
	result =  c0000034
	DispatchQueryInformation result =  c0000034
Dokan Information: SendAndPullEventInformation() with NTSTATUS 0xc000000d, context 0x88a3a3d0, and result object 0x000001AE88B003B0 with size 48
###GetFileInfo file handle = 0x000001AE88A3A3D0, eventID = 0051, event Info = 0x000001AE88A64B10
	result =  c0000034
	DispatchQueryInformation result =  c0000034
Dokan Information: SendAndPullEventInformation() with NTSTATUS 0xc000000d, context 0x88a3a3d0, and result object 0x000001AE88B003B0 with size 48
###QueryVolumeInfo file handle = 0x000001AE88A3A3D0, eventID = 0051, event Info = 0x000001AE88A64B10
[GetVolumeInformation]
Dokan Information: SendAndPullEventInformation() with NTSTATUS 0x0, context 0x88a3a3d0, and result object 0x000001AE88B003B0 with size 68
###GetFileInfo file handle = 0x000001AE88A3A3D0, eventID = 0051, event Info = 0x000001AE88A64B10
	result =  c0000034
	DispatchQueryInformation result =  c0000034
Dokan Information: SendAndPullEventInformation() with NTSTATUS 0xc000000d, context 0x88a3a3d0, and result object 0x000001AE88B003B0 with size 48
###SetFileInfo file handle = 0x000001AE88A3A3D0, eventID = 0051, FileInformationClass = 20, event Info = 0x000001AE88A64B10
	DispatchSetInformation result =  0
Dokan Information: SendAndPullEventInformation() with NTSTATUS 0x0, context 0x88a3a3d0, and result object 0x000001AE88B003B0 with size 48
###GetFileInfo file handle = 0x000001AE88A3A3D0, eventID = 0051, event Info = 0x000001AE88A64B10
	result =  c0000034
	DispatchQueryInformation result =  c0000034
###WriteFile file handle = 0x000001AE88A3A3D0, eventID = 0051, event Info = 0x000001AE88A37DC0
Dokan Information: SendAndPullEventInformation() with NTSTATUS 0xc000000d, context 0x88a3a3d0, and result object 0x000001AE88B003B0 with size 48
###WriteFile file handle = 0x000001AE88A3A3D0, eventID = 0051, event Info = 0x000001AE88A64950
[Write] off=0 len=1048576
###WriteFile file handle = 0x000001AE88A3A3D0, eventID = 0051, event Info = 0x000001AE88A64B10
[Write] off=1048576 len=1048576
Dokan Information: SendAndPullEventInformation() with NTSTATUS 0x0, context 0x88a3a3d0, and result object 0x000001AE8A906E10 with size 48
[Write] oDokan Information: SendAndPullEventInformation() with NTSTATUS 0x0, context 0x88a3a3d0, and result object 0x000001AE8A90A140 with size 48
ff=2097152 len=1048576
###GetFileInfo file handle = 0x000001AE88A3A3D0, eventID = 0051, event Info = 0x000001AE88A64170
###GetFileInfo file handle = 0x000001AE88A3A3D0, eventID = 0051, event Info = 0x000001AE88A37DC0
###WriteFile file handle = 0x000001AE88A3A3D0, eventID = 0051, event Info = 0x000001AE88A64020
###WriteFile file handle = 0x000001AE88A3A3D0, eventID = 0051, event Info = 0x000001AE88A64950
	result =  c0000034
[Write	DispatchQueryInformation result =  c0000034
] off=3145728 len=1048576
	result =  c0000034
[Write] off=4194304 len=1048576
	DispatchQueryInformation result =  c0000034
Dokan Information: SendAndPullEventInformation() with NTSTATUS 0xc000000d, context 0x88a3a3d0, and result object 0x000001AE8A907F20 with size 48
Dokan Information: SendAndPullEventInformation() with NTSTATUS 0x0, context 0x88a3a3d0, and result object 0x000001AE88B003B0 with size 48
Dokan Information: SendAndPullEventInformation() with NTSTATUS 0x0, context 0x88a3a3d0, and result object 0x000001AE8A906E10 with size 48
Dokan Information: SendAndPullEventInformation() with NTSTATUS 0x0, context 0x88a3a3d0, and result object 0x000001AE8A90A140 with size 48
Dokan Information: SendAndPullEventInformation() with NTSTATUS 0xc000000d, context 0x88a3a3d0, and result object 0x000001AE8A90B250 with size 48
###GetFileInfo file handle = 0x000001AE88A3A3D0, eventID = 0051, event Info = 0x000001AE88A64170
	result =  c0000034
	DispatchQueryInformation result =  c0000034
Dokan Information: SendAndPullEventInformation() with NTSTATUS 0xc000000d, context 0x88a3a3d0, and result object 0x000001AE8A90B250 with size 48
###WriteFile file handle = 0x000001AE88A3A3D0, eventID = 0051, event Info = 0x000001AE88A64950
###GetFileInfo file handle = 0x000001AE88A3A3D0, eventID = 0051, event Info = 0x000001AE88A64170
	result =  c0000034
[Write] off=5242880 len=1048576
	DispatchQueryInformation result =  c0000034
###WriteFile file handle = 0x000001AE88A3A3D0, eventID = 0051, event Info = 0x000001AE88A64020
###WriteFile file handle = 0x000001AE88A3A3D0, eventID = 0051, event Info = 0x000001AE88A64B10
Dokan Information: SendAndPullEventInformation() with NTSTATUS 0xc000000d, context 0x88a3a3d0, and result object 0x000001AE8A90B250 with size 48
[Write] off=6291456 len=1048576
Dokan Information: SendAndPullEventInformation() with NTSTATUS 0x0, context 0x88a3a3d0, and result object 0x000001AE8A90A140 with size 48
[Write] off=7340032 leDokan Information: SendAndPullEventInformation() with NTSTATUS 0x0, context 0x88a3a3d0, and result object 0x000001AE8A906E10 with size 48
n=1048576
###GetFileInfo file handle = 0x000001AE88A3A3D0, eventID = 0051, event Info = 0x000001AE88A64950
###WriteFile file handle = 0x000001AE88A3A3D0, eventID = 0051, event Info = 0x000001AE88A64170
###WriteFile file handle = 0x000001AE88A3A3D0, eventID = 0051, event Info = 0x000001AE88A64020
	result =  c0000034
[Write] off=8388608 len=1048576
	DispatchQueryInformation result =  c0000034
[Write] off=9437184 len=1048576
Dokan Information: SendAndPullEventInformation() with NTSTATUS 0x0, context 0x88a3a3d0, and result object 0x000001AE88B003B0 with size 48
Dokan Information: SendAndPullEventInformation() with NTSTATUS 0xc000000d, context 0x88a3a3d0, and result object 0x000001AE8A90A140 with size 48
Dokan Information: SendAndPullEventInformation() with NTSTATUS 0x0, context 0x88a3a3d0, and result object 0x000001AE8A90B250 with size 48
Dokan Information: SendAndPullEventInformation() with NTSTATUS 0x0, context 0x88a3a3d0, and result object 0x000001AE8A906E10 with size 48
###GetFileInfo file handle = 0x000001AE88A3A3D0, eventID = 0051, event Info = 0x000001AE88A64020
	result =  c0000034
	DispatchQueryInformation result =  c0000034
Dokan Information: SendAndPullEventInformation() with NTSTATUS 0xc000000d, context 0x88a3a3d0, and result object 0x000001AE8A906E10 with size 48
###WriteFile file handle = 0x000001AE88A3A3D0, eventID = 0051, event Info = 0x000001AE88A64170
###GetFileInfo file handle = 0x000001AE88A3A3D0, eventID = 0051, event Info = 0x000001AE88A64020
###WriteFile file handle = 0x000001AE88A3A3D0, eventID = 0051, event Info = 0x000001AE88A64950
[Write] off=10485760 len=1048576
	result =  c0000034
[Write] off=11534336 len=1048576
###WriteFile file handle = 0x000001AE88A3A3D0, eventID = 0051, event Info = 0x000001AE88A64B10
	DispatchQueryInformation result =  c0000034
Dokan Information: SendAndPullEventInformation() with NTSTATUS 0xc000000d, context 0x88a3a3d0, and result object 0x000001AE8A906E10 with size 48
[Write] off=12582912 lDokan Information: SendAndPullEventInformation() with NTSTATUS 0x0, context 0x88a3a3d0, and result object 0x000001AE8A90A140 with size 48
enDokan Information: SendAndPullEventInformation() with NTSTATUS 0x0, context 0x88a3a3d0, and result object 0x000001AE8A90B250 with size 48
=696320
Dokan Information: SendAndPullEventInformation() with NTSTATUS 0x0, context 0x88a3a3d0, and result object 0x000001AE88B003B0 with size 48
###QueryVolumeInfo file handle = 0x000001AE88A3A3D0, eventID = 0051, event Info = 0x000001AE88A64B10
[GetVolumeInformation]
Dokan Information: SendAndPullEventInformation() with NTSTATUS 0x0, context 0x88a3a3d0, and result object 0x000001AE88B003B0 with size 68
###GetFileInfo file handle = 0x000001AE88A3A3D0, eventID = 0051, event Info = 0x000001AE88A64B10
	result =  c0000034
	DispatchQueryInformation result =  c0000034
Dokan Information: SendAndPullEventInformation() with NTSTATUS 0xc000000d, context 0x88a3a3d0, and result object 0x000001AE88B003B0 with size 48
###Create file handle = 0x000001AE88A3A1D0, eventID = 0052, event Info = 0x000001AE88A64B10
[ZwCreateFile] \gost_w.exe:Zone.Identifier:$DATA
Dokan Information: DokanEndDispatchCreate() status = 0, file handle = 0x000001AE88A3A1D0, eventID = 0052, result = 0x2
Dokan Information: SendAndPullEventInformation() with NTSTATUS 0x0, context 0x88a3a1d0, and result object 0x000001AE88B003B0 with size 48
###GetFileInfo file handle = 0x000001AE88A3A1D0, eventID = 0052, event Info = 0x000001AE88A64B10
	result =  c0000034
	DispatchQueryInformation result =  c0000034
Dokan Information: SendAndPullEventInformation() with NTSTATUS 0xc000000d, context 0x88a3a1d0, and result object 0x000001AE88B003B0 with size 48
###GetFileInfo file handle = 0x000001AE88A3A1D0, eventID = 0052, event Info = 0x000001AE88A64B10
	result =  c0000034
	DispatchQueryInformation result =  c0000034
Dokan Information: SendAndPullEventInformation() with NTSTATUS 0xc000000d, context 0x88a3a1d0, and result object 0x000001AE88B003B0 with size 48
###GetFileInfo file handle = 0x000001AE88A3A1D0, eventID = 0052, event Info = 0x000001AE88A64B10
	result =  c0000034
	DispatchQueryInformation result =  c0000034
Dokan Information: SendAndPullEventInformation() with NTSTATUS 0xc000000d, context 0x88a3a1d0, and result object 0x000001AE88B003B0 with size 48
###GetFileInfo file handle = 0x000001AE88A3A1D0, eventID = 0052, event Info = 0x000001AE88A64B10
	result =  c0000034
	DispatchQueryInformation result =  c0000034
Dokan Information: SendAndPullEventInformation() with NTSTATUS 0xc000000d, context 0x88a3a1d0, and result object 0x000001AE88B003B0 with size 48
###QueryVolumeInfo file handle = 0x000001AE88A3A1D0, eventID = 0052, event Info = 0x000001AE88A64B10
[GetVolumeInformation]
Dokan Information: SendAndPullEventInformation() with NTSTATUS 0x0, context 0x88a3a1d0, and result object 0x000001AE88B003B0 with size 68
###QueryVolumeInfo file handle = 0x000001AE88A3A1D0, eventID = 0052, event Info = 0x000001AE88A64B10
Dokan Information: SendAndPullEventInformation() with NTSTATUS 0x0, context 0x88a3a1d0, and result object 0x000001AE88B003B0 with size 64
###SetFileInfo file handle = 0x000001AE88A3A1D0, eventID = 0052, FileInformationClass = 20, event Info = 0x000001AE88A64B10
	DispatchSetInformation result =  0
Dokan Information: SendAndPullEventInformation() with NTSTATUS 0x0, context 0x88a3a1d0, and result object 0x000001AE88B003B0 with size 48
###WriteFile file handle = 0x000001AE88A3A1D0, eventID = 0052, event Info = 0x000001AE88A64B10
[Write] off=0 len=92
###GetFileInfo file handle = 0x000001AE88A3A1D0, eventID = 0052, event Info = 0x000001AE88A64170
Dokan Information: SendAndPullEventInformation() with NTSTATUS 0x0, context 0x88a3a1d0, and result object 0x000001AE88B003B0 with size 48
	result =  c0000034
	DispatchQueryInformation result =  c0000034
###SetFileInfo file handle = 0x000001AE88A3A1D0, eventID = 0052, FileInformationClass = 4, event Info = 0x000001AE88A64950
###GetFileInfo file handle = 0x000001AE88A3A1D0, eventID = 0052, event Info = 0x000001AE88A64B10
Dokan Information: SendAndPullEventInformation() with NTSTATUS 0xc000000d, context 0x88a3a1d0, and result object 0x000001AE8A90B250 with size 48
	DispatchSetInformation result =  c0000002
	result =  c0000034
	DispatchQueryInformation result =  c0000034
Dokan Information: SendAndPullEventInformation() with NTSTATUS 0xc0000002, context 0x88a3a1d0, and result object 0x000001AE8A90A140 with size 48
Dokan Information: SendAndPullEventInformation() with NTSTATUS 0xc000000d, context 0x88a3a1d0, and result object 0x000001AE88B003B0 with size 48
###Cleanup file handle = 0x000001AE88A3A1D0, eventID = 0052, event Info = 0x000001AE88A64950
Dokan Information: SendAndPullEventInformation() with NTSTATUS 0x0, context 0x88a3a1d0, and result object 0x000001AE8A90A140 with size 48
###Close file handle = 0x000001AE88A3A1D0, eventID = 0052, event Info = 0x000001AE88A64950
[Close] \gost_w.exe:Zone.Identifier:$DATA
###SetFileInfo file handle = 0x000001AE88A3A3D0, eventID = 0051, FileInformationClass = 4, event Info = 0x000001AE88A64B10
	DispatchSetInformation result =  c0000002
Dokan Information: SendAndPullEventInformation() with NTSTATUS 0xc0000002, context 0x88a3a3d0, and result object 0x000001AE88B003B0 with size 48
###GetFileInfo file handle = 0x000001AE88A3A3D0, eventID = 0051, event Info = 0x000001AE88A64B10
	result =  c0000034
	DispatchQueryInformation result =  c0000034
Dokan Information: SendAndPullEventInformation() with NTSTATUS 0xc000000d, context 0x88a3a3d0, and result object 0x000001AE88B003B0 with size 48
###Cleanup file handle = 0x000001AE88A3A3D0, eventID = 0051, event Info = 0x000001AE88A64B10
Dokan Information: SendAndPullEventInformation() with NTSTATUS 0x0, context 0x88a3a3d0, and result object 0x000001AE88B003B0 with size 48
###Close file handle = 0x000001AE88A3A3D0, eventID = 0051, event Info = 0x000001AE88A64B10
[Close] \gost_w.exe
###Create file handle = 0x000001AE88A3A3D0, eventID = 0053, event Info = 0x000001AE88A64B10
[ZwCreateFile] \
Dokan Information: DokanEndDispatchCreate() status = 0, file handle = 0x000001AE88A3A3D0, eventID = 0053, result = 0x1
Dokan Information: SendAndPullEventInformation() with NTSTATUS 0x0, context 0x88a3a3d0, and result object 0x000001AE88B003B0 with size 48
###GetFileInfo file handle = 0x000001AE88A3A3D0, eventID = 0053, event Info = 0x000001AE88A64B10
	result =  0
	FileBasicInformation
	DispatchQueryInformation result =  0
Dokan Information: SendAndPullEventInformation() with NTSTATUS 0x0, context 0x88a3a3d0, and result object 0x000001AE88B003B0 with size 80
###Cleanup file handle = 0x000001AE88A3A3D0, eventID = 0053, event Info = 0x000001AE88A64B10
Dokan Information: SendAndPullEventInformation() with NTSTATUS 0x0, context 0x88a3a3d0, and result object 0x000001AE88B003B0 with size 48
###Close file handle = 0x000001AE88A3A3D0, eventID = 0053, event Info = 0x000001AE88A64B10
[Close] \
###Create file handle = 0x000001AE88A3A3D0, eventID = 0054, event Info = 0x000001AE88A64950
[ZwCreateFile] \
Dokan Information: DokanEndDispatchCreate() status = 0, file handle = 0x000001AE88A3A3D0, eventID = 0054, result = 0x1
Dokan Information: SendAndPullEventInformation() with NTSTATUS 0x0, context 0x88a3a3d0, and result object 0x000001AE88B003B0 with size 48
###GetFileInfo file handle = 0x000001AE88A3A3D0, eventID = 0054, event Info = 0x000001AE88A64950
	result =  0
	FileBasicInformation
	DispatchQueryInformation result =  0
Dokan Information: SendAndPullEventInformation() with NTSTATUS 0x0, context 0x88a3a3d0, and result object 0x000001AE88B003B0 with size 80
###Cleanup file handle = 0x000001AE88A3A3D0, eventID = 0054, event Info = 0x000001AE88A64950
Dokan Information: SendAndPullEventInformation() with NTSTATUS 0x0, context 0x88a3a3d0, and result object 0x000001AE88B003B0 with size 48
###Close file handle = 0x000001AE88A3A3D0, eventID = 0054, event Info = 0x000001AE88A64950
[Close] \
###Create file handle = 0x000001AE88A3A3D0, eventID = 0055, event Info = 0x000001AE88A64B10
[ZwCreateFile] \
Dokan Information: DokanEndDispatchCreate() status = 0, file handle = 0x000001AE88A3A3D0, eventID = 0055, result = 0x1
Dokan Information: SendAndPullEventInformation() with NTSTATUS 0x0, context 0x88a3a3d0, and result object 0x000001AE88B003B0 with size 48
###GetFileInfo file handle = 0x000001AE88A3A3D0, eventID = 0055, event Info = 0x000001AE88A64B10
	result =  0
	FileBasicInformation
	DispatchQueryInformation result =  0
Dokan Information: SendAndPullEventInformation() with NTSTATUS 0x0, context 0x88a3a3d0, and result object 0x000001AE88B003B0 with size 80
###Cleanup file handle = 0x000001AE88A3A3D0, eventID = 0055, event Info = 0x000001AE88A64B10
Dokan Information: SendAndPullEventInformation() with NTSTATUS 0x0, context 0x88a3a3d0, and result object 0x000001AE88B003B0 with size 48
###Close file handle = 0x000001AE88A3A3D0, eventID = 0055, event Info = 0x000001AE88A64B10
[Close] \
###Create file handle = 0x000001AE88A3A3D0, eventID = 0056, event Info = 0x000001AE88A64950
[ZwCreateFile] \
Dokan Information: DokanEndDispatchCreate() status = 0, file handle = 0x000001AE88A3A3D0, eventID = 0056, result = 0x1
Dokan Information: SendAndPullEventInformation() with NTSTATUS 0x0, context 0x88a3a3d0, and result object 0x000001AE88B003B0 with size 48
###GetFileInfo file handle = 0x000001AE88A3A3D0, eventID = 0056, event Info = 0x000001AE88A64950
	result =  0
	FileBasicInformation
	DispatchQueryInformation result =  0
Dokan Information: SendAndPullEventInformation() with NTSTATUS 0x0, context 0x88a3a3d0, and result object 0x000001AE88B003B0 with size 80
###Cleanup file handle = 0x000001AE88A3A3D0, eventID = 0056, event Info = 0x000001AE88A64950
Dokan Information: SendAndPullEventInformation() with NTSTATUS 0x0, context 0x88a3a3d0, and result object 0x000001AE88B003B0 with size 48
###Close file handle = 0x000001AE88A3A3D0, eventID = 0056, event Info = 0x000001AE88A64950
[Cl###Create file handle = 0x000001AE88A3A3D0, eventID = 0057, event Info = 0x000001AE88A64B10
ose] \
###Create file handle = 0x000001AE88A3A1D0, eventID = 0058, event Info = 0x000001AE88A64170
[ZwCreateFile] \
[ZwCreateFile] \
Dokan Information: DokanEndDispatchCreate() status = 0, file handle = 0x000001AE88A3A3D0, eventID = 0057, result = 0x1
Dokan Information: DokanEndDispatchCreate() status = 0, file handle = 0x000001AE88A3A1D0, eventID = 0058, result = 0x1
Dokan Information: SendAndPullEventInformation() with NTSTATUS 0x0, context 0x88a3a1d0, and result object 0x000001AE8A90B250 with size 48
Dokan Information: SendAndPullEventInformation() with NTSTATUS 0x0, context 0x88a3a3d0, and result object 0x000001AE88B003B0 with size 48
###GetFileInfo file handle = 0x000001AE88A3A1D0, eventID = 0058, event Info = 0x000001AE88A64170
	result =  0
	FileBasicInformation
	DispatchQueryInformation result =  0
###GetFileInfo file handle = 0x000001AE88A3A3D0, eventID = 0057, event Info = 0x000001AE88A64B10
	result =  0
	FileBasicInformation
	DispatchQueryInformation result =  0
Dokan Information: SendAndPullEventInformation() with NTSTATUS 0x0, context 0x88a3a1d0, and result object 0x000001AE88B003B0 with size 80
Dokan Information: SendAndPullEventInformation() with NTSTATUS 0x0, context 0x88a3a3d0, and result object 0x000001AE8A90B250 with size 80
###GetFileInfo file handle = 0x000001AE88A3A1D0, eventID = 0058, event Info = 0x000001AE88A64170
	result =  0
  unknown type:55
	DispatchQueryInformation result =  c000000d
Dokan Information: SendAndPullEventInformation() with NTSTATUS 0xc000000d, context 0x88a3a1d0, and result object 0x000001AE8A90B250 with size 48
###GetFileInfo file handle = 0x000001AE88A3A3D0, eventID = 0057, event Info = 0x000001AE88A64B10
	result =  0
  unknown type:55
	DispatchQueryInformation result =  c000000d
###FindFiles file handle = 0x000001AE88A3A1D0, eventID = 0058, event Info = 0x000001AE88A64170
Dokan Information: SendAndPullEventInformation() with NTSTATUS 0xc000000d, context 0x88a3a3d0, and result object 0x000001AE8A90B250 with size 48
WriteDirectoryResults() New directory index is -1.
  STATUS_NO_SUCH_FILE
###FindFiles file handle = 0x000001AE88A3A3D0, eventID = 0057, event Info = 0x000001AE88A64B10
Dokan Information: SendAndPullEventInformation() with NTSTATUS 0xc000000f, context 0x88a3a1d0, and result object 0x000001AE88B003B0 with size 48
WriteDirectoryResults() New directory index is -1.
  STATUS_NO_SUCH_FILE
###Cleanup file handle = 0x000001AE88A3A1D0, eventID = 0058, event Info = 0x000001AE88A64170
Dokan Information: SendAndPullEventInformation() with NTSTATUS 0xc000000f, context 0x88a3a3d0, and result object 0x000001AE8A90B250 with size 48
Dokan Information: SendAndPullEventInformation() with NTSTATUS 0x0, context 0x88a3a1d0, and result object 0x000001AE88B003B0 with size 48
###Cleanup file handle = 0x000001AE88A3A3D0, eventID = 0057, event Info = 0x000001AE88A64B10
###Close file handle = 0x000001AE88A3A1D0, eventID = 0058, event Info = 0x000001AE88A64170
[Close] \
###Create file handle = 0x000001AE88A3A150, eventID = 0059, event Info = 0x000001AE88A64950
[ZwCreateFile] \gost_w.exe
Dokan Information: SendAndPullEventInformation() with NTSTATUS 0x0, context 0x88a3a3d0, and result object 0x000001AE8A90B250 with size 48
###Close file handle = 0x000001AE88A3A3D0, eventID = 0057, event Info = 0x000001AE88A64B10
[Close] \
###Create file handle = 0x000001AE88A3A1D0, eventID = 0060, event Info = 0x000001AE88A64170
[ZwCreateFile] \gost_w.exe
Dokan Information: DokanEndDispatchCreate() status = 0, file handle = 0x000001AE88A3A150, eventID = 0059, result = 0x1
Dokan Information: SendAndPullEventInformation() with NTSTATUS 0x0, context 0x88a3a150, and result object 0x000001AE88B003B0 with size 48
###GetFileInfo file handle = 0x000001AE88A3A150, eventID = 0059, event Info = 0x000001AE88A64950
Dokan Information: DokanEndDispatchCreate() status = 0, file handle = 0x000001AE88A3A1D0, eventID = 0060, result = 0x1
Dokan Information: SendAndPullEventInformation() with NTSTATUS 0x0, context 0x88a3a1d0, and result object 0x000001AE8A90B250 with size 48
###GetFileInfo file handle = 0x000001AE88A3A1D0, eventID = 0060, event Info = 0x000001AE88A64170
	result =  0
	FileStandardInformation
	DispatchQueryInformation result =  0
Dokan Information: SendAndPullEventInformation() with NTSTATUS 0x0, context 0x88a3a1d0, and result object 0x000001AE8A90B250 with size 64
	result =  0
	FileStandardInformation
	DispatchQueryInformation result =  0
###QueryVolumeInfo file handle = 0x000001AE88A3A1D0, eventID = 0060, event Info = 0x000001AE88A64170
[GetVolumeInformation]
Dokan Information: SendAndPullEventInformation() with NTSTATUS 0x0, context 0x88a3a150, and result object 0x000001AE88B003B0 with size 64
Dokan Information: SendAndPullEventInformation() with NTSTATUS 0x0, context 0x88a3a1d0, and result object 0x000001AE8A90B250 with size 64
###QueryVolumeInfo file handle = 0x000001AE88A3A150, eventID = 0059, event Info = 0x000001AE88A64950
[GetVolumeInformation]
###GetFileInfo file handle = 0x000001AE88A3A1D0, eventID = 0060, event Info = 0x000001AE88A64170
	result =  0
	FileAllInformation
	DispatchQueryInformation result =  0
Dokan Information: SendAndPullEventInformation() with NTSTATUS 0x0, context 0x88a3a150, and result object 0x000001AE88B003B0 with size 64
Dokan Information: SendAndPullEventInformation() with NTSTATUS 0x0, context 0x88a3a1d0, and result object 0x000001AE8A90B250 with size 140
###GetFileInfo file handle = 0x000001AE88A3A150, eventID = 0059, event Info = 0x000001AE88A64950
	result =  0
	FileAllInformation
	DispatchQueryInformation result =  0
###Cleanup file handle = 0x000001AE88A3A1D0, eventID = 0060, event Info = 0x000001AE88A64170
Dokan Information: SendAndPullEventInformation() with NTSTATUS 0x0, context 0x88a3a150, and result object 0x000001AE88B003B0 with size 140
Dokan Information: SendAndPullEventInformation() with NTSTATUS 0x0, context 0x88a3a1d0, and result object 0x000001AE8A90B250 with size 48
###Cleanup file handle = 0x000001AE88A3A150, eventID = 0059, event Info = 0x000001AE88A64950
Dokan Information: SendAndPullEventInformation() with NTSTATUS 0x0, context 0x88a3a150, and result object 0x000001AE88B003B0 with size 48
###Create file handle = 0x000001AE88A3A3D0, eventID = 0061, event Info = 0x000001AE88A64B10
[ZwCreateFile] \gost_w###Close file handle = 0x000001AE88A3A1D0, eventID = 0060, event Info = 0x000001AE88A64170
.exe
###Close file handle = 0x000001AE88A3A150, eventID = 0059, event Info = 0x000001AE88A64950
[Close] \gost_w.exe
###Create file handle = 0x000001AE88A3A250, eventID = 0062, event Info = 0x000001AE88A64020
[Close] \gost_w.exe
[ZwCreateFile] \gost_w.exe
Dokan Information: DokanEndDispatchCreate() status = 0, file handle = 0x000001AE88A3A3D0, eventID = 0061, result = 0x1
Dokan Information: SendAndPullEventInformation() with NTSTATUS 0x0, context 0x88a3a3d0, and result object 0x000001AE8A90B250 with size 48
###GetFileInfo file handle = 0x000001AE88A3A3D0, eventID = 0061, event Info = 0x000001AE88A64B10
Dokan Information: DokanEndDispatchCreate() status = 0, file handle = 0x000001AE88A3A250, eventID = 0062, result = 0x1
Dokan Information: SendAndPullEventInformation() with NTSTATUS 0x0, context 0x88a3a250, and result object 0x000001AE8A906E10 with size 48
	result =  0
	FileBasicInformation
	DispatchQueryInformation result =  0
###GetFileInfo file handle = 0x000001AE88A3A250, eventID = 0062, event Info = 0x000001AE88A64020
	result =  0
	FileBasicInformation
	DispatchQueryInformation result =  0
Dokan Information: SendAndPullEventInformation() with NTSTATUS 0x0, context 0x88a3a250, and result object 0x000001AE8A906E10 with size 80
Dokan Information: SendAndPullEventInformation() with NTSTATUS 0x0, context 0x88a3a3d0, and result object 0x000001AE8A90B250 with size 80
###Cleanup file handle = 0x000001AE88A3A250, eventID = 0062, event Info = 0x000001AE88A64020
Dokan Information: SendAndPullEventInformation() with NTSTATUS 0x0, context 0x88a3a250, and result object 0x000001AE8A906E10 with size 48
###Cleanup file handle = 0x000001AE88A3A3D0, eventID = 0061, event Info = 0x000001AE88A64B10
Dokan Information: SendAndPullEventInformation() with NTSTATUS 0x0, context 0x88a3a3d0, and result object 0x000001AE8A90B250 with size 48
###Close file handle = 0x000001AE88A3A250, eventID = 0062, event Info = 0x000001AE88A64020
###Close file handle = 0x000001AE88A3A3D0, eventID = 0061, event Info = 0x000001AE88A64B10
[Close] \gost_w.exe
[Close] \gost_w.exe
###Create file handle = 0x000001AE88A3A3D0, eventID = 0063, event Info = 0x000001AE88A64B10
[ZwCreateFile] \gost_w.exe
Dokan Information: DokanEndDispatchCreate() status = 0, file handle = 0x000001AE88A3A3D0, eventID = 0063, result = 0x1
Dokan Information: SendAndPullEventInformation() with NTSTATUS 0x0, context 0x88a3a3d0, and result object 0x000001AE8A90B250 with size 48
###GetFileInfo file handle = 0x000001AE88A3A3D0, eventID = 0063, event Info = 0x000001AE88A64B10
	result =  0
	FileBasicInformation
	DispatchQueryInformation result =  0
Dokan Information: SendAndPullEventInformation() with NTSTATUS 0x0, context 0x88a3a3d0, and result object 0x000001AE8A90B250 with size 80
###Cleanup file handle = 0x000001AE88A3A3D0, eventID = 0063, event Info = 0x000001AE88A64B10
Dokan Information: SendAndPullEventInformation() with NTSTATUS 0x0, context 0x88a3a3d0, and result object 0x000001AE8A90B250 with size 48
###Close file handle = 0x000001AE88A3A3D0, eventID = 0063, event Info = 0x000001AE88A64B10
[Close] \gost_w.exe
###Create file handle = 0x000001AE88A3A250, eventID = 0064, event Info = 0x000001AE88A64020
[ZwCreateFile] \gost_w.exe
Dokan Information: DokanEndDispatchCreate() status = 0, file handle = 0x000001AE88A3A250, eventID = 0064, result = 0x1
Dokan Information: SendAndPullEventInformation() with NTSTATUS 0x0, context 0x88a3a250, and result object 0x000001AE8A90B250 with size 48
###GetFileInfo file handle = 0x000001AE88A3A250, eventID = 0064, event Info = 0x000001AE88A64020
	result =  0
	FileBasicInformation
	DispatchQueryInformation result =  0
Dokan Information: SendAndPullEventInformation() with NTSTATUS 0x0, context 0x88a3a250, and result object 0x000001AE8A90B250 with size 80
###Cleanup file handle = 0x000001AE88A3A250, eventID = 0064, event Info = 0x000001AE88A64020
Dokan Information: SendAndPullEventInformation() with NTSTATUS 0x0, context 0x88a3a250, and result object 0x000001AE8A90B250 with size 48
###Close file handle = 0x000001AE88A3A250, eventID = 0064, event Info = 0x000001AE88A64020
[Close] \gost_w.exe
###Create file handle = 0x000001AE88A3A3D0, eventID = 0065, event Info = 0x000001AE88A64B10
[ZwCreateFile] \gost_w.exe
Dokan Information: DokanEndDispatchCreate() status = 0, file handle = 0x000001AE88A3A3D0, eventID = 0065, result = 0x1
Dokan Information: SendAndPullEventInformation() with NTSTATUS 0x0, context 0x88a3a3d0, and result object 0x000001AE8A90B250 with size 48
###GetFileInfo file handle = 0x000001AE88A3A3D0, eventID = 0065, event Info = 0x000001AE88A64B10
	result =  0
	FileBasicInformation
	DispatchQueryInformation result =  0
Dokan Information: SendAndPullEventInformation() with NTSTATUS 0x0, context 0x88a3a3d0, and result object 0x000001AE8A90B250 with size 80
###Cleanup file handle = 0x000001AE88A3A3D0, eventID = 0065, event Info = 0x000001AE88A64B10
Dokan Information: SendAndPullEventInformation() with NTSTATUS 0x0, context 0x88a3a3d0, and result object 0x000001AE8A90B250 with size 48
###Close file handle = 0x000001AE88A3A3D0, eventID = 0065, event Info = 0x000001AE88A64B10
[Close] \gost_w.exe
###Create file handle = 0x000001AE88A3A250, eventID = 0066, event Info = 0x000001AE88A64020
[ZwCreateFile] \gost_w.exe
Dokan Information: DokanEndDispatchCreate() status = 0, file handle = 0x000001AE88A3A250, eventID = 0066, result = 0x1
Dokan Information: SendAndPullEventInformation() with NTSTATUS 0x0, context 0x88a3a250, and result object 0x000001AE8A90B250 with size 48
###GetFileInfo file handle = 0x000001AE88A3A250, eventID = 0066, event Info = 0x000001AE88A64020
	result =  0
	FileBasicInformation
	DispatchQueryInformation result =  0
Dokan Information: SendAndPullEventInformation() with NTSTATUS 0x0, context 0x88a3a250, and result object 0x000001AE8A90B250 with size 80
###GetFileInfo file handle = 0x000001AE88A3A250, eventID = 0066, event Info = 0x000001AE88A64020
	result =  0
	FileStandardInformation
	DispatchQueryInformation result =  0
Dokan Information: SendAndPullEventInformation() with NTSTATUS 0x0, context 0x88a3a250, and result object 0x000001AE8A90B250 with size 64
###GetFileInfo file handle = 0x000001AE88A3A250, eventID = 0066, event Info = 0x000001AE88A64020
	result =  0
	FileInternalInformation
	DispatchQueryInformation result =  0
Dokan Information: SendAndPullEventInformation() with NTSTATUS 0x0, context 0x88a3a250, and result object 0x000001AE8A90B250 with size 48
###GetFileInfo file handle = 0x000001AE88A3A250, eventID = 0066, event Info = 0x000001AE88A64020
	result =  0
	FileStandardInformation
	DispatchQueryInformation result =  0
Dokan Information: SendAndPullEventInformation() with NTSTATUS 0x0, context 0x88a3a250, and result object 0x000001AE8A90B250 with size 64
###GetFileInfo file handle = 0x000001AE88A3A250, eventID = 0066, event Info = 0x000001AE88A64020
	result =  0
	FileBasicInformation
	DispatchQueryInformation result =  0
Dokan Information: SendAndPullEventInformation() with NTSTATUS 0x0, context 0x88a3a250, and result object 0x000001AE8A90B250 with size 80
###GetFileInfo file handle = 0x000001AE88A3A250, eventID = 0066, event Info = 0x000001AE88A64020
	result =  0
	FileAttributeTagInformation
	DispatchQueryInformation result =  0
Dokan Information: SendAndPullEventInformation() with NTSTATUS 0x0, context 0x88a3a250, and result object 0x000001AE8A90B250 with size 48
###GetFileInfo file handle = 0x000001AE88A3A250, eventID = 0066, event Info = 0x000001AE88A64020
	result =  0
	FileStandardInformation
	DispatchQueryInformation result =  0
Dokan Information: SendAndPullEventInformation() with NTSTATUS 0x0, context 0x88a3a250, and result object 0x000001AE8A90B250 with size 64
###GetFileInfo file handle = 0x000001AE88A3A250, eventID = 0066, event Info = 0x000001AE88A64020
	result =  0
	FileBasicInformation
	DispatchQueryInformation result =  0
Dokan Information: SendAndPullEventInformation() with NTSTATUS 0x0, context 0x88a3a250, and result object 0x000001AE8A90B250 with size 80
###GetFileInfo file handle = 0x000001AE88A3A250, eventID = 0066, event Info = 0x000001AE88A64020
FileStreamInformation
Dokan Information: SendAndPullEventInformation() with NTSTATUS 0x0, context 0x88a3a250, and result object 0x000001AE8A90B250 with size 48
###GetFileInfo file handle = 0x000001AE88A3A250, eventID = 0066, event Info = 0x000001AE88A64020
	result =  0
	FileBasicInformation
	DispatchQueryInformation result =  0
Dokan Information: SendAndPullEventInformation() with NTSTATUS 0x0, context 0x88a3a250, and result object 0x000001AE8A90B250 with size 80
###GetFileInfo file handle = 0x000001AE88A3A250, eventID = 0066, event Info = 0x000001AE88A64020
	result =  0
	FileEaInformation
	DispatchQueryInformation result =  0
Dokan Information: SendAndPullEventInformation() with NTSTATUS 0x0, context 0x88a3a250, and result object 0x000001AE8A90B250 with size 48
###QueryVolumeInfo file handle = 0x000001AE88A3A250, eventID = 0066, event Info = 0x000001AE88A64020
[GetVolumeInformation]
Dokan Information: SendAndPullEventInformation() with NTSTATUS 0x0, context 0x88a3a250, and result object 0x000001AE8A90B250 with size 68
###Read file handle = 0x000001AE88A3A250, eventID = 0066, event Info = 0x000001AE88A64020
###Read file handle = 0x000001AE88A3A250, eventID = 0066, event Info = 0x000001AE88A64950
###Read file handle = 0x000001AE88A3A250, eventID = 0066, event Info = 0x000001AE88A64170
Dokan Information: SendAndPullEventInformation() with NTSTATUS 0x0, context 0x88a3a250, and result object 0x000001AE8ABB5040 with size 1048616
###Read file handle = 0x000001AE88A3A250, eventID = 0066, event Info = 0x000001AE88A64020
Dokan Information: SendAndPullEventInformation() with NTSTATUS 0x0, context 0x88a3a250, and result object 0x000001AE8ACC0040 with size 1048616
###Read file handle = 0x000001AE88A3A250, eventID = 0066, event Info = 0x000001AE88A64950
Dokan Information: SendAndPullEventInformation() with NTSTATUS 0x0, context 0x88a3a250, and result object 0x000001AE8ADD8040 with size 1048616
###Read file handle = 0x000001AE88A3A250, eventID = 0066, event Info = 0x000001AE88A64170
Dokan Information: SendAndPullEventInformation() with NTSTATUS 0x0, context 0x88a3a250, and result object 0x000001AE8ABBC040 with size 1048616
###Read file handle = 0x000001AE88A3A250, eventID = 0066, event Info = 0x000001AE88A64020
Dokan Information: SendAndPullEventInformation() with NTSTATUS 0x0, context 0x88a3a250, and result object 0x000001AE8ACCC040 with size 1048616
###Read file handle = 0x000001AE88A3A250, eventID = 0066, event Info = 0x000001AE88A64950
Dokan Information: SendAndPullEventInformation() with NTSTATUS 0x0, context 0x88a3a250, and result object 0x000001AE8ADD9040 with size 1048616
###Read file handle = 0x000001AE88A3A250, eventID = 0066, event Info = 0x000001AE88A64170
Dokan Information: SendAndPullEventInformation() with NTSTATUS 0x0, context 0x88a3a250, and result object 0x000001AE8ABB1040 with size 1048616
###Read file handle = 0x000001AE88A3A250, eventID = 0066, event Info = 0x000001AE88A64020
Dokan Information: SendAndPullEventInformation() with NTSTATUS 0x0, context 0x88a3a250, and result object 0x000001AE8ACCE040 with size 1048616
###Read file handle = 0x000001AE88A3A250, eventID = 0066, event Info = 0x000001AE88A64950
Dokan Information: SendAndPullEventInformation() with NTSTATUS 0x0, context 0x88a3a250, and result object 0x000001AE8ADDB040 with size 1048616
###Read file handle = 0x000001AE88A3A250, eventID = 0066, event Info = 0x000001AE88A64170
Dokan Information: SendAndPullEventInformation() with NTSTATUS 0x0, context 0x88a3a250, and result object 0x000001AE8ABB0040 with size 1048616
###Read file handle = 0x000001AE88A3A250, eventID = 0066, event Info = 0x000001AE88A64020
Dokan Information: SendAndPullEventInformation() with NTSTATUS 0x0, context 0x88a3a250, and result object 0x000001AE8ACC7040 with size 1048616
Dokan Information: SendAndPullEventInformation() with NTSTATUS 0x0, context 0x88a3a250, and result object 0x000001AE8ADDB040 with size 1048616
Dokan Information: SendAndPullEventInformation() with NTSTATUS 0x0, context 0x88a3a250, and result object 0x000001AE8ABB1040 with size 696360
###Cleanup file handle = 0x000001AE88A3A250, eventID = 0066, event Info = 0x000001AE88A64020
Dokan Information: SendAndPullEventInformation() with NTSTATUS 0x0, context 0x88a3a250, and result object 0x000001AE8A90B250 with size 48
###Close file handle = 0x000001AE88A3A250, eventID = 0066, event Info = 0x000001AE88A64020
