Dokan: debug mode on
Dokan: use stderr
AllocationUnitSize: 512 SectorSize: 512
Global device opened
Dokan: Using 12 main pull threads with ipc batching: 0
Dokan Information: mounted: Y: -> \Volume{d6cc17c5-172b-4085-bce7-964f1e9f5de9}
[Mount###QueryVolumeInfo file handle = 0x0000000000000000, eventID = -001, event Info = 0x000001D1A009AFB0
e###QueryVolumeInfo file handle = 0x0000000000000000, eventID = -001, event Info = 0x000001D1A009B1E0
d]
[GetVolumeInformation]
[GetVolumeInformation]
Dokan Information: SendAndPullEventInformation() with NTSTATUS 0x0, context 0x0, and result object 0x000001D1A01645C0 with size 64
Dokan Information: SendAndPullEventInformation() with NTSTATUS 0x80000005, context 0x0, and result object 0x000001D1A01655F0 with size 56
###Create file handle = 0x000001D1A009A140, eventID = 0001, event Info = 0x000001D1A009B1E0
[ZwCreateFile] \
Dokan Information: DokanEndDispatchCreate() status = 0, file handle = 0x000001D1A009A140, eventID = 0001, result = 0x1
Dokan Information: SendAndPullEventInformation() with NTSTATUS 0x0, context 0xa009a140, and result object 0x000001D1A01655F0 with size 48
###GetFileInfo file handle = 0x000001D1A009A140, eventID = 0001, event Info = 0x000001D1A009B1E0
	result =  0
  unknown type:54
	DispatchQueryInformation result =  c000000d
Dokan Information: SendAndPullEventInformation() with NTSTATUS 0xc000000d, context 0xa009a140, and result object 0x000001D1A01655F0 with size 48
###GetFileInfo file handle = 0x000001D1A009A140, eventID = 0001, event Info = 0x000001D1A009B1E0
	result =  0
	FileStandardInformation
	DispatchQueryInformation result =  0
Dokan Information: SendAndPullEventInformation() with NTSTATUS 0x0, context 0xa009a140, and result object 0x000001D1A01655F0 with size 64
###QueryVolumeInfo file handle = 0x000001D1A009A140, eventID = 0001, event Info = 0x000001D1A009B1E0
[GetVolumeInformation]
Dokan Information: SendAndPullEventInformation() with NTSTATUS 0x0, context 0xa009a140, and result object 0x000001D1A01655F0 with size 74
###Cleanup file handle = 0x000001D1A009A140, eventID = 0001, event Info = 0x000001D1A009B1E0
Dokan Information: SendAndPullEventInformation() with NTSTATUS 0x0, context 0xa009a140, and result object 0x000001D1A01655F0 with size 48
###Close file handle = 0x000001D1A009A140, eventID = 0001, event Info = 0x000001D1A009B1E0
[Close] \
###Create file handle = 0x000001D1A009A140, eventID = 0002, event Info = 0x000001D1A009B1E0
[ZwCreateFile] \
Dokan Information: DokanEndDispatchCreate() status = 0, file handle = 0x000001D1A009A140, eventID = 0002, result = 0x1
Dokan Information: SendAndPullEventInformation() with NTSTATUS 0x0, context 0xa009a140, and result object 0x000001D1A01655F0 with size 48
###GetFileInfo file handle = 0x000001D1A009A140, eventID = 0002, event Info = 0x000001D1A009B1E0
	result =  0
	FileStandardInformation
	DispatchQueryInformation result =  0
Dokan Information: SendAndPullEventInformation() with NTSTATUS 0x0, context 0xa009a140, and result object 0x000001D1A01655F0 with size 64
###QueryVolumeInfo file handle = 0x000001D1A009A140, eventID = 0002, event Info = 0x000001D1A009B1E0
[GetVolumeInformation]
Dokan Information: SendAndPullEventInformation() with NTSTATUS 0x0, context 0xa009a140, and result object 0x000001D1A01655F0 with size 74
###Cleanup file handle = 0x000001D1A009A140, eventID = 0002, event Info = 0x000001D1A009B1E0
Dokan Information: SendAndPullEventInformation() with NTSTATUS 0x0, context 0xa009a140, and result object 0x000001D1A01655F0 with size 48
###Close file handle = 0x000001D1A009A140, eventID = 0002, event Info = 0x000001D1A009B1E0
[Close] \
###Create file handle = 0x000001D1A009A140, eventID = 0003, event Info = 0x000001D1A00C57E0
[ZwCreateFile] \
Dokan Information: DokanEndDispatchCreate() status = 0, file handle = 0x000001D1A009A140, eventID = 0003, result = 0x1
Dokan Information: SendAndPullEventInformation() with NTSTATUS 0x0, context 0xa009a140, and result object 0x000001D1A01655F0 with size 48
###QueryVolumeInfo file handle = 0x000001D1A009A140, eventID = 0003, event Info = 0x000001D1A00C57E0
[GetVolumeInformation]
Dokan Information: SendAndPullEventInformation() with NTSTATUS 0x0, context 0xa009a140, and result object 0x000001D1A01655F0 with size 74
###QueryVolumeInfo file handle = 0x000001D1A009A140, eventID = 0003, event Info = 0x000001D1A00C57E0
[GetVolumeInformation]
Dokan Information: SendAndPullEventInformation() with NTSTATUS 0x0, context 0xa009a140, and result object 0x000001D1A01655F0 with size 68
###Cleanup file handle = 0x000001D1A009A140, eventID = 0003, event Info = 0x000001D1A00C57E0
Dokan Information: SendAndPullEventInformation() with NTSTATUS 0x0, context 0xa009a140, and result object 0x000001D1A01655F0 with size 48
###Close file handle = 0x000001D1A009A140, eventID = 0003, event Info = 0x000001D1A00C57E0
[Close] \
###Create file handle = 0x000001D1A009A140, eventID = 0004, event Info = 0x000001D1A00C5BD0
[ZwCre###Create file handle = 0x000001D1A009AA40, eventID = 0005, event Info = 0x000001D1A00C57E0
ateFile] \
[ZwCreaDokan Information: DokanEndDispatchCreate() status = 0, file handle = 0x000001D1A009A140, eventID = 0004, result = 0x1
teFile] \
Dokan Information: SendAndPullEventInformation() with NTSTATUS 0x0, context 0xa009a140, and result object 0x000001D1A01655F0 with size 48
Dokan Information: DokanEndDispatchCreate() status = 0, file handle = 0x000001D1A009AA40, eventID = 0005, result = 0x1
###GetFileInfo file handle = 0x000001D1A009A140, eventID = 0004, event Info = 0x000001D1A00C5BD0
	result =  0
	FileBasicInformation
Dokan Information: SendAndPullEventInformation() with NTSTATUS 0x0, context 0xa009aa40, and result object 0x000001D1A20500A0 with size 48
	DispatchQueryInformation result =  0
###QueryVolumeInfo file handle = 0x000001D1A009AA40, eventID = 0005, event Info = 0x000001D1A00C57E0
[GetVolumeInDokan Information: SendAndPullEventInformation() with NTSTATUS 0x0, context 0xa009a140, and result object 0x000001D1A01655F0 with size 80
formation]
###Cleanup file handle = 0x000001D1A009A140, eventID = 0004, event Info = 0x000001D1A00C5BD0
Dokan Information: SendAndPullEventInformation() with NTSTATUS 0x0, context 0xa009aa40, and result object 0x000001D1A20500A0 with size 74
Dokan Information: SendAndPullEventInformation() with NTSTATUS 0x0, context 0xa009a140, and result object 0x000001D1A01655F0 with size 48
###QueryVolumeInfo file handle = 0x000001D1A009AA40, eventID = 0005, event Info = 0x000001D1A00C57E0
[GetVolumeInformation###Close file handle = 0x000001D1A009A140, eventID = 0004, event Info = 0x000001D1A00C5BD0
]
###Create file handle = 0x000001D1A009A1C0, eventID = 0006, event Info = 0x000001D1A00C55B0
[Close] \
Dokan Information: SendAndPullEventInformation() with NTSTATUS 0x0, context 0xa009aa40, and result object 0x000001D1A20500A0 with size 68
[ZwCreateFile] \
###Cleanup file handle = 0x000001D1A009AA40, eventID = 0005, event Info = 0x000001D1A00C57E0
Dokan Information: DokanEndDispatchCreate() status = 0, file handle = 0x000001D1A009A1C0, eventID = 0006, result = 0x1
Dokan Information: SendAndPullEventInformation() with NTSTATUS 0x0, context 0xa009aa40, and result object 0x000001D1A20500A0 with size 48
Dokan Information: SendAndPullEventInformation() with NTSTATUS 0x0, context 0xa009a1c0, and result object 0x000001D1A01655F0 with size 48
###Close file handle = 0x000001D1A009AA40, eventID = 0005, event Info = 0x000001D1A00C57E0
###Create file handle = 0x000001D1A009A140, eventID = 0007, event Info = 0x000001D1A00C5BD0
[Close] \
###QueryVolumeInfo file handle = 0x000001D1A009A1C0, eventID = 0006, event Info = 0x000001D1A00C55B0
[ZwCreateFile] \
[GetVolumeInformation]
Dokan Information: DokanEndDispatchCreate() status = 0, file handle = 0x000001D1A009A140, eventID = 0007, result = 0x1
Dokan Information: SendAndPullEventInformation() with NTSTATUS 0x0, context 0xa009a1c0, and result object 0x000001D1A01655F0 with size 74
Dokan Information: SendAndPullEventInformation() with NTSTATUS 0x0, context 0xa009a140, and result object 0x000001D1A20500A0 with size 48
###QueryVolumeInfo file handle = 0x000001D1A009A1C0, eventID = 0006, event Info = 0x000001D1A00C55B0
[GetVolumeInformation]
###QueryVolumeInfo file handle = 0x000001D1A009A140, eventID = 0007, event Info = 0x000001D1A00C5BD0
Dokan Information: SendAndPullEventInformation() with NTSTATUS 0x0, context 0xa009a1c0, and result object 0x000001D1A01655F0 with size 68
###Cleanup file handle = 0x000001D1A009A1C0, eventID = 0006, event Info = 0x000001D1A00C55B0
Dokan Information: SendAndPullEventInformation() with NTSTATUS 0x0, context 0xa009a1c0, and result object 0x000001D1A01655F0 with size 48
Dokan Information: SendAndPullEventInformation() with NTSTATUS 0x0, context 0xa009a140, and result object 0x000001D1A20500A0 with size 64
###Close file handle = 0x000001D1A009A1C0, eventID = 0006, event Info = 0x000001D1A00C55B0
###Create file handle = 0x000001D1A009AA40, eventID = 0008, event Info = 0x000001D1A00C57E0
[Close] \###Cleanup file handle = 0x000001D1A009A140, eventID = 0007, event Info = 0x000001D1A00C5BD0

Dokan Information: SendAndPullEventInformation() with NTSTATUS 0x0, context 0xa009a140, and result object 0x000001D1A20500A0 with size 48
[ZwC###Close file handle = 0x000001D1A009A140, eventID = 0007, event Info = 0x000001D1A00C5BD0
reat###Create file handle = 0x000001D1A009A1C0, eventID = 0009, event Info = 0x000001D1A00C55B0
eFile] \
[Close] \
Dokan Information: DokanEndDispatchCreate() status = 0, file handle = 0x000001D1A009AA40, eventID = 0008, result = 0x1
[ZwCreateFile] \
Dokan Information: SendAndPullEventInformation() with NTSTATUS 0x0, context 0xa009aa40, and result object 0x000001D1A01655F0 with size 48
Dokan Information: DokanEndDispatchCreate() status = 0, file handle = 0x000001D1A009A1C0, eventID = 0009, result = 0x1
###QueryVolumeInfo file handle = 0x000001D1A009AA40, eventID = 0008, event Info = 0x000001D1A00C57E0
Dokan Information: SendAndPullEventInformation() with NTSTATUS 0x0, context 0xa009a1c0, and result object 0x000001D1A20500A0 with size 48
Dokan Information: SendAndPullEventInformation() with NTSTATUS 0x0, context 0xa009aa40, and result object 0x000001D1A01655F0 with size 64
###Cleanup file handle = 0x000001D1A009AA40, eventID = 0008, event Info = 0x000001D1A00C57E0
Dokan Information: SendAndPullEventInformation() with NTSTATUS 0x0, context 0xa009aa40, and result object 0x000001D1A01655F0 with size 48
###Cleanup file handle = 0x000001D1A009A1C0, eventID = 0009, event Info = 0x000001D1A00C55B0
Dokan Information: SendAndPullEventInformation() with NTSTATUS 0x0, context 0xa009a1c0, and result object 0x000001D1A20500A0 with size 48
###Close file handle = 0x000001D1A009AA40, eventID = 0008, event Info = 0x000001D1A00C57E0
###Create file handle = 0x000001D1A009A140, eventID = 0010, event Info = 0x000001D1A00C5BD0
[Close] ###Close file handle = 0x000001D1A009A1C0, eventID = 0009, event Info = 0x000001D1A00C55B0
\
###Create file handle = 0x000001D1A009AA40, eventID = 0011, event Info = 0x000001D1A00C5690
[ZwCreateFile] \
[CloseDokan Information: DokanEndDispatchCreate() status = 0, file handle = 0x000001D1A009A140, eventID = 0010, result = 0x1
Dokan Information: SendAndPullEventInformation() with NTSTATUS 0x0, context 0xa009a140, and result object 0x000001D1A01655F0 with size 48
] \
###GetFileInfo file handle = 0x000001D1A009A140, eventID = 0010, event Info = 0x000001D1A00C5BD0
[ZwCreateFile] \
	result =  0
	FileBasicInformation
	DispatchQueryInformation result =  0
Dokan Information: DokanEndDispatchCreate() status = 0, file handle = 0x000001D1A009AA40, eventID = 0011, result = 0x1
Dokan Information: SendAndPullEventInformation() with NTSTATUS 0x0, context 0xa009a140, and result object 0x000001D1A01655F0 with size 80
Dokan Information: SendAndPullEventInformation() with NTSTATUS 0x0, context 0xa009aa40, and result object 0x000001D1A20500A0 with size 48
###Cleanup file handle = 0x000001D1A009A140, eventID = 0010, event Info = 0x000001D1A00C5BD0
###QueryVolumeInfo file handle = 0x000001D1A009AA40, eventID = 0011, event Info = 0x000001D1A00C5690
[GetVolumeInformation]
Dokan Information: SendAndPullEventInformation() with NTSTATUS 0x0, context 0xa009a140, and result object 0x000001D1A01655F0 with size 48
Dokan Information: SendAndPullEventInformation() with NTSTATUS 0x0, context 0xa009aa40, and result object 0x000001D1A20500A0 with size 64
###Close file handle = 0x000001D1A009A140, eventID = 0010, event Info = 0x000001D1A00C5BD0
[Close] \
###GetFileInfo file handle = 0x000001D1A009AA40, eventID = 0011, event Info = 0x000001D1A00C5690
	result =  0
	FileAllInformation
	DispatchQueryInformation result =  0
###Create file handle = 0x000001D1A009A140, eventID = 0012, event Info = 0x000001D1A00C55B0
[ZwCreateFile] \
Dokan Information: SendAndPullEventInformation() with NTSTATUS 0x0, context 0xa009aa40, and result object 0x000001D1A01655F0 with size 140
Dokan Information: DokanEndDispatchCreate() status = 0, file handle = 0x000001D1A009A140, eventID = 0012, result = 0x1
###Cleanup file handle = 0x000001D1A009AA40, eventID = 0011, event Info = 0x000001D1A00C5690
Dokan Information: SendAndPullEventInformation() with NTSTATUS 0x0, context 0xa009a140, and result object 0x000001D1A20500A0 with size 48
Dokan Information: SendAndPullEventInformation() with NTSTATUS 0x0, context 0xa009aa40, and result object 0x000001D1A01655F0 with size 48
###GetFileInfo file handle = 0x000001D1A009A140, eventID = 0012, event Info = 0x000001D1A00C55B0
###Create file handle = 0x000001D1A009A1C0, eventID = 0013, event Info = 0x000001D1A00C5BD0
[ZwCreateFile] \
	result =  0
	FileBasicInformation
	DispatchQueryInformation result =  0
###Close file handle = 0x000001D1A009AA40, eventID = 0011, event Info = 0x000001D1A00C5690
[Close] \
Dokan Information: DokanEndDispatchCreate() status = 0, file handle = 0x000001D1A009A1C0, eventID = 0013, result = 0x1
Dokan Information: SendAndPullEventInformation() with NTSTATUS 0x0, context 0xa009a140, and result object 0x000001D1A20500A0 with size 80
Dokan Information: SendAndPullEventInformation() with NTSTATUS 0x0, context 0xa009a1c0, and result object 0x000001D1A01655F0 with size 48
###Cleanup file handle = 0x000001D1A009A140, eventID = 0012, event Info = 0x000001D1A00C55B0
###QueryVolumeInfo file handle = 0x000001D1A009A1C0, eventID = 0013, event Info = 0x000001D1A00C5BD0
[GetVolumeInformation]
Dokan Information: SendAndPullEventInformation() with NTSTATUS 0x0, context 0xa009a140, and result object 0x000001D1A20500A0 with size 48
Dokan Information: SendAndPullEventInformation() with NTSTATUS 0x0, context 0xa009a1c0, and result object 0x000001D1A01655F0 with size 64
###Close file handle = 0x000001D1A009A140, eventID = 0012, event Info = 0x000001D1A00C55B0
[Close] \
###GetFileInfo file handle = 0x000001D1A009A1C0, eventID = 0013, event Info = 0x000001D1A00C5BD0
	result =  0
	FileAllInformation
	DispatchQueryInformation result =  0
Dokan Information: SendAndPullEventInformation() with NTSTATUS 0x0, context 0xa009a1c0, and result object 0x000001D1A01655F0 with size 140
###Cleanup file handle = 0x000001D1A009A1C0, eventID = 0013, event Info = 0x000001D1A00C5BD0
Dokan Information: SendAndPullEventInformation() with NTSTATUS 0x0, context 0xa009a1c0, and result object 0x000001D1A01655F0 with size 48
###Close file handle = 0x000001D1A009A1C0, eventID = 0013, event Info = 0x000001D1A00C5BD0
[Close] \
###Create file handle = 0x000001D1A009A140, eventID = 0014, event Info = 0x000001D1A00C55B0
[ZwCreateFile] \
Dokan Information: DokanEndDispatchCreate() status = 0, file handle = 0x000001D1A009A140, eventID = 0014, result = 0x1
Dokan Information: SendAndPullEventInformation() with NTSTATUS 0x0, context 0xa009a140, and result object 0x000001D1A01655F0 with size 48
###QueryVolumeInfo file handle = 0x000001D1A009A140, eventID = 0014, event Info = 0x000001D1A00C55B0
[GetVolumeInformation]
Dokan Information: SendAndPullEventInformation() with NTSTATUS 0x0, context 0xa009a140, and result object 0x000001D1A01655F0 with size 64
###GetFileInfo file handle = 0x000001D1A009A140, eventID = 0014, event Info = 0x000001D1A00C55B0
	result =  0
	FileAllInformation
	DispatchQueryInformation result =  0
Dokan Information: SendAndPullEventInformation() with NTSTATUS 0x0, context 0xa009a140, and result object 0x000001D1A01655F0 with size 140
###Cleanup file handle = 0x000001D1A009A140, eventID = 0014, event Info = 0x000001D1A00C55B0
Dokan Information: SendAndPullEventInformation() with NTSTATUS 0x0, context 0xa009a140, and result object 0x000001D1A01655F0 with size 48
###Close file handle = 0x000001D1A009A140, eventID = 0014, event Info = 0x000001D1A00C55B0
[Close] \
###Create file handle = 0x000001D1A009A1C0, eventID = 0015, event Info = 0x000001D1A00C5BD0
[ZwCreateFile] \
Dokan Information: DokanEndDispatchCreate() status = 0, file handle = 0x000001D1A009A1C0, eventID = 0015, result = 0x1
Dokan Information: SendAndPullEventInformation() with NTSTATUS 0x0, context 0xa009a1c0, and result object 0x000001D1A01655F0 with size 48
###QueryVolumeInfo file handle = 0x000001D1A009A1C0, eventID = 0015, event Info = 0x000001D1A00C5BD0
[GetVolumeInformation]
Dokan Information: SendAndPullEventInformation() with NTSTATUS 0x0, context 0xa009a1c0, and result object 0x000001D1A01655F0 with size 64
###GetFileInfo file handle = 0x000001D1A009A1C0, eventID = 0015, event Info = 0x000001D1A00C5BD0
	result =  0
	FileAllInformation
	DispatchQueryInformation result =  0
Dokan Information: SendAndPullEventInformation() with NTSTATUS 0x0, context 0xa009a1c0, and result object 0x000001D1A01655F0 with size 140
###Cleanup file handle = 0x000001D1A009A1C0, eventID = 0015, event Info = 0x000001D1A00C5BD0
Dokan Information: SendAndPullEventInformation() with NTSTATUS 0x0, context 0xa009a1c0, and result object 0x000001D1A01655F0 with size 48
###Close file handle = 0x000001D1A009A1C0, eventID = 0015, event Info = 0x000001D1A00C5BD0
[Close] \
###Create file handle = 0x000001D1A009A140, eventID = 0016, event Info = 0x000001D1A00C55B0
[ZwCreateFile] \
Dokan Information: DokanEndDispatchCreate() status = 0, file handle = 0x000001D1A009A140, eventID = 0016, result = 0x1
Dokan Information: SendAndPullEventInformation() with NTSTATUS 0x0, context 0xa009a140, and result object 0x000001D1A01655F0 with size 48
###QueryVolumeInfo file handle = 0x000001D1A009A140, eventID = 0016, event Info = 0x000001D1A00C55B0
[GetVolumeInformation]
Dokan Information: SendAndPullEventInformation() with NTSTATUS 0x0, context 0xa009a140, and result object 0x000001D1A01655F0 with size 64
###GetFileInfo file handle = 0x000001D1A009A140, eventID = 0016, event Info = 0x000001D1A00C55B0
	result =  0
	FileAllInformation
	DispatchQueryInformation result =  0
Dokan Information: SendAndPullEventInformation() with NTSTATUS 0x0, context 0xa009a140, and result object 0x000001D1A01655F0 with size 140
###Cleanup file handle = 0x000001D1A009A140, eventID = 0016, event Info = 0x000001D1A00C55B0
Dokan Information: SendAndPullEventInformation() with NTSTATUS 0x0, context 0xa009a140, and result object 0x000001D1A01655F0 with size 48
###Close file handle = 0x000001D1A009A140, eventID = 0016, event Info = 0x000001D1A00C55B0
[Close] \
###Create file handle = 0x000001D1A009A1C0, eventID = 0017, event Info = 0x000001D1A00C5BD0
[ZwCreateFile] \
Dokan Information: DokanEndDispatchCreate() status = 0, file handle = 0x000001D1A009A1C0, eventID = 0017, result = 0x1
Dokan Information: SendAndPullEventInformation() with NTSTATUS 0x0, context 0xa009a1c0, and result object 0x000001D1A01655F0 with size 48
###QueryVolumeInfo file handle = 0x000001D1A009A1C0, eventID = 0017, event Info = 0x000001D1A00C5BD0
[GetVolumeInformation]
Dokan Information: SendAndPullEventInformation() with NTSTATUS 0x0, context 0xa009a1c0, and result object 0x000001D1A01655F0 with size 64
###GetFileInfo file handle = 0x000001D1A009A1C0, eventID = 0017, event Info = 0x000001D1A00C5BD0
	result =  0
	FileAllInformation
	DispatchQueryInformation result =  0
Dokan Information: SendAndPullEventInformation() with NTSTATUS 0x0, context 0xa009a1c0, and result object 0x000001D1A01655F0 with size 140
###Cleanup file handle = 0x000001D1A009A1C0, eventID = 0017, event Info = 0x000001D1A00C5BD0
Dokan Information: SendAndPullEventInformation() with NTSTATUS 0x0, context 0xa009a1c0, and result object 0x000001D1A01655F0 with size 48
###Close file handle = 0x000001D1A009A1C0, eventID = 0017, event Info = 0x000001D1A00C5BD0
[Close] \
###Create file handle = 0x000001D1A009A140, eventID = 0018, event Info = 0x000001D1A00C55B0
[ZwCreateFile] \
Dokan Information: DokanEndDispatchCreate() status = 0, file handle = 0x000001D1A009A140, eventID = 0018, result = 0x1
Dokan Information: SendAndPullEventInformation() with NTSTATUS 0x0, context 0xa009a140, and result object 0x000001D1A01655F0 with size 48
###QueryVolumeInfo file handle = 0x000001D1A009A140, eventID = 0018, event Info = 0x000001D1A00C55B0
[GetVolumeInformation]
Dokan Information: SendAndPullEventInformation() with NTSTATUS 0x0, context 0xa009a140, and result object 0x000001D1A01655F0 with size 64
###GetFileInfo file handle = 0x000001D1A009A140, eventID = 0018, event Info = 0x000001D1A00C55B0
	result =  0
	FileAllInformation
	DispatchQueryInformation result =  0
Dokan Information: SendAndPullEventInformation() with NTSTATUS 0x0, context 0xa009a140, and result object 0x000001D1A01655F0 with size 140
###Cleanup file handle = 0x000001D1A009A140, eventID = 0018, event Info = 0x000001D1A00C55B0
Dokan Information: SendAndPullEventInformation() with NTSTATUS 0x0, context 0xa009a140, and result object 0x000001D1A01655F0 with size 48
###Close file handle = 0x000001D1A009A140, eventID = 0018, event Info = 0x000001D1A00C55B0
[Close] \
###Create file handle = 0x000001D1A009A1C0, eventID = 0019, event Info = 0x000001D1A00C5BD0
[ZwCreateFile] \
Dokan Information: DokanEndDispatchCreate() status = 0, file handle = 0x000001D1A009A1C0, eventID = 0019, result = 0x1
Dokan Information: SendAndPullEventInformation() with NTSTATUS 0x0, context 0xa009a1c0, and result object 0x000001D1A01655F0 with size 48
###QueryVolumeInfo file handle = 0x000001D1A009A1C0, eventID = 0019, event Info = 0x000001D1A00C5BD0
[GetVolumeInformation]
Dokan Information: SendAndPullEventInformation() with NTSTATUS 0x0, context 0xa009a1c0, and result object 0x000001D1A01655F0 with size 64
###GetFileInfo file handle = 0x000001D1A009A1C0, eventID = 0019, event Info = 0x000001D1A00C5BD0
	result =  0
	FileAllInformation
	DispatchQueryInformation result =  0
Dokan Information: SendAndPullEventInformation() with NTSTATUS 0x0, context 0xa009a1c0, and result object 0x000001D1A01655F0 with size 140
###Cleanup file handle = 0x000001D1A009A1C0, eventID = 0019, event Info = 0x000001D1A00C5BD0
Dokan Information: SendAndPullEventInformation() with NTSTATUS 0x0, context 0xa009a1c0, and result object 0x000001D1A01655F0 with size 48
###Close file handle = 0x000001D1A009A1C0, eventID = 0019, event Info = 0x000001D1A00C5BD0
[Close] \
###Create file handle = 0x000001D1A009A140, eventID = 0020, event Info = 0x000001D1A00C55B0
[ZwCreateFile] \
Dokan Information: DokanEndDispatchCreate() status = 0, file handle = 0x000001D1A009A140, eventID = 0020, result = 0x1
Dokan Information: SendAndPullEventInformation() with NTSTATUS 0x0, context 0xa009a140, and result object 0x000001D1A01655F0 with size 48
###QueryVolumeInfo file handle = 0x000001D1A009A140, eventID = 0020, event Info = 0x000001D1A00C55B0
[GetVolumeInformation]
Dokan Information: SendAndPullEventInformation() with NTSTATUS 0x0, context 0xa009a140, and result object 0x000001D1A01655F0 with size 64
###GetFileInfo file handle = 0x000001D1A009A140, eventID = 0020, event Info = 0x000001D1A00C55B0
	result =  0
	FileAllInformation
	DispatchQueryInformation result =  0
Dokan Information: SendAndPullEventInformation() with NTSTATUS 0x0, context 0xa009a140, and result object 0x000001D1A01655F0 with size 140
###Cleanup file handle = 0x000001D1A009A140, eventID = 0020, event Info = 0x000001D1A00C55B0
Dokan Information: SendAndPullEventInformation() with NTSTATUS 0x0, context 0xa009a140, and result object 0x000001D1A01655F0 with size 48
###Close file handle = 0x000001D1A009A140, eventID = 0020, event Info = 0x000001D1A00C55B0
[Close] \
###Create file handle = 0x000001D1A009A1C0, eventID = 0021, event Info = 0x000001D1A00C5BD0
[ZwCreateFile] \
Dokan Information: DokanEndDispatchCreate() status = 0, file handle = 0x000001D1A009A1C0, eventID = 0021, result = 0x1
Dokan Information: SendAndPullEventInformation() with NTSTATUS 0x0, context 0xa009a1c0, and result object 0x000001D1A01655F0 with size 48
###QueryVolumeInfo file handle = 0x000001D1A009A1C0, eventID = 0021, event Info = 0x000001D1A00C5BD0
[GetVolumeInformation]
Dokan Information: SendAndPullEventInformation() with NTSTATUS 0x0, context 0xa009a1c0, and result object 0x000001D1A01655F0 with size 64
###GetFileInfo file handle = 0x000001D1A009A1C0, eventID = 0021, event Info = 0x000001D1A00C5BD0
	result =  0
	FileAllInformation
	DispatchQueryInformation result =  0
Dokan Information: SendAndPullEventInformation() with NTSTATUS 0x0, context 0xa009a1c0, and result object 0x000001D1A01655F0 with size 140
###Cleanup file handle = 0x000001D1A009A1C0, eventID = 0021, event Info = 0x000001D1A00C5BD0
Dokan Information: SendAndPullEventInformation() with NTSTATUS 0x0, context 0xa009a1c0, and result object 0x000001D1A01655F0 with size 48
###Close file handle = 0x000001D1A009A1C0, eventID = 0021, event Info = 0x000001D1A00C5BD0
[Close] \
###Create file handle = 0x000001D1A009A140, eventID = 0022, event Info = 0x000001D1A00C55B0
[ZwCreateFile] \
Dokan Information: DokanEndDispatchCreate() status = 0, file handle = 0x000001D1A009A140, eventID = 0022, result = 0x1
Dokan Information: SendAndPullEventInformation() with NTSTATUS 0x0, context 0xa009a140, and result object 0x000001D1A01655F0 with size 48
###QueryVolumeInfo file handle = 0x000001D1A009A140, eventID = 0022, event Info = 0x000001D1A00C55B0
[GetVolumeInformation]
Dokan Information: SendAndPullEventInformation() with NTSTATUS 0x0, context 0xa009a140, and result object 0x000001D1A01655F0 with size 64
###GetFileInfo file handle = 0x000001D1A009A140, eventID = 0022, event Info = 0x000001D1A00C55B0
	result =  0
	FileAllInformation
	DispatchQueryInformation result =  0
Dokan Information: SendAndPullEventInformation() with NTSTATUS 0x0, context 0xa009a140, and result object 0x000001D1A01655F0 with size 140
###Cleanup file handle = 0x000001D1A009A140, eventID = 0022, event Info = 0x000001D1A00C55B0
Dokan Information: SendAndPullEventInformation() with NTSTATUS 0x0, context 0xa009a140, and result object 0x000001D1A01655F0 with size 48
###Close file handle = 0x000001D1A009A140, eventID = 0022, event Info = 0x000001D1A00C55B0
[Close] \
###Create file handle = 0x000001D1A009A1C0, eventID = 0023, event Info = 0x000001D1A00C5BD0
[ZwCreateFile] \
Dokan Information: DokanEndDispatchCreate() status = 0, file handle = 0x000001D1A009A1C0, eventID = 0023, result = 0x1
Dokan Information: SendAndPullEventInformation() with NTSTATUS 0x0, context 0xa009a1c0, and result object 0x000001D1A01655F0 with size 48
###QueryVolumeInfo file handle = 0x000001D1A009A1C0, eventID = 0023, event Info = 0x000001D1A00C5BD0
[GetVolumeInformation]
Dokan Information: SendAndPullEventInformation() with NTSTATUS 0x0, context 0xa009a1c0, and result object 0x000001D1A01655F0 with size 64
###GetFileInfo file handle = 0x000001D1A009A1C0, eventID = 0023, event Info = 0x000001D1A00C5BD0
	result =  0
	FileAllInformation
	DispatchQueryInformation result =  0
Dokan Information: SendAndPullEventInformation() with NTSTATUS 0x0, context 0xa009a1c0, and result object 0x000001D1A01655F0 with size 140
###Cleanup file handle = 0x000001D1A009A1C0, eventID = 0023, event Info = 0x000001D1A00C5BD0
Dokan Information: SendAndPullEventInformation() with NTSTATUS 0x0, context 0xa009a1c0, and result object 0x000001D1A01655F0 with size 48
###Close file handle = 0x000001D1A009A1C0, eventID = 0023, event Info = 0x000001D1A00C5BD0
[Close] \
###Create file handle = 0x000001D1A009A140, eventID = 0024, event Info = 0x000001D1A00C55B0
[ZwCreateFile] \
Dokan Information: DokanEndDispatchCreate() status = 0, file handle = 0x000001D1A009A140, eventID = 0024, result = 0x1
Dokan Information: SendAndPullEventInformation() with NTSTATUS 0x0, context 0xa009a140, and result object 0x000001D1A01655F0 with size 48
###QueryVolumeInfo file handle = 0x000001D1A009A140, eventID = 0024, event Info = 0x000001D1A00C55B0
[GetVolumeInformation]
Dokan Information: SendAndPullEventInformation() with NTSTATUS 0x0, context 0xa009a140, and result object 0x000001D1A01655F0 with size 64
###GetFileInfo file handle = 0x000001D1A009A140, eventID = 0024, event Info = 0x000001D1A00C55B0
	result =  0
	FileAllInformation
	DispatchQueryInformation result =  0
Dokan Information: SendAndPullEventInformation() with NTSTATUS 0x0, context 0xa009a140, and result object 0x000001D1A01655F0 with size 140
###Cleanup file handle = 0x000001D1A009A140, eventID = 0024, event Info = 0x000001D1A00C55B0
Dokan Information: SendAndPullEventInformation() with NTSTATUS 0x0, context 0xa009a140, and result object 0x000001D1A01655F0 with size 48
###Close file handle = 0x000001D1A009A140, eventID = 0024, event Info = 0x000001D1A00C55B0
[Close] \
###Create file handle = 0x000001D1A009A140, eventID = 0025, event Info = 0x000001D1A00C5BD0
[ZwCreateFile] \
Dokan Information: DokanEndDispatchCreate() status = 0, file handle = 0x000001D1A009A140, eventID = 0025, result = 0x1
Dokan Information: SendAndPullEventInformation() with NTSTATUS 0x0, context 0xa009a140, and result object 0x000001D1A01655F0 with size 48
###QueryVolumeInfo file handle = 0x000001D1A009A140, eventID = 0025, event Info = 0x000001D1A00C5BD0
[GetVolumeInformation]
Dokan Information: SendAndPullEventInformation() with NTSTATUS 0x0, context 0xa009a140, and result object 0x000001D1A01655F0 with size 64
###GetFileInfo file handle = 0x000001D1A009A140, eventID = 0025, event Info = 0x000001D1A00C5BD0
	result =  0
	FileAllInformation
	DispatchQueryInformation result =  0
Dokan Information: SendAndPullEventInformation() with NTSTATUS 0x0, context 0xa009a140, and result object 0x000001D1A01655F0 with size 140
###Cleanup file handle = 0x000001D1A009A140, eventID = 0025, event Info = 0x000001D1A00C5BD0
Dokan Information: SendAndPullEventInformation() with NTSTATUS 0x0, context 0xa009a140, and result object 0x000001D1A01655F0 with size 48
###Close file handle = 0x000001D1A009A140, eventID = 0025, event Info = 0x000001D1A00C5BD0
###Create file handle = 0x000001D1A009A1C0, eventID = 0026, event Info = 0x000001D1A00C55B0
[Close] \
[ZwCreateFile] \
Dokan Information: DokanEndDispatchCreate() status = 0, file handle = 0x000001D1A009A1C0, eventID = 0026, result = 0x1
Dokan Information: SendAndPullEventInformation() with NTSTATUS 0x0, context 0xa009a1c0, and result object 0x000001D1A01655F0 with size 48
###QueryVolumeInfo file handle = 0x000001D1A009A1C0, eventID = 0026, event Info = 0x000001D1A00C55B0
[GetVolumeInformation]
Dokan Information: SendAndPullEventInformation() with NTSTATUS 0x0, context 0xa009a1c0, and result object 0x000001D1A01655F0 with size 64
###GetFileInfo file handle = 0x000001D1A009A1C0, eventID = 0026, event Info = 0x000001D1A00C55B0
	result =  0
	FileAllInformation
	DispatchQueryInformation result =  0
Dokan Information: SendAndPullEventInformation() with NTSTATUS 0x0, context 0xa009a1c0, and result object 0x000001D1A01655F0 with size 140
###Cleanup file handle = 0x000001D1A009A1C0, eventID = 0026, event Info = 0x000001D1A00C55B0
Dokan Information: SendAndPullEventInformation() with NTSTATUS 0x0, context 0xa009a1c0, and result object 0x000001D1A01655F0 with size 48
###Close file handle = 0x000001D1A009A1C0, eventID = 0026, event Info = 0x000001D1A00C55B0
[###Create file handle = 0x000001D1A009A1C0, eventID = 0027, event Info = 0x000001D1A00C5BD0
Close] \
[ZwCreateFile] \
Dokan Information: DokanEndDispatchCreate() status = 0, file handle = 0x000001D1A009A1C0, eventID = 0027, result = 0x1
Dokan Information: SendAndPullEventInformation() with NTSTATUS 0x0, context 0xa009a1c0, and result object 0x000001D1A01655F0 with size 48
###QueryVolumeInfo file handle = 0x000001D1A009A1C0, eventID = 0027, event Info = 0x000001D1A00C5BD0
[GetVolumeInformation]
Dokan Information: SendAndPullEventInformation() with NTSTATUS 0x0, context 0xa009a1c0, and result object 0x000001D1A01655F0 with size 64
###GetFileInfo file handle = 0x000001D1A009A1C0, eventID = 0027, event Info = 0x000001D1A00C5BD0
	result =  0
	FileAllInformation
	DispatchQueryInformation result =  0
Dokan Information: SendAndPullEventInformation() with NTSTATUS 0x0, context 0xa009a1c0, and result object 0x000001D1A01655F0 with size 140
###Cleanup file handle = 0x000001D1A009A1C0, eventID = 0027, event Info = 0x000001D1A00C5BD0
Dokan Information: SendAndPullEventInformation() with NTSTATUS 0x0, context 0xa009a1c0, and result object 0x000001D1A01655F0 with size 48
###Close file handle = 0x000001D1A009A1C0, eventID = 0027, event Info = 0x000001D1A00C5BD0
[Close] \
###Create file handle = 0x000001D1A009A140, eventID = 0028, event Info = 0x000001D1A00C55B0
[ZwCreateFile] \
Dokan Information: DokanEndDispatchCreate() status = 0, file handle = 0x000001D1A009A140, eventID = 0028, result = 0x1
Dokan Information: SendAndPullEventInformation() with NTSTATUS 0x0, context 0xa009a140, and result object 0x000001D1A01655F0 with size 48
###QueryVolumeInfo file handle = 0x000001D1A009A140, eventID = 0028, event Info = 0x000001D1A00C55B0
[GetVolumeInformation]
Dokan Information: SendAndPullEventInformation() with NTSTATUS 0x0, context 0xa009a140, and result object 0x000001D1A01655F0 with size 64
###GetFileInfo file handle = 0x000001D1A009A140, eventID = 0028, event Info = 0x000001D1A00C55B0
	result =  0
	FileAllInformation
	DispatchQueryInformation result =  0
Dokan Information: SendAndPullEventInformation() with NTSTATUS 0x0, context 0xa009a140, and result object 0x000001D1A01655F0 with size 140
###Cleanup file handle = 0x000001D1A009A140, eventID = 0028, event Info = 0x000001D1A00C55B0
Dokan Information: SendAndPullEventInformation() with NTSTATUS 0x0, context 0xa009a140, and result object 0x000001D1A01655F0 with size 48
###Close file handle = 0x000001D1A009A140, eventID = 0028, event Info = 0x000001D1A00C55B0
[Close] ###Create file handle = 0x000001D1A009A1C0, eventID = 0029, event Info = 0x000001D1A00C5BD0
\
[ZwCreateFile] \
Dokan Information: DokanEndDispatchCreate() status = 0, file handle = 0x000001D1A009A1C0, eventID = 0029, result = 0x1
Dokan Information: SendAndPullEventInformation() with NTSTATUS 0x0, context 0xa009a1c0, and result object 0x000001D1A01655F0 with size 48
###QueryVolumeInfo file handle = 0x000001D1A009A1C0, eventID = 0029, event Info = 0x000001D1A00C5BD0
[GetVolumeInformation]
Dokan Information: SendAndPullEventInformation() with NTSTATUS 0x0, context 0xa009a1c0, and result object 0x000001D1A01655F0 with size 64
###GetFileInfo file handle = 0x000001D1A009A1C0, eventID = 0029, event Info = 0x000001D1A00C5BD0
	result =  0
	FileAllInformation
	DispatchQueryInformation result =  0
Dokan Information: SendAndPullEventInformation() with NTSTATUS 0x0, context 0xa009a1c0, and result object 0x000001D1A01655F0 with size 140
###Cleanup file handle = 0x000001D1A009A1C0, eventID = 0029, event Info = 0x000001D1A00C5BD0
Dokan Information: SendAndPullEventInformation() with NTSTATUS 0x0, context 0xa009a1c0, and result object 0x000001D1A01655F0 with size 48
###Close file handle = 0x000001D1A009A1C0, eventID = 0029, event Info = 0x000001D1A00C5BD0
###Create file handle = 0x000001D1A009A140, eventID = 0030, event Info = 0x000001D1A00C55B0
[Close] \
[ZwCreateFile] \
Dokan Information: DokanEndDispatchCreate() status = 0, file handle = 0x000001D1A009A140, eventID = 0030, result = 0x1
Dokan Information: SendAndPullEventInformation() with NTSTATUS 0x0, context 0xa009a140, and result object 0x000001D1A01655F0 with size 48
###QueryVolumeInfo file handle = 0x000001D1A009A140, eventID = 0030, event Info = 0x000001D1A00C55B0
[GetVolumeInformation]
Dokan Information: SendAndPullEventInformation() with NTSTATUS 0x0, context 0xa009a140, and result object 0x000001D1A01655F0 with size 64
###GetFileInfo file handle = 0x000001D1A009A140, eventID = 0030, event Info = 0x000001D1A00C55B0
	result =  0
	FileAllInformation
	DispatchQueryInformation result =  0
Dokan Information: SendAndPullEventInformation() with NTSTATUS 0x0, context 0xa009a140, and result object 0x000001D1A01655F0 with size 140
###Cleanup file handle = 0x000001D1A009A140, eventID = 0030, event Info = 0x000001D1A00C55B0
Dokan Information: SendAndPullEventInformation() with NTSTATUS 0x0, context 0xa009a140, and result object 0x000001D1A01655F0 with size 48
###Close file handle = 0x000001D1A009A140, eventID = 0030, event Info = 0x000001D1A00C55B0
###Create file handle = 0x000001D1A009A1C0, eventID = 0031, event Info = 0x000001D1A00C5BD0
[Close] \
[ZwCreateFile] \
Dokan Information: DokanEndDispatchCreate() status = 0, file handle = 0x000001D1A009A1C0, eventID = 0031, result = 0x1
Dokan Information: SendAndPullEventInformation() with NTSTATUS 0x0, context 0xa009a1c0, and result object 0x000001D1A01655F0 with size 48
###QueryVolumeInfo file handle = 0x000001D1A009A1C0, eventID = 0031, event Info = 0x000001D1A00C5BD0
[GetVolumeInformation]
Dokan Information: SendAndPullEventInformation() with NTSTATUS 0x0, context 0xa009a1c0, and result object 0x000001D1A01655F0 with size 64
###GetFileInfo file handle = 0x000001D1A009A1C0, eventID = 0031, event Info = 0x000001D1A00C5BD0
	result =  0
	FileAllInformation
	DispatchQueryInformation result =  0
Dokan Information: SendAndPullEventInformation() with NTSTATUS 0x0, context 0xa009a1c0, and result object 0x000001D1A01655F0 with size 140
###Cleanup file handle = 0x000001D1A009A1C0, eventID = 0031, event Info = 0x000001D1A00C5BD0
Dokan Information: SendAndPullEventInformation() with NTSTATUS 0x0, context 0xa009a1c0, and result object 0x000001D1A01655F0 with size 48
###Close file handle = 0x000001D1A009A1C0, eventID = 0031, event Info = 0x000001D1A00C5BD0
[Close] \
###Create file handle = 0x000001D1A009A140, eventID = 0032, event Info = 0x000001D1A00C55B0
[ZwCreateFile] \
Dokan Information: DokanEndDispatchCreate() status = 0, file handle = 0x000001D1A009A140, eventID = 0032, result = 0x1
Dokan Information: SendAndPullEventInformation() with NTSTATUS 0x0, context 0xa009a140, and result object 0x000001D1A01655F0 with size 48
###QueryVolumeInfo file handle = 0x000001D1A009A140, eventID = 0032, event Info = 0x000001D1A00C55B0
[GetVolumeInformation]
Dokan Information: SendAndPullEventInformation() with NTSTATUS 0x0, context 0xa009a140, and result object 0x000001D1A01655F0 with size 64
###GetFileInfo file handle = 0x000001D1A009A140, eventID = 0032, event Info = 0x000001D1A00C55B0
	result =  0
	FileAllInformation
	DispatchQueryInformation result =  0
Dokan Information: SendAndPullEventInformation() with NTSTATUS 0x0, context 0xa009a140, and result object 0x000001D1A01655F0 with size 140
###Cleanup file handle = 0x000001D1A009A140, eventID = 0032, event Info = 0x000001D1A00C55B0
Dokan Information: SendAndPullEventInformation() with NTSTATUS 0x0, context 0xa009a140, and result object 0x000001D1A01655F0 with size 48
###Close file handle = 0x000001D1A009A140, eventID = 0032, event Info = 0x000001D1A00C55B0
[Close] ###Create file handle = 0x000001D1A009A140, eventID = 0033, event Info = 0x000001D1A00C5BD0
\
[ZwCreateFile] \
Dokan Information: DokanEndDispatchCreate() status = 0, file handle = 0x000001D1A009A140, eventID = 0033, result = 0x1
Dokan Information: SendAndPullEventInformation() with NTSTATUS 0x0, context 0xa009a140, and result object 0x000001D1A01655F0 with size 48
###QueryVolumeInfo file handle = 0x000001D1A009A140, eventID = 0033, event Info = 0x000001D1A00C5BD0
[GetVolumeInformation]
Dokan Information: SendAndPullEventInformation() with NTSTATUS 0x0, context 0xa009a140, and result object 0x000001D1A01655F0 with size 64
###GetFileInfo file handle = 0x000001D1A009A140, eventID = 0033, event Info = 0x000001D1A00C5BD0
	result =  0
	FileAllInformation
	DispatchQueryInformation result =  0
Dokan Information: SendAndPullEventInformation() with NTSTATUS 0x0, context 0xa009a140, and result object 0x000001D1A01655F0 with size 140
###Cleanup file handle = 0x000001D1A009A140, eventID = 0033, event Info = 0x000001D1A00C5BD0
Dokan Information: SendAndPullEventInformation() with NTSTATUS 0x0, context 0xa009a140, and result object 0x000001D1A01655F0 with size 48
###Close file handle = 0x000001D1A009A140, eventID = 0033, event Info = 0x000001D1A00C5BD0
[Close] \
###Create file handle = 0x000001D1A009A140, eventID = 0034, event Info = 0x000001D1A00C55B0
[ZwCreateFile] \
Dokan Information: DokanEndDispatchCreate() status = 0, file handle = 0x000001D1A009A140, eventID = 0034, result = 0x1
Dokan Information: SendAndPullEventInformation() with NTSTATUS 0x0, context 0xa009a140, and result object 0x000001D1A01655F0 with size 48
###QueryVolumeInfo file handle = 0x000001D1A009A140, eventID = 0034, event Info = 0x000001D1A00C55B0
[GetVolumeInformation]
Dokan Information: SendAndPullEventInformation() with NTSTATUS 0x0, context 0xa009a140, and result object 0x000001D1A01655F0 with size 64
###GetFileInfo file handle = 0x000001D1A009A140, eventID = 0034, event Info = 0x000001D1A00C55B0
	result =  0
	FileAllInformation
	DispatchQueryInformation result =  0
Dokan Information: SendAndPullEventInformation() with NTSTATUS 0x0, context 0xa009a140, and result object 0x000001D1A01655F0 with size 140
###Cleanup file handle = 0x000001D1A009A140, eventID = 0034, event Info = 0x000001D1A00C55B0
Dokan Information: SendAndPullEventInformation() with NTSTATUS 0x0, context 0xa009a140, and result object 0x000001D1A01655F0 with size 48
###Close file handle = 0x000001D1A009A140, eventID = 0034, event Info = 0x000001D1A00C55B0
[Close] \
###Create file handle = 0x000001D1A009A1C0, eventID = 0035, event Info = 0x000001D1A00C5BD0
[ZwCreateFile] \
Dokan Information: DokanEndDispatchCreate() status = 0, file handle = 0x000001D1A009A1C0, eventID = 0035, result = 0x1
Dokan Information: SendAndPullEventInformation() with NTSTATUS 0x0, context 0xa009a1c0, and result object 0x000001D1A01655F0 with size 48
###QueryVolumeInfo file handle = 0x000001D1A009A1C0, eventID = 0035, event Info = 0x000001D1A00C5BD0
[GetVolumeInformation]
Dokan Information: SendAndPullEventInformation() with NTSTATUS 0x0, context 0xa009a1c0, and result object 0x000001D1A01655F0 with size 64
###GetFileInfo file handle = 0x000001D1A009A1C0, eventID = 0035, event Info = 0x000001D1A00C5BD0
	result =  0
	FileAllInformation
	DispatchQueryInformation result =  0
Dokan Information: SendAndPullEventInformation() with NTSTATUS 0x0, context 0xa009a1c0, and result object 0x000001D1A01655F0 with size 140
###Cleanup file handle = 0x000001D1A009A1C0, eventID = 0035, event Info = 0x000001D1A00C5BD0
Dokan Information: SendAndPullEventInformation() with NTSTATUS 0x0, context 0xa009a1c0, and result object 0x000001D1A01655F0 with size 48
###Close file handle = 0x000001D1A009A1C0, eventID = 0035, event Info = 0x000001D1A00C5BD0
[Close] \
###Create file handle = 0x000001D1A009A140, eventID = 0036, event Info = 0x000001D1A00C55B0
[ZwCreateFile] \
Dokan Information: DokanEndDispatchCreate() status = 0, file handle = 0x000001D1A009A140, eventID = 0036, result = 0x1
Dokan Information: SendAndPullEventInformation() with NTSTATUS 0x0, context 0xa009a140, and result object 0x000001D1A01655F0 with size 48
###QueryVolumeInfo file handle = 0x000001D1A009A140, eventID = 0036, event Info = 0x000001D1A00C55B0
[GetVolumeInformation]
Dokan Information: SendAndPullEventInformation() with NTSTATUS 0x0, context 0xa009a140, and result object 0x000001D1A01655F0 with size 64
###GetFileInfo file handle = 0x000001D1A009A140, eventID = 0036, event Info = 0x000001D1A00C55B0
	result =  0
	FileAllInformation
	DispatchQueryInformation result =  0
Dokan Information: SendAndPullEventInformation() with NTSTATUS 0x0, context 0xa009a140, and result object 0x000001D1A01655F0 with size 140
###Cleanup file handle = 0x000001D1A009A140, eventID = 0036, event Info = 0x000001D1A00C55B0
Dokan Information: SendAndPullEventInformation() with NTSTATUS 0x0, context 0xa009a140, and result object 0x000001D1A01655F0 with size 48
###Close file handle = 0x000001D1A009A140, eventID = 0036, event Info = 0x000001D1A00C55B0
[Close] \
###Create file handle = 0x000001D1A009A1C0, eventID = 0037, event Info = 0x000001D1A00C5BD0
[ZwCreateFile] \
Dokan Information: DokanEndDispatchCreate() status = 0, file handle = 0x000001D1A009A1C0, eventID = 0037, result = 0x1
Dokan Information: SendAndPullEventInformation() with NTSTATUS 0x0, context 0xa009a1c0, and result object 0x000001D1A01655F0 with size 48
###QueryVolumeInfo file handle = 0x000001D1A009A1C0, eventID = 0037, event Info = 0x000001D1A00C5BD0
[GetVolumeInformation]
Dokan Information: SendAndPullEventInformation() with NTSTATUS 0x0, context 0xa009a1c0, and result object 0x000001D1A01655F0 with size 64
###GetFileInfo file handle = 0x000001D1A009A1C0, eventID = 0037, event Info = 0x000001D1A00C5BD0
	result =  0
	FileAllInformation
	DispatchQueryInformation result =  0
Dokan Information: SendAndPullEventInformation() with NTSTATUS 0x0, context 0xa009a1c0, and result object 0x000001D1A01655F0 with size 140
###Cleanup file handle = 0x000001D1A009A1C0, eventID = 0037, event Info = 0x000001D1A00C5BD0
Dokan Information: SendAndPullEventInformation() with NTSTATUS 0x0, context 0xa009a1c0, and result object 0x000001D1A01655F0 with size 48
###Close file handle = 0x000001D1A009A1C0, eventID = 0037, event Info = 0x000001D1A00C5BD0
[Close] \
###Create file handle = 0x000001D1A009A140, eventID = 0038, event Info = 0x000001D1A00C55B0
[ZwCreateFile] \
Dokan Information: DokanEndDispatchCreate() status = 0, file handle = 0x000001D1A009A140, eventID = 0038, result = 0x1
Dokan Information: SendAndPullEventInformation() with NTSTATUS 0x0, context 0xa009a140, and result object 0x000001D1A01655F0 with size 48
###QueryVolumeInfo file handle = 0x000001D1A009A140, eventID = 0038, event Info = 0x000001D1A00C55B0
[GetVolumeInformation]
Dokan Information: SendAndPullEventInformation() with NTSTATUS 0x0, context 0xa009a140, and result object 0x000001D1A01655F0 with size 64
###GetFileInfo file handle = 0x000001D1A009A140, eventID = 0038, event Info = 0x000001D1A00C55B0
	result =  0
	FileAllInformation
	DispatchQueryInformation result =  0
Dokan Information: SendAndPullEventInformation() with NTSTATUS 0x0, context 0xa009a140, and result object 0x000001D1A01655F0 with size 140
###Cleanup file handle = 0x000001D1A009A140, eventID = 0038, event Info = 0x000001D1A00C55B0
Dokan Information: SendAndPullEventInformation() with NTSTATUS 0x0, context 0xa009a140, and result object 0x000001D1A01655F0 with size 48
###Close file handle = 0x000001D1A009A140, eventID = 0038, event Info = 0x000001D1A00C55B0
###Create file handle = 0x000001D1A009A1C0, eventID = 0039, event Info = 0x000001D1A00C5BD0
[Close] \
[ZwCreateFile] \
Dokan Information: DokanEndDispatchCreate() status = 0, file handle = 0x000001D1A009A1C0, eventID = 0039, result = 0x1
Dokan Information: SendAndPullEventInformation() with NTSTATUS 0x0, context 0xa009a1c0, and result object 0x000001D1A01655F0 with size 48
###QueryVolumeInfo file handle = 0x000001D1A009A1C0, eventID = 0039, event Info = 0x000001D1A00C5BD0
[GetVolumeInformation]
Dokan Information: SendAndPullEventInformation() with NTSTATUS 0x0, context 0xa009a1c0, and result object 0x000001D1A01655F0 with size 64
###GetFileInfo file handle = 0x000001D1A009A1C0, eventID = 0039, event Info = 0x000001D1A00C5BD0
	result =  0
	FileAllInformation
	DispatchQueryInformation result =  0
Dokan Information: SendAndPullEventInformation() with NTSTATUS 0x0, context 0xa009a1c0, and result object 0x000001D1A01655F0 with size 140
###Cleanup file handle = 0x000001D1A009A1C0, eventID = 0039, event Info = 0x000001D1A00C5BD0
Dokan Information: SendAndPullEventInformation() with NTSTATUS 0x0, context 0xa009a1c0, and result object 0x000001D1A01655F0 with size 48
###Close file handle = 0x000001D1A009A1C0, eventID = 0039, event Info = 0x000001D1A00C5BD0
[Close] \
###Create file handle = 0x000001D1A009A140, eventID = 0040, event Info = 0x000001D1A00C55B0
[ZwCreateFile] \
Dokan Information: DokanEndDispatchCreate() status = 0, file handle = 0x000001D1A009A140, eventID = 0040, result = 0x1
Dokan Information: SendAndPullEventInformation() with NTSTATUS 0x0, context 0xa009a140, and result object 0x000001D1A01655F0 with size 48
###QueryVolumeInfo file handle = 0x000001D1A009A140, eventID = 0040, event Info = 0x000001D1A00C55B0
[GetVolumeInformation]
Dokan Information: SendAndPullEventInformation() with NTSTATUS 0x0, context 0xa009a140, and result object 0x000001D1A01655F0 with size 64
###GetFileInfo file handle = 0x000001D1A009A140, eventID = 0040, event Info = 0x000001D1A00C55B0
	result =  0
	FileAllInformation
	DispatchQueryInformation result =  0
Dokan Information: SendAndPullEventInformation() with NTSTATUS 0x0, context 0xa009a140, and result object 0x000001D1A01655F0 with size 140
###Cleanup file handle = 0x000001D1A009A140, eventID = 0040, event Info = 0x000001D1A00C55B0
Dokan Information: SendAndPullEventInformation() with NTSTATUS 0x0, context 0xa009a140, and result object 0x000001D1A01655F0 with size 48
###Close file handle = 0x000001D1A009A140, eventID = 0040, event Info = 0x000001D1A00C55B0
[Close] \
###Create file handle = 0x000001D1A009A140, eventID = 0041, event Info = 0x000001D1A00C5BD0
[ZwCreateFile] \
Dokan Information: DokanEndDispatchCreate() status = 0, file handle = 0x000001D1A009A140, eventID = 0041, result = 0x1
Dokan Information: SendAndPullEventInformation() with NTSTATUS 0x0, context 0xa009a140, and result object 0x000001D1A01655F0 with size 48
###QueryVolumeInfo file handle = 0x000001D1A009A140, eventID = 0041, event Info = 0x000001D1A00C5BD0
[GetVolumeInformation]
Dokan Information: SendAndPullEventInformation() with NTSTATUS 0x0, context 0xa009a140, and result object 0x000001D1A01655F0 with size 64
###GetFileInfo file handle = 0x000001D1A009A140, eventID = 0041, event Info = 0x000001D1A00C5BD0
	result =  0
	FileAllInformation
	DispatchQueryInformation result =  0
Dokan Information: SendAndPullEventInformation() with NTSTATUS 0x0, context 0xa009a140, and result object 0x000001D1A01655F0 with size 140
###Cleanup file handle = 0x000001D1A009A140, eventID = 0041, event Info = 0x000001D1A00C5BD0
Dokan Information: SendAndPullEventInformation() with NTSTATUS 0x0, context 0xa009a140, and result object 0x000001D1A01655F0 with size 48
###Close file handle = 0x000001D1A009A140, eventID = 0041, event Info = 0x000001D1A00C5BD0
###Create file handle = 0x000001D1A009A1C0, eventID = 0042, event Info = 0x000001D1A00C55B0
[Close] \
[ZwCreateFile] \
Dokan Information: DokanEndDispatchCreate() status = 0, file handle = 0x000001D1A009A1C0, eventID = 0042, result = 0x1
Dokan Information: SendAndPullEventInformation() with NTSTATUS 0x0, context 0xa009a1c0, and result object 0x000001D1A01655F0 with size 48
###QueryVolumeInfo file handle = 0x000001D1A009A1C0, eventID = 0042, event Info = 0x000001D1A00C55B0
[GetVolumeInformation]
Dokan Information: SendAndPullEventInformation() with NTSTATUS 0x0, context 0xa009a1c0, and result object 0x000001D1A01655F0 with size 64
###GetFileInfo file handle = 0x000001D1A009A1C0, eventID = 0042, event Info = 0x000001D1A00C55B0
	result =  0
	FileAllInformation
	DispatchQueryInformation result =  0
Dokan Information: SendAndPullEventInformation() with NTSTATUS 0x0, context 0xa009a1c0, and result object 0x000001D1A01655F0 with size 140
###Cleanup file handle = 0x000001D1A009A1C0, eventID = 0042, event Info = 0x000001D1A00C55B0
Dokan Information: SendAndPullEventInformation() with NTSTATUS 0x0, context 0xa009a1c0, and result object 0x000001D1A01655F0 with size 48
###Close file handle = 0x000001D1A009A1C0, eventID = 0042, event Info = 0x000001D1A00C55B0
[Close] \
###Create file handle = 0x000001D1A009A140, eventID = 0043, event Info = 0x000001D1A00C5BD0
[ZwCreateFile] \
Dokan Information: DokanEndDispatchCreate() status = 0, file handle = 0x000001D1A009A140, eventID = 0043, result = 0x1
Dokan Information: SendAndPullEventInformation() with NTSTATUS 0x0, context 0xa009a140, and result object 0x000001D1A01655F0 with size 48
###QueryVolumeInfo file handle = 0x000001D1A009A140, eventID = 0043, event Info = 0x000001D1A00C5BD0
[GetVolumeInformation]
Dokan Information: SendAndPullEventInformation() with NTSTATUS 0x0, context 0xa009a140, and result object 0x000001D1A01655F0 with size 64
###GetFileInfo file handle = 0x000001D1A009A140, eventID = 0043, event Info = 0x000001D1A00C5BD0
	result =  0
	FileAllInformation
	DispatchQueryInformation result =  0
Dokan Information: SendAndPullEventInformation() with NTSTATUS 0x0, context 0xa009a140, and result object 0x000001D1A01655F0 with size 140
###Cleanup file handle = 0x000001D1A009A140, eventID = 0043, event Info = 0x000001D1A00C5BD0
Dokan Information: SendAndPullEventInformation() with NTSTATUS 0x0, context 0xa009a140, and result object 0x000001D1A01655F0 with size 48
###Close file handle = 0x000001D1A009A140, eventID = 0043, event Info = 0x000001D1A00C5BD0
[Close] \
###Create file handle = 0x000001D1A009A140, eventID = 0044, event Info = 0x000001D1A00C5BD0
[ZwCreateFile] \
Dokan Information: DokanEndDispatchCreate() status = 0, file handle = 0x000001D1A009A140, eventID = 0044, result = 0x1
Dokan Information: SendAndPullEventInformation() with NTSTATUS 0x0, context 0xa009a140, and result object 0x000001D1A01655F0 with size 48
###GetFileInfo file handle = 0x000001D1A009A140, eventID = 0044, event Info = 0x000001D1A00C5BD0
	result =  0
	FileStandardInformation
	DispatchQueryInformation result =  0
Dokan Information: SendAndPullEventInformation() with NTSTATUS 0x0, context 0xa009a140, and result object 0x000001D1A01655F0 with size 64
###QueryVolumeInfo file handle = 0x000001D1A009A140, eventID = 0044, event Info = 0x000001D1A00C5BD0
[GetVolumeInformation]
Dokan Information: SendAndPullEventInformation() with NTSTATUS 0x0, context 0xa009a140, and result object 0x000001D1A01655F0 with size 74
###QueryVolumeInfo file handle = 0x000001D1A009A140, eventID = 0044, event Info = 0x000001D1A00C5BD0
[GetVolumeInformation]
Dokan Information: SendAndPullEventInformation() with NTSTATUS 0x0, context 0xa009a140, and result object 0x000001D1A01655F0 with size 68
###Cleanup file handle = 0x000001D1A009A140, eventID = 0044, event Info = 0x000001D1A00C5BD0
Dokan Information: SendAndPullEventInformation() with NTSTATUS 0x0, context 0xa009a140, and result object 0x000001D1A01655F0 with size 48
###Close file handle = 0x000001D1A009A140, eventID = 0044, event Info = 0x000001D1A00C5BD0
###Create file handle = 0x000001D1A009A1C0, eventID = 0045, event Info = 0x000001D1A00C55B0
[Close] \
[ZwCreateFile] \
Dokan Information: DokanEndDispatchCreate() status = 0, file handle = 0x000001D1A009A1C0, eventID = 0045, result = 0x1
Dokan Information: SendAndPullEventInformation() with NTSTATUS 0x0, context 0xa009a1c0, and result object 0x000001D1A01655F0 with size 48
###GetFileInfo file handle = 0x000001D1A009A1C0, eventID = 0045, event Info = 0x000001D1A00C55B0
	result =  0
	FileBasicInformation
	DispatchQueryInformation result =  0
Dokan Information: SendAndPullEventInformation() with NTSTATUS 0x0, context 0xa009a1c0, and result object 0x000001D1A01655F0 with size 80
###Cleanup file handle = 0x000001D1A009A1C0, eventID = 0045, event Info = 0x000001D1A00C55B0
Dokan Information: SendAndPullEventInformation() with NTSTATUS 0x0, context 0xa009a1c0, and result object 0x000001D1A01655F0 with size 48
###Close file handle = 0x000001D1A009A1C0, eventID = 0045, event Info = 0x000001D1A00C55B0
[Close] \
###Create file handle = 0x000001D1A009A1C0, eventID = 0046, event Info = 0x000001D1A00C5BD0
[ZwCreateFile] \gost_w.exe
Dokan Information: DokanEndDispatchCreate() status = c0000034, file handle = 0x0000000000000000, eventID = -001, result = 0x5
Dokan Information: SendAndPullEventInformation() with NTSTATUS 0xc0000034, context 0x0, and result object 0x000001D1A01655F0 with size 48
###Create file handle = 0x000001D1A009A1C0, eventID = 0047, event Info = 0x000001D1A00C5BD0
[ZwCreateFile] \gost_w.exe
Dokan Information: DokanEndDispatchCreate() status = c0000034, file handle = 0x0000000000000000, eventID = -001, result = 0x5
Dokan Information: SendAndPullEventInformation() with NTSTATUS 0xc0000034, context 0x0, and result object 0x000001D1A01655F0 with size 48
###Create file handle = 0x000001D1A009A1C0, eventID = 0048, event Info = 0x000001D1A00C5BD0
[ZwCreateFile] \
Dokan Information: DokanEndDispatchCreate() status = 0, file handle = 0x000001D1A009A1C0, eventID = 0048, result = 0x1
Dokan Information: SendAndPullEventInformation() with NTSTATUS 0x0, context 0xa009a1c0, and result object 0x000001D1A01655F0 with size 48
###FindFiles file handle = 0x000001D1A009A1C0, eventID = 0048, event Info = 0x000001D1A00C5BD0
WriteDirectoryResults() New directory index is -1.
  STATUS_NO_SUCH_FILE
Dokan Information: SendAndPullEventInformation() with NTSTATUS 0xc000000f, context 0xa009a1c0, and result object 0x000001D1A01655F0 with size 48
###Cleanup file handle = 0x000001D1A009A1C0, eventID = 0048, event Info = 0x000001D1A00C5BD0
Dokan Information: SendAndPullEventInformation() with NTSTATUS 0x0, context 0xa009a1c0, and result object 0x000001D1A01655F0 with size 48
###Close file handle = 0x000001D1A009A1C0, eventID = 0048, event Info = 0x000001D1A00C5BD0
[Close] \
###Create file handle = 0x000001D1A009A140, eventID = 0049, event Info = 0x000001D1A00C55B0
[ZwCreateFile] \gost_w.exe
Dokan Information: DokanEndDispatchCreate() status = 0, file handle = 0x000001D1A009A140, eventID = 0049, result = 0x2
Dokan Information: SendAndPullEventInformation() with NTSTATUS 0x0, context 0xa009a140, and result object 0x000001D1A01655F0 with size 48
###GetFileInfo file handle = 0x000001D1A009A140, eventID = 0049, event Info = 0x000001D1A00C55B0
	result =  c0000034
	DispatchQueryInformation result =  c0000034
Dokan Information: SendAndPullEventInformation() with NTSTATUS 0xc000000d, context 0xa009a140, and result object 0x000001D1A01655F0 with size 48
###GetFileInfo file handle = 0x000001D1A009A140, eventID = 0049, event Info = 0x000001D1A00C55B0
	result =  c0000034
	DispatchQueryInformation result =  c0000034
Dokan Information: SendAndPullEventInformation() with NTSTATUS 0xc000000d, context 0xa009a140, and result object 0x000001D1A01655F0 with size 48
###GetFileInfo file handle = 0x000001D1A009A140, eventID = 0049, event Info = 0x000001D1A00C55B0
	result =  c0000034
	DispatchQueryInformation result =  c0000034
Dokan Information: SendAndPullEventInformation() with NTSTATUS 0xc000000d, context 0xa009a140, and result object 0x000001D1A01655F0 with size 48
###GetFileInfo file handle = 0x000001D1A009A140, eventID = 0049, event Info = 0x000001D1A00C55B0
	result =  c0000034
	DispatchQueryInformation result =  c0000034
Dokan Information: SendAndPullEventInformation() with NTSTATUS 0xc000000d, context 0xa009a140, and result object 0x000001D1A01655F0 with size 48
###QueryVolumeInfo file handle = 0x000001D1A009A140, eventID = 0049, event Info = 0x000001D1A00C55B0
[GetVolumeInformation]
Dokan Information: SendAndPullEventInformation() with NTSTATUS 0x0, context 0xa009a140, and result object 0x000001D1A01655F0 with size 68
###GetFileInfo file handle = 0x000001D1A009A140, eventID = 0049, event Info = 0x000001D1A00C55B0
	result =  c0000034
	DispatchQueryInformation result =  c0000034
Dokan Information: SendAndPullEventInformation() with NTSTATUS 0xc000000d, context 0xa009a140, and result object 0x000001D1A01655F0 with size 48
###SetFileInfo file handle = 0x000001D1A009A140, eventID = 0049, FileInformationClass = 20, event Info = 0x000001D1A00C55B0
	DispatchSetInformation result =  0
Dokan Information: SendAndPullEventInformation() with NTSTATUS 0x0, context 0xa009a140, and result object 0x000001D1A01655F0 with size 48
###GetFileInfo file handle = 0x000001D1A009A140, eventID = 0049, event Info = 0x000001D1A00C55B0
	result =  c0000034
	DispatchQueryInformation result =  c0000034
Dokan Information: SendAndPullEventInformation() with NTSTATUS 0xc000000d, context 0xa009a140, and result object 0x000001D1A01655F0 with size 48
###WriteFile file handle = 0x000001D1A009A140, eventID = 0049, event Info = 0x000001D1A00C5BD0
###WriteFile file handle = 0x000001D1A009A140, eventID = 0049, event Info = 0x000001D1A00C55B0
[Write] off=0 len=1048576
###GetFileInfo file handle = 0x000001D1A009A140, eventID = 0049, event Info = 0x000001D1A00C5690
[Write] off=1048576 len=1048576
###WriteFile file handle = 0x000001D1A009A140, eventID = 0049, event Info = 0x000001D1A00C57E0
	result =  c0000034
	DispatchQueryInformation result =  c0000034
[Write] off=2097152 len=1048576
Dokan Information: SendAndPullEventInformation() with NTSTATUS 0x0, context 0xa009a140, and result object 0x000001D1A01655F0 with size 48
Dokan Information: SendAndPullEventInformation() with NTSTATUS 0x0, context 0xa009a140, and result object 0x000001D1A20500A0 with size 48
Dokan Information: SendAndPullEventInformation() with NTSTATUS 0xc000000d, context 0xa009a140, and result object 0x000001D1A1ADB200 with size 48
Dokan Information: SendAndPullEventInformation() with NTSTATUS 0x0, context 0xa009a140, and result object 0x000001D1A1ADA1D0 with size 48
###GetFileInfo file handle = 0x000001D1A009A140, eventID = 0049, event Info = 0x000001D1A00C57E0
	result =  c0000034
	DispatchQueryInformation result =  c0000034
###WriteFile file handle = 0x000001D1A009A140, eventID = 0049, event Info = 0x000001D1A00C5690
Dokan Information: SendAndPullEventInformation() with NTSTATUS 0xc000000d, context 0xa009a140, and result object 0x000001D1A1ADA1D0 with size 48
###WriteFile file handle = 0x000001D1A009A140, eventID = 0049, event Info = 0x000001D1A00C5BD0
###GetFileInfo file handle = 0x000001D1A009A140, eventID = 0049, event Info = 0x000001D1A00C57E0
[Write] off=3145728 len=1048576
	result =  c0000034
[Write] off=4194304 len=1048576
	DispatchQueryInformation result =  c0000034
###WriteFile file handle = 0x000001D1A009A140, eventID = 0049, event Info = 0x000001D1A00C55B0
Dokan Information: SendAndPullEventInformation() with NTSTATUS 0x0, context 0xa009a140, and result object 0x000001D1A1ADB200 with size 48
Dokan Information: SendAndPullEventInformation() with NTSTATUS 0xc000000d, context 0xa009a140, and result object 0x000001D1A1ADA1D0 with size 48
[Write] off=5242880 len=1048576
Dokan Information: SendAndPullEventInformation() with NTSTATUS 0x0, context 0xa009a140, and result object 0x000001D1A20500A0 with size 48
###GetFileInfo file handle = 0x000001D1A009A140, eventID = 0049, event Info = 0x000001D1A00C57E0
###WriteFile file handle = 0x000001D1A009A140, eventID = 0049, event Info = 0x000001D1A00C5690
Dokan Information: SendAndPullEventInformation() with NTSTATUS 0x0, context 0xa009a140, and result object 0x000001D1A01655F0 with size 48
	result =  c0000034
	DispatchQueryInformation result =  c0000034
[Write] off=6291456 len=1048576
Dokan Information: SendAndPullEventInformation() with NTSTATUS 0xc000000d, context 0xa009a140, and result object 0x000001D1A1ADA1D0 with size 48
###WriteFile file handle = 0x000001D1A009A140, eventID = 0049, event Info = 0x000001D1A00C55B0
###WriteFile file handle = 0x000001D1A009A140, eventID = 0049, event Info = 0x000001D1A00C5BD0
[Write] off=7340032 len=1048576
Dokan Information: SendAndPullEventInformation() with NTSTATUS 0x0, context 0xa009a140, and result object 0x000001D1A1ADB200 with size 48
[WrDokan Information: SendAndPullEventInformation() with NTSTATUS 0x0, context 0xa009a140, and result object 0x000001D1A01655F0 with size 48
ite] off=8388608 len=1048576
###GetFileInfo file handle = 0x000001D1A009A140, eventID = 0049, event Info = 0x000001D1A00C5690
###WriteFile file handle = 0x000001D1A009A140, eventID = 0049, event Info = 0x000001D1A00C55B0
Dokan Information: SendAndPullEventInformation() with NTSTATUS 0x0, context 0xa009a140, and result object 0x000001D1A20500A0 with size 48
	result =  c0000034
	DispatchQueryInformation result =  c0000034
Dokan Information: SendAndPullEventInformation() with NTSTATUS 0xc000000d, context 0xa009a140, and result object 0x000001D1A1ADB200 with size 48
###WriteFile file handle = 0x000001D1A009A140, eventID = 0049, event Info = 0x000001D1A00C57E0
[Write] off=9437184 len=1048576
###GetFileInfo file handle = 0x000001D1A009A140, eventID = 0049, event Info = 0x000001D1A00C5690
[Write] off=10485760 len=1048576
###WriteFile file handle = 0x000001D1A009A140, eventID = 0049, event Info = 0x000001D1A00C5BD0
Dokan Information: SendAndPullEventInformation() with NTSTATUS 0x0, context 0xa009a140, and result object 0x000001D1A01655F0 with size 48
	result =  c0000034
[Write] off=11534336 len=1048576
	DispatchQueryInformation result =  c0000034
Dokan Information: SendAndPullEventInformation() with NTSTATUS 0x0, context 0xa009a140, and result object 0x000001D1A1ADA1D0 with size 48
###WriteFile file handle = 0x000001D1A009A140, eventID = 0049, event Info = 0x000001D1A00C55B0
Dokan Information: SendAndPullEventInformation() with NTSTATUS 0xc000000d, context 0xa009a140, and result object 0x000001D1A1ADB200 with size 48
Dokan Information: SendAndPullEventInformation() with NTSTATUS 0x0, context 0xa009a140, and result object 0x000001D1A20500A0 with size 48
[Write] off=12582912 len=696320
Dokan Information: SendAndPullEventInformation() with NTSTATUS 0x0, context 0xa009a140, and result object 0x000001D1A01655F0 with size 48
###QueryVolumeInfo file handle = 0x000001D1A009A140, eventID = 0049, event Info = 0x000001D1A00C55B0
[GetVolumeInformation]
Dokan Information: SendAndPullEventInformation() with NTSTATUS 0x0, context 0xa009a140, and result object 0x000001D1A01655F0 with size 68
###GetFileInfo file handle = 0x000001D1A009A140, eventID = 0049, event Info = 0x000001D1A00C55B0
	result =  c0000034
	DispatchQueryInformation result =  c0000034
Dokan Information: SendAndPullEventInformation() with NTSTATUS 0xc000000d, context 0xa009a140, and result object 0x000001D1A01655F0 with size 48
###Create file handle = 0x000001D1A009A1C0, eventID = 0050, event Info = 0x000001D1A00C55B0
[ZwCreateFile] \gost_w.exe:Zone.Identifier:$DATA
Dokan Information: DokanEndDispatchCreate() status = 0, file handle = 0x000001D1A009A1C0, eventID = 0050, result = 0x2
Dokan Information: SendAndPullEventInformation() with NTSTATUS 0x0, context 0xa009a1c0, and result object 0x000001D1A01655F0 with size 48
###GetFileInfo file handle = 0x000001D1A009A1C0, eventID = 0050, event Info = 0x000001D1A00C55B0
	result =  c0000034
	DispatchQueryInformation result =  c0000034
Dokan Information: SendAndPullEventInformation() with NTSTATUS 0xc000000d, context 0xa009a1c0, and result object 0x000001D1A01655F0 with size 48
###GetFileInfo file handle = 0x000001D1A009A1C0, eventID = 0050, event Info = 0x000001D1A00C55B0
	result =  c0000034
	DispatchQueryInformation result =  c0000034
Dokan Information: SendAndPullEventInformation() with NTSTATUS 0xc000000d, context 0xa009a1c0, and result object 0x000001D1A01655F0 with size 48
###GetFileInfo file handle = 0x000001D1A009A1C0, eventID = 0050, event Info = 0x000001D1A00C55B0
	result =  c0000034
	DispatchQueryInformation result =  c0000034
Dokan Information: SendAndPullEventInformation() with NTSTATUS 0xc000000d, context 0xa009a1c0, and result object 0x000001D1A01655F0 with size 48
###GetFileInfo file handle = 0x000001D1A009A1C0, eventID = 0050, event Info = 0x000001D1A00C55B0
	result =  c0000034
	DispatchQueryInformation result =  c0000034
Dokan Information: SendAndPullEventInformation() with NTSTATUS 0xc000000d, context 0xa009a1c0, and result object 0x000001D1A01655F0 with size 48
###QueryVolumeInfo file handle = 0x000001D1A009A1C0, eventID = 0050, event Info = 0x000001D1A00C55B0
[GetVolumeInformation]
Dokan Information: SendAndPullEventInformation() with NTSTATUS 0x0, context 0xa009a1c0, and result object 0x000001D1A01655F0 with size 68
###QueryVolumeInfo file handle = 0x000001D1A009A1C0, eventID = 0050, event Info = 0x000001D1A00C55B0
Dokan Information: SendAndPullEventInformation() with NTSTATUS 0x0, context 0xa009a1c0, and result object 0x000001D1A01655F0 with size 64
###SetFileInfo file handle = 0x000001D1A009A1C0, eventID = 0050, FileInformationClass = 20, event Info = 0x000001D1A00C55B0
	DispatchSetInformation result =  0
Dokan Information: SendAndPullEventInformation() with NTSTATUS 0x0, context 0xa009a1c0, and result object 0x000001D1A01655F0 with size 48
###WriteFile file handle = 0x000001D1A009A1C0, eventID = 0050, event Info = 0x000001D1A00C55B0
[Write] off=0 len=92
###GetFileInfo file handle = 0x000001D1A009A1C0, eventID = 0050, event Info = 0x000001D1A00C5BD0
Dokan Information: SendAndPullEventInformation() with NTSTATUS 0x0, context 0xa009a1c0, and result object 0x000001D1A01655F0 with size 48
	result =  c0000034
	DispatchQueryInformation result =  c0000034
###SetFileInfo file handle = 0x000001D1A009A1C0, eventID = 0050, FileInformationClass = 4, event Info = 0x000001D1A00C55B0
	DispatchSetInformation result =  c0000002
Dokan Information: SendAndPullEventInformation() with NTSTATUS 0xc000000d, context 0xa009a1c0, and result object 0x000001D1A20500A0 with size 48
Dokan Information: SendAndPullEventInformation() with NTSTATUS 0xc0000002, context 0xa009a1c0, and result object 0x000001D1A01655F0 with size 48
###Cleanup file handle = 0x000001D1A009A1C0, eventID = 0050, event Info = 0x000001D1A00C55B0
Dokan Information: SendAndPullEventInformation() with NTSTATUS 0x0, context 0xa009a1c0, and result object 0x000001D1A01655F0 with size 48
###Close file handle = 0x000001D1A009A1C0, eventID = 0050, event Info = 0x000001D1A00C55B0
[Close] \gost_w.exe:Zone.Identifier:$DATA
###SetFileInfo file handle = 0x000001D1A009A140, eventID = 0049, FileInformationClass = 4, event Info = 0x000001D1A00C5BD0
	DispatchSetInformation result =  c0000002
Dokan Information: SendAndPullEventInformation() with NTSTATUS 0xc0000002, context 0xa009a140, and result object 0x000001D1A20500A0 with size 48
###GetFileInfo file handle = 0x000001D1A009A140, eventID = 0049, event Info = 0x000001D1A00C5BD0
	result =  c0000034
	DispatchQueryInformation result =  c0000034
Dokan Information: SendAndPullEventInformation() with NTSTATUS 0xc000000d, context 0xa009a140, and result object 0x000001D1A20500A0 with size 48
###Cleanup file handle = 0x000001D1A009A140, eventID = 0049, event Info = 0x000001D1A00C5BD0
Dokan Information: SendAndPullEventInformation() with NTSTATUS 0x0, context 0xa009a140, and result object 0x000001D1A20500A0 with size 48
###Close file handle = 0x000001D1A009A140, eventID = 0049, event Info = 0x000001D1A00C5BD0
[Close] \gost_w.exe
###Create file handle = 0x000001D1A009A140, eventID = 0051, event Info = 0x000001D1A00C5BD0
[ZwCreateFile] \gost.exe
Dokan Information: DokanEndDispatchCreate() status = 0, file handle = 0x000001D1A009A140, eventID = 0051, result = 0x1
Dokan Information: SendAndPullEventInformation() with NTSTATUS 0x0, context 0xa009a140, and result object 0x000001D1A20500A0 with size 48
###GetFileInfo file handle = 0x000001D1A009A140, eventID = 0051, event Info = 0x000001D1A00C5BD0
	result =  0
	FileStandardInformation
	DispatchQueryInformation result =  0
Dokan Information: SendAndPullEventInformation() with NTSTATUS 0x0, context 0xa009a140, and result object 0x000001D1A20500A0 with size 64
###GetFileInfo file handle = 0x000001D1A009A140, eventID = 0051, event Info = 0x000001D1A00C5BD0
	result =  0
	FileBasicInformation
	DispatchQueryInformation result =  0
Dokan Information: SendAndPullEventInformation() with NTSTATUS 0x0, context 0xa009a140, and result object 0x000001D1A20500A0 with size 80
###Cleanup file handle = 0x000001D1A009A140, eventID = 0051, event Info = 0x000001D1A00C5BD0
Dokan Information: SendAndPullEventInformation() with NTSTATUS 0x0, context 0xa009a140, and result object 0x000001D1A20500A0 with size 48
###Close file handle = 0x000001D1A009A140, eventID = 0051, event Info = 0x000001D1A00C5BD0
[Close] \gost.exe
###Create file handle = 0x000001D1A009A140, eventID = 0052, event Info = 0x000001D1A00C55B0
[ZwCreateFile] \gost.exe
Dokan Information: DokanEndDispatchCreate() status = 0, file handle = 0x000001D1A009A140, eventID = 0052, result = 0x1
Dokan Information: SendAndPullEventInformation() with NTSTATUS 0x0, context 0xa009a140, and result object 0x000001D1A20500A0 with size 48
###GetFileInfo file handle = 0x000001D1A009A140, eventID = 0052, event Info = 0x000001D1A00C55B0
	result =  0
	FileBasicInformation
	DispatchQueryInformation result =  0
Dokan Information: SendAndPullEventInformation() with NTSTATUS 0x0, context 0xa009a140, and result object 0x000001D1A20500A0 with size 80
###Cleanup file handle = 0x000001D1A009A140, eventID = 0052, event Info = 0x000001D1A00C55B0
Dokan Information: SendAndPullEventInformation() with NTSTATUS 0x0, context 0xa009a140, and result object 0x000001D1A20500A0 with size 48
###Close file handle = 0x000001D1A009A140, eventID = 0052, event Info = 0x000001D1A00C55B0
[Close] \gost.exe
###Create file handle = 0x000001D1A009A1C0, eventID = 0053, event Info = 0x000001D1A00C5BD0
[ZwCreateFile] \gost.exe
Dokan Information: DokanEndDispatchCreate() status = 0, file handle = 0x000001D1A009A1C0, eventID = 0053, result = 0x1
Dokan Information: SendAndPullEventInformation() with NTSTATUS 0x0, context 0xa009a1c0, and result object 0x000001D1A20500A0 with size 48
###GetFileInfo file handle = 0x000001D1A009A1C0, eventID = 0053, event Info = 0x000001D1A00C5BD0
	result =  0
	FileBasicInformation
	DispatchQueryInformation result =  0
Dokan Information: SendAndPullEventInformation() with NTSTATUS 0x0, context 0xa009a1c0, and result object 0x000001D1A20500A0 with size 80
###Cleanup file handle = 0x000001D1A009A1C0, eventID = 0053, event Info = 0x000001D1A00C5BD0
Dokan Information: SendAndPullEventInformation() with NTSTATUS 0x0, context 0xa009a1c0, and result object 0x000001D1A20500A0 with size 48
###Close file handle = 0x000001D1A009A1C0, eventID = 0053, event Info = 0x000001D1A00C5BD0
[Close] \gost.exe
###Create file handle = 0x000001D1A009A140, eventID = 0054, event Info = 0x000001D1A00C55B0
[ZwCreateFile] \gost.exe
Dokan Information: DokanEndDispatchCreate() status = 0, file handle = 0x000001D1A009A140, eventID = 0054, result = 0x1
Dokan Information: SendAndPullEventInformation() with NTSTATUS 0x0, context 0xa009a140, and result object 0x000001D1A20500A0 with size 48
###GetFileInfo file handle = 0x000001D1A009A140, eventID = 0054, event Info = 0x000001D1A00C55B0
	result =  0
	FileBasicInformation
	DispatchQueryInformation result =  0
Dokan Information: SendAndPullEventInformation() with NTSTATUS 0x0, context 0xa009a140, and result object 0x000001D1A20500A0 with size 80
###GetFileInfo file handle = 0x000001D1A009A140, eventID = 0054, event Info = 0x000001D1A00C55B0
	result =  0
	FileStandardInformation
	DispatchQueryInformation result =  0
Dokan Information: SendAndPullEventInformation() with NTSTATUS 0x0, context 0xa009a140, and result object 0x000001D1A20500A0 with size 64
###GetFileInfo file handle = 0x000001D1A009A140, eventID = 0054, event Info = 0x000001D1A00C55B0
	result =  0
	FileInternalInformation
	DispatchQueryInformation result =  0
Dokan Information: SendAndPullEventInformation() with NTSTATUS 0x0, context 0xa009a140, and result object 0x000001D1A20500A0 with size 48
###GetFileInfo file handle = 0x000001D1A009A140, eventID = 0054, event Info = 0x000001D1A00C55B0
	result =  0
	FileStandardInformation
	DispatchQueryInformation result =  0
Dokan Information: SendAndPullEventInformation() with NTSTATUS 0x0, context 0xa009a140, and result object 0x000001D1A20500A0 with size 64
###GetFileInfo file handle = 0x000001D1A009A140, eventID = 0054, event Info = 0x000001D1A00C55B0
	result =  0
	FileBasicInformation
	DispatchQueryInformation result =  0
Dokan Information: SendAndPullEventInformation() with NTSTATUS 0x0, context 0xa009a140, and result object 0x000001D1A20500A0 with size 80
###GetFileInfo file handle = 0x000001D1A009A140, eventID = 0054, event Info = 0x000001D1A00C55B0
	result =  0
	FileAttributeTagInformation
	DispatchQueryInformation result =  0
Dokan Information: SendAndPullEventInformation() with NTSTATUS 0x0, context 0xa009a140, and result object 0x000001D1A20500A0 with size 48
###GetFileInfo file handle = 0x000001D1A009A140, eventID = 0054, event Info = 0x000001D1A00C55B0
	result =  0
	FileStandardInformation
	DispatchQueryInformation result =  0
Dokan Information: SendAndPullEventInformation() with NTSTATUS 0x0, context 0xa009a140, and result object 0x000001D1A20500A0 with size 64
###GetFileInfo file handle = 0x000001D1A009A140, eventID = 0054, event Info = 0x000001D1A00C55B0
	result =  0
	FileBasicInformation
	DispatchQueryInformation result =  0
Dokan Information: SendAndPullEventInformation() with NTSTATUS 0x0, context 0xa009a140, and result object 0x000001D1A20500A0 with size 80
###GetFileInfo file handle = 0x000001D1A009A140, eventID = 0054, event Info = 0x000001D1A00C55B0
FileStreamInformation
Dokan Information: SendAndPullEventInformation() with NTSTATUS 0x0, context 0xa009a140, and result object 0x000001D1A20500A0 with size 48
###GetFileInfo file handle = 0x000001D1A009A140, eventID = 0054, event Info = 0x000001D1A00C55B0
	result =  0
	FileBasicInformation
	DispatchQueryInformation result =  0
Dokan Information: SendAndPullEventInformation() with NTSTATUS 0x0, context 0xa009a140, and result object 0x000001D1A20500A0 with size 80
###GetFileInfo file handle = 0x000001D1A009A140, eventID = 0054, event Info = 0x000001D1A00C55B0
	result =  0
	FileEaInformation
	DispatchQueryInformation result =  0
Dokan Information: SendAndPullEventInformation() with NTSTATUS 0x0, context 0xa009a140, and result object 0x000001D1A20500A0 with size 48
###QueryVolumeInfo file handle = 0x000001D1A009A140, eventID = 0054, event Info = 0x000001D1A00C55B0
[GetVolumeInformation]
Dokan Information: SendAndPullEventInformation() with NTSTATUS 0x0, context 0xa009a140, and result object 0x000001D1A20500A0 with size 68
###Read file handle = 0x000001D1A009A140, eventID = 0054, event Info = 0x000001D1A00C55B0
Dokan Information: SendAndPullEventInformation() with NTSTATUS 0x0, context 0xa009a140, and result object 0x000001D1A20500A0 with size 132
###Cleanup file handle = 0x000001D1A009A140, eventID = 0054, event Info = 0x000001D1A00C55B0
Dokan Information: SendAndPullEventInformation() with NTSTATUS 0x0, context 0xa009a140, and result object 0x000001D1A20500A0 with size 48
###Close file handle = 0x000001D1A009A140, eventID = 0054, event Info = 0x000001D1A00C55B0
