Dokan: debug mode on
Dokan: use stderr
AllocationUnitSize: 512 SectorSize: 512
Global device opened
Dokan: Using 12 main pull threads with ipc batching: 0
###QueryVolumeInfo file handle = 0x0000000000000000, eventID = -001, event Info = 0x0000023E2CE7B2A0
[GetVolumeInformation]
Dokan Information: mounted: Y: -> \Volume{d6cc17c5-1716-4085-bce7-964f1e9f5de9}
[Mounted]
###QueryVolumeInfo file handle = 0x0000000000000000, eventID = -001, event Info = 0x0000023E2CE7B230
[GetVolumeInformation]
Dokan Information: SendAndPullEventInformation() with NTSTATUS 0x0, context 0x0, and result object 0x0000023E2CF4C4A0 with size 64
Dokan Information: SendAndPullEventInformation() with NTSTATUS 0x80000005, context 0x0, and result object 0x0000023E2CF4D4D0 with size 56
###Create file handle = 0x0000023E2CE7A2F0, eventID = 0001, event Info = 0x0000023E2CE7B230
[ZwCreateFile] \
Dokan Information: DokanEndDispatchCreate() status = 0, file handle = 0x0000023E2CE7A2F0, eventID = 0001, result = 0x1
Dokan Information: SendAndPullEventInformation() with NTSTATUS 0x0, context 0x2ce7a2f0, and result object 0x0000023E2CF4D4D0 with size 48
###GetFileInfo file handle = 0x0000023E2CE7A2F0, eventID = 0001, event Info = 0x0000023E2CE7B230
	result =  0
  unknown type:54
	DispatchQueryInformation result =  c000000d
Dokan Information: SendAndPullEventInformation() with NTSTATUS 0xc000000d, context 0x2ce7a2f0, and result object 0x0000023E2CF4D4D0 with size 48
###GetFileInfo file handle = 0x0000023E2CE7A2F0, eventID = 0001, event Info = 0x0000023E2CE7B230
	result =  0
	FileStandardInformation
	DispatchQueryInformation result =  0
Dokan Information: SendAndPullEventInformation() with NTSTATUS 0x0, context 0x2ce7a2f0, and result object 0x0000023E2CF4D4D0 with size 64
###QueryVolumeInfo file handle = 0x0000023E2CE7A2F0, eventID = 0001, event Info = 0x0000023E2CE7B230
[GetVolumeInformation]
Dokan Information: SendAndPullEventInformation() with NTSTATUS 0x0, context 0x2ce7a2f0, and result object 0x0000023E2CF4D4D0 with size 74
###Cleanup file handle = 0x0000023E2CE7A2F0, eventID = 0001, event Info = 0x0000023E2CE7B230
Dokan Information: SendAndPullEventInformation() with NTSTATUS 0x0, context 0x2ce7a2f0, and result object 0x0000023E2CF4D4D0 with size 48
###Close file handle = 0x0000023E2CE7A2F0, eventID = 0001, event Info = 0x0000023E2CE7B230
[Close] \
###Create file handle = 0x0000023E2CE7A2F0, eventID = 0002, event Info = 0x0000023E2CE7B230
[ZwCreateFile] \
Dokan Information: DokanEndDispatchCreate() status = 0, file handle = 0x0000023E2CE7A2F0, eventID = 0002, result = 0x1
Dokan Information: SendAndPullEventInformation() with NTSTATUS 0x0, context 0x2ce7a2f0, and result object 0x0000023E2CF4D4D0 with size 48
###GetFileInfo file handle = 0x0000023E2CE7A2F0, eventID = 0002, event Info = 0x0000023E2CE7B230
	result =  0
	FileStandardInformation
	DispatchQueryInformation result =  0
Dokan Information: SendAndPullEventInformation() with NTSTATUS 0x0, context 0x2ce7a2f0, and result object 0x0000023E2CF4D4D0 with size 64
###QueryVolumeInfo file handle = 0x0000023E2CE7A2F0, eventID = 0002, event Info = 0x0000023E2CE7B230
[GetVolumeInformation]
Dokan Information: SendAndPullEventInformation() with NTSTATUS 0x0, context 0x2ce7a2f0, and result object 0x0000023E2CF4D4D0 with size 74
###Cleanup file handle = 0x0000023E2CE7A2F0, eventID = 0002, event Info = 0x0000023E2CE7B230
Dokan Information: SendAndPullEventInformation() with NTSTATUS 0x0, context 0x2ce7a2f0, and result object 0x0000023E2CF4D4D0 with size 48
###Close file handle = 0x0000023E2CE7A2F0, eventID = 0002, event Info = 0x0000023E2CE7B230
[Close] \
###Create file handle = 0x0000023E2CE7A2F0, eventID = 0003, event Info = 0x0000023E2CEB7C40
[ZwCreateFile] \
Dokan Information: DokanEndDispatchCreate() status = 0, file handle = 0x0000023E2CE7A2F0, eventID = 0003, result = 0x1
Dokan Information: SendAndPullEventInformation() with NTSTATUS 0x0, context 0x2ce7a2f0, and result object 0x0000023E2CF4D4D0 with size 48
###QueryVolumeInfo file handle = 0x0000023E2CE7A2F0, eventID = 0003, event Info = 0x0000023E2CEB7C40
[GetVolumeInformation]
Dokan Information: SendAndPullEventInformation() with NTSTATUS 0x0, context 0x2ce7a2f0, and result object 0x0000023E2CF4D4D0 with size 74
###QueryVolumeInfo file handle = 0x0000023E2CE7A2F0, eventID = 0003, event Info = 0x0000023E2CEB7C40
[GetVolumeInformation]
Dokan Information: SendAndPullEventInformation() with NTSTATUS 0x0, context 0x2ce7a2f0, and result object 0x0000023E2CF4D4D0 with size 68
###Cleanup file handle = 0x0000023E2CE7A2F0, eventID = 0003, event Info = 0x0000023E2CEB7C40
Dokan Information: SendAndPullEventInformation() with NTSTATUS 0x0, context 0x2ce7a2f0, and result object 0x0000023E2CF4D4D0 with size 48
###Close file handle = 0x0000023E2CE7A2F0, eventID = 0003, event Info = 0x0000023E2CEB7C40
[Close] \
###Create file handle = 0x0000023E2CE7A2F0, eventID = 0004, event Info = 0x0000023E2CEB7C40
[ZwCreateFile] \
###Create file handle = 0x0000023E2CE79CF0, eventID = 0005, event Info = 0x0000023E2CEB78C0
[ZwCreateFilDokan Information: DokanEndDispatchCreate() status = 0, file handle = 0x0000023E2CE7A2F0, eventID = 0004, result = 0x1
e]Dokan Information: SendAndPullEventInformation() with NTSTATUS 0x0, context 0x2ce7a2f0, and result object 0x0000023E2CF4D4D0 with size 48
 ###GetFileInfo file handle = 0x0000023E2CE7A2F0, eventID = 0004, event Info = 0x0000023E2CEB7C40
\
	result =  0
	FileBasicInformation
	DispatchQueryInformation result =  0
Dokan Information: DokanEndDispatchCreate() status = 0, file handle = 0x0000023E2CE79CF0, eventID = 0005, result = 0x1
Dokan Information: SendAndPullEventInformation() with NTSTATUS 0x0, context 0x2ce7a2f0, and result object 0x0000023E2CF4D4D0 with size 80
Dokan Information: SendAndPullEventInformation() with NTSTATUS 0x0, context 0x2ce79cf0, and result object 0x0000023E2F160840 with size 48
###Cleanup file handle = 0x0000023E2CE7A2F0, eventID = 0004, event Info = 0x0000023E2CEB7C40
Dokan Information: SendAndPullEventInformation() with NTSTATUS 0x0, context 0x2ce7a2f0, and result object 0x0000023E2CF4D4D0 with size 48
###Close file handle = 0x0000023E2CE7A2F0, eventID = 0004, event Info = 0x0000023E2CEB78C0
[Close###QueryVolumeInfo file handle = 0x0000023E2CE79CF0, eventID = 0005, event Info = 0x0000023E2CEB7C40
] \
###Create file handle = 0x0000023E2CE7A8F0, eventID = 0006, event Info = 0x0000023E2CEB71C0
[GetVolumeInformation]
[ZwCreateFile]Dokan Information: SendAndPullEventInformation() with NTSTATUS 0x0, context 0x2ce79cf0, and result object 0x0000023E2CF4D4D0 with size 74
 ###QueryVolumeInfo file handle = 0x0000023E2CE79CF0, eventID = 0005, event Info = 0x0000023E2CEB7C40
\
[GetVolumeInformation]
Dokan Information: DokanEndDispatchCreate() status = 0, file handle = 0x0000023E2CE7A8F0, eventID = 0006, result = 0x1
Dokan Information: SendAndPullEventInformation() with NTSTATUS 0x0, context 0x2ce79cf0, and result object 0x0000023E2CF4D4D0 with size 68
Dokan Information: SendAndPullEventInformation() with NTSTATUS 0x0, context 0x2ce7a8f0, and result object 0x0000023E2F160840 with size 48
###Cleanup file handle = 0x0000023E2CE79CF0, eventID = 0005, event Info = 0x0000023E2CEB7C40
Dokan Information: SendAndPullEventInformation() with NTSTATUS 0x0, context 0x2ce79cf0, and result object 0x0000023E2CF4D4D0 with size 48
###QueryVolumeInfo file handle = 0x0000023E2CE7A8F0, eventID = 0006, event Info = 0x0000023E2CEB71C0
[GetVolumeInformation]
###Close file handle = 0x0000023E2CE79CF0, eventID = 0005, event Info = 0x0000023E2CEB7C40
[Close] \
###Create file handle = 0x0000023E2CE7A2F0, eventID = 0007, event Info = 0x0000023E2CEB78C0
[ZwCreateFile] \
Dokan Information: SendAndPullEventInformation() with NTSTATUS 0x0, context 0x2ce7a8f0, and result object 0x0000023E2F160840 with size 74
Dokan Information: DokanEndDispatchCreate() status = 0, file handle = 0x0000023E2CE7A2F0, eventID = 0007, result = 0x1
###QueryVolumeInfo file handle = 0x0000023E2CE7A8F0, eventID = 0006, event Info = 0x0000023E2CEB71C0
[GetVolumeInfoDokan Information: SendAndPullEventInformation() with NTSTATUS 0x0, context 0x2ce7a2f0, and result object 0x0000023E2CF4D4D0 with size 48
rmation]
###QueryVolumeInfo file handle = 0x0000023E2CE7A2F0, eventID = 0007, event Info = 0x0000023E2CEB78C0
Dokan Information: SendAndPullEventInformation() with NTSTATUS 0x0, context 0x2ce7a8f0, and result object 0x0000023E2F160840 with size 68
Dokan Information: SendAndPullEventInformation() with NTSTATUS 0x0, context 0x2ce7a2f0, and result object 0x0000023E2CF4D4D0 with size 64
###Cleanup file handle = 0x0000023E2CE7A2F0, eventID = 0007, event Info = 0x0000023E2CEB78C0
Dokan Information: SendAndPullEventInformation() with NTSTATUS 0x0, context 0x2ce7a2f0, and result object 0x0000023E2CF4D4D0 with size 48
###Cleanup file handle = 0x0000023E2CE7A8F0, eventID = 0006, event Info = 0x0000023E2CEB71C0
Dokan Information: SendAndPullEventInformation() with NTSTATUS 0x0, context 0x2ce7a8f0, and result object 0x0000023E2F160840 with size 48
###Create file handle = 0x0000023E2CE79CF0, eventID = 0008, event Info = 0x0000023E2CEB7C40
[ZwCreateFile] \
###Close file handle = 0x0000023E2CE7A2F0, eventID = 0007, event Info = 0x0000023E2CEB78C0
[Clos###Close file handle = 0x0000023E2CE7A8F0, eventID = 0006, event Info = 0x0000023E2CEB71C0
###Create file handle = 0x0000023E2CE7A370, eventID = 0009, event Info = 0x0000023E2CEB7D90
e] \
[Dokan Information: DokanEndDispatchCreate() status = 0, file handle = 0x0000023E2CE79CF0, eventID = 0008, result = 0x1
Close] \
Dokan Information: SendAndPullEventInformation() with NTSTATUS 0x0, context 0x2ce79cf0, and result object 0x0000023E2CF4D4D0 with size 48
[ZwCreateFile] \
###Cleanup file handle = 0x0000023E2CE79CF0, eventID = 0008, event Info = 0x0000023E2CEB7C40
Dokan Information: DokanEndDispatchCreate() status = 0, file handle = 0x0000023E2CE7A370, eventID = 0009, result = 0x1
Dokan Information: SendAndPullEventInformation() with NTSTATUS 0x0, context 0x2ce79cf0, and result object 0x0000023E2CF4D4D0 with size 48
Dokan Information: SendAndPullEventInformation() with NTSTATUS 0x0, context 0x2ce7a370, and result object 0x0000023E2F160840 with size 48
###Close file handle = 0x0000023E2CE79CF0, eventID = 0008, event Info = 0x0000023E2CEB7C40
[Close] \
###Create file handle = 0x0000023E2CE7A8F0, eventID = 0010, event Info = 0x0000023E2CEB71C0
[ZwCreateFile] \
###QueryVolumeInfo file handle = 0x0000023E2CE7A370, eventID = 0009, event Info = 0x0000023E2CEB7D90
Dokan Information: DokanEndDispatchCreate() status = 0, file handle = 0x0000023E2CE7A8F0, eventID = 0010, result = 0x1
Dokan Information: SendAndPullEventInformation() with NTSTATUS 0x0, context 0x2ce7a8f0, and result object 0x0000023E2CF4D4D0 with size 48
Dokan Information: SendAndPullEventInformation() with NTSTATUS 0x0, context 0x2ce7a370, and result object 0x0000023E2F160840 with size 64
###QueryVolumeInfo file handle = 0x0000023E2CE7A8F0, eventID = 0010, event Info = 0x0000023E2CEB71C0
[GetVolumeInformation]
###Cleanup file handle = 0x0000023E2CE7A370, eventID = 0009, event Info = 0x0000023E2CEB7D90
Dokan Information: SendAndPullEventInformation() with NTSTATUS 0x0, context 0x2ce7a8f0, and result object 0x0000023E2CF4D4D0 with size 64
Dokan Information: SendAndPullEventInformation() with NTSTATUS 0x0, context 0x2ce7a370, and result object 0x0000023E2F160840 with size 48
###GetFileInfo file handle = 0x0000023E2CE7A8F0, eventID = 0010, event Info = 0x0000023E2CEB71C0
	result =  0
	FileAllInformation
	DispatchQueryInformation result =  0
###Create file handle = 0x0000023E2CE79CF0, eventID = 0011, event Info = 0x0000023E2CEB7C40
[ZwCreateFile] ###Close file handle = 0x0000023E2CE7A370, eventID = 0009, event Info = 0x0000023E2CEB7D90
\
Dokan Information: SendAndPullEventInformation() with NTSTATUS 0x0, context 0x2ce7a8f0, and result object 0x0000023E2CF4D4D0 with size 140
Dokan Information: DokanEndDispatchCreate() status = 0, file handle = 0x0000023E2CE79CF0, eventID = 0011, result = 0x1
[Close] \
Dokan Information: SendAndPullEventInformation() with NTSTATUS 0x0, context 0x2ce79cf0, and result object 0x0000023E2F160840 with size 48
###Cleanup file handle = 0x0000023E2CE7A8F0, eventID = 0010, event Info = 0x0000023E2CEB71C0
###GetFileInfo file handle = 0x0000023E2CE79CF0, eventID = 0011, event Info = 0x0000023E2CEB7C40
	result =  0
	FileBasicInformation
	DispatchQueryInformation result =  0
Dokan Information: SendAndPullEventInformation() with NTSTATUS 0x0, context 0x2ce7a8f0, and result object 0x0000023E2CF4D4D0 with size 48
Dokan Information: SendAndPullEventInformation() with NTSTATUS 0x0, context 0x2ce79cf0, and result object 0x0000023E2F160840 with size 80
###Close file handle = 0x0000023E2CE7A8F0, eventID = 0010, event Info = 0x0000023E2CEB71C0
[Close] \
###Create file handle = 0x0000023E2CE7A370, eventID = 0012, event Info = 0x0000023E2CEB7D90
[ZwCreateFil###Cleanup file handle = 0x0000023E2CE79CF0, eventID = 0011, event Info = 0x0000023E2CEB7C40
e] \
Dokan Information: SendAndPullEventInformation() with NTSTATUS 0x0, context 0x2ce79cf0, and result object 0x0000023E2F160840 with size 48
Dokan Information: DokanEndDispatchCreate() status = 0, file handle = 0x0000023E2CE7A370, eventID = 0012, result = 0x1
###Close file handle = 0x0000023E2CE79CF0, eventID = 0011, event Info = 0x0000023E2CEB7C40
[Close] \
Dokan Information: SendAndPullEventInformation() with NTSTATUS 0x0, context 0x2ce7a370, and result object 0x0000023E2CF4D4D0 with size 48
###Create file handle = 0x0000023E2CE79CF0, eventID = 0013, event Info = 0x0000023E2CEB71C0
[ZwCre###QueryVolumeInfo file handle = 0x0000023E2CE7A370, eventID = 0012, event Info = 0x0000023E2CEB7D90
ateFile] \
[GetVolumeInformation]
Dokan Information: DokanEndDispatchCreate() status = 0, file handle = 0x0000023E2CE79CF0, eventID = 0013, result = 0x1
Dokan Information: SendAndPullEventInformation() with NTSTATUS 0x0, context 0x2ce79cf0, and result object 0x0000023E2F160840 with size 48
Dokan Information: SendAndPullEventInformation() with NTSTATUS 0x0, context 0x2ce7a370, and result object 0x0000023E2CF4D4D0 with size 64
###GetFileInfo file handle = 0x0000023E2CE79CF0, eventID = 0013, event Info = 0x0000023E2CEB71C0
	result =  0
	FileBasicInformation
	DispatchQueryInformation result =  0
###GetFileInfo file handle = 0x0000023E2CE7A370, eventID = 0012, event Info = 0x0000023E2CEB7D90
	result =  0
	FileAllInformation
	DispatchQueryInformation result =  0
Dokan Information: SendAndPullEventInformation() with NTSTATUS 0x0, context 0x2ce79cf0, and result object 0x0000023E2CF4D4D0 with size 80
Dokan Information: SendAndPullEventInformation() with NTSTATUS 0x0, context 0x2ce7a370, and result object 0x0000023E2F160840 with size 140
###Cleanup file handle = 0x0000023E2CE79CF0, eventID = 0013, event Info = 0x0000023E2CEB71C0
###Cleanup file handle = 0x0000023E2CE7A370, eventID = 0012, event Info = 0x0000023E2CEB7D90
Dokan Information: SendAndPullEventInformation() with NTSTATUS 0x0, context 0x2ce79cf0, and result object 0x0000023E2CF4D4D0 with size 48
Dokan Information: SendAndPullEventInformation() with NTSTATUS 0x0, context 0x2ce7a370, and result object 0x0000023E2F160840 with size 48
###Close file handle = 0x0000023E2CE79CF0, eventID = 0013, event Info = 0x0000023E2CEB71C0
[C###Close file handle = 0x0000023E2CE7A370, eventID = 0012, event Info = 0x0000023E2CEB7D90
lose] ###Create file handle = 0x0000023E2CE7A8F0, eventID = 0014, event Info = 0x0000023E2CEB7C40
\
[Close] \
[ZwCreateFile] \
Dokan Information: DokanEndDispatchCreate() status = 0, file handle = 0x0000023E2CE7A8F0, eventID = 0014, result = 0x1
Dokan Information: SendAndPullEventInformation() with NTSTATUS 0x0, context 0x2ce7a8f0, and result object 0x0000023E2F160840 with size 48
###QueryVolumeInfo file handle = 0x0000023E2CE7A8F0, eventID = 0014, event Info = 0x0000023E2CEB7C40
[GetVolumeInformation]
Dokan Information: SendAndPullEventInformation() with NTSTATUS 0x0, context 0x2ce7a8f0, and result object 0x0000023E2F160840 with size 64
###GetFileInfo file handle = 0x0000023E2CE7A8F0, eventID = 0014, event Info = 0x0000023E2CEB7C40
	result =  0
	FileAllInformation
	DispatchQueryInformation result =  0
Dokan Information: SendAndPullEventInformation() with NTSTATUS 0x0, context 0x2ce7a8f0, and result object 0x0000023E2F160840 with size 140
###Cleanup file handle = 0x0000023E2CE7A8F0, eventID = 0014, event Info = 0x0000023E2CEB7C40
Dokan Information: SendAndPullEventInformation() with NTSTATUS 0x0, context 0x2ce7a8f0, and result object 0x0000023E2F160840 with size 48
###Close file handle = 0x0000023E2CE7A8F0, eventID = 0014, event Info = 0x0000023E2CEB7C40
[Close] \
###Create file handle = 0x0000023E2CE7A370, eventID = 0015, event Info = 0x0000023E2CEB7D90
[ZwCreateFile] \
Dokan Information: DokanEndDispatchCreate() status = 0, file handle = 0x0000023E2CE7A370, eventID = 0015, result = 0x1
Dokan Information: SendAndPullEventInformation() with NTSTATUS 0x0, context 0x2ce7a370, and result object 0x0000023E2F160840 with size 48
###QueryVolumeInfo file handle = 0x0000023E2CE7A370, eventID = 0015, event Info = 0x0000023E2CEB7D90
[GetVolumeInformation]
Dokan Information: SendAndPullEventInformation() with NTSTATUS 0x0, context 0x2ce7a370, and result object 0x0000023E2F160840 with size 64
###GetFileInfo file handle = 0x0000023E2CE7A370, eventID = 0015, event Info = 0x0000023E2CEB7D90
	result =  0
	FileAllInformation
	DispatchQueryInformation result =  0
Dokan Information: SendAndPullEventInformation() with NTSTATUS 0x0, context 0x2ce7a370, and result object 0x0000023E2F160840 with size 140
###Cleanup file handle = 0x0000023E2CE7A370, eventID = 0015, event Info = 0x0000023E2CEB7D90
Dokan Information: SendAndPullEventInformation() with NTSTATUS 0x0, context 0x2ce7a370, and result object 0x0000023E2F160840 with size 48
###Close file handle = 0x0000023E2CE7A370, eventID = 0015, event Info = 0x0000023E2CEB7D90
[Close] \
###Create file handle = 0x0000023E2CE7A8F0, eventID = 0016, event Info = 0x0000023E2CEB7C40
[ZwCreateFile] \
Dokan Information: DokanEndDispatchCreate() status = 0, file handle = 0x0000023E2CE7A8F0, eventID = 0016, result = 0x1
Dokan Information: SendAndPullEventInformation() with NTSTATUS 0x0, context 0x2ce7a8f0, and result object 0x0000023E2F160840 with size 48
###QueryVolumeInfo file handle = 0x0000023E2CE7A8F0, eventID = 0016, event Info = 0x0000023E2CEB7C40
[GetVolumeInformation]
Dokan Information: SendAndPullEventInformation() with NTSTATUS 0x0, context 0x2ce7a8f0, and result object 0x0000023E2F160840 with size 64
###GetFileInfo file handle = 0x0000023E2CE7A8F0, eventID = 0016, event Info = 0x0000023E2CEB7C40
	result =  0
	FileAllInformation
	DispatchQueryInformation result =  0
Dokan Information: SendAndPullEventInformation() with NTSTATUS 0x0, context 0x2ce7a8f0, and result object 0x0000023E2F160840 with size 140
###Cleanup file handle = 0x0000023E2CE7A8F0, eventID = 0016, event Info = 0x0000023E2CEB7C40
Dokan Information: SendAndPullEventInformation() with NTSTATUS 0x0, context 0x2ce7a8f0, and result object 0x0000023E2F160840 with size 48
###Close file handle = 0x0000023E2CE7A8F0, eventID = 0016, event Info = 0x0000023E2CEB7C40
[Close] \
###Create file handle = 0x0000023E2CE7A370, eventID = 0017, event Info = 0x0000023E2CEB7D90
[ZwCreateFile] \
Dokan Information: DokanEndDispatchCreate() status = 0, file handle = 0x0000023E2CE7A370, eventID = 0017, result = 0x1
Dokan Information: SendAndPullEventInformation() with NTSTATUS 0x0, context 0x2ce7a370, and result object 0x0000023E2F160840 with size 48
###QueryVolumeInfo file handle = 0x0000023E2CE7A370, eventID = 0017, event Info = 0x0000023E2CEB7D90
[GetVolumeInformation]
Dokan Information: SendAndPullEventInformation() with NTSTATUS 0x0, context 0x2ce7a370, and result object 0x0000023E2F160840 with size 64
###GetFileInfo file handle = 0x0000023E2CE7A370, eventID = 0017, event Info = 0x0000023E2CEB7D90
	result =  0
	FileAllInformation
	DispatchQueryInformation result =  0
Dokan Information: SendAndPullEventInformation() with NTSTATUS 0x0, context 0x2ce7a370, and result object 0x0000023E2F160840 with size 140
###Cleanup file handle = 0x0000023E2CE7A370, eventID = 0017, event Info = 0x0000023E2CEB7D90
Dokan Information: SendAndPullEventInformation() with NTSTATUS 0x0, context 0x2ce7a370, and result object 0x0000023E2F160840 with size 48
###Close file handle = 0x0000023E2CE7A370, eventID = 0017, event Info = 0x0000023E2CEB7D90
[Close] \
###Create file handle = 0x0000023E2CE7A8F0, eventID = 0018, event Info = 0x0000023E2CEB7C40
[ZwCreateFile] \
Dokan Information: DokanEndDispatchCreate() status = 0, file handle = 0x0000023E2CE7A8F0, eventID = 0018, result = 0x1
Dokan Information: SendAndPullEventInformation() with NTSTATUS 0x0, context 0x2ce7a8f0, and result object 0x0000023E2F160840 with size 48
###QueryVolumeInfo file handle = 0x0000023E2CE7A8F0, eventID = 0018, event Info = 0x0000023E2CEB7C40
[GetVolumeInformation]
Dokan Information: SendAndPullEventInformation() with NTSTATUS 0x0, context 0x2ce7a8f0, and result object 0x0000023E2F160840 with size 64
###GetFileInfo file handle = 0x0000023E2CE7A8F0, eventID = 0018, event Info = 0x0000023E2CEB7C40
	result =  0
	FileAllInformation
	DispatchQueryInformation result =  0
Dokan Information: SendAndPullEventInformation() with NTSTATUS 0x0, context 0x2ce7a8f0, and result object 0x0000023E2F160840 with size 140
###Cleanup file handle = 0x0000023E2CE7A8F0, eventID = 0018, event Info = 0x0000023E2CEB7C40
Dokan Information: SendAndPullEventInformation() with NTSTATUS 0x0, context 0x2ce7a8f0, and result object 0x0000023E2F160840 with size 48
###Close file handle = 0x0000023E2CE7A8F0, eventID = 0018, event Info = 0x0000023E2CEB7C40
[Close###Create file handle = 0x0000023E2CE7A370, eventID = 0019, event Info = 0x0000023E2CEB7D90
] \
[ZwCreateFile] \
Dokan Information: DokanEndDispatchCreate() status = 0, file handle = 0x0000023E2CE7A370, eventID = 0019, result = 0x1
Dokan Information: SendAndPullEventInformation() with NTSTATUS 0x0, context 0x2ce7a370, and result object 0x0000023E2F160840 with size 48
###QueryVolumeInfo file handle = 0x0000023E2CE7A370, eventID = 0019, event Info = 0x0000023E2CEB7D90
[GetVolumeInformation]
Dokan Information: SendAndPullEventInformation() with NTSTATUS 0x0, context 0x2ce7a370, and result object 0x0000023E2F160840 with size 64
###GetFileInfo file handle = 0x0000023E2CE7A370, eventID = 0019, event Info = 0x0000023E2CEB7D90
	result =  0
	FileAllInformation
	DispatchQueryInformation result =  0
Dokan Information: SendAndPullEventInformation() with NTSTATUS 0x0, context 0x2ce7a370, and result object 0x0000023E2F160840 with size 140
###Cleanup file handle = 0x0000023E2CE7A370, eventID = 0019, event Info = 0x0000023E2CEB7D90
Dokan Information: SendAndPullEventInformation() with NTSTATUS 0x0, context 0x2ce7a370, and result object 0x0000023E2F160840 with size 48
###Close file handle = 0x0000023E2CE7A370, eventID = 0019, event Info = 0x0000023E2CEB7D90
[Close] \
###Create file handle = 0x0000023E2CE7A8F0, eventID = 0020, event Info = 0x0000023E2CEB7C40
[ZwCreateFile] \
Dokan Information: DokanEndDispatchCreate() status = 0, file handle = 0x0000023E2CE7A8F0, eventID = 0020, result = 0x1
Dokan Information: SendAndPullEventInformation() with NTSTATUS 0x0, context 0x2ce7a8f0, and result object 0x0000023E2F160840 with size 48
###QueryVolumeInfo file handle = 0x0000023E2CE7A8F0, eventID = 0020, event Info = 0x0000023E2CEB7C40
[GetVolumeInformation]
Dokan Information: SendAndPullEventInformation() with NTSTATUS 0x0, context 0x2ce7a8f0, and result object 0x0000023E2F160840 with size 64
###GetFileInfo file handle = 0x0000023E2CE7A8F0, eventID = 0020, event Info = 0x0000023E2CEB7C40
	result =  0
	FileAllInformation
	DispatchQueryInformation result =  0
Dokan Information: SendAndPullEventInformation() with NTSTATUS 0x0, context 0x2ce7a8f0, and result object 0x0000023E2F160840 with size 140
###Cleanup file handle = 0x0000023E2CE7A8F0, eventID = 0020, event Info = 0x0000023E2CEB7C40
Dokan Information: SendAndPullEventInformation() with NTSTATUS 0x0, context 0x2ce7a8f0, and result object 0x0000023E2F160840 with size 48
###Close file handle = 0x0000023E2CE7A8F0, eventID = 0020, event Info = 0x0000023E2CEB7C40
[Close] \
###Create file handle = 0x0000023E2CE7A370, eventID = 0021, event Info = 0x0000023E2CEB7D90
[ZwCreateFile] \
Dokan Information: DokanEndDispatchCreate() status = 0, file handle = 0x0000023E2CE7A370, eventID = 0021, result = 0x1
Dokan Information: SendAndPullEventInformation() with NTSTATUS 0x0, context 0x2ce7a370, and result object 0x0000023E2F160840 with size 48
###QueryVolumeInfo file handle = 0x0000023E2CE7A370, eventID = 0021, event Info = 0x0000023E2CEB7D90
[GetVolumeInformation]
Dokan Information: SendAndPullEventInformation() with NTSTATUS 0x0, context 0x2ce7a370, and result object 0x0000023E2F160840 with size 64
###GetFileInfo file handle = 0x0000023E2CE7A370, eventID = 0021, event Info = 0x0000023E2CEB7D90
	result =  0
	FileAllInformation
	DispatchQueryInformation result =  0
Dokan Information: SendAndPullEventInformation() with NTSTATUS 0x0, context 0x2ce7a370, and result object 0x0000023E2F160840 with size 140
###Cleanup file handle = 0x0000023E2CE7A370, eventID = 0021, event Info = 0x0000023E2CEB7D90
Dokan Information: SendAndPullEventInformation() with NTSTATUS 0x0, context 0x2ce7a370, and result object 0x0000023E2F160840 with size 48
###Close file handle = 0x0000023E2CE7A370, eventID = 0021, event Info = 0x0000023E2CEB7D90
[Close] \
###Create file handle = 0x0000023E2CE7A8F0, eventID = 0022, event Info = 0x0000023E2CEB7C40
[ZwCreateFile] \
Dokan Information: DokanEndDispatchCreate() status = 0, file handle = 0x0000023E2CE7A8F0, eventID = 0022, result = 0x1
Dokan Information: SendAndPullEventInformation() with NTSTATUS 0x0, context 0x2ce7a8f0, and result object 0x0000023E2F160840 with size 48
###QueryVolumeInfo file handle = 0x0000023E2CE7A8F0, eventID = 0022, event Info = 0x0000023E2CEB7C40
[GetVolumeInformation]
Dokan Information: SendAndPullEventInformation() with NTSTATUS 0x0, context 0x2ce7a8f0, and result object 0x0000023E2F160840 with size 64
###GetFileInfo file handle = 0x0000023E2CE7A8F0, eventID = 0022, event Info = 0x0000023E2CEB7C40
	result =  0
	FileAllInformation
	DispatchQueryInformation result =  0
Dokan Information: SendAndPullEventInformation() with NTSTATUS 0x0, context 0x2ce7a8f0, and result object 0x0000023E2F160840 with size 140
###Cleanup file handle = 0x0000023E2CE7A8F0, eventID = 0022, event Info = 0x0000023E2CEB7C40
Dokan Information: SendAndPullEventInformation() with NTSTATUS 0x0, context 0x2ce7a8f0, and result object 0x0000023E2F160840 with size 48
###Close file handle = 0x0000023E2CE7A8F0, eventID = 0022, event Info = 0x0000023E2CEB7C40
[###Create file handle = 0x0000023E2CE7A370, eventID = 0023, event Info = 0x0000023E2CEB7D90
Close] \
[ZwCreateFile] \
Dokan Information: DokanEndDispatchCreate() status = 0, file handle = 0x0000023E2CE7A370, eventID = 0023, result = 0x1
Dokan Information: SendAndPullEventInformation() with NTSTATUS 0x0, context 0x2ce7a370, and result object 0x0000023E2F160840 with size 48
###QueryVolumeInfo file handle = 0x0000023E2CE7A370, eventID = 0023, event Info = 0x0000023E2CEB7D90
[GetVolumeInformation]
Dokan Information: SendAndPullEventInformation() with NTSTATUS 0x0, context 0x2ce7a370, and result object 0x0000023E2F160840 with size 64
###GetFileInfo file handle = 0x0000023E2CE7A370, eventID = 0023, event Info = 0x0000023E2CEB7D90
	result =  0
	FileAllInformation
	DispatchQueryInformation result =  0
Dokan Information: SendAndPullEventInformation() with NTSTATUS 0x0, context 0x2ce7a370, and result object 0x0000023E2F160840 with size 140
###Cleanup file handle = 0x0000023E2CE7A370, eventID = 0023, event Info = 0x0000023E2CEB7D90
Dokan Information: SendAndPullEventInformation() with NTSTATUS 0x0, context 0x2ce7a370, and result object 0x0000023E2F160840 with size 48
###Close file handle = 0x0000023E2CE7A370, eventID = 0023, event Info = 0x0000023E2CEB7D90
[Close] \
###Create file handle = 0x0000023E2CE7A8F0, eventID = 0024, event Info = 0x0000023E2CEB7C40
[ZwCreateFile] \
Dokan Information: DokanEndDispatchCreate() status = 0, file handle = 0x0000023E2CE7A8F0, eventID = 0024, result = 0x1
Dokan Information: SendAndPullEventInformation() with NTSTATUS 0x0, context 0x2ce7a8f0, and result object 0x0000023E2F160840 with size 48
###QueryVolumeInfo file handle = 0x0000023E2CE7A8F0, eventID = 0024, event Info = 0x0000023E2CEB7C40
[GetVolumeInformation]
Dokan Information: SendAndPullEventInformation() with NTSTATUS 0x0, context 0x2ce7a8f0, and result object 0x0000023E2F160840 with size 64
###GetFileInfo file handle = 0x0000023E2CE7A8F0, eventID = 0024, event Info = 0x0000023E2CEB7C40
	result =  0
	FileAllInformation
	DispatchQueryInformation result =  0
Dokan Information: SendAndPullEventInformation() with NTSTATUS 0x0, context 0x2ce7a8f0, and result object 0x0000023E2F160840 with size 140
###Cleanup file handle = 0x0000023E2CE7A8F0, eventID = 0024, event Info = 0x0000023E2CEB7C40
Dokan Information: SendAndPullEventInformation() with NTSTATUS 0x0, context 0x2ce7a8f0, and result object 0x0000023E2F160840 with size 48
###Close file handle = 0x0000023E2CE7A8F0, eventID = 0024, event Info = 0x0000023E2CEB7C40
[Close] ###Create file handle = 0x0000023E2CE7A370, eventID = 0025, event Info = 0x0000023E2CEB7D90
\
[ZwCreateFile] \
Dokan Information: DokanEndDispatchCreate() status = 0, file handle = 0x0000023E2CE7A370, eventID = 0025, result = 0x1
Dokan Information: SendAndPullEventInformation() with NTSTATUS 0x0, context 0x2ce7a370, and result object 0x0000023E2F160840 with size 48
###QueryVolumeInfo file handle = 0x0000023E2CE7A370, eventID = 0025, event Info = 0x0000023E2CEB7D90
[GetVolumeInformation]
Dokan Information: SendAndPullEventInformation() with NTSTATUS 0x0, context 0x2ce7a370, and result object 0x0000023E2F160840 with size 64
###GetFileInfo file handle = 0x0000023E2CE7A370, eventID = 0025, event Info = 0x0000023E2CEB7D90
	result =  0
	FileAllInformation
	DispatchQueryInformation result =  0
Dokan Information: SendAndPullEventInformation() with NTSTATUS 0x0, context 0x2ce7a370, and result object 0x0000023E2F160840 with size 140
###Cleanup file handle = 0x0000023E2CE7A370, eventID = 0025, event Info = 0x0000023E2CEB7D90
Dokan Information: SendAndPullEventInformation() with NTSTATUS 0x0, context 0x2ce7a370, and result object 0x0000023E2F160840 with size 48
###Close file handle = 0x0000023E2CE7A370, eventID = 0025, event Info = 0x0000023E2CEB7D90
[Close] \
###Create file handle = 0x0000023E2CE7A8F0, eventID = 0026, event Info = 0x0000023E2CEB7C40
[ZwCreateFile] \
Dokan Information: DokanEndDispatchCreate() status = 0, file handle = 0x0000023E2CE7A8F0, eventID = 0026, result = 0x1
Dokan Information: SendAndPullEventInformation() with NTSTATUS 0x0, context 0x2ce7a8f0, and result object 0x0000023E2F160840 with size 48
###QueryVolumeInfo file handle = 0x0000023E2CE7A8F0, eventID = 0026, event Info = 0x0000023E2CEB7C40
[GetVolumeInformation]
Dokan Information: SendAndPullEventInformation() with NTSTATUS 0x0, context 0x2ce7a8f0, and result object 0x0000023E2F160840 with size 64
###GetFileInfo file handle = 0x0000023E2CE7A8F0, eventID = 0026, event Info = 0x0000023E2CEB7C40
	result =  0
	FileAllInformation
	DispatchQueryInformation result =  0
Dokan Information: SendAndPullEventInformation() with NTSTATUS 0x0, context 0x2ce7a8f0, and result object 0x0000023E2F160840 with size 140
###Cleanup file handle = 0x0000023E2CE7A8F0, eventID = 0026, event Info = 0x0000023E2CEB7C40
Dokan Information: SendAndPullEventInformation() with NTSTATUS 0x0, context 0x2ce7a8f0, and result object 0x0000023E2F160840 with size 48
###Close file handle = 0x0000023E2CE7A8F0, eventID = 0026, event Info = 0x0000023E2CEB7C40
###Create file handle = 0x0000023E2CE7A370, eventID = 0027, event Info = 0x0000023E2CEB7D90
[Close] \
[ZwCreateFile] \
Dokan Information: DokanEndDispatchCreate() status = 0, file handle = 0x0000023E2CE7A370, eventID = 0027, result = 0x1
Dokan Information: SendAndPullEventInformation() with NTSTATUS 0x0, context 0x2ce7a370, and result object 0x0000023E2F160840 with size 48
###QueryVolumeInfo file handle = 0x0000023E2CE7A370, eventID = 0027, event Info = 0x0000023E2CEB7D90
[GetVolumeInformation]
Dokan Information: SendAndPullEventInformation() with NTSTATUS 0x0, context 0x2ce7a370, and result object 0x0000023E2F160840 with size 64
###GetFileInfo file handle = 0x0000023E2CE7A370, eventID = 0027, event Info = 0x0000023E2CEB7D90
	result =  0
	FileAllInformation
	DispatchQueryInformation result =  0
Dokan Information: SendAndPullEventInformation() with NTSTATUS 0x0, context 0x2ce7a370, and result object 0x0000023E2F160840 with size 140
###Cleanup file handle = 0x0000023E2CE7A370, eventID = 0027, event Info = 0x0000023E2CEB7D90
Dokan Information: SendAndPullEventInformation() with NTSTATUS 0x0, context 0x2ce7a370, and result object 0x0000023E2F160840 with size 48
###Close file handle = 0x0000023E2CE7A370, eventID = 0027, event Info = 0x0000023E2CEB7D90
[Close] \
###Create file handle = 0x0000023E2CE7A8F0, eventID = 0028, event Info = 0x0000023E2CEB7C40
[ZwCreateFile] \
Dokan Information: DokanEndDispatchCreate() status = 0, file handle = 0x0000023E2CE7A8F0, eventID = 0028, result = 0x1
Dokan Information: SendAndPullEventInformation() with NTSTATUS 0x0, context 0x2ce7a8f0, and result object 0x0000023E2F160840 with size 48
###QueryVolumeInfo file handle = 0x0000023E2CE7A8F0, eventID = 0028, event Info = 0x0000023E2CEB7C40
[GetVolumeInformation]
Dokan Information: SendAndPullEventInformation() with NTSTATUS 0x0, context 0x2ce7a8f0, and result object 0x0000023E2F160840 with size 64
###GetFileInfo file handle = 0x0000023E2CE7A8F0, eventID = 0028, event Info = 0x0000023E2CEB7C40
	result =  0
	FileAllInformation
	DispatchQueryInformation result =  0
Dokan Information: SendAndPullEventInformation() with NTSTATUS 0x0, context 0x2ce7a8f0, and result object 0x0000023E2F160840 with size 140
###Cleanup file handle = 0x0000023E2CE7A8F0, eventID = 0028, event Info = 0x0000023E2CEB7C40
Dokan Information: SendAndPullEventInformation() with NTSTATUS 0x0, context 0x2ce7a8f0, and result object 0x0000023E2F160840 with size 48
###Close file handle = 0x0000023E2CE7A8F0, eventID = 0028, event Info = 0x0000023E2CEB7C40
[Close] ###Create file handle = 0x0000023E2CE7A370, eventID = 0029, event Info = 0x0000023E2CEB7D90
\
[ZwCreateFile] \
Dokan Information: DokanEndDispatchCreate() status = 0, file handle = 0x0000023E2CE7A370, eventID = 0029, result = 0x1
Dokan Information: SendAndPullEventInformation() with NTSTATUS 0x0, context 0x2ce7a370, and result object 0x0000023E2F160840 with size 48
###QueryVolumeInfo file handle = 0x0000023E2CE7A370, eventID = 0029, event Info = 0x0000023E2CEB7D90
[GetVolumeInformation]
Dokan Information: SendAndPullEventInformation() with NTSTATUS 0x0, context 0x2ce7a370, and result object 0x0000023E2F160840 with size 64
###GetFileInfo file handle = 0x0000023E2CE7A370, eventID = 0029, event Info = 0x0000023E2CEB7D90
	result =  0
	FileAllInformation
	DispatchQueryInformation result =  0
Dokan Information: SendAndPullEventInformation() with NTSTATUS 0x0, context 0x2ce7a370, and result object 0x0000023E2F160840 with size 140
###Cleanup file handle = 0x0000023E2CE7A370, eventID = 0029, event Info = 0x0000023E2CEB7D90
Dokan Information: SendAndPullEventInformation() with NTSTATUS 0x0, context 0x2ce7a370, and result object 0x0000023E2F160840 with size 48
###Close file handle = 0x0000023E2CE7A370, eventID = 0029, event Info = 0x0000023E2CEB7D90
[Close] \
###Create file handle = 0x0000023E2CE7A8F0, eventID = 0030, event Info = 0x0000023E2CEB7C40
[ZwCreateFile] \
Dokan Information: DokanEndDispatchCreate() status = 0, file handle = 0x0000023E2CE7A8F0, eventID = 0030, result = 0x1
Dokan Information: SendAndPullEventInformation() with NTSTATUS 0x0, context 0x2ce7a8f0, and result object 0x0000023E2F160840 with size 48
###QueryVolumeInfo file handle = 0x0000023E2CE7A8F0, eventID = 0030, event Info = 0x0000023E2CEB7C40
[GetVolumeInformation]
Dokan Information: SendAndPullEventInformation() with NTSTATUS 0x0, context 0x2ce7a8f0, and result object 0x0000023E2F160840 with size 64
###GetFileInfo file handle = 0x0000023E2CE7A8F0, eventID = 0030, event Info = 0x0000023E2CEB7C40
	result =  0
	FileAllInformation
	DispatchQueryInformation result =  0
Dokan Information: SendAndPullEventInformation() with NTSTATUS 0x0, context 0x2ce7a8f0, and result object 0x0000023E2F160840 with size 140
###Cleanup file handle = 0x0000023E2CE7A8F0, eventID = 0030, event Info = 0x0000023E2CEB7C40
Dokan Information: SendAndPullEventInformation() with NTSTATUS 0x0, context 0x2ce7a8f0, and result object 0x0000023E2F160840 with size 48
###Close file handle = 0x0000023E2CE7A8F0, eventID = 0030, event Info = 0x0000023E2CEB7C40
[Close] ###Create file handle = 0x0000023E2CE7A370, eventID = 0031, event Info = 0x0000023E2CEB7D90
\
[ZwCreateFile] \
Dokan Information: DokanEndDispatchCreate() status = 0, file handle = 0x0000023E2CE7A370, eventID = 0031, result = 0x1
Dokan Information: SendAndPullEventInformation() with NTSTATUS 0x0, context 0x2ce7a370, and result object 0x0000023E2F160840 with size 48
###QueryVolumeInfo file handle = 0x0000023E2CE7A370, eventID = 0031, event Info = 0x0000023E2CEB7D90
[GetVolumeInformation]
Dokan Information: SendAndPullEventInformation() with NTSTATUS 0x0, context 0x2ce7a370, and result object 0x0000023E2F160840 with size 64
###GetFileInfo file handle = 0x0000023E2CE7A370, eventID = 0031, event Info = 0x0000023E2CEB7D90
	result =  0
	FileAllInformation
	DispatchQueryInformation result =  0
Dokan Information: SendAndPullEventInformation() with NTSTATUS 0x0, context 0x2ce7a370, and result object 0x0000023E2F160840 with size 140
###Cleanup file handle = 0x0000023E2CE7A370, eventID = 0031, event Info = 0x0000023E2CEB7D90
Dokan Information: SendAndPullEventInformation() with NTSTATUS 0x0, context 0x2ce7a370, and result object 0x0000023E2F160840 with size 48
###Close file handle = 0x0000023E2CE7A370, eventID = 0031, event Info = 0x0000023E2CEB7D90
[Close] \
###Create file handle = 0x0000023E2CE7A8F0, eventID = 0032, event Info = 0x0000023E2CEB7C40
[ZwCreateFile] \
Dokan Information: DokanEndDispatchCreate() status = 0, file handle = 0x0000023E2CE7A8F0, eventID = 0032, result = 0x1
Dokan Information: SendAndPullEventInformation() with NTSTATUS 0x0, context 0x2ce7a8f0, and result object 0x0000023E2F160840 with size 48
###QueryVolumeInfo file handle = 0x0000023E2CE7A8F0, eventID = 0032, event Info = 0x0000023E2CEB7C40
[GetVolumeInformation]
Dokan Information: SendAndPullEventInformation() with NTSTATUS 0x0, context 0x2ce7a8f0, and result object 0x0000023E2F160840 with size 64
###GetFileInfo file handle = 0x0000023E2CE7A8F0, eventID = 0032, event Info = 0x0000023E2CEB7C40
	result =  0
	FileAllInformation
	DispatchQueryInformation result =  0
Dokan Information: SendAndPullEventInformation() with NTSTATUS 0x0, context 0x2ce7a8f0, and result object 0x0000023E2F160840 with size 140
###Cleanup file handle = 0x0000023E2CE7A8F0, eventID = 0032, event Info = 0x0000023E2CEB7C40
Dokan Information: SendAndPullEventInformation() with NTSTATUS 0x0, context 0x2ce7a8f0, and result object 0x0000023E2F160840 with size 48
###Close file handle = 0x0000023E2CE7A8F0, eventID = 0032, event Info = 0x0000023E2CEB7C40
[Close] \###Create file handle = 0x0000023E2CE7A370, eventID = 0033, event Info = 0x0000023E2CEB7D90

[ZwCreateFile] \
Dokan Information: DokanEndDispatchCreate() status = 0, file handle = 0x0000023E2CE7A370, eventID = 0033, result = 0x1
Dokan Information: SendAndPullEventInformation() with NTSTATUS 0x0, context 0x2ce7a370, and result object 0x0000023E2F160840 with size 48
###QueryVolumeInfo file handle = 0x0000023E2CE7A370, eventID = 0033, event Info = 0x0000023E2CEB7D90
[GetVolumeInformation]
Dokan Information: SendAndPullEventInformation() with NTSTATUS 0x0, context 0x2ce7a370, and result object 0x0000023E2F160840 with size 64
###GetFileInfo file handle = 0x0000023E2CE7A370, eventID = 0033, event Info = 0x0000023E2CEB7D90
	result =  0
	FileAllInformation
	DispatchQueryInformation result =  0
Dokan Information: SendAndPullEventInformation() with NTSTATUS 0x0, context 0x2ce7a370, and result object 0x0000023E2F160840 with size 140
###Cleanup file handle = 0x0000023E2CE7A370, eventID = 0033, event Info = 0x0000023E2CEB7D90
Dokan Information: SendAndPullEventInformation() with NTSTATUS 0x0, context 0x2ce7a370, and result object 0x0000023E2F160840 with size 48
###Close file handle = 0x0000023E2CE7A370, eventID = 0033, event Info = 0x0000023E2CEB7D90
[Close] \
###Create file handle = 0x0000023E2CE7A8F0, eventID = 0034, event Info = 0x0000023E2CEB7C40
[ZwCreateFile] \
Dokan Information: DokanEndDispatchCreate() status = 0, file handle = 0x0000023E2CE7A8F0, eventID = 0034, result = 0x1
Dokan Information: SendAndPullEventInformation() with NTSTATUS 0x0, context 0x2ce7a8f0, and result object 0x0000023E2F160840 with size 48
###QueryVolumeInfo file handle = 0x0000023E2CE7A8F0, eventID = 0034, event Info = 0x0000023E2CEB7C40
[GetVolumeInformation]
Dokan Information: SendAndPullEventInformation() with NTSTATUS 0x0, context 0x2ce7a8f0, and result object 0x0000023E2F160840 with size 64
###GetFileInfo file handle = 0x0000023E2CE7A8F0, eventID = 0034, event Info = 0x0000023E2CEB7C40
	result =  0
	FileAllInformation
	DispatchQueryInformation result =  0
Dokan Information: SendAndPullEventInformation() with NTSTATUS 0x0, context 0x2ce7a8f0, and result object 0x0000023E2F160840 with size 140
###Cleanup file handle = 0x0000023E2CE7A8F0, eventID = 0034, event Info = 0x0000023E2CEB7C40
Dokan Information: SendAndPullEventInformation() with NTSTATUS 0x0, context 0x2ce7a8f0, and result object 0x0000023E2F160840 with size 48
###Close file handle = 0x0000023E2CE7A8F0, eventID = 0034, event Info = 0x0000023E2CEB7C40
[Close] ###Create file handle = 0x0000023E2CE7A370, eventID = 0035, event Info = 0x0000023E2CEB7D90
\
[ZwCreateFile] \
Dokan Information: DokanEndDispatchCreate() status = 0, file handle = 0x0000023E2CE7A370, eventID = 0035, result = 0x1
Dokan Information: SendAndPullEventInformation() with NTSTATUS 0x0, context 0x2ce7a370, and result object 0x0000023E2F160840 with size 48
###QueryVolumeInfo file handle = 0x0000023E2CE7A370, eventID = 0035, event Info = 0x0000023E2CEB7D90
[GetVolumeInformation]
Dokan Information: SendAndPullEventInformation() with NTSTATUS 0x0, context 0x2ce7a370, and result object 0x0000023E2F160840 with size 64
###GetFileInfo file handle = 0x0000023E2CE7A370, eventID = 0035, event Info = 0x0000023E2CEB7D90
	result =  0
	FileAllInformation
	DispatchQueryInformation result =  0
Dokan Information: SendAndPullEventInformation() with NTSTATUS 0x0, context 0x2ce7a370, and result object 0x0000023E2F160840 with size 140
###Cleanup file handle = 0x0000023E2CE7A370, eventID = 0035, event Info = 0x0000023E2CEB7D90
Dokan Information: SendAndPullEventInformation() with NTSTATUS 0x0, context 0x2ce7a370, and result object 0x0000023E2F160840 with size 48
###Close file handle = 0x0000023E2CE7A370, eventID = 0035, event Info = 0x0000023E2CEB7D90
[Close] ###Create file handle = 0x0000023E2CE7A8F0, eventID = 0036, event Info = 0x0000023E2CEB7C40
\
[ZwCreateFile] \
Dokan Information: DokanEndDispatchCreate() status = 0, file handle = 0x0000023E2CE7A8F0, eventID = 0036, result = 0x1
Dokan Information: SendAndPullEventInformation() with NTSTATUS 0x0, context 0x2ce7a8f0, and result object 0x0000023E2F160840 with size 48
###QueryVolumeInfo file handle = 0x0000023E2CE7A8F0, eventID = 0036, event Info = 0x0000023E2CEB7C40
[GetVolumeInformation]
Dokan Information: SendAndPullEventInformation() with NTSTATUS 0x0, context 0x2ce7a8f0, and result object 0x0000023E2F160840 with size 64
###GetFileInfo file handle = 0x0000023E2CE7A8F0, eventID = 0036, event Info = 0x0000023E2CEB7C40
	result =  0
	FileAllInformation
	DispatchQueryInformation result =  0
Dokan Information: SendAndPullEventInformation() with NTSTATUS 0x0, context 0x2ce7a8f0, and result object 0x0000023E2F160840 with size 140
###Cleanup file handle = 0x0000023E2CE7A8F0, eventID = 0036, event Info = 0x0000023E2CEB7C40
Dokan Information: SendAndPullEventInformation() with NTSTATUS 0x0, context 0x2ce7a8f0, and result object 0x0000023E2F160840 with size 48
###Close file handle = 0x0000023E2CE7A8F0, eventID = 0036, event Info = 0x0000023E2CEB7C40
[Close] \
###Create file handle = 0x0000023E2CE7A370, eventID = 0037, event Info = 0x0000023E2CEB7D90
[ZwCreateFile] \
Dokan Information: DokanEndDispatchCreate() status = 0, file handle = 0x0000023E2CE7A370, eventID = 0037, result = 0x1
Dokan Information: SendAndPullEventInformation() with NTSTATUS 0x0, context 0x2ce7a370, and result object 0x0000023E2F160840 with size 48
###QueryVolumeInfo file handle = 0x0000023E2CE7A370, eventID = 0037, event Info = 0x0000023E2CEB7D90
[GetVolumeInformation]
Dokan Information: SendAndPullEventInformation() with NTSTATUS 0x0, context 0x2ce7a370, and result object 0x0000023E2F160840 with size 64
###GetFileInfo file handle = 0x0000023E2CE7A370, eventID = 0037, event Info = 0x0000023E2CEB7D90
	result =  0
	FileAllInformation
	DispatchQueryInformation result =  0
Dokan Information: SendAndPullEventInformation() with NTSTATUS 0x0, context 0x2ce7a370, and result object 0x0000023E2F160840 with size 140
###Cleanup file handle = 0x0000023E2CE7A370, eventID = 0037, event Info = 0x0000023E2CEB7D90
Dokan Information: SendAndPullEventInformation() with NTSTATUS 0x0, context 0x2ce7a370, and result object 0x0000023E2F160840 with size 48
###Close file handle = 0x0000023E2CE7A370, eventID = 0037, event Info = 0x0000023E2CEB7D90
[Close] \
###Create file handle = 0x0000023E2CE7A8F0, eventID = 0038, event Info = 0x0000023E2CEB7C40
[ZwCreateFile] \
Dokan Information: DokanEndDispatchCreate() status = 0, file handle = 0x0000023E2CE7A8F0, eventID = 0038, result = 0x1
Dokan Information: SendAndPullEventInformation() with NTSTATUS 0x0, context 0x2ce7a8f0, and result object 0x0000023E2F160840 with size 48
###QueryVolumeInfo file handle = 0x0000023E2CE7A8F0, eventID = 0038, event Info = 0x0000023E2CEB7C40
[GetVolumeInformation]
Dokan Information: SendAndPullEventInformation() with NTSTATUS 0x0, context 0x2ce7a8f0, and result object 0x0000023E2F160840 with size 64
###GetFileInfo file handle = 0x0000023E2CE7A8F0, eventID = 0038, event Info = 0x0000023E2CEB7C40
	result =  0
	FileAllInformation
	DispatchQueryInformation result =  0
Dokan Information: SendAndPullEventInformation() with NTSTATUS 0x0, context 0x2ce7a8f0, and result object 0x0000023E2F160840 with size 140
###Cleanup file handle = 0x0000023E2CE7A8F0, eventID = 0038, event Info = 0x0000023E2CEB7C40
Dokan Information: SendAndPullEventInformation() with NTSTATUS 0x0, context 0x2ce7a8f0, and result object 0x0000023E2F160840 with size 48
###Close file handle = 0x0000023E2CE7A8F0, eventID = 0038, event Info = 0x0000023E2CEB7C40
###Create file handle = 0x0000023E2CE7A370, eventID = 0039, event Info = 0x0000023E2CEB7D90
[Close] \
[ZwCreateFile] \
Dokan Information: DokanEndDispatchCreate() status = 0, file handle = 0x0000023E2CE7A370, eventID = 0039, result = 0x1
Dokan Information: SendAndPullEventInformation() with NTSTATUS 0x0, context 0x2ce7a370, and result object 0x0000023E2F160840 with size 48
###QueryVolumeInfo file handle = 0x0000023E2CE7A370, eventID = 0039, event Info = 0x0000023E2CEB7D90
[GetVolumeInformation]
Dokan Information: SendAndPullEventInformation() with NTSTATUS 0x0, context 0x2ce7a370, and result object 0x0000023E2F160840 with size 64
###GetFileInfo file handle = 0x0000023E2CE7A370, eventID = 0039, event Info = 0x0000023E2CEB7D90
	result =  0
	FileAllInformation
	DispatchQueryInformation result =  0
Dokan Information: SendAndPullEventInformation() with NTSTATUS 0x0, context 0x2ce7a370, and result object 0x0000023E2F160840 with size 140
###Cleanup file handle = 0x0000023E2CE7A370, eventID = 0039, event Info = 0x0000023E2CEB7D90
Dokan Information: SendAndPullEventInformation() with NTSTATUS 0x0, context 0x2ce7a370, and result object 0x0000023E2F160840 with size 48
###Close file handle = 0x0000023E2CE7A370, eventID = 0039, event Info = 0x0000023E2CEB7D90
[Close] \
###Create file handle = 0x0000023E2CE7A8F0, eventID = 0040, event Info = 0x0000023E2CEB7C40
[ZwCreateFile] \
Dokan Information: DokanEndDispatchCreate() status = 0, file handle = 0x0000023E2CE7A8F0, eventID = 0040, result = 0x1
Dokan Information: SendAndPullEventInformation() with NTSTATUS 0x0, context 0x2ce7a8f0, and result object 0x0000023E2F160840 with size 48
###QueryVolumeInfo file handle = 0x0000023E2CE7A8F0, eventID = 0040, event Info = 0x0000023E2CEB7C40
[GetVolumeInformation]
Dokan Information: SendAndPullEventInformation() with NTSTATUS 0x0, context 0x2ce7a8f0, and result object 0x0000023E2F160840 with size 64
###GetFileInfo file handle = 0x0000023E2CE7A8F0, eventID = 0040, event Info = 0x0000023E2CEB7C40
	result =  0
	FileAllInformation
	DispatchQueryInformation result =  0
Dokan Information: SendAndPullEventInformation() with NTSTATUS 0x0, context 0x2ce7a8f0, and result object 0x0000023E2F160840 with size 140
###Cleanup file handle = 0x0000023E2CE7A8F0, eventID = 0040, event Info = 0x0000023E2CEB7C40
Dokan Information: SendAndPullEventInformation() with NTSTATUS 0x0, context 0x2ce7a8f0, and result object 0x0000023E2F160840 with size 48
###Close file handle = 0x0000023E2CE7A8F0, eventID = 0040, event Info = 0x0000023E2CEB7C40
[Close] \
###Create file handle = 0x0000023E2CE7A370, eventID = 0041, event Info = 0x0000023E2CEB7D90
[ZwCreateFile] \
Dokan Information: DokanEndDispatchCreate() status = 0, file handle = 0x0000023E2CE7A370, eventID = 0041, result = 0x1
Dokan Information: SendAndPullEventInformation() with NTSTATUS 0x0, context 0x2ce7a370, and result object 0x0000023E2F160840 with size 48
###QueryVolumeInfo file handle = 0x0000023E2CE7A370, eventID = 0041, event Info = 0x0000023E2CEB7D90
[GetVolumeInformation]
Dokan Information: SendAndPullEventInformation() with NTSTATUS 0x0, context 0x2ce7a370, and result object 0x0000023E2F160840 with size 64
###GetFileInfo file handle = 0x0000023E2CE7A370, eventID = 0041, event Info = 0x0000023E2CEB7D90
	result =  0
	FileAllInformation
	DispatchQueryInformation result =  0
Dokan Information: SendAndPullEventInformation() with NTSTATUS 0x0, context 0x2ce7a370, and result object 0x0000023E2F160840 with size 140
###Cleanup file handle = 0x0000023E2CE7A370, eventID = 0041, event Info = 0x0000023E2CEB7D90
Dokan Information: SendAndPullEventInformation() with NTSTATUS 0x0, context 0x2ce7a370, and result object 0x0000023E2F160840 with size 48
###Close file handle = 0x0000023E2CE7A370, eventID = 0041, event Info = 0x0000023E2CEB7D90
[Close] \
###Create file handle = 0x0000023E2CE7A8F0, eventID = 0042, event Info = 0x0000023E2CEB7C40
[ZwCreateFile] \
Dokan Information: DokanEndDispatchCreate() status = 0, file handle = 0x0000023E2CE7A8F0, eventID = 0042, result = 0x1
Dokan Information: SendAndPullEventInformation() with NTSTATUS 0x0, context 0x2ce7a8f0, and result object 0x0000023E2F160840 with size 48
###QueryVolumeInfo file handle = 0x0000023E2CE7A8F0, eventID = 0042, event Info = 0x0000023E2CEB7C40
[GetVolumeInformation]
Dokan Information: SendAndPullEventInformation() with NTSTATUS 0x0, context 0x2ce7a8f0, and result object 0x0000023E2F160840 with size 64
###GetFileInfo file handle = 0x0000023E2CE7A8F0, eventID = 0042, event Info = 0x0000023E2CEB7C40
	result =  0
	FileAllInformation
	DispatchQueryInformation result =  0
Dokan Information: SendAndPullEventInformation() with NTSTATUS 0x0, context 0x2ce7a8f0, and result object 0x0000023E2F160840 with size 140
###Cleanup file handle = 0x0000023E2CE7A8F0, eventID = 0042, event Info = 0x0000023E2CEB7C40
Dokan Information: SendAndPullEventInformation() with NTSTATUS 0x0, context 0x2ce7a8f0, and result object 0x0000023E2F160840 with size 48
###Close file handle = 0x0000023E2CE7A8F0, eventID = 0042, event Info = 0x0000023E2CEB7C40
[Close] \
###Create file handle = 0x0000023E2CE7A370, eventID = 0043, event Info = 0x0000023E2CEB7D90
[ZwCreateFile] \
Dokan Information: DokanEndDispatchCreate() status = 0, file handle = 0x0000023E2CE7A370, eventID = 0043, result = 0x1
Dokan Information: SendAndPullEventInformation() with NTSTATUS 0x0, context 0x2ce7a370, and result object 0x0000023E2F160840 with size 48
###QueryVolumeInfo file handle = 0x0000023E2CE7A370, eventID = 0043, event Info = 0x0000023E2CEB7D90
[GetVolumeInformation]
Dokan Information: SendAndPullEventInformation() with NTSTATUS 0x0, context 0x2ce7a370, and result object 0x0000023E2F160840 with size 64
###GetFileInfo file handle = 0x0000023E2CE7A370, eventID = 0043, event Info = 0x0000023E2CEB7D90
	result =  0
	FileAllInformation
	DispatchQueryInformation result =  0
Dokan Information: SendAndPullEventInformation() with NTSTATUS 0x0, context 0x2ce7a370, and result object 0x0000023E2F160840 with size 140
###Cleanup file handle = 0x0000023E2CE7A370, eventID = 0043, event Info = 0x0000023E2CEB7D90
Dokan Information: SendAndPullEventInformation() with NTSTATUS 0x0, context 0x2ce7a370, and result object 0x0000023E2F160840 with size 48
###Close file handle = 0x0000023E2CE7A370, eventID = 0043, event Info = 0x0000023E2CEB7D90
[Close] \
###Create file handle = 0x0000023E2CE7A8F0, eventID = 0044, event Info = 0x0000023E2CEB7C40
[ZwCreateFile] \
Dokan Information: DokanEndDispatchCreate() status = 0, file handle = 0x0000023E2CE7A8F0, eventID = 0044, result = 0x1
Dokan Information: SendAndPullEventInformation() with NTSTATUS 0x0, context 0x2ce7a8f0, and result object 0x0000023E2F160840 with size 48
###QueryVolumeInfo file handle = 0x0000023E2CE7A8F0, eventID = 0044, event Info = 0x0000023E2CEB7C40
[GetVolumeInformation]
Dokan Information: SendAndPullEventInformation() with NTSTATUS 0x0, context 0x2ce7a8f0, and result object 0x0000023E2F160840 with size 64
###GetFileInfo file handle = 0x0000023E2CE7A8F0, eventID = 0044, event Info = 0x0000023E2CEB7C40
	result =  0
	FileAllInformation
	DispatchQueryInformation result =  0
Dokan Information: SendAndPullEventInformation() with NTSTATUS 0x0, context 0x2ce7a8f0, and result object 0x0000023E2F160840 with size 140
###Cleanup file handle = 0x0000023E2CE7A8F0, eventID = 0044, event Info = 0x0000023E2CEB7C40
Dokan Information: SendAndPullEventInformation() with NTSTATUS 0x0, context 0x2ce7a8f0, and result object 0x0000023E2F160840 with size 48
###Close file handle = 0x0000023E2CE7A8F0, eventID = 0044, event Info = 0x0000023E2CEB7C40
[###Create file handle = 0x0000023E2CE7A8F0, eventID = 0045, event Info = 0x0000023E2CEB7D90
Close] \
[ZwCreateFile] \
Dokan Information: DokanEndDispatchCreate() status = 0, file handle = 0x0000023E2CE7A8F0, eventID = 0045, result = 0x1
Dokan Information: SendAndPullEventInformation() with NTSTATUS 0x0, context 0x2ce7a8f0, and result object 0x0000023E2F160840 with size 48
###QueryVolumeInfo file handle = 0x0000023E2CE7A8F0, eventID = 0045, event Info = 0x0000023E2CEB7D90
[GetVolumeInformation]
Dokan Information: SendAndPullEventInformation() with NTSTATUS 0x0, context 0x2ce7a8f0, and result object 0x0000023E2F160840 with size 64
###GetFileInfo file handle = 0x0000023E2CE7A8F0, eventID = 0045, event Info = 0x0000023E2CEB7D90
	result =  0
	FileAllInformation
	DispatchQueryInformation result =  0
Dokan Information: SendAndPullEventInformation() with NTSTATUS 0x0, context 0x2ce7a8f0, and result object 0x0000023E2F160840 with size 140
###Cleanup file handle = 0x0000023E2CE7A8F0, eventID = 0045, event Info = 0x0000023E2CEB7D90
Dokan Information: SendAndPullEventInformation() with NTSTATUS 0x0, context 0x2ce7a8f0, and result object 0x0000023E2F160840 with size 48
###Close file handle = 0x0000023E2CE7A8F0, eventID = 0045, event Info = 0x0000023E2CEB7D90
[Close] \
###Create file handle = 0x0000023E2CE7A370, eventID = 0046, event Info = 0x0000023E2CEB7C40
[ZwCreateFile] \
Dokan Information: DokanEndDispatchCreate() status = 0, file handle = 0x0000023E2CE7A370, eventID = 0046, result = 0x1
Dokan Information: SendAndPullEventInformation() with NTSTATUS 0x0, context 0x2ce7a370, and result object 0x0000023E2F160840 with size 48
###QueryVolumeInfo file handle = 0x0000023E2CE7A370, eventID = 0046, event Info = 0x0000023E2CEB7C40
[GetVolumeInformation]
Dokan Information: SendAndPullEventInformation() with NTSTATUS 0x0, context 0x2ce7a370, and result object 0x0000023E2F160840 with size 64
###GetFileInfo file handle = 0x0000023E2CE7A370, eventID = 0046, event Info = 0x0000023E2CEB7C40
	result =  0
	FileAllInformation
	DispatchQueryInformation result =  0
Dokan Information: SendAndPullEventInformation() with NTSTATUS 0x0, context 0x2ce7a370, and result object 0x0000023E2F160840 with size 140
###Cleanup file handle = 0x0000023E2CE7A370, eventID = 0046, event Info = 0x0000023E2CEB7C40
Dokan Information: SendAndPullEventInformation() with NTSTATUS 0x0, context 0x2ce7a370, and result object 0x0000023E2F160840 with size 48
###Close file handle = 0x0000023E2CE7A370, eventID = 0046, event Info = 0x0000023E2CEB7C40
[Close] \
###Create file handle = 0x0000023E2CE7A370, eventID = 0047, event Info = 0x0000023E2CEB7C40
[ZwCreateFile] \
Dokan Information: DokanEndDispatchCreate() status = 0, file handle = 0x0000023E2CE7A370, eventID = 0047, result = 0x1
Dokan Information: SendAndPullEventInformation() with NTSTATUS 0x0, context 0x2ce7a370, and result object 0x0000023E2F160840 with size 48
###QueryVolumeInfo file handle = 0x0000023E2CE7A370, eventID = 0047, event Info = 0x0000023E2CEB7C40
[GetVolumeInformation]
Dokan Information: SendAndPullEventInformation() with NTSTATUS 0x0, context 0x2ce7a370, and result object 0x0000023E2F160840 with size 74
###QueryVolumeInfo file handle = 0x0000023E2CE7A370, eventID = 0047, event Info = 0x0000023E2CEB7C40
[GetVolumeInformation]
Dokan Information: SendAndPullEventInformation() with NTSTATUS 0x0, context 0x2ce7a370, and result object 0x0000023E2F160840 with size 68
###Cleanup file handle = 0x0000023E2CE7A370, eventID = 0047, event Info = 0x0000023E2CEB7C40
Dokan Information: SendAndPullEventInformation() with NTSTATUS 0x0, context 0x2ce7a370, and result object 0x0000023E2F160840 with size 48
###Close file handle = 0x0000023E2CE7A370, eventID = 0047, event Info = 0x0000023E2CEB7C40
[Clo###Create file handle = 0x0000023E2CE7A8F0, eventID = 0048, event Info = 0x0000023E2CEB7D90
se] \
[ZwCreateFile] \
Dokan Information: DokanEndDispatchCreate() status = 0, file handle = 0x0000023E2CE7A8F0, eventID = 0048, result = 0x1
Dokan Information: SendAndPullEventInformation() with NTSTATUS 0x0, context 0x2ce7a8f0, and result object 0x0000023E2F160840 with size 48
###GetFileInfo file handle = 0x0000023E2CE7A8F0, eventID = 0048, event Info = 0x0000023E2CEB7D90
	result =  0
	FileBasicInformation
	DispatchQueryInformation result =  0
Dokan Information: SendAndPullEventInformation() with NTSTATUS 0x0, context 0x2ce7a8f0, and result object 0x0000023E2F160840 with size 80
###Cleanup file handle = 0x0000023E2CE7A8F0, eventID = 0048, event Info = 0x0000023E2CEB7D90
Dokan Information: SendAndPullEventInformation() with NTSTATUS 0x0, context 0x2ce7a8f0, and result object 0x0000023E2F160840 with size 48
###Close file handle = 0x0000023E2CE7A8F0, eventID = 0048, event Info = 0x0000023E2CEB7D90
[Close] \
###Create file handle = 0x0000023E2CE7A8F0, eventID = 0049, event Info = 0x0000023E2CEB7D90
[ZwCreateFile] \gost_w.exe
Dokan Information: DokanEndDispatchCreate() status = 0, file handle = 0x0000023E2CE7A8F0, eventID = 0049, result = 0x1
Dokan Information: SendAndPullEventInformation() with NTSTATUS 0x0, context 0x2ce7a8f0, and result object 0x0000023E2F160840 with size 48
###GetFileInfo file handle = 0x0000023E2CE7A8F0, eventID = 0049, event Info = 0x0000023E2CEB7D90
	result =  0
	FileStandardInformation
	DispatchQueryInformation result =  0
Dokan Information: SendAndPullEventInformation() with NTSTATUS 0x0, context 0x2ce7a8f0, and result object 0x0000023E2F160840 with size 64
###GetFileInfo file handle = 0x0000023E2CE7A8F0, eventID = 0049, event Info = 0x0000023E2CEB7D90
	result =  0
	FileBasicInformation
	DispatchQueryInformation result =  0
Dokan Information: SendAndPullEventInformation() with NTSTATUS 0x0, context 0x2ce7a8f0, and result object 0x0000023E2F160840 with size 80
###Cleanup file handle = 0x0000023E2CE7A8F0, eventID = 0049, event Info = 0x0000023E2CEB7D90
Dokan Information: SendAndPullEventInformation() with NTSTATUS 0x0, context 0x2ce7a8f0, and result object 0x0000023E2F160840 with size 48
###Close file handle = 0x0000023E2CE7A8F0, eventID = 0049, event Info = 0x0000023E2CEB7D90
[Close] \gost###Create file handle = 0x0000023E2CE7A370, eventID = 0050, event Info = 0x0000023E2CEB7C40
_w.exe
[Close-flush] 'gost_w.exe' len=13279232
[ZwCreateFile] \gost_w.exe
Dokan Information: DokanEndDispatchCreate() status = 0, file handle = 0x0000023E2CE7A370, eventID = 0050, result = 0x1
Dokan Information: SendAndPullEventInformation() with NTSTATUS 0x0, context 0x2ce7a370, and result object 0x0000023E2F160840 with size 48
###GetFileInfo file handle = 0x0000023E2CE7A370, eventID = 0050, event Info = 0x0000023E2CEB7C40
	result =  0
	FileBasicInformation
	DispatchQueryInformation result =  0
Dokan Information: SendAndPullEventInformation() with NTSTATUS 0x0, context 0x2ce7a370, and result object 0x0000023E2F160840 with size 80
###Cleanup file handle = 0x0000023E2CE7A370, eventID = 0050, event Info = 0x0000023E2CEB7C40
Dokan Information: SendAndPullEventInformation() with NTSTATUS 0x0, context 0x2ce7a370, and result object 0x0000023E2F160840 with size 48
###Close file handle = 0x0000023E2CE7A370, eventID = 0050, event Info = 0x0000023E2CEB7C40
###Create file handle = 0x0000023E2CE7A8F0, eventID = 0051, event Info = 0x0000023E2CEB7D90
[Close] \gost_w.exe
[Close-flush] 'gost_w.exe' len=13279232
[ZwCreateFile] \gost_w.exe
Dokan Information: DokanEndDispatchCreate() status = 0, file handle = 0x0000023E2CE7A8F0, eventID = 0051, result = 0x1
Dokan Information: SendAndPullEventInformation() with NTSTATUS 0x0, context 0x2ce7a8f0, and result object 0x0000023E2F160840 with size 48
###GetFileInfo file handle = 0x0000023E2CE7A8F0, eventID = 0051, event Info = 0x0000023E2CEB7D90
	result =  0
	FileBasicInformation
	DispatchQueryInformation result =  0
Dokan Information: SendAndPullEventInformation() with NTSTATUS 0x0, context 0x2ce7a8f0, and result object 0x0000023E2F160840 with size 80
###Cleanup file handle = 0x0000023E2CE7A8F0, eventID = 0051, event Info = 0x0000023E2CEB7D90
Dokan Information: SendAndPullEventInformation() with NTSTATUS 0x0, context 0x2ce7a8f0, and result object 0x0000023E2F160840 with size 48
###Close file handle = 0x0000023E2CE7A8F0, eventID = 0051, event Info = 0x0000023E2CEB7D90
[Close] ###Create file handle = 0x0000023E2CE7A8F0, eventID = 0052, event Info = 0x0000023E2CEB7C40
\gost_w.exe
[Close-flush] 'gost_w.exe' len=13279232
[ZwCreateFile] \gost_w.exe
Dokan Information: DokanEndDispatchCreate() status = 0, file handle = 0x0000023E2CE7A8F0, eventID = 0052, result = 0x1
Dokan Information: SendAndPullEventInformation() with NTSTATUS 0x0, context 0x2ce7a8f0, and result object 0x0000023E2F160840 with size 48
###GetFileInfo file handle = 0x0000023E2CE7A8F0, eventID = 0052, event Info = 0x0000023E2CEB7C40
	result =  0
	FileBasicInformation
	DispatchQueryInformation result =  0
Dokan Information: SendAndPullEventInformation() with NTSTATUS 0x0, context 0x2ce7a8f0, and result object 0x0000023E2F160840 with size 80
###GetFileInfo file handle = 0x0000023E2CE7A8F0, eventID = 0052, event Info = 0x0000023E2CEB7C40
	result =  0
	FileStandardInformation
	DispatchQueryInformation result =  0
Dokan Information: SendAndPullEventInformation() with NTSTATUS 0x0, context 0x2ce7a8f0, and result object 0x0000023E2F160840 with size 64
###GetFileInfo file handle = 0x0000023E2CE7A8F0, eventID = 0052, event Info = 0x0000023E2CEB7C40
	result =  0
	FileInternalInformation
	DispatchQueryInformation result =  0
Dokan Information: SendAndPullEventInformation() with NTSTATUS 0x0, context 0x2ce7a8f0, and result object 0x0000023E2F160840 with size 48
###GetFileInfo file handle = 0x0000023E2CE7A8F0, eventID = 0052, event Info = 0x0000023E2CEB7C40
	result =  0
	FileStandardInformation
	DispatchQueryInformation result =  0
Dokan Information: SendAndPullEventInformation() with NTSTATUS 0x0, context 0x2ce7a8f0, and result object 0x0000023E2F160840 with size 64
###GetFileInfo file handle = 0x0000023E2CE7A8F0, eventID = 0052, event Info = 0x0000023E2CEB7C40
	result =  0
	FileBasicInformation
	DispatchQueryInformation result =  0
Dokan Information: SendAndPullEventInformation() with NTSTATUS 0x0, context 0x2ce7a8f0, and result object 0x0000023E2F160840 with size 80
###GetFileInfo file handle = 0x0000023E2CE7A8F0, eventID = 0052, event Info = 0x0000023E2CEB7C40
	result =  0
	FileAttributeTagInformation
	DispatchQueryInformation result =  0
Dokan Information: SendAndPullEventInformation() with NTSTATUS 0x0, context 0x2ce7a8f0, and result object 0x0000023E2F160840 with size 48
###GetFileInfo file handle = 0x0000023E2CE7A8F0, eventID = 0052, event Info = 0x0000023E2CEB7C40
	result =  0
	FileStandardInformation
	DispatchQueryInformation result =  0
Dokan Information: SendAndPullEventInformation() with NTSTATUS 0x0, context 0x2ce7a8f0, and result object 0x0000023E2F160840 with size 64
###GetFileInfo file handle = 0x0000023E2CE7A8F0, eventID = 0052, event Info = 0x0000023E2CEB7C40
	result =  0
	FileBasicInformation
	DispatchQueryInformation result =  0
Dokan Information: SendAndPullEventInformation() with NTSTATUS 0x0, context 0x2ce7a8f0, and result object 0x0000023E2F160840 with size 80
###GetFileInfo file handle = 0x0000023E2CE7A8F0, eventID = 0052, event Info = 0x0000023E2CEB7C40
FileStreamInformation
Dokan Information: SendAndPullEventInformation() with NTSTATUS 0x0, context 0x2ce7a8f0, and result object 0x0000023E2F160840 with size 48
###GetFileInfo file handle = 0x0000023E2CE7A8F0, eventID = 0052, event Info = 0x0000023E2CEB7C40
	result =  0
	FileBasicInformation
	DispatchQueryInformation result =  0
Dokan Information: SendAndPullEventInformation() with NTSTATUS 0x0, context 0x2ce7a8f0, and result object 0x0000023E2F160840 with size 80
###GetFileInfo file handle = 0x0000023E2CE7A8F0, eventID = 0052, event Info = 0x0000023E2CEB7C40
	result =  0
	FileEaInformation
	DispatchQueryInformation result =  0
Dokan Information: SendAndPullEventInformation() with NTSTATUS 0x0, context 0x2ce7a8f0, and result object 0x0000023E2F160840 with size 48
###QueryVolumeInfo file handle = 0x0000023E2CE7A8F0, eventID = 0052, event Info = 0x0000023E2CEB7C40
[GetVolumeInformation]
Dokan Information: SendAndPullEventInformation() with NTSTATUS 0x0, context 0x2ce7a8f0, and result object 0x0000023E2F160840 with size 68
###Read file handle = 0x0000023E2CE7A8F0, eventID = 0052, event Info = 0x0000023E2CEB7C40
###Read file handle = 0x0000023E2CE7A8F0, eventID = 0052, event Info = 0x0000023E2CEB7D90
###Read file handle = 0x0000023E2CE7A8F0, eventID = 0052, event Info = 0x0000023E2CEB71C0
Dokan Information: SendAndPullEventInformation() with NTSTATUS 0x0, context 0x2ce7a8f0, and result object 0x0000023E2EF5A040 with size 1048616
###Read file handle = 0x0000023E2CE7A8F0, eventID = 0052, event Info = 0x0000023E2CEB7C40
Dokan Information: SendAndPullEventInformation() with NTSTATUS 0x0, context 0x2ce7a8f0, and result object 0x0000023E2F341040 with size 1048616
###Read file handle = 0x0000023E2CE7A8F0, eventID = 0052, event Info = 0x0000023E2CEB7D90
Dokan Information: SendAndPullEventInformation() with NTSTATUS 0x0, context 0x2ce7a8f0, and result object 0x0000023E2F454040 with size 1048616
###Read file handle = 0x0000023E2CE7A8F0, eventID = 0052, event Info = 0x0000023E2CEB71C0
Dokan Information: SendAndPullEventInformation() with NTSTATUS 0x0, context 0x2ce7a8f0, and result object 0x0000023E2EF58040 with size 1048616
###Read file handle = 0x0000023E2CE7A8F0, eventID = 0052, event Info = 0x0000023E2CEB7C40
Dokan Information: SendAndPullEventInformation() with NTSTATUS 0x0, context 0x2ce7a8f0, and result object 0x0000023E2F34C040 with size 1048616
###Read file handle = 0x0000023E2CE7A8F0, eventID = 0052, event Info = 0x0000023E2CEB7D90
Dokan Information: SendAndPullEventInformation() with NTSTATUS 0x0, context 0x2ce7a8f0, and result object 0x0000023E2F45E040 with size 1048616
###Read file handle = 0x0000023E2CE7A8F0, eventID = 0052, event Info = 0x0000023E2CEB71C0
Dokan Information: SendAndPullEventInformation() with NTSTATUS 0x0, context 0x2ce7a8f0, and result object 0x0000023E2EF54040 with size 1048616
Dokan Information: SendAndPullEventInformation() with NTSTATUS 0x0, context 0x2ce7a8f0, and result object 0x0000023E2F345040 with size 1048616
###Read file handle = 0x0000023E2CE7A8F0, eventID = 0052, event Info = 0x0000023E2CEB7C40
Dokan Information: SendAndPullEventInformation() with NTSTATUS 0x0, context 0x2ce7a8f0, and result object 0x0000023E2F450040 with size 1048616
###Read file handle = 0x0000023E2CE7A8F0, eventID = 0052, event Info = 0x0000023E2CEB7D90
###Read file handle = 0x0000023E2CE7A8F0, eventID = 0052, event Info = 0x0000023E2CEB71C0
Dokan Information: SendAndPullEventInformation() with NTSTATUS 0x0, context 0x2ce7a8f0, and result object 0x0000023E2EF56040 with size 1048616
###Read file handle = 0x0000023E2CE7A8F0, eventID = 0052, event Info = 0x0000023E2CEB7C40
Dokan Information: SendAndPullEventInformation() with NTSTATUS 0x0, context 0x2ce7a8f0, and result object 0x0000023E2F346040 with size 1048616
Dokan Information: SendAndPullEventInformation() with NTSTATUS 0x0, context 0x2ce7a8f0, and result object 0x0000023E2F453040 with size 1048616
Dokan Information: SendAndPullEventInformation() with NTSTATUS 0x0, context 0x2ce7a8f0, and result object 0x0000023E2EF5F040 with size 696360
###Cleanup file handle = 0x0000023E2CE7A8F0, eventID = 0052, event Info = 0x0000023E2CEB7C40
Dokan Information: SendAndPullEventInformation() with NTSTATUS 0x0, context 0x2ce7a8f0, and result object 0x0000023E2F160840 with size 48
###Close file handle = 0x0000023E2CE7A8F0, eventID = 0052, event Info = 0x0000023E2CEB7C40
