Dokan: debug mode on
Dokan: use stderr
AllocationUnitSize: 512 SectorSize: 512
Global device opened
Dokan: Using 12 main pull threads with ipc batching: 0
Dokan Information: mounted: Y: -> \Volume{d6cc17c5-1717-4085-bce7-964f1e9f5de9}
[###QueryVolumeInfo file handle = 0x0000000000000000, eventID = -001, event Info = 0x000001F8354D7640
M###QueryVolumeInfo file handle = 0x0000000000000000, eventID = -001, event Info = 0x000001F8354D7560
ounted]
[GetVolumeInformation]
[GetVolumeInformation]
Dokan Information: SendAndPullEventInformation() with NTSTATUS 0x0, context 0x0, and result object 0x000001F83559FBC0 with size 64
Dokan Information: SendAndPullEventInformation() with NTSTATUS 0x80000005, context 0x0, and result object 0x000001F835596DA0 with size 56
###Create file handle = 0x000001F8354D65B0, eventID = 0001, event Info = 0x000001F8354D7560
[ZwCreateFile] \
Dokan Information: DokanEndDispatchCreate() status = 0, file handle = 0x000001F8354D65B0, eventID = 0001, result = 0x1
Dokan Information: SendAndPullEventInformation() with NTSTATUS 0x0, context 0x354d65b0, and result object 0x000001F835596DA0 with size 48
###GetFileInfo file handle = 0x000001F8354D65B0, eventID = 0001, event Info = 0x000001F8354D7560
	result =  0
  unknown type:54
	DispatchQueryInformation result =  c000000d
Dokan Information: SendAndPullEventInformation() with NTSTATUS 0xc000000d, context 0x354d65b0, and result object 0x000001F835596DA0 with size 48
###GetFileInfo file handle = 0x000001F8354D65B0, eventID = 0001, event Info = 0x000001F8354D7560
	result =  0
	FileStandardInformation
	DispatchQueryInformation result =  0
Dokan Information: SendAndPullEventInformation() with NTSTATUS 0x0, context 0x354d65b0, and result object 0x000001F835596DA0 with size 64
###QueryVolumeInfo file handle = 0x000001F8354D65B0, eventID = 0001, event Info = 0x000001F8354D7560
[GetVolumeInformation]
Dokan Information: SendAndPullEventInformation() with NTSTATUS 0x0, context 0x354d65b0, and result object 0x000001F835596DA0 with size 74
###Cleanup file handle = 0x000001F8354D65B0, eventID = 0001, event Info = 0x000001F8354D7560
Dokan Information: SendAndPullEventInformation() with NTSTATUS 0x0, context 0x354d65b0, and result object 0x000001F835596DA0 with size 48
###Close file handle = 0x000001F8354D65B0, eventID = 0001, event Info = 0x000001F8354D7560
[Close] \
###Create file handle = 0x000001F8354D65B0, eventID = 0002, event Info = 0x000001F8354D7560
[ZwCreateFile] \
Dokan Information: DokanEndDispatchCreate() status = 0, file handle = 0x000001F8354D65B0, eventID = 0002, result = 0x1
Dokan Information: SendAndPullEventInformation() with NTSTATUS 0x0, context 0x354d65b0, and result object 0x000001F835596DA0 with size 48
###GetFileInfo file handle = 0x000001F8354D65B0, eventID = 0002, event Info = 0x000001F8354D7560
	result =  0
	FileStandardInformation
	DispatchQueryInformation result =  0
Dokan Information: SendAndPullEventInformation() with NTSTATUS 0x0, context 0x354d65b0, and result object 0x000001F835596DA0 with size 64
###QueryVolumeInfo file handle = 0x000001F8354D65B0, eventID = 0002, event Info = 0x000001F8354D7560
[GetVolumeInformation]
Dokan Information: SendAndPullEventInformation() with NTSTATUS 0x0, context 0x354d65b0, and result object 0x000001F835596DA0 with size 74
###Cleanup file handle = 0x000001F8354D65B0, eventID = 0002, event Info = 0x000001F8354D7560
Dokan Information: SendAndPullEventInformation() with NTSTATUS 0x0, context 0x354d65b0, and result object 0x000001F835596DA0 with size 48
###Close file handle = 0x000001F8354D65B0, eventID = 0002, event Info = 0x000001F8354D7560
[Close] \
###Create file handle = 0x000001F8354D65B0, eventID = 0003, event Info = 0x000001F8355063B0
[ZwCreateFile] \
Dokan Information: DokanEndDispatchCreate() status = 0, file handle = 0x000001F8354D65B0, eventID = 0003, result = 0x1
Dokan Information: SendAndPullEventInformation() with NTSTATUS 0x0, context 0x354d65b0, and result object 0x000001F835596DA0 with size 48
###QueryVolumeInfo file handle = 0x000001F8354D65B0, eventID = 0003, event Info = 0x000001F8355063B0
[GetVolumeInformation]
Dokan Information: SendAndPullEventInformation() with NTSTATUS 0x0, context 0x354d65b0, and result object 0x000001F835596DA0 with size 74
###QueryVolumeInfo file handle = 0x000001F8354D65B0, eventID = 0003, event Info = 0x000001F8355063B0
[GetVolumeInformation]
Dokan Information: SendAndPullEventInformation() with NTSTATUS 0x0, context 0x354d65b0, and result object 0x000001F835596DA0 with size 68
###Cleanup file handle = 0x000001F8354D65B0, eventID = 0003, event Info = 0x000001F8355063B0
Dokan Information: SendAndPullEventInformation() with NTSTATUS 0x0, context 0x354d65b0, and result object 0x000001F835596DA0 with size 48
###Close file handle = 0x000001F8354D65B0, eventID = 0003, event Info = 0x000001F8355063B0
[Close] \
###Create file handle = 0x000001F8354D65B0, eventID = 0004, event Info = 0x000001F8355063B0
[ZwCre###Create file handle = 0x000001F8354D6AB0, eventID = 0005, event Info = 0x000001F8355070D0
ateFile] \
[ZwCreatDokan Information: DokanEndDispatchCreate() status = 0, file handle = 0x000001F8354D65B0, eventID = 0004, result = 0x1
eFile] \
Dokan Information: SendAndPullEventInformation() with NTSTATUS 0x0, context 0x354d65b0, and result object 0x000001F835596DA0 with size 48
Dokan Information: DokanEndDispatchCreate() status = 0, file handle = 0x000001F8354D6AB0, eventID = 0005, result = 0x1
###GetFileInfo file handle = 0x000001F8354D65B0, eventID = 0004, event Info = 0x000001F8355063B0
	result =  0
	FileBasicInformation
	DispatchQueryInformation result =  0
Dokan Information: SendAndPullEventInformation() with NTSTATUS 0x0, context 0x354d65b0, and result object 0x000001F835596DA0 with size 80
Dokan Information: SendAndPullEventInformation() with NTSTATUS 0x0, context 0x354d6ab0, and result object 0x000001F8374F00A0 with size 48
###Cleanup file handle = 0x000001F8354D65B0, eventID = 0004, event Info = 0x000001F8355063B0
###QueryVolumeInfo file handle = 0x000001F8354D6AB0, eventID = 0005, event Info = 0x000001F8355070D0
[GetVoDokan Information: SendAndPullEventInformation() with NTSTATUS 0x0, context 0x354d65b0, and result object 0x000001F835596DA0 with size 48
lumeIn###Close file handle = 0x000001F8354D65B0, eventID = 0004, event Info = 0x000001F8355063B0
f###Create file handle = 0x000001F8354D6B30, eventID = 0006, event Info = 0x000001F8355061F0
ormation]
[Dokan Information: SendAndPullEventInformation() with NTSTATUS 0x0, context 0x354d6ab0, and result object 0x000001F8374F00A0 with size 74
Close] \
###QueryVolumeInfo file handle = 0x000001F8354D6AB0, eventID = 0005, event Info = 0x000001F8355070D0
[ZwCreateFile] \
[GetVolumeInformation]
Dokan Information: DokanEndDispatchCreate() status = 0, file handle = 0x000001F8354D6B30, eventID = 0006, result = 0x1
Dokan Information: SendAndPullEventInformation() with NTSTATUS 0x0, context 0x354d6ab0, and result object 0x000001F8374F00A0 with size 68
Dokan Information: SendAndPullEventInformation() with NTSTATUS 0x0, context 0x354d6b30, and result object 0x000001F835596DA0 with size 48
###Cleanup file handle = 0x000001F8354D6AB0, eventID = 0005, event Info = 0x000001F8355070D0
###QueryVolumeInfo file handle = 0x000001F8354D6B30, eventID = 0006, event Info = 0x000001F8355061F0
Dokan Information: SendAndPullEventInformation() with NTSTATUS 0x0, context 0x354d6ab0, and result object 0x000001F8374F00A0 with size 48
[###Close file handle = 0x000001F8354D6AB0, eventID = 0005, event Info = 0x000001F8355070D0
GetVolumeInformation]
[Close] \
###Create file handle = 0x000001F8354D65B0, eventID = 0007, event Info = 0x000001F8355063B0
[ZwCreateFile] \
Dokan Information: SendAndPullEventInformation() with NTSTATUS 0x0, context 0x354d6b30, and result object 0x000001F835596DA0 with size 74
Dokan Information: DokanEndDispatchCreate() status = 0, file handle = 0x000001F8354D65B0, eventID = 0007, result = 0x1
###QueryVolumeInfo file handle = 0x000001F8354D6B30, eventID = 0006, event Info = 0x000001F8355061F0
[GetVolumeInformation]
Dokan Information: SendAndPullEventInformation() with NTSTATUS 0x0, context 0x354d65b0, and result object 0x000001F8374F00A0 with size 48
Dokan Information: SendAndPullEventInformation() with NTSTATUS 0x0, context 0x354d6b30, and result object 0x000001F835596DA0 with size 68
###QueryVolumeInfo file handle = 0x000001F8354D65B0, eventID = 0007, event Info = 0x000001F8355063B0
###Cleanup file handle = 0x000001F8354D6B30, eventID = 0006, event Info = 0x000001F8355061F0
Dokan Information: SendAndPullEventInformation() with NTSTATUS 0x0, context 0x354d65b0, and result object 0x000001F8374F00A0 with size 64
Dokan Information: SendAndPullEventInformation() with NTSTATUS 0x0, context 0x354d6b30, and result object 0x000001F835596DA0 with size 48
###Cleanup file handle = 0x000001F8354D65B0, eventID = 0007, event Info = 0x000001F8355063B0
###Close file handle = 0x000001F8354D6B30, eventID = 0006, event Info = 0x000001F8355061F0
###Create file handle = 0x000001F8354D6AB0, eventID = 0008, event Info = 0x000001F8355070D0
[Close]Dokan Information: SendAndPullEventInformation() with NTSTATUS 0x0, context 0x354d65b0, and result object 0x000001F8374F00A0 with size 48
 ###Close file handle = 0x000001F8354D65B0, eventID = 0007, event Info = 0x000001F8355063B0
\
###Create file handle = 0x000001F8354D6B30, eventID = 0009, event Info = 0x000001F8355066C0
[ZwCreateFile] \
[Close] Dokan Information: DokanEndDispatchCreate() status = 0, file handle = 0x000001F8354D6AB0, eventID = 0008, result = 0x1
\
Dokan Information: SendAndPullEventInformation() with NTSTATUS 0x0, context 0x354d6ab0, and result object 0x000001F835596DA0 with size 48
[Zw###QueryVolumeInfo file handle = 0x000001F8354D6AB0, eventID = 0008, event Info = 0x000001F8355070D0
CreateFile] \
Dokan Information: SendAndPullEventInformation() with NTSTATUS 0x0, context 0x354d6ab0, and result object 0x000001F835596DA0 with size 64
Dokan Information: DokanEndDispatchCreate() status = 0, file handle = 0x000001F8354D6B30, eventID = 0009, result = 0x1
###Cleanup file handle = 0x000001F8354D6AB0, eventID = 0008, event Info = 0x000001F8355070D0
Dokan Information: SendAndPullEventInformation() with NTSTATUS 0x0, context 0x354d6b30, and result object 0x000001F8374F00A0 with size 48
Dokan Information: SendAndPullEventInformation() with NTSTATUS 0x0, context 0x354d6ab0, and result object 0x000001F835596DA0 with size 48
###Cleanup file handle = 0x000001F8354D6B30, eventID = 0009, event Info = 0x000001F8355066C0
###Close file handle = 0x000001F8354D6AB0, eventID = 0008, event Info = 0x000001F8355070D0
[Close] \
###Create file handle = 0x000001F8354D65B0, eventID = 0010, event Info = 0x000001F8355063B0
[ZwCreaDokan Information: SendAndPullEventInformation() with NTSTATUS 0x0, context 0x354d6b30, and result object 0x000001F8374F00A0 with size 48
teFile] \
###Close file handle = 0x000001F8354D6B30, eventID = 0009, event Info = 0x000001F8355066C0
[Close] \
###Create file handle = 0x000001F8354D6AB0, eventID = 0011, event Info = 0x000001F8355070D0
[ZwDokan Information: DokanEndDispatchCreate() status = 0, file handle = 0x000001F8354D65B0, eventID = 0010, result = 0x1
CreateDokan Information: SendAndPullEventInformation() with NTSTATUS 0x0, context 0x354d65b0, and result object 0x000001F835596DA0 with size 48
File] \
###GetFileInfo file handle = 0x000001F8354D65B0, eventID = 0010, event Info = 0x000001F8355063B0
Dokan Information: DokanEndDispatchCreate() status = 0, file handle = 0x000001F8354D6AB0, eventID = 0011, result = 0x1
	result =  0
	FileBasicInformation
	DispatchQueryInformation result =  0
Dokan Information: SendAndPullEventInformation() with NTSTATUS 0x0, context 0x354d6ab0, and result object 0x000001F8374F00A0 with size 48
Dokan Information: SendAndPullEventInformation() with NTSTATUS 0x0, context 0x354d65b0, and result object 0x000001F835596DA0 with size 80
###QueryVolumeInfo file handle = 0x000001F8354D6AB0, eventID = 0011, event Info = 0x000001F8355070D0
[GetVolumeInformation]
###Cleanup file handle = 0x000001F8354D65B0, eventID = 0010, event Info = 0x000001F8355063B0
Dokan Information: SendAndPullEventInformation() with NTSTATUS 0x0, context 0x354d65b0, and result object 0x000001F835596DA0 with size 48
Dokan Information: SendAndPullEventInformation() with NTSTATUS 0x0, context 0x354d6ab0, and result object 0x000001F8374F00A0 with size 64
###Close file handle = 0x000001F8354D65B0, eventID = 0010, event Info = 0x000001F8355063B0
[Close] \
###GetFileInfo file handle = 0x000001F8354D6AB0, eventID = 0011, event Info = 0x000001F8355070D0
	result =  0
	FileAllInformation
	DispatchQueryInformation result =  0
###Create file handle = 0x000001F8354D65B0, eventID = 0012, event Info = 0x000001F8355066C0
[ZwCreateDokan Information: SendAndPullEventInformation() with NTSTATUS 0x0, context 0x354d6ab0, and result object 0x000001F835596DA0 with size 140
File]###Cleanup file handle = 0x000001F8354D6AB0, eventID = 0011, event Info = 0x000001F8355070D0
 \
Dokan Information: SendAndPullEventInformation() with NTSTATUS 0x0, context 0x354d6ab0, and result object 0x000001F835596DA0 with size 48
Dokan Information: DokanEndDispatchCreate() status = 0, file handle = 0x000001F8354D65B0, eventID = 0012, result = 0x1
###Close file handle = 0x000001F8354D6AB0, eventID = 0011, event Info = 0x000001F8355070D0
[Close] \
###Create file handle = 0x000001F8354D6B30, eventID = 0013, event Info = 0x000001F8355063B0
[ZwCreDokan Information: SendAndPullEventInformation() with NTSTATUS 0x0, context 0x354d65b0, and result object 0x000001F8374F00A0 with size 48
ateF###GetFileInfo file handle = 0x000001F8354D65B0, eventID = 0012, event Info = 0x000001F8355066C0
ile] \
	result =  0
Dokan Information: DokanEndDispatchCreate() status = 0, file handle = 0x000001F8354D6B30, eventID = 0013, result = 0x1
	FileBasicInformation
	DispatchQueryInformation result =  0
Dokan Information: SendAndPullEventInformation() with NTSTATUS 0x0, context 0x354d65b0, and result object 0x000001F8374F00A0 with size 80
Dokan Information: SendAndPullEventInformation() with NTSTATUS 0x0, context 0x354d6b30, and result object 0x000001F835596DA0 with size 48
###Cleanup file handle = 0x000001F8354D65B0, eventID = 0012, event Info = 0x000001F8355066C0
###QueryVolumeInfo file handle = 0x000001F8354D6B30, eventID = 0013, event Info = 0x000001F8355063B0
Dokan Information: SendAndPullEventInformation() with NTSTATUS 0x0, context 0x354d65b0, and result object 0x000001F8374F00A0 with size 48
[GetVolumeInformation]###Close file handle = 0x000001F8354D65B0, eventID = 0012, event Info = 0x000001F8355066C0

[Close] \
Dokan Information: SendAndPullEventInformation() with NTSTATUS 0x0, context 0x354d6b30, and result object 0x000001F835596DA0 with size 64
###GetFileInfo file handle = 0x000001F8354D6B30, eventID = 0013, event Info = 0x000001F8355063B0
	result =  0
	FileAllInformation
	DispatchQueryInformation result =  0
Dokan Information: SendAndPullEventInformation() with NTSTATUS 0x0, context 0x354d6b30, and result object 0x000001F835596DA0 with size 140
###Cleanup file handle = 0x000001F8354D6B30, eventID = 0013, event Info = 0x000001F8355063B0
Dokan Information: SendAndPullEventInformation() with NTSTATUS 0x0, context 0x354d6b30, and result object 0x000001F835596DA0 with size 48
###Close file handle = 0x000001F8354D6B30, eventID = 0013, event Info = 0x000001F8355063B0
[Close]###Create file handle = 0x000001F8354D65B0, eventID = 0014, event Info = 0x000001F8355066C0
 \
[ZwCreateFile] \
Dokan Information: DokanEndDispatchCreate() status = 0, file handle = 0x000001F8354D65B0, eventID = 0014, result = 0x1
Dokan Information: SendAndPullEventInformation() with NTSTATUS 0x0, context 0x354d65b0, and result object 0x000001F835596DA0 with size 48
###QueryVolumeInfo file handle = 0x000001F8354D65B0, eventID = 0014, event Info = 0x000001F8355066C0
[GetVolumeInformation]
Dokan Information: SendAndPullEventInformation() with NTSTATUS 0x0, context 0x354d65b0, and result object 0x000001F835596DA0 with size 64
###GetFileInfo file handle = 0x000001F8354D65B0, eventID = 0014, event Info = 0x000001F8355066C0
	result =  0
	FileAllInformation
	DispatchQueryInformation result =  0
Dokan Information: SendAndPullEventInformation() with NTSTATUS 0x0, context 0x354d65b0, and result object 0x000001F835596DA0 with size 140
###Cleanup file handle = 0x000001F8354D65B0, eventID = 0014, event Info = 0x000001F8355066C0
Dokan Information: SendAndPullEventInformation() with NTSTATUS 0x0, context 0x354d65b0, and result object 0x000001F835596DA0 with size 48
###Close file handle = 0x000001F8354D65B0, eventID = 0014, event Info = 0x000001F8355066C0
[Clos###Create file handle = 0x000001F8354D6B30, eventID = 0015, event Info = 0x000001F8355063B0
e] \
[ZwCreateFile] \
Dokan Information: DokanEndDispatchCreate() status = 0, file handle = 0x000001F8354D6B30, eventID = 0015, result = 0x1
Dokan Information: SendAndPullEventInformation() with NTSTATUS 0x0, context 0x354d6b30, and result object 0x000001F835596DA0 with size 48
###QueryVolumeInfo file handle = 0x000001F8354D6B30, eventID = 0015, event Info = 0x000001F8355063B0
[GetVolumeInformation]
Dokan Information: SendAndPullEventInformation() with NTSTATUS 0x0, context 0x354d6b30, and result object 0x000001F835596DA0 with size 64
###GetFileInfo file handle = 0x000001F8354D6B30, eventID = 0015, event Info = 0x000001F8355063B0
	result =  0
	FileAllInformation
	DispatchQueryInformation result =  0
Dokan Information: SendAndPullEventInformation() with NTSTATUS 0x0, context 0x354d6b30, and result object 0x000001F835596DA0 with size 140
###Cleanup file handle = 0x000001F8354D6B30, eventID = 0015, event Info = 0x000001F8355063B0
Dokan Information: SendAndPullEventInformation() with NTSTATUS 0x0, context 0x354d6b30, and result object 0x000001F835596DA0 with size 48
###Close file handle = 0x000001F8354D6B30, eventID = 0015, event Info = 0x000001F8355063B0
[Close###Create file handle = 0x000001F8354D65B0, eventID = 0016, event Info = 0x000001F8355066C0
] \
[ZwCreateFile] \
Dokan Information: DokanEndDispatchCreate() status = 0, file handle = 0x000001F8354D65B0, eventID = 0016, result = 0x1
Dokan Information: SendAndPullEventInformation() with NTSTATUS 0x0, context 0x354d65b0, and result object 0x000001F835596DA0 with size 48
###QueryVolumeInfo file handle = 0x000001F8354D65B0, eventID = 0016, event Info = 0x000001F8355066C0
[GetVolumeInformation]
Dokan Information: SendAndPullEventInformation() with NTSTATUS 0x0, context 0x354d65b0, and result object 0x000001F835596DA0 with size 64
###GetFileInfo file handle = 0x000001F8354D65B0, eventID = 0016, event Info = 0x000001F8355066C0
	result =  0
	FileAllInformation
	DispatchQueryInformation result =  0
Dokan Information: SendAndPullEventInformation() with NTSTATUS 0x0, context 0x354d65b0, and result object 0x000001F835596DA0 with size 140
###Cleanup file handle = 0x000001F8354D65B0, eventID = 0016, event Info = 0x000001F8355066C0
Dokan Information: SendAndPullEventInformation() with NTSTATUS 0x0, context 0x354d65b0, and result object 0x000001F835596DA0 with size 48
###Close file handle = 0x000001F8354D65B0, eventID = 0016, event Info = 0x000001F8355066C0
[Close] \
###Create file handle = 0x000001F8354D6B30, eventID = 0017, event Info = 0x000001F8355063B0
[ZwCreateFile] \
Dokan Information: DokanEndDispatchCreate() status = 0, file handle = 0x000001F8354D6B30, eventID = 0017, result = 0x1
Dokan Information: SendAndPullEventInformation() with NTSTATUS 0x0, context 0x354d6b30, and result object 0x000001F835596DA0 with size 48
###QueryVolumeInfo file handle = 0x000001F8354D6B30, eventID = 0017, event Info = 0x000001F8355063B0
[GetVolumeInformation]
Dokan Information: SendAndPullEventInformation() with NTSTATUS 0x0, context 0x354d6b30, and result object 0x000001F835596DA0 with size 64
###GetFileInfo file handle = 0x000001F8354D6B30, eventID = 0017, event Info = 0x000001F8355063B0
	result =  0
	FileAllInformation
	DispatchQueryInformation result =  0
Dokan Information: SendAndPullEventInformation() with NTSTATUS 0x0, context 0x354d6b30, and result object 0x000001F835596DA0 with size 140
###Cleanup file handle = 0x000001F8354D6B30, eventID = 0017, event Info = 0x000001F8355063B0
Dokan Information: SendAndPullEventInformation() with NTSTATUS 0x0, context 0x354d6b30, and result object 0x000001F835596DA0 with size 48
###Close file handle = 0x000001F8354D6B30, eventID = 0017, event Info = 0x000001F8355063B0
[Close] \
###Create file handle = 0x000001F8354D6B30, eventID = 0018, event Info = 0x000001F8355066C0
[ZwCreateFile] \
Dokan Information: DokanEndDispatchCreate() status = 0, file handle = 0x000001F8354D6B30, eventID = 0018, result = 0x1
Dokan Information: SendAndPullEventInformation() with NTSTATUS 0x0, context 0x354d6b30, and result object 0x000001F835596DA0 with size 48
###QueryVolumeInfo file handle = 0x000001F8354D6B30, eventID = 0018, event Info = 0x000001F8355066C0
[GetVolumeInformation]
Dokan Information: SendAndPullEventInformation() with NTSTATUS 0x0, context 0x354d6b30, and result object 0x000001F835596DA0 with size 64
###GetFileInfo file handle = 0x000001F8354D6B30, eventID = 0018, event Info = 0x000001F8355066C0
	result =  0
	FileAllInformation
	DispatchQueryInformation result =  0
Dokan Information: SendAndPullEventInformation() with NTSTATUS 0x0, context 0x354d6b30, and result object 0x000001F835596DA0 with size 140
###Cleanup file handle = 0x000001F8354D6B30, eventID = 0018, event Info = 0x000001F8355066C0
Dokan Information: SendAndPullEventInformation() with NTSTATUS 0x0, context 0x354d6b30, and result object 0x000001F835596DA0 with size 48
###Close file handle = 0x000001F8354D6B30, eventID = 0018, event Info = 0x000001F8355066C0
[Close] \
###Create file handle = 0x000001F8354D65B0, eventID = 0019, event Info = 0x000001F8355063B0
[ZwCreateFile] \
Dokan Information: DokanEndDispatchCreate() status = 0, file handle = 0x000001F8354D65B0, eventID = 0019, result = 0x1
Dokan Information: SendAndPullEventInformation() with NTSTATUS 0x0, context 0x354d65b0, and result object 0x000001F835596DA0 with size 48
###QueryVolumeInfo file handle = 0x000001F8354D65B0, eventID = 0019, event Info = 0x000001F8355063B0
[GetVolumeInformation]
Dokan Information: SendAndPullEventInformation() with NTSTATUS 0x0, context 0x354d65b0, and result object 0x000001F835596DA0 with size 64
###GetFileInfo file handle = 0x000001F8354D65B0, eventID = 0019, event Info = 0x000001F8355063B0
	result =  0
	FileAllInformation
	DispatchQueryInformation result =  0
Dokan Information: SendAndPullEventInformation() with NTSTATUS 0x0, context 0x354d65b0, and result object 0x000001F835596DA0 with size 140
###Cleanup file handle = 0x000001F8354D65B0, eventID = 0019, event Info = 0x000001F8355063B0
Dokan Information: SendAndPullEventInformation() with NTSTATUS 0x0, context 0x354d65b0, and result object 0x000001F835596DA0 with size 48
###Close file handle = 0x000001F8354D65B0, eventID = 0019, event Info = 0x000001F8355063B0
[Close] \
###Create file handle = 0x000001F8354D6B30, eventID = 0020, event Info = 0x000001F8355066C0
[ZwCreateFile] \
Dokan Information: DokanEndDispatchCreate() status = 0, file handle = 0x000001F8354D6B30, eventID = 0020, result = 0x1
Dokan Information: SendAndPullEventInformation() with NTSTATUS 0x0, context 0x354d6b30, and result object 0x000001F835596DA0 with size 48
###QueryVolumeInfo file handle = 0x000001F8354D6B30, eventID = 0020, event Info = 0x000001F8355066C0
[GetVolumeInformation]
Dokan Information: SendAndPullEventInformation() with NTSTATUS 0x0, context 0x354d6b30, and result object 0x000001F835596DA0 with size 64
###GetFileInfo file handle = 0x000001F8354D6B30, eventID = 0020, event Info = 0x000001F8355066C0
	result =  0
	FileAllInformation
	DispatchQueryInformation result =  0
Dokan Information: SendAndPullEventInformation() with NTSTATUS 0x0, context 0x354d6b30, and result object 0x000001F835596DA0 with size 140
###Cleanup file handle = 0x000001F8354D6B30, eventID = 0020, event Info = 0x000001F8355066C0
Dokan Information: SendAndPullEventInformation() with NTSTATUS 0x0, context 0x354d6b30, and result object 0x000001F835596DA0 with size 48
###Close file handle = 0x000001F8354D6B30, eventID = 0020, event Info = 0x000001F8355066C0
[Close] \
###Create file handle = 0x000001F8354D65B0, eventID = 0021, event Info = 0x000001F8355063B0
[ZwCreateFile] \
Dokan Information: DokanEndDispatchCreate() status = 0, file handle = 0x000001F8354D65B0, eventID = 0021, result = 0x1
Dokan Information: SendAndPullEventInformation() with NTSTATUS 0x0, context 0x354d65b0, and result object 0x000001F835596DA0 with size 48
###QueryVolumeInfo file handle = 0x000001F8354D65B0, eventID = 0021, event Info = 0x000001F8355063B0
[GetVolumeInformation]
Dokan Information: SendAndPullEventInformation() with NTSTATUS 0x0, context 0x354d65b0, and result object 0x000001F835596DA0 with size 64
###GetFileInfo file handle = 0x000001F8354D65B0, eventID = 0021, event Info = 0x000001F8355063B0
	result =  0
	FileAllInformation
	DispatchQueryInformation result =  0
Dokan Information: SendAndPullEventInformation() with NTSTATUS 0x0, context 0x354d65b0, and result object 0x000001F835596DA0 with size 140
###Cleanup file handle = 0x000001F8354D65B0, eventID = 0021, event Info = 0x000001F8355063B0
Dokan Information: SendAndPullEventInformation() with NTSTATUS 0x0, context 0x354d65b0, and result object 0x000001F835596DA0 with size 48
###Close file handle = 0x000001F8354D65B0, eventID = 0021, event Info = 0x000001F8355063B0
[Close] \
###Create file handle = 0x000001F8354D6B30, eventID = 0022, event Info = 0x000001F8355066C0
[ZwCreateFile] \
Dokan Information: DokanEndDispatchCreate() status = 0, file handle = 0x000001F8354D6B30, eventID = 0022, result = 0x1
Dokan Information: SendAndPullEventInformation() with NTSTATUS 0x0, context 0x354d6b30, and result object 0x000001F835596DA0 with size 48
###QueryVolumeInfo file handle = 0x000001F8354D6B30, eventID = 0022, event Info = 0x000001F8355066C0
[GetVolumeInformation]
Dokan Information: SendAndPullEventInformation() with NTSTATUS 0x0, context 0x354d6b30, and result object 0x000001F835596DA0 with size 64
###GetFileInfo file handle = 0x000001F8354D6B30, eventID = 0022, event Info = 0x000001F8355066C0
	result =  0
	FileAllInformation
	DispatchQueryInformation result =  0
Dokan Information: SendAndPullEventInformation() with NTSTATUS 0x0, context 0x354d6b30, and result object 0x000001F835596DA0 with size 140
###Cleanup file handle = 0x000001F8354D6B30, eventID = 0022, event Info = 0x000001F8355066C0
Dokan Information: SendAndPullEventInformation() with NTSTATUS 0x0, context 0x354d6b30, and result object 0x000001F835596DA0 with size 48
###Close file handle = 0x000001F8354D6B30, eventID = 0022, event Info = 0x000001F8355066C0
[Close] ###Create file handle = 0x000001F8354D65B0, eventID = 0023, event Info = 0x000001F8355063B0
\
[ZwCreateFile] \
Dokan Information: DokanEndDispatchCreate() status = 0, file handle = 0x000001F8354D65B0, eventID = 0023, result = 0x1
Dokan Information: SendAndPullEventInformation() with NTSTATUS 0x0, context 0x354d65b0, and result object 0x000001F835596DA0 with size 48
###QueryVolumeInfo file handle = 0x000001F8354D65B0, eventID = 0023, event Info = 0x000001F8355063B0
[GetVolumeInformation]
Dokan Information: SendAndPullEventInformation() with NTSTATUS 0x0, context 0x354d65b0, and result object 0x000001F835596DA0 with size 64
###GetFileInfo file handle = 0x000001F8354D65B0, eventID = 0023, event Info = 0x000001F8355063B0
	result =  0
	FileAllInformation
	DispatchQueryInformation result =  0
Dokan Information: SendAndPullEventInformation() with NTSTATUS 0x0, context 0x354d65b0, and result object 0x000001F835596DA0 with size 140
###Cleanup file handle = 0x000001F8354D65B0, eventID = 0023, event Info = 0x000001F8355063B0
Dokan Information: SendAndPullEventInformation() with NTSTATUS 0x0, context 0x354d65b0, and result object 0x000001F835596DA0 with size 48
###Close file handle = 0x000001F8354D65B0, eventID = 0023, event Info = 0x000001F8355063B0
[C###Create file handle = 0x000001F8354D6B30, eventID = 0024, event Info = 0x000001F8355066C0
lose] \
[ZwCreateFile] \
Dokan Information: DokanEndDispatchCreate() status = 0, file handle = 0x000001F8354D6B30, eventID = 0024, result = 0x1
Dokan Information: SendAndPullEventInformation() with NTSTATUS 0x0, context 0x354d6b30, and result object 0x000001F835596DA0 with size 48
###QueryVolumeInfo file handle = 0x000001F8354D6B30, eventID = 0024, event Info = 0x000001F8355066C0
[GetVolumeInformation]
Dokan Information: SendAndPullEventInformation() with NTSTATUS 0x0, context 0x354d6b30, and result object 0x000001F835596DA0 with size 64
###GetFileInfo file handle = 0x000001F8354D6B30, eventID = 0024, event Info = 0x000001F8355066C0
	result =  0
	FileAllInformation
	DispatchQueryInformation result =  0
Dokan Information: SendAndPullEventInformation() with NTSTATUS 0x0, context 0x354d6b30, and result object 0x000001F835596DA0 with size 140
###Cleanup file handle = 0x000001F8354D6B30, eventID = 0024, event Info = 0x000001F8355066C0
Dokan Information: SendAndPullEventInformation() with NTSTATUS 0x0, context 0x354d6b30, and result object 0x000001F835596DA0 with size 48
###Close file handle = 0x000001F8354D6B30, eventID = 0024, event Info = 0x000001F8355066C0
[Close] \
###Create file handle = 0x000001F8354D65B0, eventID = 0025, event Info = 0x000001F8355063B0
[ZwCreateFile] \
Dokan Information: DokanEndDispatchCreate() status = 0, file handle = 0x000001F8354D65B0, eventID = 0025, result = 0x1
Dokan Information: SendAndPullEventInformation() with NTSTATUS 0x0, context 0x354d65b0, and result object 0x000001F835596DA0 with size 48
###QueryVolumeInfo file handle = 0x000001F8354D65B0, eventID = 0025, event Info = 0x000001F8355063B0
[GetVolumeInformation]
Dokan Information: SendAndPullEventInformation() with NTSTATUS 0x0, context 0x354d65b0, and result object 0x000001F835596DA0 with size 64
###GetFileInfo file handle = 0x000001F8354D65B0, eventID = 0025, event Info = 0x000001F8355063B0
	result =  0
	FileAllInformation
	DispatchQueryInformation result =  0
Dokan Information: SendAndPullEventInformation() with NTSTATUS 0x0, context 0x354d65b0, and result object 0x000001F835596DA0 with size 140
###Cleanup file handle = 0x000001F8354D65B0, eventID = 0025, event Info = 0x000001F8355063B0
Dokan Information: SendAndPullEventInformation() with NTSTATUS 0x0, context 0x354d65b0, and result object 0x000001F835596DA0 with size 48
###Close file handle = 0x000001F8354D65B0, eventID = 0025, event Info = 0x000001F8355063B0
###Create file handle = 0x000001F8354D6B30, eventID = 0026, event Info = 0x000001F8355066C0
[Close] \
[ZwCreateFile] \
Dokan Information: DokanEndDispatchCreate() status = 0, file handle = 0x000001F8354D6B30, eventID = 0026, result = 0x1
Dokan Information: SendAndPullEventInformation() with NTSTATUS 0x0, context 0x354d6b30, and result object 0x000001F835596DA0 with size 48
###QueryVolumeInfo file handle = 0x000001F8354D6B30, eventID = 0026, event Info = 0x000001F8355066C0
[GetVolumeInformation]
Dokan Information: SendAndPullEventInformation() with NTSTATUS 0x0, context 0x354d6b30, and result object 0x000001F835596DA0 with size 64
###GetFileInfo file handle = 0x000001F8354D6B30, eventID = 0026, event Info = 0x000001F8355066C0
	result =  0
	FileAllInformation
	DispatchQueryInformation result =  0
Dokan Information: SendAndPullEventInformation() with NTSTATUS 0x0, context 0x354d6b30, and result object 0x000001F835596DA0 with size 140
###Cleanup file handle = 0x000001F8354D6B30, eventID = 0026, event Info = 0x000001F8355066C0
Dokan Information: SendAndPullEventInformation() with NTSTATUS 0x0, context 0x354d6b30, and result object 0x000001F835596DA0 with size 48
###Close file handle = 0x000001F8354D6B30, eventID = 0026, event Info = 0x000001F8355066C0
[Close] \
###Create file handle = 0x000001F8354D65B0, eventID = 0027, event Info = 0x000001F8355063B0
[ZwCreateFile] \
Dokan Information: DokanEndDispatchCreate() status = 0, file handle = 0x000001F8354D65B0, eventID = 0027, result = 0x1
Dokan Information: SendAndPullEventInformation() with NTSTATUS 0x0, context 0x354d65b0, and result object 0x000001F835596DA0 with size 48
###QueryVolumeInfo file handle = 0x000001F8354D65B0, eventID = 0027, event Info = 0x000001F8355063B0
[GetVolumeInformation]
Dokan Information: SendAndPullEventInformation() with NTSTATUS 0x0, context 0x354d65b0, and result object 0x000001F835596DA0 with size 64
###GetFileInfo file handle = 0x000001F8354D65B0, eventID = 0027, event Info = 0x000001F8355063B0
	result =  0
	FileAllInformation
	DispatchQueryInformation result =  0
Dokan Information: SendAndPullEventInformation() with NTSTATUS 0x0, context 0x354d65b0, and result object 0x000001F835596DA0 with size 140
###Cleanup file handle = 0x000001F8354D65B0, eventID = 0027, event Info = 0x000001F8355063B0
Dokan Information: SendAndPullEventInformation() with NTSTATUS 0x0, context 0x354d65b0, and result object 0x000001F835596DA0 with size 48
###Close file handle = 0x000001F8354D65B0, eventID = 0027, event Info = 0x000001F8355063B0
[Close] \
###Create file handle = 0x000001F8354D6B30, eventID = 0028, event Info = 0x000001F8355066C0
[ZwCreateFile] \
Dokan Information: DokanEndDispatchCreate() status = 0, file handle = 0x000001F8354D6B30, eventID = 0028, result = 0x1
Dokan Information: SendAndPullEventInformation() with NTSTATUS 0x0, context 0x354d6b30, and result object 0x000001F835596DA0 with size 48
###QueryVolumeInfo file handle = 0x000001F8354D6B30, eventID = 0028, event Info = 0x000001F8355066C0
[GetVolumeInformation]
Dokan Information: SendAndPullEventInformation() with NTSTATUS 0x0, context 0x354d6b30, and result object 0x000001F835596DA0 with size 64
###GetFileInfo file handle = 0x000001F8354D6B30, eventID = 0028, event Info = 0x000001F8355066C0
	result =  0
	FileAllInformation
	DispatchQueryInformation result =  0
Dokan Information: SendAndPullEventInformation() with NTSTATUS 0x0, context 0x354d6b30, and result object 0x000001F835596DA0 with size 140
###Cleanup file handle = 0x000001F8354D6B30, eventID = 0028, event Info = 0x000001F8355066C0
Dokan Information: SendAndPullEventInformation() with NTSTATUS 0x0, context 0x354d6b30, and result object 0x000001F835596DA0 with size 48
###Close file handle = 0x000001F8354D6B30, eventID = 0028, event Info = 0x000001F8355066C0
[Close] \
###Create file handle = 0x000001F8354D65B0, eventID = 0029, event Info = 0x000001F8355063B0
[ZwCreateFile] \
Dokan Information: DokanEndDispatchCreate() status = 0, file handle = 0x000001F8354D65B0, eventID = 0029, result = 0x1
Dokan Information: SendAndPullEventInformation() with NTSTATUS 0x0, context 0x354d65b0, and result object 0x000001F835596DA0 with size 48
###QueryVolumeInfo file handle = 0x000001F8354D65B0, eventID = 0029, event Info = 0x000001F8355063B0
[GetVolumeInformation]
Dokan Information: SendAndPullEventInformation() with NTSTATUS 0x0, context 0x354d65b0, and result object 0x000001F835596DA0 with size 64
###GetFileInfo file handle = 0x000001F8354D65B0, eventID = 0029, event Info = 0x000001F8355063B0
	result =  0
	FileAllInformation
	DispatchQueryInformation result =  0
Dokan Information: SendAndPullEventInformation() with NTSTATUS 0x0, context 0x354d65b0, and result object 0x000001F835596DA0 with size 140
###Cleanup file handle = 0x000001F8354D65B0, eventID = 0029, event Info = 0x000001F8355063B0
Dokan Information: SendAndPullEventInformation() with NTSTATUS 0x0, context 0x354d65b0, and result object 0x000001F835596DA0 with size 48
###Close file handle = 0x000001F8354D65B0, eventID = 0029, event Info = 0x000001F8355063B0
[###Create file handle = 0x000001F8354D6B30, eventID = 0030, event Info = 0x000001F8355066C0
Close] \
[ZwCreateFile] \
Dokan Information: DokanEndDispatchCreate() status = 0, file handle = 0x000001F8354D6B30, eventID = 0030, result = 0x1
Dokan Information: SendAndPullEventInformation() with NTSTATUS 0x0, context 0x354d6b30, and result object 0x000001F835596DA0 with size 48
###QueryVolumeInfo file handle = 0x000001F8354D6B30, eventID = 0030, event Info = 0x000001F8355066C0
[GetVolumeInformation]
Dokan Information: SendAndPullEventInformation() with NTSTATUS 0x0, context 0x354d6b30, and result object 0x000001F835596DA0 with size 64
###GetFileInfo file handle = 0x000001F8354D6B30, eventID = 0030, event Info = 0x000001F8355066C0
	result =  0
	FileAllInformation
	DispatchQueryInformation result =  0
Dokan Information: SendAndPullEventInformation() with NTSTATUS 0x0, context 0x354d6b30, and result object 0x000001F835596DA0 with size 140
###Cleanup file handle = 0x000001F8354D6B30, eventID = 0030, event Info = 0x000001F8355066C0
Dokan Information: SendAndPullEventInformation() with NTSTATUS 0x0, context 0x354d6b30, and result object 0x000001F835596DA0 with size 48
###Close file handle = 0x000001F8354D6B30, eventID = 0030, event Info = 0x000001F8355066C0
###Create file handle = 0x000001F8354D65B0, eventID = 0031, event Info = 0x000001F8355063B0
[Close] \
[ZwCreateFile] \
Dokan Information: DokanEndDispatchCreate() status = 0, file handle = 0x000001F8354D65B0, eventID = 0031, result = 0x1
Dokan Information: SendAndPullEventInformation() with NTSTATUS 0x0, context 0x354d65b0, and result object 0x000001F835596DA0 with size 48
###QueryVolumeInfo file handle = 0x000001F8354D65B0, eventID = 0031, event Info = 0x000001F8355063B0
[GetVolumeInformation]
Dokan Information: SendAndPullEventInformation() with NTSTATUS 0x0, context 0x354d65b0, and result object 0x000001F835596DA0 with size 64
###GetFileInfo file handle = 0x000001F8354D65B0, eventID = 0031, event Info = 0x000001F8355063B0
	result =  0
	FileAllInformation
	DispatchQueryInformation result =  0
Dokan Information: SendAndPullEventInformation() with NTSTATUS 0x0, context 0x354d65b0, and result object 0x000001F835596DA0 with size 140
###Cleanup file handle = 0x000001F8354D65B0, eventID = 0031, event Info = 0x000001F8355063B0
Dokan Information: SendAndPullEventInformation() with NTSTATUS 0x0, context 0x354d65b0, and result object 0x000001F835596DA0 with size 48
###Close file handle = 0x000001F8354D65B0, eventID = 0031, event Info = 0x000001F8355063B0
[Close] ###Create file handle = 0x000001F8354D6B30, eventID = 0032, event Info = 0x000001F8355066C0
\
[ZwCreateFile] \
Dokan Information: DokanEndDispatchCreate() status = 0, file handle = 0x000001F8354D6B30, eventID = 0032, result = 0x1
Dokan Information: SendAndPullEventInformation() with NTSTATUS 0x0, context 0x354d6b30, and result object 0x000001F835596DA0 with size 48
###QueryVolumeInfo file handle = 0x000001F8354D6B30, eventID = 0032, event Info = 0x000001F8355066C0
[GetVolumeInformation]
Dokan Information: SendAndPullEventInformation() with NTSTATUS 0x0, context 0x354d6b30, and result object 0x000001F835596DA0 with size 64
###GetFileInfo file handle = 0x000001F8354D6B30, eventID = 0032, event Info = 0x000001F8355066C0
	result =  0
	FileAllInformation
	DispatchQueryInformation result =  0
Dokan Information: SendAndPullEventInformation() with NTSTATUS 0x0, context 0x354d6b30, and result object 0x000001F835596DA0 with size 140
###Cleanup file handle = 0x000001F8354D6B30, eventID = 0032, event Info = 0x000001F8355066C0
Dokan Information: SendAndPullEventInformation() with NTSTATUS 0x0, context 0x354d6b30, and result object 0x000001F835596DA0 with size 48
###Close file handle = 0x000001F8354D6B30, eventID = 0032, event Info = 0x000001F8355066C0
[Close] \
###Create file handle = 0x000001F8354D65B0, eventID = 0033, event Info = 0x000001F8355063B0
[ZwCreateFile] \
Dokan Information: DokanEndDispatchCreate() status = 0, file handle = 0x000001F8354D65B0, eventID = 0033, result = 0x1
Dokan Information: SendAndPullEventInformation() with NTSTATUS 0x0, context 0x354d65b0, and result object 0x000001F835596DA0 with size 48
###QueryVolumeInfo file handle = 0x000001F8354D65B0, eventID = 0033, event Info = 0x000001F8355063B0
[GetVolumeInformation]
Dokan Information: SendAndPullEventInformation() with NTSTATUS 0x0, context 0x354d65b0, and result object 0x000001F835596DA0 with size 64
###GetFileInfo file handle = 0x000001F8354D65B0, eventID = 0033, event Info = 0x000001F8355063B0
	result =  0
	FileAllInformation
	DispatchQueryInformation result =  0
Dokan Information: SendAndPullEventInformation() with NTSTATUS 0x0, context 0x354d65b0, and result object 0x000001F835596DA0 with size 140
###Cleanup file handle = 0x000001F8354D65B0, eventID = 0033, event Info = 0x000001F8355063B0
Dokan Information: SendAndPullEventInformation() with NTSTATUS 0x0, context 0x354d65b0, and result object 0x000001F835596DA0 with size 48
###Close file handle = 0x000001F8354D65B0, eventID = 0033, event Info = 0x000001F8355063B0
[Close] ###Create file handle = 0x000001F8354D6B30, eventID = 0034, event Info = 0x000001F8355066C0
\
[ZwCreateFile] \
Dokan Information: DokanEndDispatchCreate() status = 0, file handle = 0x000001F8354D6B30, eventID = 0034, result = 0x1
Dokan Information: SendAndPullEventInformation() with NTSTATUS 0x0, context 0x354d6b30, and result object 0x000001F835596DA0 with size 48
###QueryVolumeInfo file handle = 0x000001F8354D6B30, eventID = 0034, event Info = 0x000001F8355066C0
[GetVolumeInformation]
Dokan Information: SendAndPullEventInformation() with NTSTATUS 0x0, context 0x354d6b30, and result object 0x000001F835596DA0 with size 64
###GetFileInfo file handle = 0x000001F8354D6B30, eventID = 0034, event Info = 0x000001F8355066C0
	result =  0
	FileAllInformation
	DispatchQueryInformation result =  0
Dokan Information: SendAndPullEventInformation() with NTSTATUS 0x0, context 0x354d6b30, and result object 0x000001F835596DA0 with size 140
###Cleanup file handle = 0x000001F8354D6B30, eventID = 0034, event Info = 0x000001F8355066C0
Dokan Information: SendAndPullEventInformation() with NTSTATUS 0x0, context 0x354d6b30, and result object 0x000001F835596DA0 with size 48
###Close file handle = 0x000001F8354D6B30, eventID = 0034, event Info = 0x000001F8355066C0
[Close] ###Create file handle = 0x000001F8354D6B30, eventID = 0035, event Info = 0x000001F8355063B0
\
[ZwCreateFile] \
Dokan Information: DokanEndDispatchCreate() status = 0, file handle = 0x000001F8354D6B30, eventID = 0035, result = 0x1
Dokan Information: SendAndPullEventInformation() with NTSTATUS 0x0, context 0x354d6b30, and result object 0x000001F835596DA0 with size 48
###QueryVolumeInfo file handle = 0x000001F8354D6B30, eventID = 0035, event Info = 0x000001F8355063B0
[GetVolumeInformation]
Dokan Information: SendAndPullEventInformation() with NTSTATUS 0x0, context 0x354d6b30, and result object 0x000001F835596DA0 with size 64
###GetFileInfo file handle = 0x000001F8354D6B30, eventID = 0035, event Info = 0x000001F8355063B0
	result =  0
	FileAllInformation
	DispatchQueryInformation result =  0
Dokan Information: SendAndPullEventInformation() with NTSTATUS 0x0, context 0x354d6b30, and result object 0x000001F835596DA0 with size 140
###Cleanup file handle = 0x000001F8354D6B30, eventID = 0035, event Info = 0x000001F8355063B0
Dokan Information: SendAndPullEventInformation() with NTSTATUS 0x0, context 0x354d6b30, and result object 0x000001F835596DA0 with size 48
###Close file handle = 0x000001F8354D6B30, eventID = 0035, event Info = 0x000001F8355063B0
[Close] ###Create file handle = 0x000001F8354D65B0, eventID = 0036, event Info = 0x000001F8355066C0
\
[ZwCreateFile] \
Dokan Information: DokanEndDispatchCreate() status = 0, file handle = 0x000001F8354D65B0, eventID = 0036, result = 0x1
Dokan Information: SendAndPullEventInformation() with NTSTATUS 0x0, context 0x354d65b0, and result object 0x000001F835596DA0 with size 48
###QueryVolumeInfo file handle = 0x000001F8354D65B0, eventID = 0036, event Info = 0x000001F8355066C0
[GetVolumeInformation]
Dokan Information: SendAndPullEventInformation() with NTSTATUS 0x0, context 0x354d65b0, and result object 0x000001F835596DA0 with size 64
###GetFileInfo file handle = 0x000001F8354D65B0, eventID = 0036, event Info = 0x000001F8355066C0
	result =  0
	FileAllInformation
	DispatchQueryInformation result =  0
Dokan Information: SendAndPullEventInformation() with NTSTATUS 0x0, context 0x354d65b0, and result object 0x000001F835596DA0 with size 140
###Cleanup file handle = 0x000001F8354D65B0, eventID = 0036, event Info = 0x000001F8355066C0
Dokan Information: SendAndPullEventInformation() with NTSTATUS 0x0, context 0x354d65b0, and result object 0x000001F835596DA0 with size 48
###Close file handle = 0x000001F8354D65B0, eventID = 0036, event Info = 0x000001F8355066C0
[Close] ###Create file handle = 0x000001F8354D6B30, eventID = 0037, event Info = 0x000001F8355063B0
\
[ZwCreateFile] \
Dokan Information: DokanEndDispatchCreate() status = 0, file handle = 0x000001F8354D6B30, eventID = 0037, result = 0x1
Dokan Information: SendAndPullEventInformation() with NTSTATUS 0x0, context 0x354d6b30, and result object 0x000001F835596DA0 with size 48
###QueryVolumeInfo file handle = 0x000001F8354D6B30, eventID = 0037, event Info = 0x000001F8355063B0
[GetVolumeInformation]
Dokan Information: SendAndPullEventInformation() with NTSTATUS 0x0, context 0x354d6b30, and result object 0x000001F835596DA0 with size 64
###GetFileInfo file handle = 0x000001F8354D6B30, eventID = 0037, event Info = 0x000001F8355063B0
	result =  0
	FileAllInformation
	DispatchQueryInformation result =  0
Dokan Information: SendAndPullEventInformation() with NTSTATUS 0x0, context 0x354d6b30, and result object 0x000001F835596DA0 with size 140
###Cleanup file handle = 0x000001F8354D6B30, eventID = 0037, event Info = 0x000001F8355063B0
Dokan Information: SendAndPullEventInformation() with NTSTATUS 0x0, context 0x354d6b30, and result object 0x000001F835596DA0 with size 48
###Close file handle = 0x000001F8354D6B30, eventID = 0037, event Info = 0x000001F8355063B0
###Create file handle = 0x000001F8354D65B0, eventID = 0038, event Info = 0x000001F8355066C0
[Close] \
[ZwCreateFile] \
Dokan Information: DokanEndDispatchCreate() status = 0, file handle = 0x000001F8354D65B0, eventID = 0038, result = 0x1
Dokan Information: SendAndPullEventInformation() with NTSTATUS 0x0, context 0x354d65b0, and result object 0x000001F835596DA0 with size 48
###QueryVolumeInfo file handle = 0x000001F8354D65B0, eventID = 0038, event Info = 0x000001F8355066C0
[GetVolumeInformation]
Dokan Information: SendAndPullEventInformation() with NTSTATUS 0x0, context 0x354d65b0, and result object 0x000001F835596DA0 with size 64
###GetFileInfo file handle = 0x000001F8354D65B0, eventID = 0038, event Info = 0x000001F8355066C0
	result =  0
	FileAllInformation
	DispatchQueryInformation result =  0
Dokan Information: SendAndPullEventInformation() with NTSTATUS 0x0, context 0x354d65b0, and result object 0x000001F835596DA0 with size 140
###Cleanup file handle = 0x000001F8354D65B0, eventID = 0038, event Info = 0x000001F8355066C0
Dokan Information: SendAndPullEventInformation() with NTSTATUS 0x0, context 0x354d65b0, and result object 0x000001F835596DA0 with size 48
###Close file handle = 0x000001F8354D65B0, eventID = 0038, event Info = 0x000001F8355066C0
[Close] \
###Create file handle = 0x000001F8354D6B30, eventID = 0039, event Info = 0x000001F8355063B0
[ZwCreateFile] \
Dokan Information: DokanEndDispatchCreate() status = 0, file handle = 0x000001F8354D6B30, eventID = 0039, result = 0x1
Dokan Information: SendAndPullEventInformation() with NTSTATUS 0x0, context 0x354d6b30, and result object 0x000001F835596DA0 with size 48
###QueryVolumeInfo file handle = 0x000001F8354D6B30, eventID = 0039, event Info = 0x000001F8355063B0
[GetVolumeInformation]
Dokan Information: SendAndPullEventInformation() with NTSTATUS 0x0, context 0x354d6b30, and result object 0x000001F835596DA0 with size 64
###GetFileInfo file handle = 0x000001F8354D6B30, eventID = 0039, event Info = 0x000001F8355063B0
	result =  0
	FileAllInformation
	DispatchQueryInformation result =  0
Dokan Information: SendAndPullEventInformation() with NTSTATUS 0x0, context 0x354d6b30, and result object 0x000001F835596DA0 with size 140
###Cleanup file handle = 0x000001F8354D6B30, eventID = 0039, event Info = 0x000001F8355063B0
Dokan Information: SendAndPullEventInformation() with NTSTATUS 0x0, context 0x354d6b30, and result object 0x000001F835596DA0 with size 48
###Close file handle = 0x000001F8354D6B30, eventID = 0039, event Info = 0x000001F8355063B0
[Close] \
###Create file handle = 0x000001F8354D65B0, eventID = 0040, event Info = 0x000001F8355066C0
[ZwCreateFile] \
Dokan Information: DokanEndDispatchCreate() status = 0, file handle = 0x000001F8354D65B0, eventID = 0040, result = 0x1
Dokan Information: SendAndPullEventInformation() with NTSTATUS 0x0, context 0x354d65b0, and result object 0x000001F835596DA0 with size 48
###QueryVolumeInfo file handle = 0x000001F8354D65B0, eventID = 0040, event Info = 0x000001F8355066C0
[GetVolumeInformation]
Dokan Information: SendAndPullEventInformation() with NTSTATUS 0x0, context 0x354d65b0, and result object 0x000001F835596DA0 with size 64
###GetFileInfo file handle = 0x000001F8354D65B0, eventID = 0040, event Info = 0x000001F8355066C0
	result =  0
	FileAllInformation
	DispatchQueryInformation result =  0
Dokan Information: SendAndPullEventInformation() with NTSTATUS 0x0, context 0x354d65b0, and result object 0x000001F835596DA0 with size 140
###Cleanup file handle = 0x000001F8354D65B0, eventID = 0040, event Info = 0x000001F8355066C0
Dokan Information: SendAndPullEventInformation() with NTSTATUS 0x0, context 0x354d65b0, and result object 0x000001F835596DA0 with size 48
###Close file handle = 0x000001F8354D65B0, eventID = 0040, event Info = 0x000001F8355066C0
###Create file handle = 0x000001F8354D6B30, eventID = 0041, event Info = 0x000001F8355063B0
[Close] \
[ZwCreateFile] \
Dokan Information: DokanEndDispatchCreate() status = 0, file handle = 0x000001F8354D6B30, eventID = 0041, result = 0x1
Dokan Information: SendAndPullEventInformation() with NTSTATUS 0x0, context 0x354d6b30, and result object 0x000001F835596DA0 with size 48
###QueryVolumeInfo file handle = 0x000001F8354D6B30, eventID = 0041, event Info = 0x000001F8355063B0
[GetVolumeInformation]
Dokan Information: SendAndPullEventInformation() with NTSTATUS 0x0, context 0x354d6b30, and result object 0x000001F835596DA0 with size 64
###GetFileInfo file handle = 0x000001F8354D6B30, eventID = 0041, event Info = 0x000001F8355063B0
	result =  0
	FileAllInformation
	DispatchQueryInformation result =  0
Dokan Information: SendAndPullEventInformation() with NTSTATUS 0x0, context 0x354d6b30, and result object 0x000001F835596DA0 with size 140
###Cleanup file handle = 0x000001F8354D6B30, eventID = 0041, event Info = 0x000001F8355063B0
Dokan Information: SendAndPullEventInformation() with NTSTATUS 0x0, context 0x354d6b30, and result object 0x000001F835596DA0 with size 48
###Close file handle = 0x000001F8354D6B30, eventID = 0041, event Info = 0x000001F8355063B0
[Close] \
###Create file handle = 0x000001F8354D65B0, eventID = 0042, event Info = 0x000001F8355066C0
[ZwCreateFile] \
Dokan Information: DokanEndDispatchCreate() status = 0, file handle = 0x000001F8354D65B0, eventID = 0042, result = 0x1
Dokan Information: SendAndPullEventInformation() with NTSTATUS 0x0, context 0x354d65b0, and result object 0x000001F835596DA0 with size 48
###QueryVolumeInfo file handle = 0x000001F8354D65B0, eventID = 0042, event Info = 0x000001F8355066C0
[GetVolumeInformation]
Dokan Information: SendAndPullEventInformation() with NTSTATUS 0x0, context 0x354d65b0, and result object 0x000001F835596DA0 with size 64
###GetFileInfo file handle = 0x000001F8354D65B0, eventID = 0042, event Info = 0x000001F8355066C0
	result =  0
	FileAllInformation
	DispatchQueryInformation result =  0
Dokan Information: SendAndPullEventInformation() with NTSTATUS 0x0, context 0x354d65b0, and result object 0x000001F835596DA0 with size 140
###Cleanup file handle = 0x000001F8354D65B0, eventID = 0042, event Info = 0x000001F8355066C0
Dokan Information: SendAndPullEventInformation() with NTSTATUS 0x0, context 0x354d65b0, and result object 0x000001F835596DA0 with size 48
###Close file handle = 0x000001F8354D65B0, eventID = 0042, event Info = 0x000001F8355066C0
[Close] \
###Create file handle = 0x000001F8354D6B30, eventID = 0043, event Info = 0x000001F8355063B0
[ZwCreateFile] \
Dokan Information: DokanEndDispatchCreate() status = 0, file handle = 0x000001F8354D6B30, eventID = 0043, result = 0x1
Dokan Information: SendAndPullEventInformation() with NTSTATUS 0x0, context 0x354d6b30, and result object 0x000001F835596DA0 with size 48
###QueryVolumeInfo file handle = 0x000001F8354D6B30, eventID = 0043, event Info = 0x000001F8355063B0
[GetVolumeInformation]
Dokan Information: SendAndPullEventInformation() with NTSTATUS 0x0, context 0x354d6b30, and result object 0x000001F835596DA0 with size 64
###GetFileInfo file handle = 0x000001F8354D6B30, eventID = 0043, event Info = 0x000001F8355063B0
	result =  0
	FileAllInformation
	DispatchQueryInformation result =  0
Dokan Information: SendAndPullEventInformation() with NTSTATUS 0x0, context 0x354d6b30, and result object 0x000001F835596DA0 with size 140
###Cleanup file handle = 0x000001F8354D6B30, eventID = 0043, event Info = 0x000001F8355063B0
Dokan Information: SendAndPullEventInformation() with NTSTATUS 0x0, context 0x354d6b30, and result object 0x000001F835596DA0 with size 48
###Close file handle = 0x000001F8354D6B30, eventID = 0043, event Info = 0x000001F8355063B0
[Close] \
###Create file handle = 0x000001F8354D65B0, eventID = 0044, event Info = 0x000001F8355066C0
[ZwCreateFile] \
Dokan Information: DokanEndDispatchCreate() status = 0, file handle = 0x000001F8354D65B0, eventID = 0044, result = 0x1
Dokan Information: SendAndPullEventInformation() with NTSTATUS 0x0, context 0x354d65b0, and result object 0x000001F835596DA0 with size 48
###QueryVolumeInfo file handle = 0x000001F8354D65B0, eventID = 0044, event Info = 0x000001F8355066C0
[GetVolumeInformation]
Dokan Information: SendAndPullEventInformation() with NTSTATUS 0x0, context 0x354d65b0, and result object 0x000001F835596DA0 with size 64
###GetFileInfo file handle = 0x000001F8354D65B0, eventID = 0044, event Info = 0x000001F8355066C0
	result =  0
	FileAllInformation
	DispatchQueryInformation result =  0
Dokan Information: SendAndPullEventInformation() with NTSTATUS 0x0, context 0x354d65b0, and result object 0x000001F835596DA0 with size 140
###Cleanup file handle = 0x000001F8354D65B0, eventID = 0044, event Info = 0x000001F8355066C0
Dokan Information: SendAndPullEventInformation() with NTSTATUS 0x0, context 0x354d65b0, and result object 0x000001F835596DA0 with size 48
###Close file handle = 0x000001F8354D65B0, eventID = 0044, event Info = 0x000001F8355066C0
[Clo###Create file handle = 0x000001F8354D6B30, eventID = 0045, event Info = 0x000001F8355063B0
se] \
[ZwCreateFile] \
Dokan Information: DokanEndDispatchCreate() status = 0, file handle = 0x000001F8354D6B30, eventID = 0045, result = 0x1
Dokan Information: SendAndPullEventInformation() with NTSTATUS 0x0, context 0x354d6b30, and result object 0x000001F835596DA0 with size 48
###QueryVolumeInfo file handle = 0x000001F8354D6B30, eventID = 0045, event Info = 0x000001F8355063B0
[GetVolumeInformation]
Dokan Information: SendAndPullEventInformation() with NTSTATUS 0x0, context 0x354d6b30, and result object 0x000001F835596DA0 with size 64
###GetFileInfo file handle = 0x000001F8354D6B30, eventID = 0045, event Info = 0x000001F8355063B0
	result =  0
	FileAllInformation
	DispatchQueryInformation result =  0
Dokan Information: SendAndPullEventInformation() with NTSTATUS 0x0, context 0x354d6b30, and result object 0x000001F835596DA0 with size 140
###Cleanup file handle = 0x000001F8354D6B30, eventID = 0045, event Info = 0x000001F8355063B0
Dokan Information: SendAndPullEventInformation() with NTSTATUS 0x0, context 0x354d6b30, and result object 0x000001F835596DA0 with size 48
###Close file handle = 0x000001F8354D6B30, eventID = 0045, event Info = 0x000001F8355063B0
[Close] ###Create file handle = 0x000001F8354D65B0, eventID = 0046, event Info = 0x000001F8355066C0
\
[ZwCreateFile] \
Dokan Information: DokanEndDispatchCreate() status = 0, file handle = 0x000001F8354D65B0, eventID = 0046, result = 0x1
Dokan Information: SendAndPullEventInformation() with NTSTATUS 0x0, context 0x354d65b0, and result object 0x000001F835596DA0 with size 48
###QueryVolumeInfo file handle = 0x000001F8354D65B0, eventID = 0046, event Info = 0x000001F8355066C0
[GetVolumeInformation]
Dokan Information: SendAndPullEventInformation() with NTSTATUS 0x0, context 0x354d65b0, and result object 0x000001F835596DA0 with size 64
###GetFileInfo file handle = 0x000001F8354D65B0, eventID = 0046, event Info = 0x000001F8355066C0
	result =  0
	FileAllInformation
	DispatchQueryInformation result =  0
Dokan Information: SendAndPullEventInformation() with NTSTATUS 0x0, context 0x354d65b0, and result object 0x000001F835596DA0 with size 140
###Cleanup file handle = 0x000001F8354D65B0, eventID = 0046, event Info = 0x000001F8355066C0
Dokan Information: SendAndPullEventInformation() with NTSTATUS 0x0, context 0x354d65b0, and result object 0x000001F835596DA0 with size 48
###Close file handle = 0x000001F8354D65B0, eventID = 0046, event Info = 0x000001F8355066C0
[###Create file handle = 0x000001F8354D6B30, eventID = 0047, event Info = 0x000001F8355063B0
Close] \
[ZwCreateFile] \
Dokan Information: DokanEndDispatchCreate() status = 0, file handle = 0x000001F8354D6B30, eventID = 0047, result = 0x1
Dokan Information: SendAndPullEventInformation() with NTSTATUS 0x0, context 0x354d6b30, and result object 0x000001F835596DA0 with size 48
###QueryVolumeInfo file handle = 0x000001F8354D6B30, eventID = 0047, event Info = 0x000001F8355063B0
[GetVolumeInformation]
Dokan Information: SendAndPullEventInformation() with NTSTATUS 0x0, context 0x354d6b30, and result object 0x000001F835596DA0 with size 64
###GetFileInfo file handle = 0x000001F8354D6B30, eventID = 0047, event Info = 0x000001F8355063B0
	result =  0
	FileAllInformation
	DispatchQueryInformation result =  0
Dokan Information: SendAndPullEventInformation() with NTSTATUS 0x0, context 0x354d6b30, and result object 0x000001F835596DA0 with size 140
###Cleanup file handle = 0x000001F8354D6B30, eventID = 0047, event Info = 0x000001F8355063B0
Dokan Information: SendAndPullEventInformation() with NTSTATUS 0x0, context 0x354d6b30, and result object 0x000001F835596DA0 with size 48
###Close file handle = 0x000001F8354D6B30, eventID = 0047, event Info = 0x000001F8355063B0
[Close] \
###Create file handle = 0x000001F8354D6B30, eventID = 0048, event Info = 0x000001F8355063B0
[ZwCreateFile] \
Dokan Information: DokanEndDispatchCreate() status = 0, file handle = 0x000001F8354D6B30, eventID = 0048, result = 0x1
Dokan Information: SendAndPullEventInformation() with NTSTATUS 0x0, context 0x354d6b30, and result object 0x000001F835596DA0 with size 48
###QueryVolumeInfo file handle = 0x000001F8354D6B30, eventID = 0048, event Info = 0x000001F8355063B0
[GetVolumeInformation]
Dokan Information: SendAndPullEventInformation() with NTSTATUS 0x0, context 0x354d6b30, and result object 0x000001F835596DA0 with size 74
###QueryVolumeInfo file handle = 0x000001F8354D6B30, eventID = 0048, event Info = 0x000001F8355063B0
[GetVolumeInformation]
Dokan Information: SendAndPullEventInformation() with NTSTATUS 0x0, context 0x354d6b30, and result object 0x000001F835596DA0 with size 68
###Cleanup file handle = 0x000001F8354D6B30, eventID = 0048, event Info = 0x000001F8355063B0
Dokan Information: SendAndPullEventInformation() with NTSTATUS 0x0, context 0x354d6b30, and result object 0x000001F835596DA0 with size 48
###Close file handle = 0x000001F8354D6B30, eventID = 0048, event Info = 0x000001F8355063B0
[Close] \
###Create file handle = 0x000001F8354D65B0, eventID = 0049, event Info = 0x000001F8355066C0
[ZwCreateFile] \
Dokan Information: DokanEndDispatchCreate() status = 0, file handle = 0x000001F8354D65B0, eventID = 0049, result = 0x1
Dokan Information: SendAndPullEventInformation() with NTSTATUS 0x0, context 0x354d65b0, and result object 0x000001F835596DA0 with size 48
###GetFileInfo file handle = 0x000001F8354D65B0, eventID = 0049, event Info = 0x000001F8355066C0
	result =  0
	FileBasicInformation
	DispatchQueryInformation result =  0
Dokan Information: SendAndPullEventInformation() with NTSTATUS 0x0, context 0x354d65b0, and result object 0x000001F835596DA0 with size 80
###Cleanup file handle = 0x000001F8354D65B0, eventID = 0049, event Info = 0x000001F8355066C0
Dokan Information: SendAndPullEventInformation() with NTSTATUS 0x0, context 0x354d65b0, and result object 0x000001F835596DA0 with size 48
###Close file handle = 0x000001F8354D65B0, eventID = 0049, event Info = 0x000001F8355066C0
[Close] \
###Create file handle = 0x000001F8354D6B30, eventID = 0050, event Info = 0x000001F8355063B0
[ZwCreateFile] \gost_w.exe
Dokan Information: DokanEndDispatchCreate() status = c0000034, file handle = 0x0000000000000000, eventID = -001, result = 0x5
Dokan Information: SendAndPullEventInformation() with NTSTATUS 0xc0000034, context 0x0, and result object 0x000001F835596DA0 with size 48
###Create file handle = 0x000001F8354D6B30, eventID = 0051, event Info = 0x000001F8355063B0
[ZwCreateFile] \gost_w.exe
Dokan Information: DokanEndDispatchCreate() status = c0000034, file handle = 0x0000000000000000, eventID = -001, result = 0x5
Dokan Information: SendAndPullEventInformation() with NTSTATUS 0xc0000034, context 0x0, and result object 0x000001F835596DA0 with size 48
###Create file handle = 0x000001F8354D6B30, eventID = 0052, event Info = 0x000001F8355063B0
[ZwCreateFile] \
Dokan Information: DokanEndDispatchCreate() status = 0, file handle = 0x000001F8354D6B30, eventID = 0052, result = 0x1
Dokan Information: SendAndPullEventInformation() with NTSTATUS 0x0, context 0x354d6b30, and result object 0x000001F835596DA0 with size 48
###FindFiles file handle = 0x000001F8354D6B30, eventID = 0052, event Info = 0x000001F8355063B0
WriteDirectoryResults() New directory index is -1.
  STATUS_NO_SUCH_FILE
Dokan Information: SendAndPullEventInformation() with NTSTATUS 0xc000000f, context 0x354d6b30, and result object 0x000001F835596DA0 with size 48
###Cleanup file handle = 0x000001F8354D6B30, eventID = 0052, event Info = 0x000001F8355063B0
Dokan Information: SendAndPullEventInformation() with NTSTATUS 0x0, context 0x354d6b30, and result object 0x000001F835596DA0 with size 48
###Close file handle = 0x000001F8354D6B30, eventID = 0052, event Info = 0x000001F8355063B0
[Close] ###Create file handle = 0x000001F8354D65B0, eventID = 0053, event Info = 0x000001F8355066C0
\
[ZwCreateFile] \gost_w.exe
Dokan Information: DokanEndDispatchCreate() status = 0, file handle = 0x000001F8354D65B0, eventID = 0053, result = 0x2
Dokan Information: SendAndPullEventInformation() with NTSTATUS 0x0, context 0x354d65b0, and result object 0x000001F835596DA0 with size 48
###GetFileInfo file handle = 0x000001F8354D65B0, eventID = 0053, event Info = 0x000001F8355066C0
	result =  c0000034
	DispatchQueryInformation result =  c0000034
Dokan Information: SendAndPullEventInformation() with NTSTATUS 0xc000000d, context 0x354d65b0, and result object 0x000001F835596DA0 with size 48
###GetFileInfo file handle = 0x000001F8354D65B0, eventID = 0053, event Info = 0x000001F8355066C0
	result =  c0000034
	DispatchQueryInformation result =  c0000034
Dokan Information: SendAndPullEventInformation() with NTSTATUS 0xc000000d, context 0x354d65b0, and result object 0x000001F835596DA0 with size 48
###GetFileInfo file handle = 0x000001F8354D65B0, eventID = 0053, event Info = 0x000001F8355066C0
	result =  c0000034
	DispatchQueryInformation result =  c0000034
Dokan Information: SendAndPullEventInformation() with NTSTATUS 0xc000000d, context 0x354d65b0, and result object 0x000001F835596DA0 with size 48
###GetFileInfo file handle = 0x000001F8354D65B0, eventID = 0053, event Info = 0x000001F8355066C0
	result =  c0000034
	DispatchQueryInformation result =  c0000034
Dokan Information: SendAndPullEventInformation() with NTSTATUS 0xc000000d, context 0x354d65b0, and result object 0x000001F835596DA0 with size 48
###QueryVolumeInfo file handle = 0x000001F8354D65B0, eventID = 0053, event Info = 0x000001F8355066C0
[GetVolumeInformation]
Dokan Information: SendAndPullEventInformation() with NTSTATUS 0x0, context 0x354d65b0, and result object 0x000001F835596DA0 with size 68
###GetFileInfo file handle = 0x000001F8354D65B0, eventID = 0053, event Info = 0x000001F8355066C0
	result =  c0000034
	DispatchQueryInformation result =  c0000034
Dokan Information: SendAndPullEventInformation() with NTSTATUS 0xc000000d, context 0x354d65b0, and result object 0x000001F835596DA0 with size 48
###SetFileInfo file handle = 0x000001F8354D65B0, eventID = 0053, FileInformationClass = 20, event Info = 0x000001F8355066C0
	DispatchSetInformation result =  0
Dokan Information: SendAndPullEventInformation() with NTSTATUS 0x0, context 0x354d65b0, and result object 0x000001F835596DA0 with size 48
###GetFileInfo file handle = 0x000001F8354D65B0, eventID = 0053, event Info = 0x000001F8355066C0
###WriteFile file handle = 0x000001F8354D65B0, eventID = 0053, event Info = 0x000001F8355063B0
###WriteFile file handle = 0x000001F8354D65B0, eventID = 0053, event Info = 0x000001F8355070D0
###WriteFile file handle = 0x000001F8354D65B0, eventID = 0053, event Info = 0x000001F8355061F0
	result =  c0000034
[Write] off=0 len=1048576
	DispatchQueryInformation result =  c0000034
[Write] off=2097152 leDokan Information: SendAndPullEventInformation() with NTSTATUS 0xc000000d, context 0x354d65b0, and result object 0x000001F8374F00A0 with size 48
n=1048576
Dokan Information: SendAndPullEventInformation() with NTSTATUS 0x0, context 0x354d65b0, and result object 0x000001F835596DA0 with size 48
[Write] off=1048576 len=10485Dokan Information: SendAndPullEventInformation() with NTSTATUS 0x0, context 0x354d65b0, and result object 0x000001F837489500 with size 48
76
###GetFileInfo file handle = 0x000001F8354D65B0, eventID = 0053, event Info = 0x000001F8355066C0
###GetFileInfo file handle = 0x000001F8354D65B0, eventID = 0053, event Info = 0x000001F8355063B0
###WriteFile file handle = 0x000001F8354D65B0, eventID = 0053, event Info = 0x000001F8354D7560
Dokan Information: SendAndPullEventInformation() with NTSTATUS 0x0, context 0x354d65b0, and result object 0x000001F8374884D0 with size 48
[Write] off=3145728 len=1048576
	result =  c0000034
	result =  c0000034
	DispatchQueryInformation result =  c0000034
Dokan Information: SendAndPullEventInformation() with NTSTATUS 0xc000000d, context 0x354d65b0, and result object 0x000001F83748A530 with size 48
Dokan Information: SendAndPullEventInformation() with NTSTATUS 0x0, context 0x354d65b0, and result object 0x000001F835596DA0 with size 48
	DispatchQueryInformation result =  c0000034
###WriteFile file handle = 0x000001F8354D65B0, eventID = 0053, event Info = 0x000001F8355070D0
###WriteFile file handle = 0x000001F8354D65B0, eventID = 0053, event Info = 0x000001F8355061F0
[###GetFileInfo file handle = 0x000001F8354D65B0, eventID = 0053, event Info = 0x000001F8354D7560
Wr	result =  c0000034
i	DispatchQueryInformation result =  c0000034
te] off=4194304 len=1048576
Dokan Information: SendAndPullEventInformation() with NTSTATUS 0xc000000d, context 0x354d65b0, and result object 0x000001F835596DA0 with size 48
[Write] off=5242880 lenDokan Information: SendAndPullEventInformation() with NTSTATUS 0xc000000d, context 0x354d65b0, and result object 0x000001F8374F00A0 with size 48
=104###WriteFile file handle = 0x000001F8354D65B0, eventID = 0053, event Info = 0x000001F8355063B0
Dokan Information: SendAndPullEventInformation() with NTSTATUS 0x0, context 0x354d65b0, and result object 0x000001F8374884D0 with size 48
8576
[Write] off=###GetFileInfo file handle = 0x000001F8354D65B0, eventID = 0053, event Info = 0x000001F8355070D0
###WriteFile file handle = 0x000001F8354D65B0, eventID = 0053, event Info = 0x000001F8355066C0
6291456 len=1048576
Dokan Information: SendAndPullEventInformation() with NTSTATUS 0x0, context 0x354d65b0, and result object 0x000001F837489500 with size 48
[Wr	result =  c0000034
ite] off=7340032 len=1048576
	DispatchQueryInformation result =  c0000034
###WriteFile file handle = 0x000001F8354D65B0, eventID = 0053, event Info = 0x000001F8355061F0
Dokan Information: SendAndPullEventInformation() with NTSTATUS 0x0, context 0x354d65b0, and result object 0x000001F83748A530 with size 48
[WriDokan Information: SendAndPullEventInformation() with NTSTATUS 0x0, context 0x354d65b0, and result object 0x000001F8374F00A0 with size 48
Dokan Information: SendAndPullEventInformation() with NTSTATUS 0xc000000d, context 0x354d65b0, and result object 0x000001F8374884D0 with size 48
te] off=83886###WriteFile file handle = 0x000001F8354D65B0, eventID = 0053, event Info = 0x000001F8355063B0
0###GetFileInfo file handle = 0x000001F8354D65B0, eventID = 0053, event Info = 0x000001F8355070D0
8 len=1048###WriteFile file handle = 0x000001F8354D65B0, eventID = 0053, event Info = 0x000001F8355066C0
57	result =  c0000034
6
	DispatchQueryInformation result =  c0000034
[Write] off=9437184 leDokan Information: SendAndPullEventInformation() with NTSTATUS 0x0, context 0x354d65b0, and result object 0x000001F837489500 with size 48
n=1048576
Dokan Information: SendAndPullEventInformation() with NTSTATUS 0xc000000d, context 0x354d65b0, and result object 0x000001F8374884D0 with size 48
[W###WriteFile file handle = 0x000001F8354D65B0, eventID = 0053, event Info = 0x000001F8355061F0
rite] off=10485760 len=1048576
Dokan Information: SendAndPullEventInformation() with NTSTATUS 0x0, context 0x354d65b0, and result object 0x000001F83748A530 with size 48
[Dokan Information: SendAndPullEventInformation() with NTSTATUS 0x0, context 0x354d65b0, and result object 0x000001F8374F00A0 with size 48
Write] off=11534336 len=1048576
###GetFileInfo file handle = 0x000001F8354D65B0, eventID = 0053, event Info = 0x000001F8355063B0
###WriteFile file handle = 0x000001F8354D65B0, eventID = 0053, event Info = 0x000001F8355070D0
Dokan Information: SendAndPullEventInformation() with NTSTATUS 0x0, context 0x354d65b0, and result object 0x000001F837489500 with size 48
[Write] off=12582912 len=696320
	result =  c0000034
	DispatchQueryInformation result =  c0000034
Dokan Information: SendAndPullEventInformation() with NTSTATUS 0x0, context 0x354d65b0, and result object 0x000001F8374884D0 with size 48
Dokan Information: SendAndPullEventInformation() with NTSTATUS 0xc000000d, context 0x354d65b0, and result object 0x000001F83748A530 with size 48
###QueryVolumeInfo file handle = 0x000001F8354D65B0, eventID = 0053, event Info = 0x000001F8355070D0
[GetVolumeInformation]
Dokan Information: SendAndPullEventInformation() with NTSTATUS 0x0, context 0x354d65b0, and result object 0x000001F8374884D0 with size 68
###GetFileInfo file handle = 0x000001F8354D65B0, eventID = 0053, event Info = 0x000001F8355070D0
	result =  c0000034
	DispatchQueryInformation result =  c0000034
Dokan Information: SendAndPullEventInformation() with NTSTATUS 0xc000000d, context 0x354d65b0, and result object 0x000001F8374884D0 with size 48
###Create file handle = 0x000001F8354D6B30, eventID = 0054, event Info = 0x000001F8355070D0
[ZwCreateFile] \gost_w.exe:Zone.Identifier:$DATA
Dokan Information: DokanEndDispatchCreate() status = 0, file handle = 0x000001F8354D6B30, eventID = 0054, result = 0x2
Dokan Information: SendAndPullEventInformation() with NTSTATUS 0x0, context 0x354d6b30, and result object 0x000001F8374884D0 with size 48
###GetFileInfo file handle = 0x000001F8354D6B30, eventID = 0054, event Info = 0x000001F8355070D0
	result =  c0000034
	DispatchQueryInformation result =  c0000034
Dokan Information: SendAndPullEventInformation() with NTSTATUS 0xc000000d, context 0x354d6b30, and result object 0x000001F8374884D0 with size 48
###GetFileInfo file handle = 0x000001F8354D6B30, eventID = 0054, event Info = 0x000001F8355070D0
	result =  c0000034
	DispatchQueryInformation result =  c0000034
Dokan Information: SendAndPullEventInformation() with NTSTATUS 0xc000000d, context 0x354d6b30, and result object 0x000001F8374884D0 with size 48
###GetFileInfo file handle = 0x000001F8354D6B30, eventID = 0054, event Info = 0x000001F8355070D0
	result =  c0000034
	DispatchQueryInformation result =  c0000034
Dokan Information: SendAndPullEventInformation() with NTSTATUS 0xc000000d, context 0x354d6b30, and result object 0x000001F8374884D0 with size 48
###GetFileInfo file handle = 0x000001F8354D6B30, eventID = 0054, event Info = 0x000001F8355070D0
	result =  c0000034
	DispatchQueryInformation result =  c0000034
Dokan Information: SendAndPullEventInformation() with NTSTATUS 0xc000000d, context 0x354d6b30, and result object 0x000001F8374884D0 with size 48
###QueryVolumeInfo file handle = 0x000001F8354D6B30, eventID = 0054, event Info = 0x000001F8355070D0
[GetVolumeInformation]
Dokan Information: SendAndPullEventInformation() with NTSTATUS 0x0, context 0x354d6b30, and result object 0x000001F8374884D0 with size 68
###QueryVolumeInfo file handle = 0x000001F8354D6B30, eventID = 0054, event Info = 0x000001F8355070D0
Dokan Information: SendAndPullEventInformation() with NTSTATUS 0x0, context 0x354d6b30, and result object 0x000001F8374884D0 with size 64
###SetFileInfo file handle = 0x000001F8354D6B30, eventID = 0054, FileInformationClass = 20, event Info = 0x000001F8355070D0
	DispatchSetInformation result =  0
Dokan Information: SendAndPullEventInformation() with NTSTATUS 0x0, context 0x354d6b30, and result object 0x000001F8374884D0 with size 48
###WriteFile file handle = 0x000001F8354D6B30, eventID = 0054, event Info = 0x000001F8355070D0
[Write] off=0 len=92
###GetFileInfo file handle = 0x000001F8354D6B30, eventID = 0054, event Info = 0x000001F8355063B0
Dokan Information: SendAndPullEventInformation() with NTSTATUS 0x0, context 0x354d6b30, and result object 0x000001F8374884D0 with size 48
	result =  c0000034
	DispatchQueryInformation result =  c0000034
###SetFileInfo file handle = 0x000001F8354D6B30, eventID = 0054, FileInformationClass = 4, event Info = 0x000001F8355061F0
###GetFileInfo file handle = 0x000001F8354D6B30, eventID = 0054, event Info = 0x000001F8355070D0
Dokan Information: SendAndPullEventInformation() with NTSTATUS 0xc000000d, context 0x354d6b30, and result object 0x000001F83748A530 with size 48
	DispatchSetInformation result =  c0000002
	result =  c0000034
	DispatchQueryInformation result =  c0000034
Dokan Information: SendAndPullEventInformation() with NTSTATUS 0xc0000002, context 0x354d6b30, and result object 0x000001F837489500 with size 48
Dokan Information: SendAndPullEventInformation() with NTSTATUS 0xc000000d, context 0x354d6b30, and result object 0x000001F8374884D0 with size 48
###Cleanup file handle = 0x000001F8354D6B30, eventID = 0054, event Info = 0x000001F8355061F0
Dokan Information: SendAndPullEventInformation() with NTSTATUS 0x0, context 0x354d6b30, and result object 0x000001F837489500 with size 48
###Close file handle = 0x000001F8354D6B30, eventID = 0054, event Info = 0x000001F8355061F0
[Close]###SetFileInfo file handle = 0x000001F8354D65B0, eventID = 0053, FileInformationClass = 4, event Info = 0x000001F8355070D0
 \gost_w.exe:Zone.Id	DispatchSetInformation result =  c0000002
entifier:$DATA
[Close-flush] 'gost_w.exe:Zone.Identifier:$DATA' len=92
Dokan Information: SendAndPullEventInformation() with NTSTATUS 0xc0000002, context 0x354d65b0, and result object 0x000001F8374884D0 with size 48
###GetFileInfo file handle = 0x000001F8354D65B0, eventID = 0053, event Info = 0x000001F8355070D0
	result =  c0000034
	DispatchQueryInformation result =  c0000034
Dokan Information: SendAndPullEventInformation() with NTSTATUS 0xc000000d, context 0x354d65b0, and result object 0x000001F8374884D0 with size 48
###Cleanup file handle = 0x000001F8354D65B0, eventID = 0053, event Info = 0x000001F8355070D0
Dokan Information: SendAndPullEventInformation() with NTSTATUS 0x0, context 0x354d65b0, and result object 0x000001F8374884D0 with size 48
###Close file handle = 0x000001F8354D65B0, eventID = 0053, event Info = 0x000001F8355070D0
[Close] \gost_w.exe
[Close-flush] 'gost_w.exe' len=13279232
[sweep] on-demand: processed 2 pending
