sweep: scanning inode area...
sweep: processing 1 (f01.flac)
[explode] f01.flac: not zip (magic 66 4c 61 43)
sweep: processing 2 (f02.flac)
[explode] f02.flac: not zip (magic 66 4c 61 43)
sweep: processing 3 (f03.flac)
[explode] f03.flac: not zip (magic 66 4c 61 43)
sweep: processing 4 (f04.flac)
[explode] f04.flac: not zip (magic 66 4c 61 43)
sweep: processing 5 (f05.flac)
[explode] f05.flac: not zip (magic 66 4c 61 43)
sweep: processing 6 (f06.flac)
[explode] f06.flac: not zip (magic 66 4c 61 43)
sweep: processing 7 (f07.flac)
[explode] f07.flac: not zip (magic 66 4c 61 43)
sweep: processing 8 (f08.flac)
[explode] f08.flac: not zip (magic 66 4c 61 43)
sweep: processing 9 (f09.flac)
[explode] f09.flac: not zip (magic 66 4c 61 43)
sweep: processing 10 (f10.flac)
[explode] f10.flac: not zip (magic 66 4c 61 43)
sweep: processing 11 (f11.flac)
[explode] f11.flac: not zip (magic 66 4c 61 43)
sweep: processing 12 (f12.flac)
[explode] f12.flac: not zip (magic 66 4c 61 43)
sweep: processing 13 (f13.flac)
[explode] f13.flac: not zip (magic 66 4c 61 43)
sweep: processing 14 (f14.flac)
[explode] f14.flac: not zip (magic 66 4c 61 43)
sweep: processing 15 (f15.flac)
[explode] f15.flac: not zip (magic 66 4c 61 43)
sweep: processing 16 (f16.flac)
[explode] f16.flac: not zip (magic 66 4c 61 43)
sweep: processing 17 (f17.flac)
[explode] f17.flac: not zip (magic 66 4c 61 43)
sweep: processing 18 (f18.flac)
[explode] f18.flac: not zip (magic 66 4c 61 43)
sweep: processing 19 (f19.flac)
[explode] f19.flac: not zip (magic 66 4c 61 43)
sweep: processing 20 (f20.flac)
[explode] f20.flac: not zip (magic 66 4c 61 43)
sweep: processing 21 (f21.flac)
[explode] f21.flac: not zip (magic 66 4c 61 43)
sweep: processing 22 (f22.flac)
[explode] f22.flac: not zip (magic 66 4c 61 43)
sweep: processing 23 (f23.flac)
[explode] f23.flac: not zip (magic 66 4c 61 43)
sweep: processing 24 (f25.flac)
[explode] f25.flac: not zip (magic 66 4c 61 43)
sweep: processing 28 (p02.jpg)
[explode] p02.jpg: not zip (magic ff d8 ff e0)
sweep: processing 29 (p04.jpg)
[explode] p04.jpg: not zip (magic ff d8 ff e0)
sweep: processing 30 (p05.jpg)
[explode] p05.jpg: not zip (magic ff d8 ff e0)
sweep: 0 file(s) moved to Shadow (ZSTD-19)
