sweep: scanning inode area...
sweep: processing 1 (f01.flac)
[explode] f01.flac: not zip (magic 66 4c 61 43)
  swept inode 1 (f01.flac)
sweep: processing 2 (f02.flac)
[explode] f02.flac: not zip (magic 66 4c 61 43)
  swept inode 2 (f02.flac)
sweep: processing 3 (f03.flac)
[explode] f03.flac: not zip (magic 66 4c 61 43)
  swept inode 3 (f03.flac)
sweep: processing 4 (f04.flac)
[explode] f04.flac: not zip (magic 66 4c 61 43)
  swept inode 4 (f04.flac)
sweep: processing 5 (f05.flac)
[explode] f05.flac: not zip (magic 66 4c 61 43)
  swept inode 5 (f05.flac)
sweep: processing 6 (f06.flac)
[explode] f06.flac: not zip (magic 66 4c 61 43)
  swept inode 6 (f06.flac)
sweep: processing 7 (f07.flac)
[explode] f07.flac: not zip (magic 66 4c 61 43)
  swept inode 7 (f07.flac)
sweep: processing 8 (f08.flac)
[explode] f08.flac: not zip (magic 66 4c 61 43)
  swept inode 8 (f08.flac)
sweep: processing 9 (f09.flac)
[explode] f09.flac: not zip (magic 66 4c 61 43)
  swept inode 9 (f09.flac)
sweep: processing 10 (f10.flac)
[explode] f10.flac: not zip (magic 66 4c 61 43)
  swept inode 10 (f10.flac)
sweep: processing 11 (f11.flac)
[explode] f11.flac: not zip (magic 66 4c 61 43)
  swept inode 11 (f11.flac)
sweep: processing 12 (f12.flac)
[explode] f12.flac: not zip (magic 66 4c 61 43)
  swept inode 12 (f12.flac)
sweep: processing 13 (f13.flac)
[explode] f13.flac: not zip (magic 66 4c 61 43)
  swept inode 13 (f13.flac)
sweep: processing 14 (f14.flac)
[explode] f14.flac: not zip (magic 66 4c 61 43)
  swept inode 14 (f14.flac)
sweep: processing 15 (f15.flac)
[explode] f15.flac: not zip (magic 66 4c 61 43)
  swept inode 15 (f15.flac)
sweep: processing 16 (f16.flac)
[explode] f16.flac: not zip (magic 66 4c 61 43)
  swept inode 16 (f16.flac)
sweep: processing 17 (f17.flac)
[explode] f17.flac: not zip (magic 66 4c 61 43)
  swept inode 17 (f17.flac)
sweep: processing 18 (f18.flac)
[explode] f18.flac: not zip (magic 66 4c 61 43)
  swept inode 18 (f18.flac)
sweep: processing 19 (f19.flac)
[explode] f19.flac: not zip (magic 66 4c 61 43)
  swept inode 19 (f19.flac)
sweep: processing 20 (f20.flac)
[explode] f20.flac: not zip (magic 66 4c 61 43)
  swept inode 20 (f20.flac)
sweep: processing 21 (f21.flac)
[explode] f21.flac: not zip (magic 66 4c 61 43)
  swept inode 21 (f21.flac)
sweep: processing 22 (f22.flac)
[explode] f22.flac: not zip (magic 66 4c 61 43)
  swept inode 22 (f22.flac)
sweep: processing 23 (f23.flac)
[explode] f23.flac: not zip (magic 66 4c 61 43)
  swept inode 23 (f23.flac)
sweep: processing 24 (p02.jpg)
[explode] p02.jpg: not zip (magic ff d8 ff e0)
  swept inode 24 (p02.jpg)
sweep: processing 25 (p03.jpg)
[explode] p03.jpg: not zip (magic ff d8 ff e0)
  swept inode 25 (p03.jpg)
sweep: processing 26 (p04.jpg)
[explode] p04.jpg: not zip (magic ff d8 ff e0)
  swept inode 26 (p04.jpg)
sweep: processing 27 (p05.jpg)
[explode] p05.jpg: not zip (magic ff d8 ff e0)
  swept inode 27 (p05.jpg)
sweep: processing 28 (p06.jpg)
[explode] p06.jpg: not zip (magic ff d8 ff e0)
  swept inode 28 (p06.jpg)
sweep: processing 29 (p07.jpg)
[explode] p07.jpg: not zip (magic ff d8 ff e0)
  swept inode 29 (p07.jpg)
sweep: processing 30 (p08.jpg)
[explode] p08.jpg: not zip (magic ff d8 ff e1)
  swept inode 30 (p08.jpg)
sweep: processing 31 (p11.jpg)
[explode] p11.jpg: not zip (magic ff d8 ff e1)
  swept inode 31 (p11.jpg)
sweep: processing 32 (p12.jpg)
[explode] p12.jpg: not zip (magic ff d8 ff e1)
  swept inode 32 (p12.jpg)
sweep: processing 33 (p13.jpg)
[explode] p13.jpg: not zip (magic ff d8 ff e1)
  swept inode 33 (p13.jpg)
sweep: processing 34 (p14.jpg)
[explode] p14.jpg: not zip (magic 89 50 4e 47)
  swept inode 34 (p14.jpg)
sweep: 34 file(s) moved to Shadow (ZSTD-19)
