sweep: scanning inode area...
sweep: processing 1 (f01.flac)
[explode] f01.flac: not zip (magic 66 4c 61 43)
  swept inode 1 (f01.flac)
sweep: processing 2 (f02.flac)
[explode] f02.flac: not zip (magic 66 4c 61 43)
  swept inode 2 (f02.flac)
sweep: processing 3 (f03.flac)
[explode] f03.flac: not zip (magic 66 4c 61 43)
  swept inode 3 (f03.flac)
sweep: processing 4 (f04.flac)
[explode] f04.flac: not zip (magic 66 4c 61 43)
  swept inode 4 (f04.flac)
sweep: processing 5 (f05.flac)
[explode] f05.flac: not zip (magic 66 4c 61 43)
  swept inode 5 (f05.flac)
sweep: processing 6 (f06.flac)
[explode] f06.flac: not zip (magic 66 4c 61 43)
  swept inode 6 (f06.flac)
sweep: processing 7 (f07.flac)
[explode] f07.flac: not zip (magic 66 4c 61 43)
  swept inode 7 (f07.flac)
sweep: processing 8 (f08.flac)
[explode] f08.flac: not zip (magic 66 4c 61 43)
  swept inode 8 (f08.flac)
sweep: processing 9 (f09.flac)
[explode] f09.flac: not zip (magic 66 4c 61 43)
  swept inode 9 (f09.flac)
sweep: processing 10 (f10.flac)
[explode] f10.flac: not zip (magic 66 4c 61 43)
  swept inode 10 (f10.flac)
sweep: processing 11 (f11.flac)
[explode] f11.flac: not zip (magic 66 4c 61 43)
  swept inode 11 (f11.flac)
sweep: processing 12 (f12.flac)
[explode] f12.flac: not zip (magic 66 4c 61 43)
  swept inode 12 (f12.flac)
sweep: processing 13 (f13.flac)
[explode] f13.flac: not zip (magic 66 4c 61 43)
  swept inode 13 (f13.flac)
sweep: processing 14 (f14.flac)
[explode] f14.flac: not zip (magic 66 4c 61 43)
  swept inode 14 (f14.flac)
sweep: processing 15 (f15.flac)
[explode] f15.flac: not zip (magic 66 4c 61 43)
  swept inode 15 (f15.flac)
sweep: processing 16 (f16.flac)
[explode] f16.flac: not zip (magic 66 4c 61 43)
  swept inode 16 (f16.flac)
sweep: processing 17 (f17.flac)
[explode] f17.flac: not zip (magic 66 4c 61 43)
  swept inode 17 (f17.flac)
sweep: processing 18 (f18.flac)
[explode] f18.flac: not zip (magic 66 4c 61 43)
  swept inode 18 (f18.flac)
sweep: processing 19 (f19.flac)
[explode] f19.flac: not zip (magic 66 4c 61 43)
  swept inode 19 (f19.flac)
sweep: processing 20 (f20.flac)
[explode] f20.flac: not zip (magic 66 4c 61 43)
  swept inode 20 (f20.flac)
sweep: processing 21 (f21.flac)
[explode] f21.flac: not zip (magic 66 4c 61 43)
  swept inode 21 (f21.flac)
sweep: processing 22 (f22.flac)
[explode] f22.flac: not zip (magic 66 4c 61 43)
  swept inode 22 (f22.flac)
sweep: processing 23 (f23.flac)
[explode] f23.flac: not zip (magic 66 4c 61 43)
  swept inode 23 (f23.flac)
sweep: processing 24 (f24.flac)
[explode] f24.flac: not zip (magic 66 4c 61 43)
  swept inode 24 (f24.flac)
sweep: processing 25 (f25.flac)
[explode] f25.flac: not zip (magic 66 4c 61 43)
  swept inode 25 (f25.flac)
sweep: processing 26 (f26.flac)
[explode] f26.flac: not zip (magic 66 4c 61 43)
  swept inode 26 (f26.flac)
sweep: processing 27 (f27.flac)
[explode] f27.flac: not zip (magic 66 4c 61 43)
  swept inode 27 (f27.flac)
sweep: processing 28 (p02.jpg)
[explode] p02.jpg: not zip (magic ff d8 ff e0)
  swept inode 28 (p02.jpg)
sweep: processing 29 (p03.jpg)
[explode] p03.jpg: not zip (magic ff d8 ff e0)
  swept inode 29 (p03.jpg)
sweep: processing 30 (p04.jpg)
[explode] p04.jpg: not zip (magic ff d8 ff e0)
  swept inode 30 (p04.jpg)
sweep: processing 31 (p05.jpg)
[explode] p05.jpg: not zip (magic ff d8 ff e0)
  swept inode 31 (p05.jpg)
sweep: processing 32 (p06.jpg)
[explode] p06.jpg: not zip (magic ff d8 ff e0)
  swept inode 32 (p06.jpg)
sweep: processing 33 (p07.jpg)
[explode] p07.jpg: not zip (magic ff d8 ff e0)
  swept inode 33 (p07.jpg)
sweep: processing 34 (p08.jpg)
[explode] p08.jpg: not zip (magic ff d8 ff e1)
  swept inode 34 (p08.jpg)
sweep: processing 35 (p11.jpg)
[explode] p11.jpg: not zip (magic ff d8 ff e1)
  swept inode 35 (p11.jpg)
sweep: processing 36 (p12.jpg)
[explode] p12.jpg: not zip (magic ff d8 ff e1)
  swept inode 36 (p12.jpg)
sweep: processing 37 (p13.jpg)
[explode] p13.jpg: not zip (magic ff d8 ff e1)
  swept inode 37 (p13.jpg)
sweep: processing 38 (p14.jpg)
[explode] p14.jpg: not zip (magic 89 50 4e 47)
  swept inode 38 (p14.jpg)
sweep: processing 39 (p15.jpg)
[explode] p15.jpg: not zip (magic 89 50 4e 47)
  swept inode 39 (p15.jpg)
sweep: processing 40 (p16.jpg)
[explode] p16.jpg: not zip (magic 89 50 4e 47)
  swept inode 40 (p16.jpg)
sweep: processing 41 (p17.jpg)
[explode] p17.jpg: not zip (magic ff d8 ff e1)
  swept inode 41 (p17.jpg)
sweep: processing 42 (p18.jpg)
[explode] p18.jpg: not zip (magic ff d8 ff e1)
  swept inode 42 (p18.jpg)
sweep: processing 43 (p19.jpg)
[explode] p19.jpg: not zip (magic ff d8 ff e1)
  swept inode 43 (p19.jpg)
sweep: processing 44 (p20.jpg)
[explode] p20.jpg: not zip (magic ff d8 ff e1)
  swept inode 44 (p20.jpg)
sweep: processing 45 (p21.jpg)
[explode] p21.jpg: not zip (magic ff d8 ff e0)
  swept inode 45 (p21.jpg)
sweep: processing 46 (p22.jpg)
[explode] p22.jpg: not zip (magic ff d8 ff e1)
  swept inode 46 (p22.jpg)
sweep: processing 47 (p23.jpg)
[explode] p23.jpg: not zip (magic ff d8 ff e1)
  swept inode 47 (p23.jpg)
sweep: processing 48 (p24.jpg)
[explode] p24.jpg: not zip (magic ff d8 ff e1)
  swept inode 48 (p24.jpg)
sweep: processing 49 (p25.jpg)
[explode] p25.jpg: not zip (magic ff d8 ff e0)
  swept inode 49 (p25.jpg)
sweep: 49 file(s) moved to Shadow (ZSTD-19)
