Dokan: debug mode on
Dokan: use stderr
AllocationUnitSize: 512 SectorSize: 512
Global device opened
Dokan: Using 12 main pull threads with ipc batching: 0
###Create file handle = 0x000001AB79616980, eventID = 0001, event Info = 0x000001AB795D7300
[ZwCreaDokan Information: mounted: Y: -> \Volume{d6cc17c5-1738-4085-bce7-964f1e9f5de9}
t###QueryVolumeInfo file handle = 0x0000000000000000, eventID = -001, event Info = 0x000001AB795D7840
eFile] \System Volume Information\MountPointManagerRemoteDatabase
###QueryVolumeInfo file handle = 0x0000000000000000, eventID = -001, event Info = 0x000001AB795D73E0
Dokan Information: DokanEndDispatchCreate() status = c0000034, file handle = 0x0000000000000000, eventID = -001, result = 0x5
Dokan Information: SendAndPullEventInformation() with NTSTATUS 0xc0000034, context 0x0, and result object 0x000001AB79615950 with size 48
[Mounted]
###Create file handle = 0x000001AB79616980, eventID = 0002, event Info = 0x000001AB795D7300
[GetVolumeInformation]
[GetVolumeInformation]
Dokan Information: SendAndPullEventInformation() with NTSTATUS 0x0, context 0x0, and result object 0x000001AB7968A640 with size 64
[ZwCreateFile] \$Extend\$Reparse:$R:$INDEX_ALLOCATION
Dokan Information: SendAndPullEventInformation() with NTSTATUS 0x80000005, context 0x0, and result object 0x000001AB7968B670 with size 56
Dokan Information: DokanEndDispatchCreate() status = c0000034, file handle = 0x0000000000000000, eventID = -001, result = 0x5
Dokan Information: SendAndPullEventInformation() with NTSTATUS 0xc0000034, context 0x0, and result object 0x000001AB79615950 with size 48
###Create file handle = 0x000001AB79616980, eventID = 0003, event Info = 0x000001AB795D73E0
[ZwCreateFile] \
Dokan Information: DokanEndDispatchCreate() status = 0, file handle = 0x000001AB79616980, eventID = 0003, result = 0x1
Dokan Information: SendAndPullEventInformation() with NTSTATUS 0x0, context 0x79616980, and result object 0x000001AB7968B670 with size 48
###GetFileInfo file handle = 0x000001AB79616980, eventID = 0003, event Info = 0x000001AB795D73E0
	result =  0
  unknown type:54
	DispatchQueryInformation result =  c000000d
Dokan Information: SendAndPullEventInformation() with NTSTATUS 0xc000000d, context 0x79616980, and result object 0x000001AB7968B670 with size 48
###GetFileInfo file handle = 0x000001AB79616980, eventID = 0003, event Info = 0x000001AB795D73E0
	result =  0
	FileStandardInformation
	DispatchQueryInformation result =  0
Dokan Information: SendAndPullEventInformation() with NTSTATUS 0x0, context 0x79616980, and result object 0x000001AB7968B670 with size 64
###QueryVolumeInfo file handle = 0x000001AB79616980, eventID = 0003, event Info = 0x000001AB795D73E0
[GetVolumeInformation]
Dokan Information: SendAndPullEventInformation() with NTSTATUS 0x0, context 0x79616980, and result object 0x000001AB7968B670 with size 74
###Cleanup file handle = 0x000001AB79616980, eventID = 0003, event Info = 0x000001AB795D73E0
Dokan Information: SendAndPullEventInformation() with NTSTATUS 0x0, context 0x79616980, and result object 0x000001AB7968B670 with size 48
###Close file handle = 0x000001AB79616980, eventID = 0003, event Info = 0x000001AB795D73E0
[Close] \
###Create file handle = 0x000001AB79616980, eventID = 0004, event Info = 0x000001AB795D7300
[ZwCreateFile] \
Dokan Information: DokanEndDispatchCreate() status = 0, file handle = 0x000001AB79616980, eventID = 0004, result = 0x1
Dokan Information: SendAndPullEventInformation() with NTSTATUS 0x0, context 0x79616980, and result object 0x000001AB79615950 with size 48
###QueryVolumeInfo file handle = 0x000001AB79616980, eventID = 0004, event Info = 0x000001AB795D7300
[GetVolumeInformation]
Dokan Information: SendAndPullEventInformation() with NTSTATUS 0x0, context 0x79616980, and result object 0x000001AB79615950 with size 68
###Cleanup file handle = 0x000001AB79616980, eventID = 0004, event Info = 0x000001AB795D7300
Dokan Information: SendAndPullEventInformation() with NTSTATUS 0x0, context 0x79616980, and result object 0x000001AB79615950 with size 48
###Close file handle = 0x000001AB79616980, eventID = 0004, event Info = 0x000001AB795D7300
[Close] \
###Create file handle = 0x000001AB79616980, eventID = 0005, event Info = 0x000001AB795D7610
[ZwCreateFile] \
Dokan Information: DokanEndDispatchCreate() status = 0, file handle = 0x000001AB79616980, eventID = 0005, result = 0x1
Dokan Information: SendAndPullEventInformation() with NTSTATUS 0x0, context 0x79616980, and result object 0x000001AB79615950 with size 48
###QueryVolumeInfo file handle = 0x000001AB79616980, eventID = 0005, event Info = 0x000001AB795D7610
[GetVolumeInformation]
Dokan Information: SendAndPullEventInformation() with NTSTATUS 0x0, context 0x79616980, and result object 0x000001AB79615950 with size 74
###QueryVolumeInfo file handle = 0x000001AB79616980, eventID = 0005, event Info = 0x000001AB795D7610
[GetVolumeInformation]
Dokan Information: SendAndPullEventInformation() with NTSTATUS 0x0, context 0x79616980, and result object 0x000001AB79615950 with size 68
###Cleanup file handle = 0x000001AB79616980, eventID = 0005, event Info = 0x000001AB795D7610
Dokan Information: SendAndPullEventInformation() with NTSTATUS 0x0, context 0x79616980, and result object 0x000001AB79615950 with size 48
###Close file handle = 0x000001AB79616980, eventID = 0005, event Info = 0x000001AB795D7610
[Close] ###Create file handle = 0x000001AB79689450, eventID = 0006, event Info = 0x000001AB795D71B0
\
[ZwCreateFile] \
Dokan Information: DokanEndDispatchCreate() status = 0, file handle = 0x000001AB79689450, eventID = 0006, result = 0x1
Dokan Information: SendAndPullEventInformation() with NTSTATUS 0x0, context 0x79689450, and result object 0x000001AB79615950 with size 48
###QueryVolumeInfo file handle = 0x000001AB79689450, eventID = 0006, event Info = 0x000001AB795D71B0
Dokan Information: SendAndPullEventInformation() with NTSTATUS 0x0, context 0x79689450, and result object 0x000001AB79615950 with size 64
###Cleanup file handle = 0x000001AB79689450, eventID = 0006, event Info = 0x000001AB795D71B0
Dokan Information: SendAndPullEventInformation() with NTSTATUS 0x0, context 0x79689450, and result object 0x000001AB79615950 with size 48
###Close file handle = 0x000001AB79689450, eventID = 0006, event Info = 0x000001AB795D71B0
[Close] \
###Create file handle = 0x000001AB79616980, eventID = 0007, event Info = 0x000001AB795D7610
[ZwCreateFile] \
Dokan Information: DokanEndDispatchCreate() status = 0, file handle = 0x000001AB79616980, eventID = 0007, result = 0x1
Dokan Information: SendAndPullEventInformation() with NTSTATUS 0x0, context 0x79616980, and result object 0x000001AB79615950 with size 48
###Cleanup file handle = 0x000001AB79616980, eventID = 0007, event Info = 0x000001AB795D7610
Dokan Information: SendAndPullEventInformation() with NTSTATUS 0x0, context 0x79616980, and result object 0x000001AB79615950 with size 48
###Close file handle = 0x000001AB79616980, eventID = 0007, event Info = 0x000001AB795D7610
[Close] \
###Create file handle = 0x000001AB79616980, eventID = 0008, event Info = 0x000001AB795D71B0
[ZwCreateFile] \
Dokan Information: DokanEndDispatchCreate() status = 0, file handle = 0x000001AB79616980, eventID = 0008, result = 0x1
Dokan Information: SendAndPullEventInformation() with NTSTATUS 0x0, context 0x79616980, and result object 0x000001AB79615950 with size 48
###QueryVolumeInfo file handle = 0x000001AB79616980, eventID = 0008, event Info = 0x000001AB795D71B0
[GetVolumeInformation]
Dokan Information: SendAndPullEventInformation() with NTSTATUS 0x0, context 0x79616980, and result object 0x000001AB79615950 with size 64
###GetFileInfo file handle = 0x000001AB79616980, eventID = 0008, event Info = 0x000001AB795D71B0
	result =  0
	FileAllInformation
	DispatchQueryInformation result =  0
Dokan Information: SendAndPullEventInformation() with NTSTATUS 0x0, context 0x79616980, and result object 0x000001AB79615950 with size 140
###Cleanup file handle = 0x000001AB79616980, eventID = 0008, event Info = 0x000001AB795D71B0
Dokan Information: SendAndPullEventInformation() with NTSTATUS 0x0, context 0x79616980, and result object 0x000001AB79615950 with size 48
###Close file handle = 0x000001AB79616980, eventID = 0008, event Info = 0x000001AB795D71B0
[Close] \
###Create file handle = 0x000001AB79689450, eventID = 0009, event Info = 0x000001AB795D7610
[ZwCreateFile] \
Dokan Information: DokanEndDispatchCreate() status = 0, file handle = 0x000001AB79689450, eventID = 0009, result = 0x1
Dokan Information: SendAndPullEventInformation() with NTSTATUS 0x0, context 0x79689450, and result object 0x000001AB79615950 with size 48
###QueryVolumeInfo file handle = 0x000001AB79689450, eventID = 0009, event Info = 0x000001AB795D7610
[GetVolumeInformation]
Dokan Information: SendAndPullEventInformation() with NTSTATUS 0x0, context 0x79689450, and result object 0x000001AB79615950 with size 64
###GetFileInfo file handle = 0x000001AB79689450, eventID = 0009, event Info = 0x000001AB795D7610
	result =  0
	FileAllInformation
	DispatchQueryInformation result =  0
Dokan Information: SendAndPullEventInformation() with NTSTATUS 0x0, context 0x79689450, and result object 0x000001AB79615950 with size 140
###Cleanup file handle = 0x000001AB79689450, eventID = 0009, event Info = 0x000001AB795D7610
Dokan Information: SendAndPullEventInformation() with NTSTATUS 0x0, context 0x79689450, and result object 0x000001AB79615950 with size 48
###Close file handle = 0x000001AB79689450, eventID = 0009, event Info = 0x000001AB795D7610
[Close] \
###Create file handle = 0x000001AB79616980, eventID = 0010, event Info = 0x000001AB795D71B0
[ZwCreateFile] \
Dokan Information: DokanEndDispatchCreate() status = 0, file handle = 0x000001AB79616980, eventID = 0010, result = 0x1
Dokan Information: SendAndPullEventInformation() with NTSTATUS 0x0, context 0x79616980, and result object 0x000001AB79615950 with size 48
###QueryVolumeInfo file handle = 0x000001AB79616980, eventID = 0010, event Info = 0x000001AB795D71B0
[GetVolumeInformation]
Dokan Information: SendAndPullEventInformation() with NTSTATUS 0x0, context 0x79616980, and result object 0x000001AB79615950 with size 64
###GetFileInfo file handle = 0x000001AB79616980, eventID = 0010, event Info = 0x000001AB795D71B0
	result =  0
	FileAllInformation
	DispatchQueryInformation result =  0
Dokan Information: SendAndPullEventInformation() with NTSTATUS 0x0, context 0x79616980, and result object 0x000001AB79615950 with size 140
###Cleanup file handle = 0x000001AB79616980, eventID = 0010, event Info = 0x000001AB795D71B0
Dokan Information: SendAndPullEventInformation() with NTSTATUS 0x0, context 0x79616980, and result object 0x000001AB79615950 with size 48
###Close file handle = 0x000001AB79616980, eventID = 0010, event Info = 0x000001AB795D71B0
[Close] \
###Create file handle = 0x000001AB79689450, eventID = 0011, event Info = 0x000001AB795D7610
[ZwCreateFile] \
Dokan Information: DokanEndDispatchCreate() status = 0, file handle = 0x000001AB79689450, eventID = 0011, result = 0x1
Dokan Information: SendAndPullEventInformation() with NTSTATUS 0x0, context 0x79689450, and result object 0x000001AB79615950 with size 48
###QueryVolumeInfo file handle = 0x000001AB79689450, eventID = 0011, event Info = 0x000001AB795D7610
[GetVolumeInformation]
Dokan Information: SendAndPullEventInformation() with NTSTATUS 0x0, context 0x79689450, and result object 0x000001AB79615950 with size 64
###GetFileInfo file handle = 0x000001AB79689450, eventID = 0011, event Info = 0x000001AB795D7610
	result =  0
	FileAllInformation
	DispatchQueryInformation result =  0
Dokan Information: SendAndPullEventInformation() with NTSTATUS 0x0, context 0x79689450, and result object 0x000001AB79615950 with size 140
###Cleanup file handle = 0x000001AB79689450, eventID = 0011, event Info = 0x000001AB795D7610
Dokan Information: SendAndPullEventInformation() with NTSTATUS 0x0, context 0x79689450, and result object 0x000001AB79615950 with size 48
###Close file handle = 0x000001AB79689450, eventID = 0011, event Info = 0x000001AB795D7610
###Create file handle = 0x000001AB79616980, eventID = 0012, event Info = 0x000001AB795D71B0
[Close] \
[ZwCreateFile] \
Dokan Information: DokanEndDispatchCreate() status = 0, file handle = 0x000001AB79616980, eventID = 0012, result = 0x1
Dokan Information: SendAndPullEventInformation() with NTSTATUS 0x0, context 0x79616980, and result object 0x000001AB79615950 with size 48
###QueryVolumeInfo file handle = 0x000001AB79616980, eventID = 0012, event Info = 0x000001AB795D71B0
[GetVolumeInformation]
Dokan Information: SendAndPullEventInformation() with NTSTATUS 0x0, context 0x79616980, and result object 0x000001AB79615950 with size 64
###GetFileInfo file handle = 0x000001AB79616980, eventID = 0012, event Info = 0x000001AB795D71B0
	result =  0
	FileAllInformation
	DispatchQueryInformation result =  0
Dokan Information: SendAndPullEventInformation() with NTSTATUS 0x0, context 0x79616980, and result object 0x000001AB79615950 with size 140
###Cleanup file handle = 0x000001AB79616980, eventID = 0012, event Info = 0x000001AB795D71B0
Dokan Information: SendAndPullEventInformation() with NTSTATUS 0x0, context 0x79616980, and result object 0x000001AB79615950 with size 48
###Close file handle = 0x000001AB79616980, eventID = 0012, event Info = 0x000001AB795D71B0
[Close] \
###Create file handle = 0x000001AB79689450, eventID = 0013, event Info = 0x000001AB795D7610
[ZwCreateFile] \
Dokan Information: DokanEndDispatchCreate() status = 0, file handle = 0x000001AB79689450, eventID = 0013, result = 0x1
Dokan Information: SendAndPullEventInformation() with NTSTATUS 0x0, context 0x79689450, and result object 0x000001AB79615950 with size 48
###QueryVolumeInfo file handle = 0x000001AB79689450, eventID = 0013, event Info = 0x000001AB795D7610
[GetVolumeInformation]
Dokan Information: SendAndPullEventInformation() with NTSTATUS 0x0, context 0x79689450, and result object 0x000001AB79615950 with size 64
###GetFileInfo file handle = 0x000001AB79689450, eventID = 0013, event Info = 0x000001AB795D7610
	result =  0
	FileAllInformation
	DispatchQueryInformation result =  0
Dokan Information: SendAndPullEventInformation() with NTSTATUS 0x0, context 0x79689450, and result object 0x000001AB79615950 with size 140
###Cleanup file handle = 0x000001AB79689450, eventID = 0013, event Info = 0x000001AB795D7610
Dokan Information: SendAndPullEventInformation() with NTSTATUS 0x0, context 0x79689450, and result object 0x000001AB79615950 with size 48
###Close file handle = 0x000001AB79689450, eventID = 0013, event Info = 0x000001AB795D7610
[Close] \
###Create file handle = 0x000001AB79689450, eventID = 0014, event Info = 0x000001AB795D71B0
[ZwCreateFile] \
Dokan Information: DokanEndDispatchCreate() status = 0, file handle = 0x000001AB79689450, eventID = 0014, result = 0x1
Dokan Information: SendAndPullEventInformation() with NTSTATUS 0x0, context 0x79689450, and result object 0x000001AB79615950 with size 48
###QueryVolumeInfo file handle = 0x000001AB79689450, eventID = 0014, event Info = 0x000001AB795D71B0
[GetVolumeInformation]
Dokan Information: SendAndPullEventInformation() with NTSTATUS 0x0, context 0x79689450, and result object 0x000001AB79615950 with size 64
###GetFileInfo file handle = 0x000001AB79689450, eventID = 0014, event Info = 0x000001AB795D71B0
	result =  0
	FileAllInformation
	DispatchQueryInformation result =  0
Dokan Information: SendAndPullEventInformation() with NTSTATUS 0x0, context 0x79689450, and result object 0x000001AB79615950 with size 140
###Cleanup file handle = 0x000001AB79689450, eventID = 0014, event Info = 0x000001AB795D71B0
Dokan Information: SendAndPullEventInformation() with NTSTATUS 0x0, context 0x79689450, and result object 0x000001AB79615950 with size 48
###Close file handle = 0x000001AB79689450, eventID = 0014, event Info = 0x000001AB795D71B0
[Close] \
###Create file handle = 0x000001AB79689450, eventID = 0015, event Info = 0x000001AB795D7610
[ZwCreateFile] \
Dokan Information: DokanEndDispatchCreate() status = 0, file handle = 0x000001AB79689450, eventID = 0015, result = 0x1
Dokan Information: SendAndPullEventInformation() with NTSTATUS 0x0, context 0x79689450, and result object 0x000001AB79615950 with size 48
###QueryVolumeInfo file handle = 0x000001AB79689450, eventID = 0015, event Info = 0x000001AB795D7610
[GetVolumeInformation]
Dokan Information: SendAndPullEventInformation() with NTSTATUS 0x0, context 0x79689450, and result object 0x000001AB79615950 with size 64
###GetFileInfo file handle = 0x000001AB79689450, eventID = 0015, event Info = 0x000001AB795D7610
	result =  0
	FileAllInformation
	DispatchQueryInformation result =  0
Dokan Information: SendAndPullEventInformation() with NTSTATUS 0x0, context 0x79689450, and result object 0x000001AB79615950 with size 140
###Cleanup file handle = 0x000001AB79689450, eventID = 0015, event Info = 0x000001AB795D7610
Dokan Information: SendAndPullEventInformation() with NTSTATUS 0x0, context 0x79689450, and result object 0x000001AB79615950 with size 48
###Close file handle = 0x000001AB79689450, eventID = 0015, event Info = 0x000001AB795D7610
[Close] \
###Create file handle = 0x000001AB79616980, eventID = 0016, event Info = 0x000001AB795D71B0
[ZwCreateFile] \
Dokan Information: DokanEndDispatchCreate() status = 0, file handle = 0x000001AB79616980, eventID = 0016, result = 0x1
Dokan Information: SendAndPullEventInformation() with NTSTATUS 0x0, context 0x79616980, and result object 0x000001AB79615950 with size 48
###QueryVolumeInfo file handle = 0x000001AB79616980, eventID = 0016, event Info = 0x000001AB795D71B0
[GetVolumeInformation]
Dokan Information: SendAndPullEventInformation() with NTSTATUS 0x0, context 0x79616980, and result object 0x000001AB79615950 with size 64
###GetFileInfo file handle = 0x000001AB79616980, eventID = 0016, event Info = 0x000001AB795D71B0
	result =  0
	FileAllInformation
	DispatchQueryInformation result =  0
Dokan Information: SendAndPullEventInformation() with NTSTATUS 0x0, context 0x79616980, and result object 0x000001AB79615950 with size 140
###Cleanup file handle = 0x000001AB79616980, eventID = 0016, event Info = 0x000001AB795D71B0
Dokan Information: SendAndPullEventInformation() with NTSTATUS 0x0, context 0x79616980, and result object 0x000001AB79615950 with size 48
###Close file handle = 0x000001AB79616980, eventID = 0016, event Info = 0x000001AB795D71B0
[Close] \
###Create file handle = 0x000001AB79689450, eventID = 0017, event Info = 0x000001AB795D7610
[ZwCreateFile] \
Dokan Information: DokanEndDispatchCreate() status = 0, file handle = 0x000001AB79689450, eventID = 0017, result = 0x1
Dokan Information: SendAndPullEventInformation() with NTSTATUS 0x0, context 0x79689450, and result object 0x000001AB79615950 with size 48
###QueryVolumeInfo file handle = 0x000001AB79689450, eventID = 0017, event Info = 0x000001AB795D7610
[GetVolumeInformation]
Dokan Information: SendAndPullEventInformation() with NTSTATUS 0x0, context 0x79689450, and result object 0x000001AB79615950 with size 64
###GetFileInfo file handle = 0x000001AB79689450, eventID = 0017, event Info = 0x000001AB795D7610
	result =  0
	FileAllInformation
	DispatchQueryInformation result =  0
Dokan Information: SendAndPullEventInformation() with NTSTATUS 0x0, context 0x79689450, and result object 0x000001AB79615950 with size 140
###Cleanup file handle = 0x000001AB79689450, eventID = 0017, event Info = 0x000001AB795D7610
Dokan Information: SendAndPullEventInformation() with NTSTATUS 0x0, context 0x79689450, and result object 0x000001AB79615950 with size 48
###Close file handle = 0x000001AB79689450, eventID = 0017, event Info = 0x000001AB795D7610
[Close] \
###Create file handle = 0x000001AB79616980, eventID = 0018, event Info = 0x000001AB795D71B0
[ZwCreateFile] \
Dokan Information: DokanEndDispatchCreate() status = 0, file handle = 0x000001AB79616980, eventID = 0018, result = 0x1
Dokan Information: SendAndPullEventInformation() with NTSTATUS 0x0, context 0x79616980, and result object 0x000001AB79615950 with size 48
###QueryVolumeInfo file handle = 0x000001AB79616980, eventID = 0018, event Info = 0x000001AB795D71B0
[GetVolumeInformation]
Dokan Information: SendAndPullEventInformation() with NTSTATUS 0x0, context 0x79616980, and result object 0x000001AB79615950 with size 64
###GetFileInfo file handle = 0x000001AB79616980, eventID = 0018, event Info = 0x000001AB795D71B0
	result =  0
	FileAllInformation
	DispatchQueryInformation result =  0
Dokan Information: SendAndPullEventInformation() with NTSTATUS 0x0, context 0x79616980, and result object 0x000001AB79615950 with size 140
###Cleanup file handle = 0x000001AB79616980, eventID = 0018, event Info = 0x000001AB795D71B0
Dokan Information: SendAndPullEventInformation() with NTSTATUS 0x0, context 0x79616980, and result object 0x000001AB79615950 with size 48
###Close file handle = 0x000001AB79616980, eventID = 0018, event Info = 0x000001AB795D71B0
[Close] \
###Create file handle = 0x000001AB79689450, eventID = 0019, event Info = 0x000001AB795D7610
[ZwCreateFile] \
Dokan Information: DokanEndDispatchCreate() status = 0, file handle = 0x000001AB79689450, eventID = 0019, result = 0x1
Dokan Information: SendAndPullEventInformation() with NTSTATUS 0x0, context 0x79689450, and result object 0x000001AB79615950 with size 48
###QueryVolumeInfo file handle = 0x000001AB79689450, eventID = 0019, event Info = 0x000001AB795D7610
[GetVolumeInformation]
Dokan Information: SendAndPullEventInformation() with NTSTATUS 0x0, context 0x79689450, and result object 0x000001AB79615950 with size 64
###GetFileInfo file handle = 0x000001AB79689450, eventID = 0019, event Info = 0x000001AB795D7610
	result =  0
	FileAllInformation
	DispatchQueryInformation result =  0
Dokan Information: SendAndPullEventInformation() with NTSTATUS 0x0, context 0x79689450, and result object 0x000001AB79615950 with size 140
###Cleanup file handle = 0x000001AB79689450, eventID = 0019, event Info = 0x000001AB795D7610
Dokan Information: SendAndPullEventInformation() with NTSTATUS 0x0, context 0x79689450, and result object 0x000001AB79615950 with size 48
###Close file handle = 0x000001AB79689450, eventID = 0019, event Info = 0x000001AB795D7610
[Close] \
###Create file handle = 0x000001AB79616980, eventID = 0020, event Info = 0x000001AB795D71B0
[ZwCreateFile] \
Dokan Information: DokanEndDispatchCreate() status = 0, file handle = 0x000001AB79616980, eventID = 0020, result = 0x1
Dokan Information: SendAndPullEventInformation() with NTSTATUS 0x0, context 0x79616980, and result object 0x000001AB79615950 with size 48
###QueryVolumeInfo file handle = 0x000001AB79616980, eventID = 0020, event Info = 0x000001AB795D71B0
[GetVolumeInformation]
Dokan Information: SendAndPullEventInformation() with NTSTATUS 0x0, context 0x79616980, and result object 0x000001AB79615950 with size 64
###GetFileInfo file handle = 0x000001AB79616980, eventID = 0020, event Info = 0x000001AB795D71B0
	result =  0
	FileAllInformation
	DispatchQueryInformation result =  0
Dokan Information: SendAndPullEventInformation() with NTSTATUS 0x0, context 0x79616980, and result object 0x000001AB79615950 with size 140
###Cleanup file handle = 0x000001AB79616980, eventID = 0020, event Info = 0x000001AB795D71B0
Dokan Information: SendAndPullEventInformation() with NTSTATUS 0x0, context 0x79616980, and result object 0x000001AB79615950 with size 48
###Close file handle = 0x000001AB79616980, eventID = 0020, event Info = 0x000001AB795D71B0
[Close] \
###Create file handle = 0x000001AB79616980, eventID = 0021, event Info = 0x000001AB795D71B0
[ZwCreateFile] \
Dokan Information: DokanEndDispatchCreate() status = 0, file handle = 0x000001AB79616980, eventID = 0021, result = 0x1
Dokan Information: SendAndPullEventInformation() with NTSTATUS 0x0, context 0x79616980, and result object 0x000001AB79615950 with size 48
###GetFileInfo file handle = 0x000001AB79616980, eventID = 0021, event Info = 0x000001AB795D71B0
	result =  0
	FileStandardInformation
	DispatchQueryInformation result =  0
Dokan Information: SendAndPullEventInformation() with NTSTATUS 0x0, context 0x79616980, and result object 0x000001AB79615950 with size 64
###QueryVolumeInfo file handle = 0x000001AB79616980, eventID = 0021, event Info = 0x000001AB795D71B0
[GetVolumeInformation]
Dokan Information: SendAndPullEventInformation() with NTSTATUS 0x0, context 0x79616980, and result object 0x000001AB79615950 with size 74
###QueryVolumeInfo file handle = 0x000001AB79616980, eventID = 0021, event Info = 0x000001AB795D71B0
[GetVolumeInformation]
Dokan Information: SendAndPullEventInformation() with NTSTATUS 0x0, context 0x79616980, and result object 0x000001AB79615950 with size 68
###Cleanup file handle = 0x000001AB79616980, eventID = 0021, event Info = 0x000001AB795D71B0
Dokan Information: SendAndPullEventInformation() with NTSTATUS 0x0, context 0x79616980, and result object 0x000001AB79615950 with size 48
###Close file handle = 0x000001AB79616980, eventID = 0021, event Info = 0x000001AB795D71B0
[Close] \
###Create file handle = 0x000001AB79689450, eventID = 0022, event Info = 0x000001AB795D7610
[ZwCreateFile] \
Dokan Information: DokanEndDispatchCreate() status = 0, file handle = 0x000001AB79689450, eventID = 0022, result = 0x1
Dokan Information: SendAndPullEventInformation() with NTSTATUS 0x0, context 0x79689450, and result object 0x000001AB79615950 with size 48
###GetFileInfo file handle = 0x000001AB79689450, eventID = 0022, event Info = 0x000001AB795D7610
	result =  0
	FileNetworkOpenInformation
	DispatchQueryInformation result =  0
Dokan Information: SendAndPullEventInformation() with NTSTATUS 0x0, context 0x79689450, and result object 0x000001AB79615950 with size 96
###Cleanup file handle = 0x000001AB79689450, eventID = 0022, event Info = 0x000001AB795D7610
Dokan Information: SendAndPullEventInformation() with NTSTATUS 0x0, context 0x79689450, and result object 0x000001AB79615950 with size 48
###Close file handle = 0x000001AB79689450, eventID = 0022, event Info = 0x000001AB795D7610
[Close] \
###Create file handle = 0x000001AB79689450, eventID = 0023, event Info = 0x000001AB795D71B0
[ZwCreateFile] \
Dokan Information: DokanEndDispatchCreate() status = 0, file handle = 0x000001AB79689450, eventID = 0023, result = 0x1
Dokan Information: SendAndPullEventInformation() with NTSTATUS 0x0, context 0x79689450, and result object 0x000001AB79615950 with size 48
###GetFileInfo file handle = 0x000001AB79689450, eventID = 0023, event Info = 0x000001AB795D71B0
	result =  0
	FileBasicInformation
	DispatchQueryInformation result =  0
Dokan Information: SendAndPullEventInformation() with NTSTATUS 0x0, context 0x79689450, and result object 0x000001AB79615950 with size 80
###Cleanup file handle = 0x000001AB79689450, eventID = 0023, event Info = 0x000001AB795D71B0
Dokan Information: SendAndPullEventInformation() with NTSTATUS 0x0, context 0x79689450, and result object 0x000001AB79615950 with size 48
###Close file handle = 0x000001AB79689450, eventID = 0023, event Info = 0x000001AB795D71B0
[Close] \
###Create file handle = 0x000001AB79689450, eventID = 0024, event Info = 0x000001AB795D71B0
[ZwCreateFile] \gost_w.exe
Dokan Information: DokanEndDispatchCreate() status = c0000034, file handle = 0x0000000000000000, eventID = -001, result = 0x5
Dokan Information: SendAndPullEventInformation() with NTSTATUS 0xc0000034, context 0x0, and result object 0x000001AB79615950 with size 48
###Create file handle = 0x000001AB79689450, eventID = 0025, event Info = 0x000001AB795D71B0
[ZwCreateFile] \gost_w.exe
Dokan Information: DokanEndDispatchCreate() status = c0000034, file handle = 0x0000000000000000, eventID = -001, result = 0x5
Dokan Information: SendAndPullEventInformation() with NTSTATUS 0xc0000034, context 0x0, and result object 0x000001AB79615950 with size 48
###Create file handle = 0x000001AB79689450, eventID = 0026, event Info = 0x000001AB795D71B0
[ZwCreateFile] \
Dokan Information: DokanEndDispatchCreate() status = 0, file handle = 0x000001AB79689450, eventID = 0026, result = 0x1
Dokan Information: SendAndPullEventInformation() with NTSTATUS 0x0, context 0x79689450, and result object 0x000001AB79615950 with size 48
###FindFiles file handle = 0x000001AB79689450, eventID = 0026, event Info = 0x000001AB795D71B0
WriteDirectoryResults() New directory index is -1.
  STATUS_NO_SUCH_FILE
Dokan Information: SendAndPullEventInformation() with NTSTATUS 0xc000000f, context 0x79689450, and result object 0x000001AB79615950 with size 48
###Cleanup file handle = 0x000001AB79689450, eventID = 0026, event Info = 0x000001AB795D71B0
Dokan Information: SendAndPullEventInformation() with NTSTATUS 0x0, context 0x79689450, and result object 0x000001AB79615950 with size 48
###Close file handle = 0x000001AB79689450, eventID = 0026, event Info = 0x000001AB795D71B0
[Close] \
###Create file handle = 0x000001AB79616980, eventID = 0027, event Info = 0x000001AB795D7610
[ZwCreateFile] \gost_w.exe
Dokan Information: DokanEndDispatchCreate() status = 0, file handle = 0x000001AB79616980, eventID = 0027, result = 0x2
Dokan Information: SendAndPullEventInformation() with NTSTATUS 0x0, context 0x79616980, and result object 0x000001AB79615950 with size 48
###GetFileInfo file handle = 0x000001AB79616980, eventID = 0027, event Info = 0x000001AB795D7610
	result =  c0000034
	DispatchQueryInformation result =  c0000034
Dokan Information: SendAndPullEventInformation() with NTSTATUS 0xc000000d, context 0x79616980, and result object 0x000001AB79615950 with size 48
###GetFileInfo file handle = 0x000001AB79616980, eventID = 0027, event Info = 0x000001AB795D7610
	result =  c0000034
	DispatchQueryInformation result =  c0000034
Dokan Information: SendAndPullEventInformation() with NTSTATUS 0xc000000d, context 0x79616980, and result object 0x000001AB79615950 with size 48
###GetFileInfo file handle = 0x000001AB79616980, eventID = 0027, event Info = 0x000001AB795D7610
	result =  c0000034
	DispatchQueryInformation result =  c0000034
Dokan Information: SendAndPullEventInformation() with NTSTATUS 0xc000000d, context 0x79616980, and result object 0x000001AB79615950 with size 48
###GetFileInfo file handle = 0x000001AB79616980, eventID = 0027, event Info = 0x000001AB795D7610
	result =  c0000034
	DispatchQueryInformation result =  c0000034
Dokan Information: SendAndPullEventInformation() with NTSTATUS 0xc000000d, context 0x79616980, and result object 0x000001AB79615950 with size 48
###QueryVolumeInfo file handle = 0x000001AB79616980, eventID = 0027, event Info = 0x000001AB795D7610
[GetVolumeInformation]
Dokan Information: SendAndPullEventInformation() with NTSTATUS 0x0, context 0x79616980, and result object 0x000001AB79615950 with size 68
###GetFileInfo file handle = 0x000001AB79616980, eventID = 0027, event Info = 0x000001AB795D7610
	result =  c0000034
	DispatchQueryInformation result =  c0000034
Dokan Information: SendAndPullEventInformation() with NTSTATUS 0xc000000d, context 0x79616980, and result object 0x000001AB79615950 with size 48
###SetFileInfo file handle = 0x000001AB79616980, eventID = 0027, FileInformationClass = 20, event Info = 0x000001AB795D7610
	DispatchSetInformation result =  0
Dokan Information: SendAndPullEventInformation() with NTSTATUS 0x0, context 0x79616980, and result object 0x000001AB79615950 with size 48
###GetFileInfo file handle = 0x000001AB79616980, eventID = 0027, event Info = 0x000001AB795D7610
	result =  c0000034
###WriteFile file handle = 0x000001AB79616980, eventID = 0027, event Info = 0x000001AB795D71B0
	DispatchQueryInformation result =  c0000034
[Write] off=0 len=1048576
###WriteFile file handle = 0x000001AB79616980, eventID = 0027, event Info = 0x000001AB795D7370
Dokan Information: SendAndPullEventInformation() with NTSTATUS 0x0, context 0x79616980, and result object 0x000001AB7968B670 with size 48
###WriteFile file handle = 0x000001AB79616980, eventID = 0027, event Info = 0x000001AB795D7300
Dokan Information: SendAndPullEventInformation() with NTSTATUS 0xc000000d, context 0x79616980, and result object 0x000001AB79615950 with size 48
[Write] off=2097152 len=1048576
###WriteFile file handle = 0x000001AB79616980, eventID = 0027, event Info = 0x000001AB795D7610
[Write] off=1048576 len=1048576
Dokan Information: SendAndPullEventInformation() with NTSTATUS 0x0, context 0x79616980, and result object 0x000001AB7B486FE0 with size 48
[Write] off=3145728 len=1048576
Dokan Information: SendAndPullEventInformation() with NTSTATUS 0x0, context 0x79616980, and result object 0x000001AB7B740970 with size 48
Dokan Information: SendAndPullEventInformation() with NTSTATUS 0x0, context 0x79616980, and result object 0x000001AB79615950 with size 48
###GetFileInfo file handle = 0x000001AB79616980, eventID = 0027, event Info = 0x000001AB795D7610
	result =  c0000034
	DispatchQueryInformation result =  c0000034
###WriteFile file handle = 0x000001AB79616980, eventID = 0027, event Info = 0x000001AB795D7370
Dokan Information: SendAndPullEventInformation() with NTSTATUS 0xc000000d, context 0x79616980, and result object 0x000001AB79615950 with size 48
[Write] off=4194304 len=1048576
###WriteFile file handle = 0x000001AB79616980, eventID = 0027, event Info = 0x000001AB795D7300
###WriteFile file handle = 0x000001AB79616980, eventID = 0027, event Info = 0x000001AB795D7610
[Write] off=5242880 len=1048576
Dokan Information: SendAndPullEventInformation() with NTSTATUS 0x0, context 0x79616980, and result object 0x000001AB7B740970 with size 48
[Write] off=6291456 len=1048576
Dokan Information: SendAndPullEventInformation() with NTSTATUS 0x0, context 0x79616980, and result object 0x000001AB7B486FE0 with size 48
###GetFileInfo file handle = 0x000001AB79616980, eventID = 0027, event Info = 0x000001AB795D7370
###WriteFile file handle = 0x000001AB79616980, eventID = 0027, event Info = 0x000001AB795D71B0
Dokan Information: SendAndPullEventInformation() with NTSTATUS 0x0, context 0x79616980, and result object 0x000001AB79615950 with size 48
	result =  c0000034
	DispatchQueryInformation result =  c0000034
Dokan Information: SendAndPullEventInformation() with NTSTATUS 0xc000000d, context 0x79616980, and result object 0x000001AB7B740970 with size 48
[Write] off=7340032 len=1048576
###WriteFile file handle = 0x000001AB79616980, eventID = 0027, event Info = 0x000001AB795D7300
###GetFileInfo file handle = 0x000001AB79616980, eventID = 0027, event Info = 0x000001AB795D7370
###WriteFile file handle = 0x000001AB79616980, eventID = 0027, event Info = 0x000001AB795D7610
[Write] off=8388608 len=1048576
Dokan Information: SendAndPullEventInformation() with NTSTATUS 0x0, context 0x79616980, and result object 0x000001AB7968B670 with size 48
[Write] off=9437184 len=1048576
	result =  c0000034
	DispatchQueryInformation result =  c0000034
###WriteFile file handle = 0x000001AB79616980, eventID = 0027, event Info = 0x000001AB795D71B0
Dokan Information: SendAndPullEventInformation() with NTSTATUS 0x0, context 0x79616980, and result object 0x000001AB7B486FE0 with size 48
Dokan Information: SendAndPullEventInformation() with NTSTATUS 0x0, context 0x79616980, and result object 0x000001AB79615950 with size 48
[Write] off=10485760 len=1048576
Dokan Information: SendAndPullEventInformation() with NTSTATUS 0xc000000d, context 0x79616980, and result object 0x000001AB7B740970 with size 48
###WriteFile file handle = 0x000001AB79616980, eventID = 0027, event Info = 0x000001AB795D7610
###WriteFile file handle = 0x000001AB79616980, eventID = 0027, event Info = 0x000001AB795D7300
[Write] off=11534336 len=1048576
Dokan Information: SendAndPullEventInformation() with NTSTATUS 0x0, context 0x79616980, and result object 0x000001AB7968B670 with size 48
[Write] off=12582912 len=696320
Dokan Information: SendAndPullEventInformation() with NTSTATUS 0x0, context 0x79616980, and result object 0x000001AB79615950 with size 48
Dokan Information: SendAndPullEventInformation() with NTSTATUS 0x0, context 0x79616980, and result object 0x000001AB7B486FE0 with size 48
###QueryVolumeInfo file handle = 0x000001AB79616980, eventID = 0027, event Info = 0x000001AB795D7300
[GetVolumeInformation]
Dokan Information: SendAndPullEventInformation() with NTSTATUS 0x0, context 0x79616980, and result object 0x000001AB7B486FE0 with size 68
###GetFileInfo file handle = 0x000001AB79616980, eventID = 0027, event Info = 0x000001AB795D7300
	result =  c0000034
	DispatchQueryInformation result =  c0000034
Dokan Information: SendAndPullEventInformation() with NTSTATUS 0xc000000d, context 0x79616980, and result object 0x000001AB7B486FE0 with size 48
###Create file handle = 0x000001AB79689450, eventID = 0028, event Info = 0x000001AB795D7300
[ZwCreateFile] \gost_w.exe:Zone.Identifier:$DATA
Dokan Information: DokanEndDispatchCreate() status = 0, file handle = 0x000001AB79689450, eventID = 0028, result = 0x2
Dokan Information: SendAndPullEventInformation() with NTSTATUS 0x0, context 0x79689450, and result object 0x000001AB7B486FE0 with size 48
###GetFileInfo file handle = 0x000001AB79689450, eventID = 0028, event Info = 0x000001AB795D7300
	result =  c0000034
	DispatchQueryInformation result =  c0000034
Dokan Information: SendAndPullEventInformation() with NTSTATUS 0xc000000d, context 0x79689450, and result object 0x000001AB7B486FE0 with size 48
###GetFileInfo file handle = 0x000001AB79689450, eventID = 0028, event Info = 0x000001AB795D7300
	result =  c0000034
	DispatchQueryInformation result =  c0000034
Dokan Information: SendAndPullEventInformation() with NTSTATUS 0xc000000d, context 0x79689450, and result object 0x000001AB7B486FE0 with size 48
###GetFileInfo file handle = 0x000001AB79689450, eventID = 0028, event Info = 0x000001AB795D7300
	result =  c0000034
	DispatchQueryInformation result =  c0000034
Dokan Information: SendAndPullEventInformation() with NTSTATUS 0xc000000d, context 0x79689450, and result object 0x000001AB7B486FE0 with size 48
###GetFileInfo file handle = 0x000001AB79689450, eventID = 0028, event Info = 0x000001AB795D7300
	result =  c0000034
	DispatchQueryInformation result =  c0000034
Dokan Information: SendAndPullEventInformation() with NTSTATUS 0xc000000d, context 0x79689450, and result object 0x000001AB7B486FE0 with size 48
###QueryVolumeInfo file handle = 0x000001AB79689450, eventID = 0028, event Info = 0x000001AB795D7300
[GetVolumeInformation]
Dokan Information: SendAndPullEventInformation() with NTSTATUS 0x0, context 0x79689450, and result object 0x000001AB7B486FE0 with size 68
###QueryVolumeInfo file handle = 0x000001AB79689450, eventID = 0028, event Info = 0x000001AB795D7300
Dokan Information: SendAndPullEventInformation() with NTSTATUS 0x0, context 0x79689450, and result object 0x000001AB7B486FE0 with size 64
###SetFileInfo file handle = 0x000001AB79689450, eventID = 0028, FileInformationClass = 20, event Info = 0x000001AB795D7300
	DispatchSetInformation result =  0
Dokan Information: SendAndPullEventInformation() with NTSTATUS 0x0, context 0x79689450, and result object 0x000001AB7B486FE0 with size 48
###WriteFile file handle = 0x000001AB79689450, eventID = 0028, event Info = 0x000001AB795D7300
[Write] off=0 len=92
###GetFileInfo file handle = 0x000001AB79689450, eventID = 0028, event Info = 0x000001AB795D7610
	result =  c0000034
	DispatchQueryInformation result =  c0000034
Dokan Information: SendAndPullEventInformation() with NTSTATUS 0x0, context 0x79689450, and result object 0x000001AB7B486FE0 with size 48
Dokan Information: SendAndPullEventInformation() with NTSTATUS 0xc000000d, context 0x79689450, and result object 0x000001AB7968B670 with size 48
###SetFileInfo file handle = 0x000001AB79689450, eventID = 0028, FileInformationClass = 4, event Info = 0x000001AB795D7300
	DispatchSetInformation result =  c0000002
Dokan Information: SendAndPullEventInformation() with NTSTATUS 0xc0000002, context 0x79689450, and result object 0x000001AB7B486FE0 with size 48
###Cleanup file handle = 0x000001AB79689450, eventID = 0028, event Info = 0x000001AB795D7300
Dokan Information: SendAndPullEventInformation() with NTSTATUS 0x0, context 0x79689450, and result object 0x000001AB7B486FE0 with size 48
###Close file handle = 0x000001AB79689450, eventID = 0028, event Info = 0x000001AB795D7300
[Close] \gost_w.exe:Zone.Identifier:$DATA
###SetFileInfo file handle = 0x000001AB79616980, eventID = 0027, FileInformationClass = 4, event Info = 0x000001AB795D7610
	DispatchSetInformation result =  c0000002
Dokan Information: SendAndPullEventInformation() with NTSTATUS 0xc0000002, context 0x79616980, and result object 0x000001AB7968B670 with size 48
###GetFileInfo file handle = 0x000001AB79616980, eventID = 0027, event Info = 0x000001AB795D7610
	result =  c0000034
	DispatchQueryInformation result =  c0000034
Dokan Information: SendAndPullEventInformation() with NTSTATUS 0xc000000d, context 0x79616980, and result object 0x000001AB7968B670 with size 48
###Cleanup file handle = 0x000001AB79616980, eventID = 0027, event Info = 0x000001AB795D7610
Dokan Information: SendAndPullEventInformation() with NTSTATUS 0x0, context 0x79616980, and result object 0x000001AB7968B670 with size 48
###Close file handle = 0x000001AB79616980, eventID = 0027, event Info = 0x000001AB795D7610
[Close] \gost_w.exe
