Dokan: debug mode on
Dokan: use stderr
AllocationUnitSize: 512 SectorSize: 512
Global device opened
Dokan: Using 12 main pull threads with ipc batching: 0
Dokan Information: mounted: Y: -> \Volume{d6cc17c5-1723-4085-bce7-964f1e9f5de9}
[Mounted]
###QueryVolumeInfo file handle = 0x0000000000000000, eventID = -001, event Info = 0x00000185C542AF30
[GetVolumeInformation]
###QueryVolumeInfo file handle = 0x0000000000000000, eventID = -001, event Info = 0x00000185C542AEC0
[GetVolumeInformation]
Dokan Information: SendAndPullEventInformation() with NTSTATUS 0x0, context 0x0, and result object 0x00000185C54EE4A0 with size 64
Dokan Information: SendAndPullEventInformation() with NTSTATUS 0x80000005, context 0x0, and result object 0x00000185C54EF4D0 with size 56
###Create file handle = 0x00000185C5429E80, eventID = 0001, event Info = 0x00000185C542AEC0
[ZwCreateFile] \
Dokan Information: DokanEndDispatchCreate() status = 0, file handle = 0x00000185C5429E80, eventID = 0001, result = 0x1
Dokan Information: SendAndPullEventInformation() with NTSTATUS 0x0, context 0xc5429e80, and result object 0x00000185C54EF4D0 with size 48
###GetFileInfo file handle = 0x00000185C5429E80, eventID = 0001, event Info = 0x00000185C542AEC0
	result =  0
  unknown type:54
	DispatchQueryInformation result =  c000000d
Dokan Information: SendAndPullEventInformation() with NTSTATUS 0xc000000d, context 0xc5429e80, and result object 0x00000185C54EF4D0 with size 48
###GetFileInfo file handle = 0x00000185C5429E80, eventID = 0001, event Info = 0x00000185C542AEC0
	result =  0
	FileStandardInformation
	DispatchQueryInformation result =  0
Dokan Information: SendAndPullEventInformation() with NTSTATUS 0x0, context 0xc5429e80, and result object 0x00000185C54EF4D0 with size 64
###QueryVolumeInfo file handle = 0x00000185C5429E80, eventID = 0001, event Info = 0x00000185C542AEC0
[GetVolumeInformation]
Dokan Information: SendAndPullEventInformation() with NTSTATUS 0x0, context 0xc5429e80, and result object 0x00000185C54EF4D0 with size 74
###Cleanup file handle = 0x00000185C5429E80, eventID = 0001, event Info = 0x00000185C542AEC0
Dokan Information: SendAndPullEventInformation() with NTSTATUS 0x0, context 0xc5429e80, and result object 0x00000185C54EF4D0 with size 48
###Close file handle = 0x00000185C5429E80, eventID = 0001, event Info = 0x00000185C542AEC0
[Close] \
###Create file handle = 0x00000185C5429E80, eventID = 0002, event Info = 0x00000185C542AEC0
[ZwCreateFile] \
Dokan Information: DokanEndDispatchCreate() status = 0, file handle = 0x00000185C5429E80, eventID = 0002, result = 0x1
Dokan Information: SendAndPullEventInformation() with NTSTATUS 0x0, context 0xc5429e80, and result object 0x00000185C54EF4D0 with size 48
###GetFileInfo file handle = 0x00000185C5429E80, eventID = 0002, event Info = 0x00000185C542AEC0
	result =  0
	FileStandardInformation
	DispatchQueryInformation result =  0
Dokan Information: SendAndPullEventInformation() with NTSTATUS 0x0, context 0xc5429e80, and result object 0x00000185C54EF4D0 with size 64
###QueryVolumeInfo file handle = 0x00000185C5429E80, eventID = 0002, event Info = 0x00000185C542AEC0
[GetVolumeInformation]
Dokan Information: SendAndPullEventInformation() with NTSTATUS 0x0, context 0xc5429e80, and result object 0x00000185C54EF4D0 with size 74
###Cleanup file handle = 0x00000185C5429E80, eventID = 0002, event Info = 0x00000185C542AEC0
Dokan Information: SendAndPullEventInformation() with NTSTATUS 0x0, context 0xc5429e80, and result object 0x00000185C54EF4D0 with size 48
###Close file handle = 0x00000185C5429E80, eventID = 0002, event Info = 0x00000185C542AEC0
[Close] \
###Create file handle = 0x00000185C5429E80, eventID = 0003, event Info = 0x00000185C54573F0
[ZwCreateFile] \
Dokan Information: DokanEndDispatchCreate() status = 0, file handle = 0x00000185C5429E80, eventID = 0003, result = 0x1
Dokan Information: SendAndPullEventInformation() with NTSTATUS 0x0, context 0xc5429e80, and result object 0x00000185C54EF4D0 with size 48
###QueryVolumeInfo file handle = 0x00000185C5429E80, eventID = 0003, event Info = 0x00000185C54573F0
[GetVolumeInformation]
Dokan Information: SendAndPullEventInformation() with NTSTATUS 0x0, context 0xc5429e80, and result object 0x00000185C54EF4D0 with size 74
###QueryVolumeInfo file handle = 0x00000185C5429E80, eventID = 0003, event Info = 0x00000185C54573F0
[GetVolumeInformation]
Dokan Information: SendAndPullEventInformation() with NTSTATUS 0x0, context 0xc5429e80, and result object 0x00000185C54EF4D0 with size 68
###Cleanup file handle = 0x00000185C5429E80, eventID = 0003, event Info = 0x00000185C54573F0
Dokan Information: SendAndPullEventInformation() with NTSTATUS 0x0, context 0xc5429e80, and result object 0x00000185C54EF4D0 with size 48
###Close file handle = 0x00000185C5429E80, eventID = 0003, event Info = 0x00000185C54573F0
[Close] \
###Create file handle = 0x00000185C5429E80, eventID = 0004, event Info = 0x00000185C54573F0
[ZwCreateFile] \
Dokan Information: DokanEndDispatchCreate() status = 0, file handle = 0x00000185C5429E80, eventID = 0004, result = 0x1
Dokan Information: SendAndPullEventInformation() with NTSTATUS 0x0, context 0xc5429e80, and result object 0x00000185C54EF4D0 with size 48
###QueryVolumeInfo file handle = 0x00000185C5429E80, eventID = 0004, event Info = 0x00000185C54573F0
Dokan Information: SendAndPullEventInformation() with NTSTATUS 0x0, context 0xc5429e80, and result object 0x00000185C54EF4D0 with size 72
###Cleanup file handle = 0x00000185C5429E80, eventID = 0004, event Info = 0x00000185C54573F0
Dokan Information: SendAndPullEventInformation() with NTSTATUS 0x0, context 0xc5429e80, and result object 0x00000185C54EF4D0 with size 48
###Close file handle = 0x00000185C5429E80, eventID = 0004, event Info = 0x00000185C54573F0
[Close] \
###Create file handle = 0x00000185C542A500, eventID = 0005, event Info = 0x00000185C5456C80
[ZwCreateFile] \
Dokan Information: DokanEndDispatchCreate() status = 0, file handle = 0x00000185C542A500, eventID = 0005, result = 0x1
Dokan Information: SendAndPullEventInformation() with NTSTATUS 0x0, context 0xc542a500, and result object 0x00000185C54EF4D0 with size 48
###QueryVolumeInfo file handle = 0x00000185C542A500, eventID = 0005, event Info = 0x00000185C5456C80
Dokan Information: SendAndPullEventInformation() with NTSTATUS 0x0, context 0xc542a500, and result object 0x00000185C54EF4D0 with size 72
###Cleanup file handle = 0x00000185C542A500, eventID = 0005, event Info = 0x00000185C5456C80
Dokan Information: SendAndPullEventInformation() with NTSTATUS 0x0, context 0xc542a500, and result object 0x00000185C54EF4D0 with size 48
###Close file handle = 0x00000185C542A500, eventID = 0005, event Info = 0x00000185C5456C80
[Close] \
###Create file handle = 0x00000185C5429E80, eventID = 0006, event Info = 0x00000185C54573F0
[ZwCreateFile] \
Dokan Information: DokanEndDispatchCreate() status = 0, file handle = 0x00000185C5429E80, eventID = 0006, result = 0x1
Dokan Information: SendAndPullEventInformation() with NTSTATUS 0x0, context 0xc5429e80, and result object 0x00000185C54EF4D0 with size 48
###QueryVolumeInfo file handle = 0x00000185C5429E80, eventID = 0006, event Info = 0x00000185C54573F0
[GetVolumeInformation]
Dokan Information: SendAndPullEventInformation() with NTSTATUS 0x0, context 0xc5429e80, and result object 0x00000185C54EF4D0 with size 74
###QueryVolumeInfo file handle = 0x00000185C5429E80, eventID = 0006, event Info = 0x00000185C54573F0
[GetVolumeInformation]
Dokan Information: SendAndPullEventInformation() with NTSTATUS 0x0, context 0xc5429e80, and result object 0x00000185C54EF4D0 with size 68
###Cleanup file handle = 0x00000185C5429E80, eventID = 0006, event Info = 0x00000185C54573F0
Dokan Information: SendAndPullEventInformation() with NTSTATUS 0x0, context 0xc5429e80, and result object 0x00000185C54EF4D0 with size 48
###Close file handle = 0x00000185C5429E80, eventID = 0006, event Info = 0x00000185C54573F0
[Close] \
###Create file handle = 0x00000185C5429E80, eventID = 0007, event Info = 0x00000185C54574D0
[ZwCr###Create file handle = 0x00000185C542A500, eventID = 0008, event Info = 0x00000185C54573F0
eateFile] \
[ZwCreateFile] \
Dokan Information: DokanEndDispatchCreate() status = 0, file handle = 0x00000185C5429E80, eventID = 0007, result = 0x1
Dokan Information: DokanEndDispatchCreate() status = 0, file handle = 0x00000185C542A500, eventID = 0008, result = 0x1
Dokan Information: SendAndPullEventInformation() with NTSTATUS 0x0, context 0xc5429e80, and result object 0x00000185C54EF4D0 with size 48
Dokan Information: SendAndPullEventInformation() with NTSTATUS 0x0, context 0xc542a500, and result object 0x00000185C74054E0 with size 48
###GetFileInfo file handle = 0x00000185C5429E80, eventID = 0007, event Info = 0x00000185C54574D0
	result =  0
	FileBasicInformation
	DispatchQueryInformation result =  0
###QueryVolumeInfo file handle = 0x00000185C542A500, eventID = 0008, event Info = 0x00000185C54573F0
[GetVolumeInformaDokan Information: SendAndPullEventInformation() with NTSTATUS 0x0, context 0xc5429e80, and result object 0x00000185C54EF4D0 with size 80
tion]
###Cleanup file handle = 0x00000185C5429E80, eventID = 0007, event Info = 0x00000185C54574D0
Dokan Information: SendAndPullEventInformation() with NTSTATUS 0x0, context 0xc5429e80, and result object 0x00000185C54EF4D0 with size 48
Dokan Information: SendAndPullEventInformation() with NTSTATUS 0x0, context 0xc542a500, and result object 0x00000185C74054E0 with size 74
###Close file handle = 0x00000185C5429E80, eventID = 0007, event Info = 0x00000185C54574D0
[C###QueryVolumeInfo file handle = 0x00000185C542A500, eventID = 0008, event Info = 0x00000185C54573F0
lose] \
###Create file handle = 0x00000185C5429C80, eventID = 0009, event Info = 0x00000185C5456C80
[GetVolumeInformation]
[ZwCreateFileDokan Information: SendAndPullEventInformation() with NTSTATUS 0x0, context 0xc542a500, and result object 0x00000185C74054E0 with size 68
] ###Cleanup file handle = 0x00000185C542A500, eventID = 0008, event Info = 0x00000185C54573F0
\
Dokan Information: SendAndPullEventInformation() with NTSTATUS 0x0, context 0xc542a500, and result object 0x00000185C74054E0 with size 48
Dokan Information: DokanEndDispatchCreate() status = 0, file handle = 0x00000185C5429C80, eventID = 0009, result = 0x1
###Close file handle = 0x00000185C542A500, eventID = 0008, event Info = 0x00000185C54573F0
###Create file handle = 0x00000185C5429E80, eventID = 0010, event Info = 0x00000185C54574D0
[Close] \
Dokan Information: SendAndPullEventInformation() with NTSTATUS 0x0, context 0xc5429c80, and result object 0x00000185C54EF4D0 with size 48
[ZwCreat###QueryVolumeInfo file handle = 0x00000185C5429C80, eventID = 0009, event Info = 0x00000185C5456C80
eFile] \
[GetVolumeInformation]
Dokan Information: DokanEndDispatchCreate() status = 0, file handle = 0x00000185C5429E80, eventID = 0010, result = 0x1
Dokan Information: SendAndPullEventInformation() with NTSTATUS 0x0, context 0xc5429c80, and result object 0x00000185C54EF4D0 with size 74
Dokan Information: SendAndPullEventInformation() with NTSTATUS 0x0, context 0xc5429e80, and result object 0x00000185C74054E0 with size 48
###QueryVolumeInfo file handle = 0x00000185C5429C80, eventID = 0009, event Info = 0x00000185C5456C80
[GetVolumeIn###QueryVolumeInfo file handle = 0x00000185C5429E80, eventID = 0010, event Info = 0x00000185C54574D0
formation]
Dokan Information: SendAndPullEventInformation() with NTSTATUS 0x0, context 0xc5429e80, and result object 0x00000185C74054E0 with size 64
Dokan Information: SendAndPullEventInformation() with NTSTATUS 0x0, context 0xc5429c80, and result object 0x00000185C54EF4D0 with size 68
###Cleanup file handle = 0x00000185C5429E80, eventID = 0010, event Info = 0x00000185C54574D0
###Cleanup file handle = 0x00000185C5429C80, eventID = 0009, event Info = 0x00000185C5456C80
Dokan Information: SendAndPullEventInformation() with NTSTATUS 0x0, context 0xc5429c80, and result object 0x00000185C54EF4D0 with size 48
Dokan Information: SendAndPullEventInformation() with NTSTATUS 0x0, context 0xc5429e80, and result object 0x00000185C74054E0 with size 48
###Close file handle = 0x00000185C5429C80, eventID = 0009, event Info = 0x00000185C5456C80
[Close] \
###Create file handle = 0x00000185C542A500, eventID = 0011, event Info = 0x00000185C54573F0
[ZwCreateF###Close file handle = 0x00000185C5429E80, eventID = 0010, event Info = 0x00000185C54574D0
ile###Create file handle = 0x00000185C542AB80, eventID = 0012, event Info = 0x00000185C5456EB0
] \
[Close] \
Dokan Information: DokanEndDispatchCreate() status = 0, file handle = 0x00000185C542A500, eventID = 0011, result = 0x1
[ZwCreateFile] \
Dokan Information: SendAndPullEventInformation() with NTSTATUS 0x0, context 0xc542a500, and result object 0x00000185C54EF4D0 with size 48
Dokan Information: DokanEndDispatchCreate() status = 0, file handle = 0x00000185C542AB80, eventID = 0012, result = 0x1
###QueryVolumeInfo file handle = 0x00000185C542A500, eventID = 0011, event Info = 0x00000185C54573F0
Dokan Information: SendAndPullEventInformation() with NTSTATUS 0x0, context 0xc542ab80, and result object 0x00000185C74054E0 with size 48
Dokan Information: SendAndPullEventInformation() with NTSTATUS 0x0, context 0xc542a500, and result object 0x00000185C54EF4D0 with size 64
###Cleanup file handle = 0x00000185C542AB80, eventID = 0012, event Info = 0x00000185C5456EB0
###Cleanup file handle = 0x00000185C542A500, eventID = 0011, event Info = 0x00000185C54573F0
Dokan Information: SendAndPullEventInformation() with NTSTATUS 0x0, context 0xc542ab80, and result object 0x00000185C74054E0 with size 48
Dokan Information: SendAndPullEventInformation() with NTSTATUS 0x0, context 0xc542a500, and result object 0x00000185C54EF4D0 with size 48
###Close file handle = 0x00000185C542AB80, eventID = 0012, event Info = 0x00000185C5456EB0
[Close] \
###Close file handle = 0x00000185C542A500, eventID = 0011, event Info = 0x00000185C54573F0
[Close] \
###Create file handle = 0x00000185C5429E80, eventID = 0013, event Info = 0x00000185C54574D0
[ZwCreateFile] ###Create file handle = 0x00000185C542AB80, eventID = 0014, event Info = 0x00000185C5456C80
\
[ZwCreateFile] \
Dokan Information: DokanEndDispatchCreate() status = 0, file handle = 0x00000185C5429E80, eventID = 0013, result = 0x1
Dokan Information: DokanEndDispatchCreate() status = 0, file handle = 0x00000185C542AB80, eventID = 0014, result = 0x1
Dokan Information: SendAndPullEventInformation() with NTSTATUS 0x0, context 0xc5429e80, and result object 0x00000185C54EF4D0 with size 48
Dokan Information: SendAndPullEventInformation() with NTSTATUS 0x0, context 0xc542ab80, and result object 0x00000185C74054E0 with size 48
###GetFileInfo file handle = 0x00000185C5429E80, eventID = 0013, event Info = 0x00000185C54574D0
	result =  0
	FileBasicInformation
	DispatchQueryInformation result =  0
###QueryVolumeInfo file handle = 0x00000185C542AB80, eventID = 0014, event Info = 0x00000185C5456C80
[GetVolumeInformation]
Dokan Information: SendAndPullEventInformation() with NTSTATUS 0x0, context 0xc5429e80, and result object 0x00000185C54EF4D0 with size 80
Dokan Information: SendAndPullEventInformation() with NTSTATUS 0x0, context 0xc542ab80, and result object 0x00000185C74054E0 with size 64
###Cleanup file handle = 0x00000185C5429E80, eventID = 0013, event Info = 0x00000185C54574D0
Dokan Information: SendAndPullEventInformation() with NTSTATUS 0x0, context 0xc5429e80, and result object 0x00000185C54EF4D0 with size 48
###GetFileInfo file handle = 0x00000185C542AB80, eventID = 0014, event Info = 0x00000185C5456C80
	result =  0
	FileAllInformation
	DispatchQueryInformation result =  0
Dokan Information: SendAndPullEventInformation() with NTSTATUS 0x0, context 0xc542ab80, and result object 0x00000185C54EF4D0 with size 140
###Close file handle = 0x00000185C5429E80, eventID = 0013, event Info = 0x00000185C54574D0
[Close] ###Cleanup file handle = 0x00000185C542AB80, eventID = 0014, event Info = 0x00000185C5456C80
\
###Create file handle = 0x00000185C5429E80, eventID = 0015, event Info = 0x00000185C54573F0
[ZwCreateFile] Dokan Information: SendAndPullEventInformation() with NTSTATUS 0x0, context 0xc542ab80, and result object 0x00000185C54EF4D0 with size 48
\
###Close file handle = 0x00000185C542AB80, eventID = 0014, event Info = 0x00000185C5456C80
[Close] \
###Create file handle = 0x00000185C542A500, eventID = 0016, event Info = 0x00000185C54574D0
[ZwCreateFilDokan Information: DokanEndDispatchCreate() status = 0, file handle = 0x00000185C5429E80, eventID = 0015, result = 0x1
e] \
Dokan Information: SendAndPullEventInformation() with NTSTATUS 0x0, context 0xc5429e80, and result object 0x00000185C74054E0 with size 48
Dokan Information: DokanEndDispatchCreate() status = 0, file handle = 0x00000185C542A500, eventID = 0016, result = 0x1
###GetFileInfo file handle = 0x00000185C5429E80, eventID = 0015, event Info = 0x00000185C54573F0
	result =  0
	FileBasicInformation
Dokan Information: SendAndPullEventInformation() with NTSTATUS 0x0, context 0xc542a500, and result object 0x00000185C54EF4D0 with size 48
	DispatchQueryInformation result =  0
###QueryVolumeInfo file handle = 0x00000185C542A500, eventID = 0016, event Info = 0x00000185C54574D0
[GetVolumeInformation]
Dokan Information: SendAndPullEventInformation() with NTSTATUS 0x0, context 0xc5429e80, and result object 0x00000185C74054E0 with size 80
Dokan Information: SendAndPullEventInformation() with NTSTATUS 0x0, context 0xc542a500, and result object 0x00000185C54EF4D0 with size 64
###Cleanup file handle = 0x00000185C5429E80, eventID = 0015, event Info = 0x00000185C54573F0
###GetFileInfo file handle = 0x00000185C542A500, eventID = 0016, event Info = 0x00000185C54574D0
	result =  0
	FileAllInformation
	DispatchQueryInformation result =  0
Dokan Information: SendAndPullEventInformation() with NTSTATUS 0x0, context 0xc5429e80, and result object 0x00000185C74054E0 with size 48
Dokan Information: SendAndPullEventInformation() with NTSTATUS 0x0, context 0xc542a500, and result object 0x00000185C54EF4D0 with size 140
###Close file handle = 0x00000185C5429E80, eventID = 0015, event Info = 0x00000185C54573F0
###Cleanup file handle = 0x00000185C542A500, eventID = 0016, event Info = 0x00000185C54574D0
[Dokan Information: SendAndPullEventInformation() with NTSTATUS 0x0, context 0xc542a500, and result object 0x00000185C54EF4D0 with size 48
Close] \
###Close file handle = 0x00000185C542A500, eventID = 0016, event Info = 0x00000185C54574D0
[Close] \
###Create file handle = 0x00000185C5429E80, eventID = 0017, event Info = 0x00000185C5456C80
[ZwCreateFile] \
Dokan Information: DokanEndDispatchCreate() status = 0, file handle = 0x00000185C5429E80, eventID = 0017, result = 0x1
Dokan Information: SendAndPullEventInformation() with NTSTATUS 0x0, context 0xc5429e80, and result object 0x00000185C54EF4D0 with size 48
###QueryVolumeInfo file handle = 0x00000185C5429E80, eventID = 0017, event Info = 0x00000185C5456C80
[GetVolumeInformation]
Dokan Information: SendAndPullEventInformation() with NTSTATUS 0x0, context 0xc5429e80, and result object 0x00000185C54EF4D0 with size 64
###GetFileInfo file handle = 0x00000185C5429E80, eventID = 0017, event Info = 0x00000185C5456C80
	result =  0
	FileAllInformation
	DispatchQueryInformation result =  0
Dokan Information: SendAndPullEventInformation() with NTSTATUS 0x0, context 0xc5429e80, and result object 0x00000185C54EF4D0 with size 140
###Cleanup file handle = 0x00000185C5429E80, eventID = 0017, event Info = 0x00000185C5456C80
Dokan Information: SendAndPullEventInformation() with NTSTATUS 0x0, context 0xc5429e80, and result object 0x00000185C54EF4D0 with size 48
###Close file handle = 0x00000185C5429E80, eventID = 0017, event Info = 0x00000185C5456C80
[Close] \
###Create file handle = 0x00000185C542A500, eventID = 0018, event Info = 0x00000185C54574D0
[ZwCreateFile] \
Dokan Information: DokanEndDispatchCreate() status = 0, file handle = 0x00000185C542A500, eventID = 0018, result = 0x1
Dokan Information: SendAndPullEventInformation() with NTSTATUS 0x0, context 0xc542a500, and result object 0x00000185C54EF4D0 with size 48
###QueryVolumeInfo file handle = 0x00000185C542A500, eventID = 0018, event Info = 0x00000185C54574D0
[GetVolumeInformation]
Dokan Information: SendAndPullEventInformation() with NTSTATUS 0x0, context 0xc542a500, and result object 0x00000185C54EF4D0 with size 64
###GetFileInfo file handle = 0x00000185C542A500, eventID = 0018, event Info = 0x00000185C54574D0
	result =  0
	FileAllInformation
	DispatchQueryInformation result =  0
Dokan Information: SendAndPullEventInformation() with NTSTATUS 0x0, context 0xc542a500, and result object 0x00000185C54EF4D0 with size 140
###Cleanup file handle = 0x00000185C542A500, eventID = 0018, event Info = 0x00000185C54574D0
Dokan Information: SendAndPullEventInformation() with NTSTATUS 0x0, context 0xc542a500, and result object 0x00000185C54EF4D0 with size 48
###Close file handle = 0x00000185C542A500, eventID = 0018, event Info = 0x00000185C54574D0
[Close] \
###Create file handle = 0x00000185C5429E80, eventID = 0019, event Info = 0x00000185C5456C80
[ZwCreateFile] \
Dokan Information: DokanEndDispatchCreate() status = 0, file handle = 0x00000185C5429E80, eventID = 0019, result = 0x1
Dokan Information: SendAndPullEventInformation() with NTSTATUS 0x0, context 0xc5429e80, and result object 0x00000185C54EF4D0 with size 48
###QueryVolumeInfo file handle = 0x00000185C5429E80, eventID = 0019, event Info = 0x00000185C5456C80
[GetVolumeInformation]
Dokan Information: SendAndPullEventInformation() with NTSTATUS 0x0, context 0xc5429e80, and result object 0x00000185C54EF4D0 with size 64
###GetFileInfo file handle = 0x00000185C5429E80, eventID = 0019, event Info = 0x00000185C5456C80
	result =  0
	FileAllInformation
	DispatchQueryInformation result =  0
Dokan Information: SendAndPullEventInformation() with NTSTATUS 0x0, context 0xc5429e80, and result object 0x00000185C54EF4D0 with size 140
###Cleanup file handle = 0x00000185C5429E80, eventID = 0019, event Info = 0x00000185C5456C80
Dokan Information: SendAndPullEventInformation() with NTSTATUS 0x0, context 0xc5429e80, and result object 0x00000185C54EF4D0 with size 48
###Close file handle = 0x00000185C5429E80, eventID = 0019, event Info = 0x00000185C5456C80
[Close] \
###Create file handle = 0x00000185C542A500, eventID = 0020, event Info = 0x00000185C54574D0
[ZwCreateFile] \
Dokan Information: DokanEndDispatchCreate() status = 0, file handle = 0x00000185C542A500, eventID = 0020, result = 0x1
Dokan Information: SendAndPullEventInformation() with NTSTATUS 0x0, context 0xc542a500, and result object 0x00000185C54EF4D0 with size 48
###QueryVolumeInfo file handle = 0x00000185C542A500, eventID = 0020, event Info = 0x00000185C54574D0
[GetVolumeInformation]
Dokan Information: SendAndPullEventInformation() with NTSTATUS 0x0, context 0xc542a500, and result object 0x00000185C54EF4D0 with size 64
###GetFileInfo file handle = 0x00000185C542A500, eventID = 0020, event Info = 0x00000185C54574D0
	result =  0
	FileAllInformation
	DispatchQueryInformation result =  0
Dokan Information: SendAndPullEventInformation() with NTSTATUS 0x0, context 0xc542a500, and result object 0x00000185C54EF4D0 with size 140
###Cleanup file handle = 0x00000185C542A500, eventID = 0020, event Info = 0x00000185C54574D0
Dokan Information: SendAndPullEventInformation() with NTSTATUS 0x0, context 0xc542a500, and result object 0x00000185C54EF4D0 with size 48
###Close file handle = 0x00000185C542A500, eventID = 0020, event Info = 0x00000185C54574D0
[Close] \
###Create file handle = 0x00000185C5429E80, eventID = 0021, event Info = 0x00000185C5456C80
[ZwCreateFile] \
Dokan Information: DokanEndDispatchCreate() status = 0, file handle = 0x00000185C5429E80, eventID = 0021, result = 0x1
Dokan Information: SendAndPullEventInformation() with NTSTATUS 0x0, context 0xc5429e80, and result object 0x00000185C54EF4D0 with size 48
###QueryVolumeInfo file handle = 0x00000185C5429E80, eventID = 0021, event Info = 0x00000185C5456C80
[GetVolumeInformation]
Dokan Information: SendAndPullEventInformation() with NTSTATUS 0x0, context 0xc5429e80, and result object 0x00000185C54EF4D0 with size 64
###GetFileInfo file handle = 0x00000185C5429E80, eventID = 0021, event Info = 0x00000185C5456C80
	result =  0
	FileAllInformation
	DispatchQueryInformation result =  0
Dokan Information: SendAndPullEventInformation() with NTSTATUS 0x0, context 0xc5429e80, and result object 0x00000185C54EF4D0 with size 140
###Cleanup file handle = 0x00000185C5429E80, eventID = 0021, event Info = 0x00000185C5456C80
Dokan Information: SendAndPullEventInformation() with NTSTATUS 0x0, context 0xc5429e80, and result object 0x00000185C54EF4D0 with size 48
###Close file handle = 0x00000185C5429E80, eventID = 0021, event Info = 0x00000185C5456C80
[Close] \
###Create file handle = 0x00000185C542A500, eventID = 0022, event Info = 0x00000185C54574D0
[ZwCreateFile] \
Dokan Information: DokanEndDispatchCreate() status = 0, file handle = 0x00000185C542A500, eventID = 0022, result = 0x1
Dokan Information: SendAndPullEventInformation() with NTSTATUS 0x0, context 0xc542a500, and result object 0x00000185C54EF4D0 with size 48
###QueryVolumeInfo file handle = 0x00000185C542A500, eventID = 0022, event Info = 0x00000185C54574D0
[GetVolumeInformation]
Dokan Information: SendAndPullEventInformation() with NTSTATUS 0x0, context 0xc542a500, and result object 0x00000185C54EF4D0 with size 64
###GetFileInfo file handle = 0x00000185C542A500, eventID = 0022, event Info = 0x00000185C54574D0
	result =  0
	FileAllInformation
	DispatchQueryInformation result =  0
Dokan Information: SendAndPullEventInformation() with NTSTATUS 0x0, context 0xc542a500, and result object 0x00000185C54EF4D0 with size 140
###Cleanup file handle = 0x00000185C542A500, eventID = 0022, event Info = 0x00000185C54574D0
Dokan Information: SendAndPullEventInformation() with NTSTATUS 0x0, context 0xc542a500, and result object 0x00000185C54EF4D0 with size 48
###Close file handle = 0x00000185C542A500, eventID = 0022, event Info = 0x00000185C54574D0
[Close] \
###Create file handle = 0x00000185C5429E80, eventID = 0023, event Info = 0x00000185C5456C80
[ZwCreateFile] \
Dokan Information: DokanEndDispatchCreate() status = 0, file handle = 0x00000185C5429E80, eventID = 0023, result = 0x1
Dokan Information: SendAndPullEventInformation() with NTSTATUS 0x0, context 0xc5429e80, and result object 0x00000185C54EF4D0 with size 48
###QueryVolumeInfo file handle = 0x00000185C5429E80, eventID = 0023, event Info = 0x00000185C5456C80
[GetVolumeInformation]
Dokan Information: SendAndPullEventInformation() with NTSTATUS 0x0, context 0xc5429e80, and result object 0x00000185C54EF4D0 with size 64
###GetFileInfo file handle = 0x00000185C5429E80, eventID = 0023, event Info = 0x00000185C5456C80
	result =  0
	FileAllInformation
	DispatchQueryInformation result =  0
Dokan Information: SendAndPullEventInformation() with NTSTATUS 0x0, context 0xc5429e80, and result object 0x00000185C54EF4D0 with size 140
###Cleanup file handle = 0x00000185C5429E80, eventID = 0023, event Info = 0x00000185C5456C80
Dokan Information: SendAndPullEventInformation() with NTSTATUS 0x0, context 0xc5429e80, and result object 0x00000185C54EF4D0 with size 48
###Close file handle = 0x00000185C5429E80, eventID = 0023, event Info = 0x00000185C5456C80
[Close] \
###Create file handle = 0x00000185C542A500, eventID = 0024, event Info = 0x00000185C54574D0
[ZwCreateFile] \
Dokan Information: DokanEndDispatchCreate() status = 0, file handle = 0x00000185C542A500, eventID = 0024, result = 0x1
Dokan Information: SendAndPullEventInformation() with NTSTATUS 0x0, context 0xc542a500, and result object 0x00000185C54EF4D0 with size 48
###QueryVolumeInfo file handle = 0x00000185C542A500, eventID = 0024, event Info = 0x00000185C54574D0
[GetVolumeInformation]
Dokan Information: SendAndPullEventInformation() with NTSTATUS 0x0, context 0xc542a500, and result object 0x00000185C54EF4D0 with size 64
###GetFileInfo file handle = 0x00000185C542A500, eventID = 0024, event Info = 0x00000185C54574D0
	result =  0
	FileAllInformation
	DispatchQueryInformation result =  0
Dokan Information: SendAndPullEventInformation() with NTSTATUS 0x0, context 0xc542a500, and result object 0x00000185C54EF4D0 with size 140
###Cleanup file handle = 0x00000185C542A500, eventID = 0024, event Info = 0x00000185C54574D0
Dokan Information: SendAndPullEventInformation() with NTSTATUS 0x0, context 0xc542a500, and result object 0x00000185C54EF4D0 with size 48
###Close file handle = 0x00000185C542A500, eventID = 0024, event Info = 0x00000185C54574D0
[Close] \
###Create file handle = 0x00000185C5429E80, eventID = 0025, event Info = 0x00000185C5456C80
[ZwCreateFile] \
Dokan Information: DokanEndDispatchCreate() status = 0, file handle = 0x00000185C5429E80, eventID = 0025, result = 0x1
Dokan Information: SendAndPullEventInformation() with NTSTATUS 0x0, context 0xc5429e80, and result object 0x00000185C54EF4D0 with size 48
###QueryVolumeInfo file handle = 0x00000185C5429E80, eventID = 0025, event Info = 0x00000185C5456C80
[GetVolumeInformation]
Dokan Information: SendAndPullEventInformation() with NTSTATUS 0x0, context 0xc5429e80, and result object 0x00000185C54EF4D0 with size 64
###GetFileInfo file handle = 0x00000185C5429E80, eventID = 0025, event Info = 0x00000185C5456C80
	result =  0
	FileAllInformation
	DispatchQueryInformation result =  0
Dokan Information: SendAndPullEventInformation() with NTSTATUS 0x0, context 0xc5429e80, and result object 0x00000185C54EF4D0 with size 140
###Cleanup file handle = 0x00000185C5429E80, eventID = 0025, event Info = 0x00000185C5456C80
Dokan Information: SendAndPullEventInformation() with NTSTATUS 0x0, context 0xc5429e80, and result object 0x00000185C54EF4D0 with size 48
###Close file handle = 0x00000185C5429E80, eventID = 0025, event Info = 0x00000185C5456C80
[Close] \
###Create file handle = 0x00000185C5429E80, eventID = 0026, event Info = 0x00000185C54574D0
[ZwCreateFile] \
Dokan Information: DokanEndDispatchCreate() status = 0, file handle = 0x00000185C5429E80, eventID = 0026, result = 0x1
Dokan Information: SendAndPullEventInformation() with NTSTATUS 0x0, context 0xc5429e80, and result object 0x00000185C54EF4D0 with size 48
###QueryVolumeInfo file handle = 0x00000185C5429E80, eventID = 0026, event Info = 0x00000185C54574D0
[GetVolumeInformation]
Dokan Information: SendAndPullEventInformation() with NTSTATUS 0x0, context 0xc5429e80, and result object 0x00000185C54EF4D0 with size 64
###GetFileInfo file handle = 0x00000185C5429E80, eventID = 0026, event Info = 0x00000185C54574D0
	result =  0
	FileAllInformation
	DispatchQueryInformation result =  0
Dokan Information: SendAndPullEventInformation() with NTSTATUS 0x0, context 0xc5429e80, and result object 0x00000185C54EF4D0 with size 140
###Cleanup file handle = 0x00000185C5429E80, eventID = 0026, event Info = 0x00000185C54574D0
Dokan Information: SendAndPullEventInformation() with NTSTATUS 0x0, context 0xc5429e80, and result object 0x00000185C54EF4D0 with size 48
###Close file handle = 0x00000185C5429E80, eventID = 0026, event Info = 0x00000185C54574D0
[Close] \
###Create file handle = 0x00000185C542A500, eventID = 0027, event Info = 0x00000185C5456C80
[ZwCreateFile] \
Dokan Information: DokanEndDispatchCreate() status = 0, file handle = 0x00000185C542A500, eventID = 0027, result = 0x1
Dokan Information: SendAndPullEventInformation() with NTSTATUS 0x0, context 0xc542a500, and result object 0x00000185C54EF4D0 with size 48
###QueryVolumeInfo file handle = 0x00000185C542A500, eventID = 0027, event Info = 0x00000185C5456C80
[GetVolumeInformation]
Dokan Information: SendAndPullEventInformation() with NTSTATUS 0x0, context 0xc542a500, and result object 0x00000185C54EF4D0 with size 64
###GetFileInfo file handle = 0x00000185C542A500, eventID = 0027, event Info = 0x00000185C5456C80
	result =  0
	FileAllInformation
	DispatchQueryInformation result =  0
Dokan Information: SendAndPullEventInformation() with NTSTATUS 0x0, context 0xc542a500, and result object 0x00000185C54EF4D0 with size 140
###Cleanup file handle = 0x00000185C542A500, eventID = 0027, event Info = 0x00000185C5456C80
Dokan Information: SendAndPullEventInformation() with NTSTATUS 0x0, context 0xc542a500, and result object 0x00000185C54EF4D0 with size 48
###Close file handle = 0x00000185C542A500, eventID = 0027, event Info = 0x00000185C5456C80
[Close] \
###Create file handle = 0x00000185C5429E80, eventID = 0028, event Info = 0x00000185C54574D0
[ZwCreateFile] \
Dokan Information: DokanEndDispatchCreate() status = 0, file handle = 0x00000185C5429E80, eventID = 0028, result = 0x1
Dokan Information: SendAndPullEventInformation() with NTSTATUS 0x0, context 0xc5429e80, and result object 0x00000185C54EF4D0 with size 48
###QueryVolumeInfo file handle = 0x00000185C5429E80, eventID = 0028, event Info = 0x00000185C54574D0
[GetVolumeInformation]
Dokan Information: SendAndPullEventInformation() with NTSTATUS 0x0, context 0xc5429e80, and result object 0x00000185C54EF4D0 with size 64
###GetFileInfo file handle = 0x00000185C5429E80, eventID = 0028, event Info = 0x00000185C54574D0
	result =  0
	FileAllInformation
	DispatchQueryInformation result =  0
Dokan Information: SendAndPullEventInformation() with NTSTATUS 0x0, context 0xc5429e80, and result object 0x00000185C54EF4D0 with size 140
###Cleanup file handle = 0x00000185C5429E80, eventID = 0028, event Info = 0x00000185C54574D0
Dokan Information: SendAndPullEventInformation() with NTSTATUS 0x0, context 0xc5429e80, and result object 0x00000185C54EF4D0 with size 48
###Close file handle = 0x00000185C5429E80, eventID = 0028, event Info = 0x00000185C54574D0
[Close] \
###Create file handle = 0x00000185C542A500, eventID = 0029, event Info = 0x00000185C5456C80
[ZwCreateFile] \
Dokan Information: DokanEndDispatchCreate() status = 0, file handle = 0x00000185C542A500, eventID = 0029, result = 0x1
Dokan Information: SendAndPullEventInformation() with NTSTATUS 0x0, context 0xc542a500, and result object 0x00000185C54EF4D0 with size 48
###QueryVolumeInfo file handle = 0x00000185C542A500, eventID = 0029, event Info = 0x00000185C5456C80
[GetVolumeInformation]
Dokan Information: SendAndPullEventInformation() with NTSTATUS 0x0, context 0xc542a500, and result object 0x00000185C54EF4D0 with size 64
###GetFileInfo file handle = 0x00000185C542A500, eventID = 0029, event Info = 0x00000185C5456C80
	result =  0
	FileAllInformation
	DispatchQueryInformation result =  0
Dokan Information: SendAndPullEventInformation() with NTSTATUS 0x0, context 0xc542a500, and result object 0x00000185C54EF4D0 with size 140
###Cleanup file handle = 0x00000185C542A500, eventID = 0029, event Info = 0x00000185C5456C80
Dokan Information: SendAndPullEventInformation() with NTSTATUS 0x0, context 0xc542a500, and result object 0x00000185C54EF4D0 with size 48
###Close file handle = 0x00000185C542A500, eventID = 0029, event Info = 0x00000185C5456C80
[Close###Create file handle = 0x00000185C542A500, eventID = 0030, event Info = 0x00000185C54574D0
] \
[ZwCreateFile] \
Dokan Information: DokanEndDispatchCreate() status = 0, file handle = 0x00000185C542A500, eventID = 0030, result = 0x1
Dokan Information: SendAndPullEventInformation() with NTSTATUS 0x0, context 0xc542a500, and result object 0x00000185C54EF4D0 with size 48
###QueryVolumeInfo file handle = 0x00000185C542A500, eventID = 0030, event Info = 0x00000185C54574D0
[GetVolumeInformation]
Dokan Information: SendAndPullEventInformation() with NTSTATUS 0x0, context 0xc542a500, and result object 0x00000185C54EF4D0 with size 64
###GetFileInfo file handle = 0x00000185C542A500, eventID = 0030, event Info = 0x00000185C54574D0
	result =  0
	FileAllInformation
	DispatchQueryInformation result =  0
Dokan Information: SendAndPullEventInformation() with NTSTATUS 0x0, context 0xc542a500, and result object 0x00000185C54EF4D0 with size 140
###Cleanup file handle = 0x00000185C542A500, eventID = 0030, event Info = 0x00000185C54574D0
Dokan Information: SendAndPullEventInformation() with NTSTATUS 0x0, context 0xc542a500, and result object 0x00000185C54EF4D0 with size 48
###Close file handle = 0x00000185C542A500, eventID = 0030, event Info = 0x00000185C54574D0
[Close] \
###Create file handle = 0x00000185C542A500, eventID = 0031, event Info = 0x00000185C5456C80
[ZwCreateFile] \
Dokan Information: DokanEndDispatchCreate() status = 0, file handle = 0x00000185C542A500, eventID = 0031, result = 0x1
Dokan Information: SendAndPullEventInformation() with NTSTATUS 0x0, context 0xc542a500, and result object 0x00000185C54EF4D0 with size 48
###QueryVolumeInfo file handle = 0x00000185C542A500, eventID = 0031, event Info = 0x00000185C5456C80
[GetVolumeInformation]
Dokan Information: SendAndPullEventInformation() with NTSTATUS 0x0, context 0xc542a500, and result object 0x00000185C54EF4D0 with size 64
###GetFileInfo file handle = 0x00000185C542A500, eventID = 0031, event Info = 0x00000185C5456C80
	result =  0
	FileAllInformation
	DispatchQueryInformation result =  0
Dokan Information: SendAndPullEventInformation() with NTSTATUS 0x0, context 0xc542a500, and result object 0x00000185C54EF4D0 with size 140
###Cleanup file handle = 0x00000185C542A500, eventID = 0031, event Info = 0x00000185C5456C80
Dokan Information: SendAndPullEventInformation() with NTSTATUS 0x0, context 0xc542a500, and result object 0x00000185C54EF4D0 with size 48
###Close file handle = 0x00000185C542A500, eventID = 0031, event Info = 0x00000185C5456C80
[Close] \
###Create file handle = 0x00000185C5429E80, eventID = 0032, event Info = 0x00000185C54574D0
[ZwCreateFile] \
Dokan Information: DokanEndDispatchCreate() status = 0, file handle = 0x00000185C5429E80, eventID = 0032, result = 0x1
Dokan Information: SendAndPullEventInformation() with NTSTATUS 0x0, context 0xc5429e80, and result object 0x00000185C54EF4D0 with size 48
###QueryVolumeInfo file handle = 0x00000185C5429E80, eventID = 0032, event Info = 0x00000185C54574D0
[GetVolumeInformation]
Dokan Information: SendAndPullEventInformation() with NTSTATUS 0x0, context 0xc5429e80, and result object 0x00000185C54EF4D0 with size 64
###GetFileInfo file handle = 0x00000185C5429E80, eventID = 0032, event Info = 0x00000185C54574D0
	result =  0
	FileAllInformation
	DispatchQueryInformation result =  0
Dokan Information: SendAndPullEventInformation() with NTSTATUS 0x0, context 0xc5429e80, and result object 0x00000185C54EF4D0 with size 140
###Cleanup file handle = 0x00000185C5429E80, eventID = 0032, event Info = 0x00000185C54574D0
Dokan Information: SendAndPullEventInformation() with NTSTATUS 0x0, context 0xc5429e80, and result object 0x00000185C54EF4D0 with size 48
###Close file handle = 0x00000185C5429E80, eventID = 0032, event Info = 0x00000185C54574D0
[Close] \
###Create file handle = 0x00000185C542A500, eventID = 0033, event Info = 0x00000185C5456C80
[ZwCreateFile] \
Dokan Information: DokanEndDispatchCreate() status = 0, file handle = 0x00000185C542A500, eventID = 0033, result = 0x1
Dokan Information: SendAndPullEventInformation() with NTSTATUS 0x0, context 0xc542a500, and result object 0x00000185C54EF4D0 with size 48
###QueryVolumeInfo file handle = 0x00000185C542A500, eventID = 0033, event Info = 0x00000185C5456C80
[GetVolumeInformation]
Dokan Information: SendAndPullEventInformation() with NTSTATUS 0x0, context 0xc542a500, and result object 0x00000185C54EF4D0 with size 64
###GetFileInfo file handle = 0x00000185C542A500, eventID = 0033, event Info = 0x00000185C5456C80
	result =  0
	FileAllInformation
	DispatchQueryInformation result =  0
Dokan Information: SendAndPullEventInformation() with NTSTATUS 0x0, context 0xc542a500, and result object 0x00000185C54EF4D0 with size 140
###Cleanup file handle = 0x00000185C542A500, eventID = 0033, event Info = 0x00000185C5456C80
Dokan Information: SendAndPullEventInformation() with NTSTATUS 0x0, context 0xc542a500, and result object 0x00000185C54EF4D0 with size 48
###Close file handle = 0x00000185C542A500, eventID = 0033, event Info = 0x00000185C5456C80
[Close] \
###Create file handle = 0x00000185C5429E80, eventID = 0034, event Info = 0x00000185C54574D0
[ZwCreateFile] \
Dokan Information: DokanEndDispatchCreate() status = 0, file handle = 0x00000185C5429E80, eventID = 0034, result = 0x1
Dokan Information: SendAndPullEventInformation() with NTSTATUS 0x0, context 0xc5429e80, and result object 0x00000185C54EF4D0 with size 48
###QueryVolumeInfo file handle = 0x00000185C5429E80, eventID = 0034, event Info = 0x00000185C54574D0
[GetVolumeInformation]
Dokan Information: SendAndPullEventInformation() with NTSTATUS 0x0, context 0xc5429e80, and result object 0x00000185C54EF4D0 with size 64
###GetFileInfo file handle = 0x00000185C5429E80, eventID = 0034, event Info = 0x00000185C54574D0
	result =  0
	FileAllInformation
	DispatchQueryInformation result =  0
Dokan Information: SendAndPullEventInformation() with NTSTATUS 0x0, context 0xc5429e80, and result object 0x00000185C54EF4D0 with size 140
###Cleanup file handle = 0x00000185C5429E80, eventID = 0034, event Info = 0x00000185C54574D0
Dokan Information: SendAndPullEventInformation() with NTSTATUS 0x0, context 0xc5429e80, and result object 0x00000185C54EF4D0 with size 48
###Close file handle = 0x00000185C5429E80, eventID = 0034, event Info = 0x00000185C54574D0
[Close] \
###Create file handle = 0x00000185C542A500, eventID = 0035, event Info = 0x00000185C5456C80
[ZwCreateFile] \
Dokan Information: DokanEndDispatchCreate() status = 0, file handle = 0x00000185C542A500, eventID = 0035, result = 0x1
Dokan Information: SendAndPullEventInformation() with NTSTATUS 0x0, context 0xc542a500, and result object 0x00000185C54EF4D0 with size 48
###QueryVolumeInfo file handle = 0x00000185C542A500, eventID = 0035, event Info = 0x00000185C5456C80
[GetVolumeInformation]
Dokan Information: SendAndPullEventInformation() with NTSTATUS 0x0, context 0xc542a500, and result object 0x00000185C54EF4D0 with size 64
###GetFileInfo file handle = 0x00000185C542A500, eventID = 0035, event Info = 0x00000185C5456C80
	result =  0
	FileAllInformation
	DispatchQueryInformation result =  0
Dokan Information: SendAndPullEventInformation() with NTSTATUS 0x0, context 0xc542a500, and result object 0x00000185C54EF4D0 with size 140
###Cleanup file handle = 0x00000185C542A500, eventID = 0035, event Info = 0x00000185C5456C80
Dokan Information: SendAndPullEventInformation() with NTSTATUS 0x0, context 0xc542a500, and result object 0x00000185C54EF4D0 with size 48
###Close file handle = 0x00000185C542A500, eventID = 0035, event Info = 0x00000185C5456C80
[Close] \
###Create file handle = 0x00000185C5429E80, eventID = 0036, event Info = 0x00000185C54574D0
[ZwCreateFile] \
Dokan Information: DokanEndDispatchCreate() status = 0, file handle = 0x00000185C5429E80, eventID = 0036, result = 0x1
Dokan Information: SendAndPullEventInformation() with NTSTATUS 0x0, context 0xc5429e80, and result object 0x00000185C54EF4D0 with size 48
###QueryVolumeInfo file handle = 0x00000185C5429E80, eventID = 0036, event Info = 0x00000185C54574D0
[GetVolumeInformation]
Dokan Information: SendAndPullEventInformation() with NTSTATUS 0x0, context 0xc5429e80, and result object 0x00000185C54EF4D0 with size 64
###GetFileInfo file handle = 0x00000185C5429E80, eventID = 0036, event Info = 0x00000185C54574D0
	result =  0
	FileAllInformation
	DispatchQueryInformation result =  0
Dokan Information: SendAndPullEventInformation() with NTSTATUS 0x0, context 0xc5429e80, and result object 0x00000185C54EF4D0 with size 140
###Cleanup file handle = 0x00000185C5429E80, eventID = 0036, event Info = 0x00000185C54574D0
Dokan Information: SendAndPullEventInformation() with NTSTATUS 0x0, context 0xc5429e80, and result object 0x00000185C54EF4D0 with size 48
###Close file handle = 0x00000185C5429E80, eventID = 0036, event Info = 0x00000185C54574D0
[Close] \
###Create file handle = 0x00000185C5429E80, eventID = 0037, event Info = 0x00000185C5456C80
[ZwCreateFile] \
Dokan Information: DokanEndDispatchCreate() status = 0, file handle = 0x00000185C5429E80, eventID = 0037, result = 0x1
Dokan Information: SendAndPullEventInformation() with NTSTATUS 0x0, context 0xc5429e80, and result object 0x00000185C54EF4D0 with size 48
###QueryVolumeInfo file handle = 0x00000185C5429E80, eventID = 0037, event Info = 0x00000185C5456C80
[GetVolumeInformation]
Dokan Information: SendAndPullEventInformation() with NTSTATUS 0x0, context 0xc5429e80, and result object 0x00000185C54EF4D0 with size 64
###GetFileInfo file handle = 0x00000185C5429E80, eventID = 0037, event Info = 0x00000185C5456C80
	result =  0
	FileAllInformation
	DispatchQueryInformation result =  0
Dokan Information: SendAndPullEventInformation() with NTSTATUS 0x0, context 0xc5429e80, and result object 0x00000185C54EF4D0 with size 140
###Cleanup file handle = 0x00000185C5429E80, eventID = 0037, event Info = 0x00000185C5456C80
Dokan Information: SendAndPullEventInformation() with NTSTATUS 0x0, context 0xc5429e80, and result object 0x00000185C54EF4D0 with size 48
###Close file handle = 0x00000185C5429E80, eventID = 0037, event Info = 0x00000185C5456C80
[Close] \
###Create file handle = 0x00000185C542A500, eventID = 0038, event Info = 0x00000185C54574D0
[ZwCreateFile] \
Dokan Information: DokanEndDispatchCreate() status = 0, file handle = 0x00000185C542A500, eventID = 0038, result = 0x1
Dokan Information: SendAndPullEventInformation() with NTSTATUS 0x0, context 0xc542a500, and result object 0x00000185C54EF4D0 with size 48
###QueryVolumeInfo file handle = 0x00000185C542A500, eventID = 0038, event Info = 0x00000185C54574D0
[GetVolumeInformation]
Dokan Information: SendAndPullEventInformation() with NTSTATUS 0x0, context 0xc542a500, and result object 0x00000185C54EF4D0 with size 64
###GetFileInfo file handle = 0x00000185C542A500, eventID = 0038, event Info = 0x00000185C54574D0
	result =  0
	FileAllInformation
	DispatchQueryInformation result =  0
Dokan Information: SendAndPullEventInformation() with NTSTATUS 0x0, context 0xc542a500, and result object 0x00000185C54EF4D0 with size 140
###Cleanup file handle = 0x00000185C542A500, eventID = 0038, event Info = 0x00000185C54574D0
Dokan Information: SendAndPullEventInformation() with NTSTATUS 0x0, context 0xc542a500, and result object 0x00000185C54EF4D0 with size 48
###Close file handle = 0x00000185C542A500, eventID = 0038, event Info = 0x00000185C54574D0
[Close] \
###QueryVolumeInfo file handle = 0x0000000000000000, eventID = -001, event Info = 0x00000185C54574D0
[GetVolumeInformation]
Dokan Information: SendAndPullEventInformation() with NTSTATUS 0x0, context 0x0, and result object 0x00000185C54EF4D0 with size 68
###Create file handle = 0x00000185C542A500, eventID = 0039, event Info = 0x00000185C54574D0
[ZwCreateFile] \
Dokan Information: DokanEndDispatchCreate() status = 0, file handle = 0x00000185C542A500, eventID = 0039, result = 0x1
Dokan Information: SendAndPullEventInformation() with NTSTATUS 0x0, context 0xc542a500, and result object 0x00000185C54EF4D0 with size 48
###QueryVolumeInfo file handle = 0x00000185C542A500, eventID = 0039, event Info = 0x00000185C54574D0
[GetVolumeInformation]
Dokan Information: SendAndPullEventInformation() with NTSTATUS 0x0, context 0xc542a500, and result object 0x00000185C54EF4D0 with size 74
###QueryVolumeInfo file handle = 0x00000185C542A500, eventID = 0039, event Info = 0x00000185C54574D0
[GetVolumeInformation]
Dokan Information: SendAndPullEventInformation() with NTSTATUS 0x0, context 0xc542a500, and result object 0x00000185C54EF4D0 with size 68
###Cleanup file handle = 0x00000185C542A500, eventID = 0039, event Info = 0x00000185C54574D0
Dokan Information: SendAndPullEventInformation() with NTSTATUS 0x0, context 0xc542a500, and result object 0x00000185C54EF4D0 with size 48
###Close file handle = 0x00000185C542A500, eventID = 0039, event Info = 0x00000185C54574D0
[Close] \
###Create file handle = 0x00000185C542A500, eventID = 0040, event Info = 0x00000185C54574D0
[ZwCreateFile] \
Dokan Information: DokanEndDispatchCreate() status = 0, file handle = 0x00000185C542A500, eventID = 0040, result = 0x1
Dokan Information: SendAndPullEventInformation() with NTSTATUS 0x0, context 0xc542a500, and result object 0x00000185C54EF4D0 with size 48
###QueryVolumeInfo file handle = 0x00000185C542A500, eventID = 0040, event Info = 0x00000185C54574D0
[GetVolumeInformation]
Dokan Information: SendAndPullEventInformation() with NTSTATUS 0x0, context 0xc542a500, and result object 0x00000185C54EF4D0 with size 74
###QueryVolumeInfo file handle = 0x00000185C542A500, eventID = 0040, event Info = 0x00000185C54574D0
[GetVolumeInformation]
Dokan Information: SendAndPullEventInformation() with NTSTATUS 0x0, context 0xc542a500, and result object 0x00000185C54EF4D0 with size 68
###Cleanup file handle = 0x00000185C542A500, eventID = 0040, event Info = 0x00000185C54574D0
Dokan Information: SendAndPullEventInformation() with NTSTATUS 0x0, context 0xc542a500, and result object 0x00000185C54EF4D0 with size 48
###Close file handle = 0x00000185C542A500, eventID = 0040, event Info = 0x00000185C54574D0
[Close] \
###Create file handle = 0x00000185C5429E80, eventID = 0041, event Info = 0x00000185C5456C80
[ZwCreateFile] \
Dokan Information: DokanEndDispatchCreate() status = 0, file handle = 0x00000185C5429E80, eventID = 0041, result = 0x1
Dokan Information: SendAndPullEventInformation() with NTSTATUS 0x0, context 0xc5429e80, and result object 0x00000185C54EF4D0 with size 48
###GetFileInfo file handle = 0x00000185C5429E80, eventID = 0041, event Info = 0x00000185C5456C80
	result =  0
	FileNetworkOpenInformation
	DispatchQueryInformation result =  0
Dokan Information: SendAndPullEventInformation() with NTSTATUS 0x0, context 0xc5429e80, and result object 0x00000185C54EF4D0 with size 96
###Cleanup file handle = 0x00000185C5429E80, eventID = 0041, event Info = 0x00000185C5456C80
Dokan Information: SendAndPullEventInformation() with NTSTATUS 0x0, context 0xc5429e80, and result object 0x00000185C54EF4D0 with size 48
###Close file handle = 0x00000185C5429E80, eventID = 0041, event Info = 0x00000185C5456C80
[Close] \
###Create file handle = 0x00000185C5429E80, eventID = 0042, event Info = 0x00000185C54574D0
[ZwCreateFile] \
Dokan Information: DokanEndDispatchCreate() status = 0, file handle = 0x00000185C5429E80, eventID = 0042, result = 0x1
Dokan Information: SendAndPullEventInformation() with NTSTATUS 0x0, context 0xc5429e80, and result object 0x00000185C54EF4D0 with size 48
###GetFileInfo file handle = 0x00000185C5429E80, eventID = 0042, event Info = 0x00000185C54574D0
	result =  0
	FileBasicInformation
	DispatchQueryInformation result =  0
Dokan Information: SendAndPullEventInformation() with NTSTATUS 0x0, context 0xc5429e80, and result object 0x00000185C54EF4D0 with size 80
###Cleanup file handle = 0x00000185C5429E80, eventID = 0042, event Info = 0x00000185C54574D0
Dokan Information: SendAndPullEventInformation() with NTSTATUS 0x0, context 0xc5429e80, and result object 0x00000185C54EF4D0 with size 48
###Close file handle = 0x00000185C5429E80, eventID = 0042, event Info = 0x00000185C54574D0
[Close] \
###Create file handle = 0x00000185C5429E80, eventID = 0043, event Info = 0x00000185C54574D0
[ZwCreateFile] \gost_w.exe
Dokan Information: DokanEndDispatchCreate() status = c0000034, file handle = 0x0000000000000000, eventID = -001, result = 0x5
Dokan Information: SendAndPullEventInformation() with NTSTATUS 0xc0000034, context 0x0, and result object 0x00000185C54EF4D0 with size 48
###Create file handle = 0x00000185C5429E80, eventID = 0044, event Info = 0x00000185C54574D0
[ZwCreateFile] \gost_w.exe
Dokan Information: DokanEndDispatchCreate() status = c0000034, file handle = 0x0000000000000000, eventID = -001, result = 0x5
Dokan Information: SendAndPullEventInformation() with NTSTATUS 0xc0000034, context 0x0, and result object 0x00000185C54EF4D0 with size 48
###Create file handle = 0x00000185C5429E80, eventID = 0045, event Info = 0x00000185C54574D0
[ZwCreateFile] \
Dokan Information: DokanEndDispatchCreate() status = 0, file handle = 0x00000185C5429E80, eventID = 0045, result = 0x1
Dokan Information: SendAndPullEventInformation() with NTSTATUS 0x0, context 0xc5429e80, and result object 0x00000185C54EF4D0 with size 48
###FindFiles file handle = 0x00000185C5429E80, eventID = 0045, event Info = 0x00000185C54574D0
WriteDirectoryResults() New directory index is -1.
  STATUS_NO_SUCH_FILE
Dokan Information: SendAndPullEventInformation() with NTSTATUS 0xc000000f, context 0xc5429e80, and result object 0x00000185C54EF4D0 with size 48
###Cleanup file handle = 0x00000185C5429E80, eventID = 0045, event Info = 0x00000185C54574D0
Dokan Information: SendAndPullEventInformation() with NTSTATUS 0x0, context 0xc5429e80, and result object 0x00000185C54EF4D0 with size 48
###Close file handle = 0x00000185C5429E80, eventID = 0045, event Info = 0x00000185C54574D0
[Close] \
###Create file handle = 0x00000185C542A500, eventID = 0046, event Info = 0x00000185C5456C80
[ZwCreateFile] \gost_w.exe
Dokan Information: DokanEndDispatchCreate() status = 0, file handle = 0x00000185C542A500, eventID = 0046, result = 0x2
Dokan Information: SendAndPullEventInformation() with NTSTATUS 0x0, context 0xc542a500, and result object 0x00000185C54EF4D0 with size 48
###GetFileInfo file handle = 0x00000185C542A500, eventID = 0046, event Info = 0x00000185C5456C80
	result =  c0000034
	DispatchQueryInformation result =  c0000034
Dokan Information: SendAndPullEventInformation() with NTSTATUS 0xc000000d, context 0xc542a500, and result object 0x00000185C54EF4D0 with size 48
###GetFileInfo file handle = 0x00000185C542A500, eventID = 0046, event Info = 0x00000185C5456C80
	result =  c0000034
	DispatchQueryInformation result =  c0000034
Dokan Information: SendAndPullEventInformation() with NTSTATUS 0xc000000d, context 0xc542a500, and result object 0x00000185C54EF4D0 with size 48
###GetFileInfo file handle = 0x00000185C542A500, eventID = 0046, event Info = 0x00000185C5456C80
	result =  c0000034
	DispatchQueryInformation result =  c0000034
Dokan Information: SendAndPullEventInformation() with NTSTATUS 0xc000000d, context 0xc542a500, and result object 0x00000185C54EF4D0 with size 48
###GetFileInfo file handle = 0x00000185C542A500, eventID = 0046, event Info = 0x00000185C5456C80
	result =  c0000034
	DispatchQueryInformation result =  c0000034
Dokan Information: SendAndPullEventInformation() with NTSTATUS 0xc000000d, context 0xc542a500, and result object 0x00000185C54EF4D0 with size 48
###QueryVolumeInfo file handle = 0x00000185C542A500, eventID = 0046, event Info = 0x00000185C5456C80
[GetVolumeInformation]
Dokan Information: SendAndPullEventInformation() with NTSTATUS 0x0, context 0xc542a500, and result object 0x00000185C54EF4D0 with size 68
###GetFileInfo file handle = 0x00000185C542A500, eventID = 0046, event Info = 0x00000185C5456C80
	result =  c0000034
	DispatchQueryInformation result =  c0000034
Dokan Information: SendAndPullEventInformation() with NTSTATUS 0xc000000d, context 0xc542a500, and result object 0x00000185C54EF4D0 with size 48
###SetFileInfo file handle = 0x00000185C542A500, eventID = 0046, FileInformationClass = 20, event Info = 0x00000185C5456C80
	DispatchSetInformation result =  0
Dokan Information: SendAndPullEventInformation() with NTSTATUS 0x0, context 0xc542a500, and result object 0x00000185C54EF4D0 with size 48
###GetFileInfo file handle = 0x00000185C542A500, eventID = 0046, event Info = 0x00000185C5456C80
	result =  c0000034
	DispatchQueryInformation result =  c0000034
Dokan Information: SendAndPullEventInformation() with NTSTATUS 0xc000000d, context 0xc542a500, and result object 0x00000185C54EF4D0 with size 48
###WriteFile file handle = 0x00000185C542A500, eventID = 0046, event Info = 0x00000185C54574D0
[W###WriteFile file handle = 0x00000185C542A500, eventID = 0046, event Info = 0x00000185C5456C80
rite] off=0 len=1048576
###GetFileInfo file handle = 0x00000185C542A500, eventID = 0046, event Info = 0x00000185C54573F0
###WriteFile file handle = 0x00000185C542A500, eventID = 0046, event Info = 0x00000185C5456EB0
[Write] off=1048576 len=1048576
Dokan Information: SendAndPullEventInformation() with NTSTATUS 0x0, context 0xc542a500, and result object 0x00000185C74054E0 with size 48
[Write] off=2097152 len=1048576
	result =  c0000034
	DispatchQueryInformation result =  c0000034
###WriteFile file handle = 0x00000185C542A500, eventID = 0046, event Info = 0x00000185C54574D0
Dokan Information: SendAndPullEventInformation() with NTSTATUS 0x0, context 0xc542a500, and result object 0x00000185C7418D20 with size 48
Dokan Information: SendAndPullEventInformation() with NTSTATUS 0x0, context 0xc542a500, and result object 0x00000185C54EF4D0 with size 48
[Write] off=3145728 len=1048576
Dokan Information: SendAndPullEventInformation() with NTSTATUS 0xc000000d, context 0xc542a500, and result object 0x00000185C7419D50 with size 48
###WriteFile file handle = 0x00000185C542A500, eventID = 0046, event Info = 0x00000185C5456C80
###WriteFile file handle = 0x00000185C542A500, eventID = 0046, event Info = 0x00000185C5456EB0
Dokan Information: SendAndPullEventInformation() with NTSTATUS 0x0, context 0xc542a500, and result object 0x00000185C74054E0 with size 48
[Write] off=4194304 len=1048576
###GetFileInfo file handle = 0x00000185C542A500, eventID = 0046, event Info = 0x00000185C54574D0
[Write] off=5242880 len=1048576
Dokan Information: SendAndPullEventInformation() with NTSTATUS 0x0, context 0xc542a500, and result object 0x00000185C54EF4D0 with size 48
###WriteFile file handle = 0x00000185C542A500, eventID = 0046, event Info = 0x00000185C54573F0
	result =  c0000034
Dokan Information: SendAndPullEventInformation() with NTSTATUS 0x0, context 0xc542a500, and result object 0x00000185C7418D20 with size 48
[Write] off=6291456 len=1048576
	DispatchQueryInformation result =  c0000034
###WriteFile file handle = 0x00000185C542A500, eventID = 0046, event Info = 0x00000185C5456EB0
###WriteFile file handle = 0x00000185C542A500, eventID = 0046, event Info = 0x00000185C5456C80
Dokan Information: SendAndPullEventInformation() with NTSTATUS 0xc000000d, context 0xc542a500, and result object 0x00000185C74054E0 with size 48
[Write] oDokan Information: SendAndPullEventInformation() with NTSTATUS 0x0, context 0xc542a500, and result object 0x00000185C7419D50 with size 48
ff=7340032 len=104###GetFileInfo file handle = 0x00000185C542A500, eventID = 0046, event Info = 0x00000185C54573F0
8576
###WriteFile file handle = 0x00000185C542A500, eventID = 0046, event Info = 0x00000185C54574D0
[Write] off=	result =  c0000034
8388608 len=1048576
	DispatchQueryInformation result =  c0000034
[Write] off=9437184 len=Dokan Information: SendAndPullEventInformation() with NTSTATUS 0x0, context 0xc542a500, and result object 0x00000185C7418D20 with size 48
10485Dokan Information: SendAndPullEventInformation() with NTSTATUS 0xc000000d, context 0xc542a500, and result object 0x00000185C7419D50 with size 48
76
Dokan Information: SendAndPullEventInformation() with NTSTATUS 0x0, context 0xc542a500, and result object 0x00000185C54EF4D0 with size 48
###WriteFile file handle = 0x00000185C542A500, eventID = 0046, event Info = 0x00000185C5456EB0
Dokan Information: SendAndPullEventInformation() with NTSTATUS 0x0, context 0xc542a500, and result object 0x00000185C74054E0 with size 48
###GetFileInfo file handle = 0x00000185C542A500, eventID = 0046, event Info = 0x00000185C5456C80
[Write] off=10485760 len=1048576
	result =  c0000034
Dokan Information: SendAndPullEventInformation() with NTSTATUS 0x0, context 0xc542a500, and result object 0x00000185C7418D20 with size 48
###WriteFile file handle = 0x00000185C542A500, eventID = 0046, event Info = 0x00000185C54573F0
	DispatchQueryInformation result =  c0000034
###WriteFile file handle = 0x00000185C542A500, eventID = 0046, event Info = 0x00000185C54574D0
[Write] off=12582912 len=696320
Dokan Information: SendAndPullEventInformation() with NTSTATUS 0xc000000d, context 0xc542a500, and result object 0x00000185C54EF4D0 with size 48
[Write] off=11534336 len=1048576
Dokan Information: SendAndPullEventInformation() with NTSTATUS 0x0, context 0xc542a500, and result object 0x00000185C7419D50 with size 48
Dokan Information: SendAndPullEventInformation() with NTSTATUS 0x0, context 0xc542a500, and result object 0x00000185C74054E0 with size 48
###QueryVolumeInfo file handle = 0x00000185C542A500, eventID = 0046, event Info = 0x00000185C54574D0
[GetVolumeInformation]
Dokan Information: SendAndPullEventInformation() with NTSTATUS 0x0, context 0xc542a500, and result object 0x00000185C74054E0 with size 68
###GetFileInfo file handle = 0x00000185C542A500, eventID = 0046, event Info = 0x00000185C54574D0
	result =  c0000034
	DispatchQueryInformation result =  c0000034
Dokan Information: SendAndPullEventInformation() with NTSTATUS 0xc000000d, context 0xc542a500, and result object 0x00000185C74054E0 with size 48
###Create file handle = 0x00000185C5429E80, eventID = 0047, event Info = 0x00000185C54574D0
[ZwCreateFile] \gost_w.exe:Zone.Identifier:$DATA
Dokan Information: DokanEndDispatchCreate() status = 0, file handle = 0x00000185C5429E80, eventID = 0047, result = 0x2
Dokan Information: SendAndPullEventInformation() with NTSTATUS 0x0, context 0xc5429e80, and result object 0x00000185C74054E0 with size 48
###GetFileInfo file handle = 0x00000185C5429E80, eventID = 0047, event Info = 0x00000185C54574D0
	result =  c0000034
	DispatchQueryInformation result =  c0000034
Dokan Information: SendAndPullEventInformation() with NTSTATUS 0xc000000d, context 0xc5429e80, and result object 0x00000185C74054E0 with size 48
###GetFileInfo file handle = 0x00000185C5429E80, eventID = 0047, event Info = 0x00000185C54574D0
	result =  c0000034
	DispatchQueryInformation result =  c0000034
Dokan Information: SendAndPullEventInformation() with NTSTATUS 0xc000000d, context 0xc5429e80, and result object 0x00000185C74054E0 with size 48
###GetFileInfo file handle = 0x00000185C5429E80, eventID = 0047, event Info = 0x00000185C54574D0
	result =  c0000034
	DispatchQueryInformation result =  c0000034
Dokan Information: SendAndPullEventInformation() with NTSTATUS 0xc000000d, context 0xc5429e80, and result object 0x00000185C74054E0 with size 48
###GetFileInfo file handle = 0x00000185C5429E80, eventID = 0047, event Info = 0x00000185C54574D0
	result =  c0000034
	DispatchQueryInformation result =  c0000034
Dokan Information: SendAndPullEventInformation() with NTSTATUS 0xc000000d, context 0xc5429e80, and result object 0x00000185C74054E0 with size 48
###QueryVolumeInfo file handle = 0x00000185C5429E80, eventID = 0047, event Info = 0x00000185C54574D0
[GetVolumeInformation]
Dokan Information: SendAndPullEventInformation() with NTSTATUS 0x0, context 0xc5429e80, and result object 0x00000185C74054E0 with size 68
###QueryVolumeInfo file handle = 0x00000185C5429E80, eventID = 0047, event Info = 0x00000185C54574D0
Dokan Information: SendAndPullEventInformation() with NTSTATUS 0x0, context 0xc5429e80, and result object 0x00000185C74054E0 with size 64
###SetFileInfo file handle = 0x00000185C5429E80, eventID = 0047, FileInformationClass = 20, event Info = 0x00000185C54574D0
	DispatchSetInformation result =  0
Dokan Information: SendAndPullEventInformation() with NTSTATUS 0x0, context 0xc5429e80, and result object 0x00000185C74054E0 with size 48
###WriteFile file handle = 0x00000185C5429E80, eventID = 0047, event Info = 0x00000185C54574D0
[Write] off=0 len=92
###GetFileInfo file handle = 0x00000185C5429E80, eventID = 0047, event Info = 0x00000185C54573F0
Dokan Information: SendAndPullEventInformation() with NTSTATUS 0x0, context 0xc5429e80, and result object 0x00000185C74054E0 with size 48
	result =  c0000034
	DispatchQueryInformation result =  c0000034
###SetFileInfo file handle = 0x00000185C5429E80, eventID = 0047, FileInformationClass = 4, event Info = 0x00000185C54574D0
	DispatchSetInformation result =  c0000002
Dokan Information: SendAndPullEventInformation() with NTSTATUS 0xc000000d, context 0xc5429e80, and result object 0x00000185C7419D50 with size 48
Dokan Information: SendAndPullEventInformation() with NTSTATUS 0xc0000002, context 0xc5429e80, and result object 0x00000185C74054E0 with size 48
###Cleanup file handle = 0x00000185C5429E80, eventID = 0047, event Info = 0x00000185C54574D0
Dokan Information: SendAndPullEventInformation() with NTSTATUS 0x0, context 0xc5429e80, and result object 0x00000185C74054E0 with size 48
###Close file handle = 0x00000185C5429E80, eventID = 0047, event Info = 0x00000185C54573F0
[Close###SetFileInfo file handle = 0x00000185C542A500, eventID = 0046, FileInformationClass = 4, event Info = 0x00000185C54574D0
	DispatchSetInformation result =  c0000002
] \gost_w.exe:Zone.Identifier:$DATADokan Information: SendAndPullEventInformation() with NTSTATUS 0xc0000002, context 0xc542a500, and result object 0x00000185C74054E0 with size 48

###GetFileInfo file handle = 0x00000185C542A500, eventID = 0046, event Info = 0x00000185C54574D0
	result =  c0000034
	DispatchQueryInformation result =  c0000034
Dokan Information: SendAndPullEventInformation() with NTSTATUS 0xc000000d, context 0xc542a500, and result object 0x00000185C74054E0 with size 48
###Cleanup file handle = 0x00000185C542A500, eventID = 0046, event Info = 0x00000185C54574D0
Dokan Information: SendAndPullEventInformation() with NTSTATUS 0x0, context 0xc542a500, and result object 0x00000185C74054E0 with size 48
###Close file handle = 0x00000185C542A500, eventID = 0046, event Info = 0x00000185C54574D0
[Close] \gost_w.exe
###Create file handle = 0x00000185C542A500, eventID = 0048, event Info = 0x00000185C54574D0
[ZwCreateFile] \gost_w.exe
Dokan Information: DokanEndDispatchCreate() status = 0, file handle = 0x00000185C542A500, eventID = 0048, result = 0x1
Dokan Information: SendAndPullEventInformation() with NTSTATUS 0x0, context 0xc542a500, and result object 0x00000185C74054E0 with size 48
###GetFileInfo file handle = 0x00000185C542A500, eventID = 0048, event Info = 0x00000185C54574D0
	result =  0
	FileStandardInformation
	DispatchQueryInformation result =  0
Dokan Information: SendAndPullEventInformation() with NTSTATUS 0x0, context 0xc542a500, and result object 0x00000185C74054E0 with size 64
###GetFileInfo file handle = 0x00000185C542A500, eventID = 0048, event Info = 0x00000185C54574D0
	result =  0
	FileBasicInformation
	DispatchQueryInformation result =  0
Dokan Information: SendAndPullEventInformation() with NTSTATUS 0x0, context 0xc542a500, and result object 0x00000185C74054E0 with size 80
###Cleanup file handle = 0x00000185C542A500, eventID = 0048, event Info = 0x00000185C54574D0
Dokan Information: SendAndPullEventInformation() with NTSTATUS 0x0, context 0xc542a500, and result object 0x00000185C74054E0 with size 48
###Close file handle = 0x00000185C542A500, eventID = 0048, event Info = 0x00000185C54574D0
[Close] \gost_w.exe
###Create file handle = 0x00000185C5429E80, eventID = 0049, event Info = 0x00000185C54573F0
[ZwCreateFile] \gost_w.exe
Dokan Information: DokanEndDispatchCreate() status = 0, file handle = 0x00000185C5429E80, eventID = 0049, result = 0x1
Dokan Information: SendAndPullEventInformation() with NTSTATUS 0x0, context 0xc5429e80, and result object 0x00000185C74054E0 with size 48
###GetFileInfo file handle = 0x00000185C5429E80, eventID = 0049, event Info = 0x00000185C54573F0
	result =  0
	FileBasicInformation
	DispatchQueryInformation result =  0
Dokan Information: SendAndPullEventInformation() with NTSTATUS 0x0, context 0xc5429e80, and result object 0x00000185C74054E0 with size 80
###Cleanup file handle = 0x00000185C5429E80, eventID = 0049, event Info = 0x00000185C54573F0
Dokan Information: SendAndPullEventInformation() with NTSTATUS 0x0, context 0xc5429e80, and result object 0x00000185C74054E0 with size 48
###Close file handle = 0x00000185C5429E80, eventID = 0049, event Info = 0x00000185C54573F0
[Close] \gost_w.exe
###Create file handle = 0x00000185C542A500, eventID = 0050, event Info = 0x00000185C54574D0
[ZwCreateFile] \gost_w.exe
Dokan Information: DokanEndDispatchCreate() status = 0, file handle = 0x00000185C542A500, eventID = 0050, result = 0x1
Dokan Information: SendAndPullEventInformation() with NTSTATUS 0x0, context 0xc542a500, and result object 0x00000185C74054E0 with size 48
###GetFileInfo file handle = 0x00000185C542A500, eventID = 0050, event Info = 0x00000185C54574D0
	result =  0
	FileBasicInformation
	DispatchQueryInformation result =  0
Dokan Information: SendAndPullEventInformation() with NTSTATUS 0x0, context 0xc542a500, and result object 0x00000185C74054E0 with size 80
###Cleanup file handle = 0x00000185C542A500, eventID = 0050, event Info = 0x00000185C54574D0
Dokan Information: SendAndPullEventInformation() with NTSTATUS 0x0, context 0xc542a500, and result object 0x00000185C74054E0 with size 48
###Close file handle = 0x00000185C542A500, eventID = 0050, event Info = 0x00000185C54574D0
[Close] \gost_w.exe
###Create file handle = 0x00000185C5429E80, eventID = 0051, event Info = 0x00000185C54573F0
[ZwCreateFile] \gost_w.exe
Dokan Information: DokanEndDispatchCreate() status = 0, file handle = 0x00000185C5429E80, eventID = 0051, result = 0x1
Dokan Information: SendAndPullEventInformation() with NTSTATUS 0x0, context 0xc5429e80, and result object 0x00000185C74054E0 with size 48
###GetFileInfo file handle = 0x00000185C5429E80, eventID = 0051, event Info = 0x00000185C54573F0
	result =  0
	FileBasicInformation
	DispatchQueryInformation result =  0
Dokan Information: SendAndPullEventInformation() with NTSTATUS 0x0, context 0xc5429e80, and result object 0x00000185C74054E0 with size 80
###GetFileInfo file handle = 0x00000185C5429E80, eventID = 0051, event Info = 0x00000185C54573F0
	result =  0
	FileStandardInformation
	DispatchQueryInformation result =  0
Dokan Information: SendAndPullEventInformation() with NTSTATUS 0x0, context 0xc5429e80, and result object 0x00000185C74054E0 with size 64
###GetFileInfo file handle = 0x00000185C5429E80, eventID = 0051, event Info = 0x00000185C54573F0
	result =  0
	FileInternalInformation
	DispatchQueryInformation result =  0
Dokan Information: SendAndPullEventInformation() with NTSTATUS 0x0, context 0xc5429e80, and result object 0x00000185C74054E0 with size 48
###GetFileInfo file handle = 0x00000185C5429E80, eventID = 0051, event Info = 0x00000185C54573F0
	result =  0
	FileStandardInformation
	DispatchQueryInformation result =  0
Dokan Information: SendAndPullEventInformation() with NTSTATUS 0x0, context 0xc5429e80, and result object 0x00000185C74054E0 with size 64
###GetFileInfo file handle = 0x00000185C5429E80, eventID = 0051, event Info = 0x00000185C54573F0
	result =  0
	FileBasicInformation
	DispatchQueryInformation result =  0
Dokan Information: SendAndPullEventInformation() with NTSTATUS 0x0, context 0xc5429e80, and result object 0x00000185C74054E0 with size 80
###GetFileInfo file handle = 0x00000185C5429E80, eventID = 0051, event Info = 0x00000185C54573F0
	result =  0
	FileAttributeTagInformation
	DispatchQueryInformation result =  0
Dokan Information: SendAndPullEventInformation() with NTSTATUS 0x0, context 0xc5429e80, and result object 0x00000185C74054E0 with size 48
###GetFileInfo file handle = 0x00000185C5429E80, eventID = 0051, event Info = 0x00000185C54573F0
	result =  0
	FileStandardInformation
	DispatchQueryInformation result =  0
Dokan Information: SendAndPullEventInformation() with NTSTATUS 0x0, context 0xc5429e80, and result object 0x00000185C74054E0 with size 64
###GetFileInfo file handle = 0x00000185C5429E80, eventID = 0051, event Info = 0x00000185C54573F0
	result =  0
	FileBasicInformation
	DispatchQueryInformation result =  0
Dokan Information: SendAndPullEventInformation() with NTSTATUS 0x0, context 0xc5429e80, and result object 0x00000185C74054E0 with size 80
###GetFileInfo file handle = 0x00000185C5429E80, eventID = 0051, event Info = 0x00000185C54573F0
FileStreamInformation
Dokan Information: SendAndPullEventInformation() with NTSTATUS 0x0, context 0xc5429e80, and result object 0x00000185C74054E0 with size 48
###GetFileInfo file handle = 0x00000185C5429E80, eventID = 0051, event Info = 0x00000185C54573F0
	result =  0
	FileBasicInformation
	DispatchQueryInformation result =  0
Dokan Information: SendAndPullEventInformation() with NTSTATUS 0x0, context 0xc5429e80, and result object 0x00000185C74054E0 with size 80
###GetFileInfo file handle = 0x00000185C5429E80, eventID = 0051, event Info = 0x00000185C54573F0
	result =  0
	FileEaInformation
	DispatchQueryInformation result =  0
Dokan Information: SendAndPullEventInformation() with NTSTATUS 0x0, context 0xc5429e80, and result object 0x00000185C74054E0 with size 48
###QueryVolumeInfo file handle = 0x00000185C5429E80, eventID = 0051, event Info = 0x00000185C54573F0
[GetVolumeInformation]
Dokan Information: SendAndPullEventInformation() with NTSTATUS 0x0, context 0xc5429e80, and result object 0x00000185C74054E0 with size 68
###Read file handle = 0x00000185C5429E80, eventID = 0051, event Info = 0x00000185C54573F0
###Read file handle = 0x00000185C5429E80, eventID = 0051, event Info = 0x00000185C54574D0
###Read file handle = 0x00000185C5429E80, eventID = 0051, event Info = 0x00000185C5456C80
Dokan Information: SendAndPullEventInformation() with NTSTATUS 0x0, context 0xc5429e80, and result object 0x00000185C767B040 with size 1048616
###Read file handle = 0x00000185C5429E80, eventID = 0051, event Info = 0x00000185C54573F0
Dokan Information: SendAndPullEventInformation() with NTSTATUS 0x0, context 0xc5429e80, and result object 0x00000185C778C040 with size 1048616
###Read file handle = 0x00000185C5429E80, eventID = 0051, event Info = 0x00000185C54574D0
Dokan Information: SendAndPullEventInformation() with NTSTATUS 0x0, context 0xc5429e80, and result object 0x00000185C7892040 with size 1048616
###Read file handle = 0x00000185C5429E80, eventID = 0051, event Info = 0x00000185C5456C80
Dokan Information: SendAndPullEventInformation() with NTSTATUS 0x0, context 0xc5429e80, and result object 0x00000185C7674040 with size 1048616
###Read file handle = 0x00000185C5429E80, eventID = 0051, event Info = 0x00000185C54573F0
Dokan Information: SendAndPullEventInformation() with NTSTATUS 0x0, context 0xc5429e80, and result object 0x00000185C7785040 with size 1048616
###Read file handle = 0x00000185C5429E80, eventID = 0051, event Info = 0x00000185C54574D0
Dokan Information: SendAndPullEventInformation() with NTSTATUS 0x0, context 0xc5429e80, and result object 0x00000185C789B040 with size 1048616
###Read file handle = 0x00000185C5429E80, eventID = 0051, event Info = 0x00000185C5456C80
Dokan Information: SendAndPullEventInformation() with NTSTATUS 0x0, context 0xc5429e80, and result object 0x00000185C7676040 with size 1048616
###Read file handle = 0x00000185C5429E80, eventID = 0051, event Info = 0x00000185C54573F0
Dokan Information: SendAndPullEventInformation() with NTSTATUS 0x0, context 0xc5429e80, and result object 0x00000185C7786040 with size 1048616
###Read file handle = 0x00000185C5429E80, eventID = 0051, event Info = 0x00000185C54574D0
Dokan Information: SendAndPullEventInformation() with NTSTATUS 0x0, context 0xc5429e80, and result object 0x00000185C789C040 with size 1048616
###Read file handle = 0x00000185C5429E80, eventID = 0051, event Info = 0x00000185C5456C80
Dokan Information: SendAndPullEventInformation() with NTSTATUS 0x0, context 0xc5429e80, and result object 0x00000185C767D040 with size 1048616
###Read file handle = 0x00000185C5429E80, eventID = 0051, event Info = 0x00000185C54573F0
Dokan Information: SendAndPullEventInformation() with NTSTATUS 0x0, context 0xc5429e80, and result object 0x00000185C7788040 with size 1048616
Dokan Information: SendAndPullEventInformation() with NTSTATUS 0x0, context 0xc5429e80, and result object 0x00000185C7896040 with size 1048616
Dokan Information: SendAndPullEventInformation() with NTSTATUS 0x0, context 0xc5429e80, and result object 0x00000185C767C040 with size 696360
###Cleanup file handle = 0x00000185C5429E80, eventID = 0051, event Info = 0x00000185C54573F0
Dokan Information: SendAndPullEventInformation() with NTSTATUS 0x0, context 0xc5429e80, and result object 0x00000185C74054E0 with size 48
###Close file handle = 0x00000185C5429E80, eventID = 0051, event Info = 0x00000185C54573F0
