Dokan: debug mode on
Dokan: use stderr
AllocationUnitSize: 512 SectorSize: 512
Global device opened
Dokan: Using 12 main pull threads with ipc batching: 0
###Create file handle = 0x000001AE8181A040, eventID = 0001, event Info = 0x000001AE8181ABC0
[ZwCreateFile] Dokan Information: mounted: Y: -> \Volume{d6cc17c5-172c-4085-bce7-964f1e9f5de9}
###QueryVolumeInfo file handle = 0x0000000000000000, eventID = -001, event Info = 0x000001AE8181AF40
###QueryVolumeInfo file handle = 0x0000000000000000, eventID = -001, event Info = 0x000001AE8181AED0
\System Volume Information\MountPointManagerRemoteDatabase
Dokan Information: DokanEndDispatchCreate() status = c0000034, file handle = 0x0000000000000000, eventID = -001, result = 0x5
Dokan Information: SendAndPullEventInformation() with NTSTATUS 0xc0000034, context 0x0, and result object 0x000001AE81892D80 with size 48
[Mounted]
###Create file handle = 0x000001AE8181A040, eventID = 0002, event Info = 0x000001AE8181ABC0
[GetVolumeInformation]
Dokan Information: SendAndPullEventInformation() with NTSTATUS 0x0, context 0x0, and result object 0x000001AE818E6280 with size 64
[GetVolumeInformation]
Dokan Information: SendAndPullEventInformation() with NTSTATUS 0x80000005, context 0x0, and result object 0x000001AE818DD010 with size 56
[ZwCreateFile] \$Extend\$Reparse:$R:$INDEX_ALLOCATION
###Create file handle = 0x000001AE8181A7C0, eventID = 0003, event Info = 0x000001AE8181AED0
[ZwCreateFile] \
Dokan Information: DokanEndDispatchCreate() status = c0000034, file handle = 0x0000000000000000, eventID = -001, result = 0x5
Dokan Information: SendAndPullEventInformation() with NTSTATUS 0xc0000034, context 0x0, and result object 0x000001AE81892D80 with size 48
Dokan Information: DokanEndDispatchCreate() status = 0, file handle = 0x000001AE8181A7C0, eventID = 0003, result = 0x1
Dokan Information: SendAndPullEventInformation() with NTSTATUS 0x0, context 0x8181a7c0, and result object 0x000001AE818DD010 with size 48
###GetFileInfo file handle = 0x000001AE8181A7C0, eventID = 0003, event Info = 0x000001AE8181AED0
	result =  0
  unknown type:54
	DispatchQueryInformation result =  c000000d
Dokan Information: SendAndPullEventInformation() with NTSTATUS 0xc000000d, context 0x8181a7c0, and result object 0x000001AE818DD010 with size 48
###GetFileInfo file handle = 0x000001AE8181A7C0, eventID = 0003, event Info = 0x000001AE8181AED0
	result =  0
	FileStandardInformation
	DispatchQueryInformation result =  0
Dokan Information: SendAndPullEventInformation() with NTSTATUS 0x0, context 0x8181a7c0, and result object 0x000001AE818DD010 with size 64
###QueryVolumeInfo file handle = 0x000001AE8181A7C0, eventID = 0003, event Info = 0x000001AE8181AED0
[GetVolumeInformation]
Dokan Information: SendAndPullEventInformation() with NTSTATUS 0x0, context 0x8181a7c0, and result object 0x000001AE818DD010 with size 74
###Cleanup file handle = 0x000001AE8181A7C0, eventID = 0003, event Info = 0x000001AE8181AED0
Dokan Information: SendAndPullEventInformation() with NTSTATUS 0x0, context 0x8181a7c0, and result object 0x000001AE818DD010 with size 48
###Close file handle = 0x000001AE8181A7C0, eventID = 0003, event Info = 0x000001AE8181AED0
[Close] \
###Create file handle = 0x000001AE8181A7C0, eventID = 0004, event Info = 0x000001AE8181AED0
[ZwCreateFile] \
Dokan Information: DokanEndDispatchCreate() status = 0, file handle = 0x000001AE8181A7C0, eventID = 0004, result = 0x1
Dokan Information: SendAndPullEventInformation() with NTSTATUS 0x0, context 0x8181a7c0, and result object 0x000001AE818DD010 with size 48
###QueryVolumeInfo file handle = 0x000001AE8181A7C0, eventID = 0004, event Info = 0x000001AE8181AED0
[GetVolumeInformation]
Dokan Information: SendAndPullEventInformation() with NTSTATUS 0x0, context 0x8181a7c0, and result object 0x000001AE818DD010 with size 74
###Cleanup file handle = 0x000001AE8181A7C0, eventID = 0004, event Info = 0x000001AE8181AED0
Dokan Information: SendAndPullEventInformation() with NTSTATUS 0x0, context 0x8181a7c0, and result object 0x000001AE818DD010 with size 48
###Close file handle = 0x000001AE8181A7C0, eventID = 0004, event Info = 0x000001AE8181AED0
[Close] \
###Create file handle = 0x000001AE8181A7C0, eventID = 0005, event Info = 0x000001AE81845360
[ZwCreateFile] \
###Create file handle = 0x000001AE8181A040, eventID = 0006, event Info = 0x000001AE81844AA0
[ZDokan Information: DokanEndDispatchCreate() status = 0, file handle = 0x000001AE8181A7C0, eventID = 0005, result = 0x1
wCreDokan Information: SendAndPullEventInformation() with NTSTATUS 0x0, context 0x8181a7c0, and result object 0x000001AE818DD010 with size 48
ateFile] \
###GetFileInfo file handle = 0x000001AE8181A7C0, eventID = 0005, event Info = 0x000001AE81845360
	result =  0
	FileBasicInformation
	DispatchQueryInformation result =  0
Dokan Information: DokanEndDispatchCreate() status = 0, file handle = 0x000001AE8181A040, eventID = 0006, result = 0x1
Dokan Information: SendAndPullEventInformation() with NTSTATUS 0x0, context 0x8181a040, and result object 0x000001AE837E05A0 with size 48
Dokan Information: SendAndPullEventInformation() with NTSTATUS 0x0, context 0x8181a7c0, and result object 0x000001AE818DD010 with size 80
###QueryVolumeInfo file handle = 0x000001AE8181A040, eventID = 0006, event Info = 0x000001AE81844AA0
[GetVolumeInformation]
###Cleanup file handle = 0x000001AE8181A7C0, eventID = 0005, event Info = 0x000001AE81845360
Dokan Information: SendAndPullEventInformation() with NTSTATUS 0x0, context 0x8181a040, and result object 0x000001AE837E05A0 with size 74
Dokan Information: SendAndPullEventInformation() with NTSTATUS 0x0, context 0x8181a7c0, and result object 0x000001AE818DD010 with size 48
###QueryVolumeInfo file handle = 0x000001AE8181A040, eventID = 0006, event Info = 0x000001AE81844AA0
[GetVolumeInformation]
###Close file handle = 0x000001AE8181A7C0, eventID = 0005, event Info = 0x000001AE81845360
[Close] \
###Create file handle = 0x000001AE81819B40, eventID = 0007, event Info = 0x000001AE8181AED0
[ZwCreateFile] Dokan Information: SendAndPullEventInformation() with NTSTATUS 0x0, context 0x8181a040, and result object 0x000001AE837E05A0 with size 68
\
###Cleanup file handle = 0x000001AE8181A040, eventID = 0006, event Info = 0x000001AE81844AA0
Dokan Information: DokanEndDispatchCreate() status = 0, file handle = 0x000001AE81819B40, eventID = 0007, result = 0x1
Dokan Information: SendAndPullEventInformation() with NTSTATUS 0x0, context 0x81819b40, and result object 0x000001AE818DD010 with size 48
Dokan Information: SendAndPullEventInformation() with NTSTATUS 0x0, context 0x8181a040, and result object 0x000001AE837E05A0 with size 48
###QueryVolumeInfo file handle = 0x000001AE81819B40, eventID = 0007, event Info = 0x000001AE8181AED0
[GetVolumeInformation]
###Close file handle = 0x000001AE8181A040, eventID = 0006, event Info = 0x000001AE81844AA0
[Close] \
###Create file handle = 0x000001AE8181A7C0, eventID = 0008, event Info = 0x000001AE81845360
[ZwCreateFile] \
Dokan Information: SendAndPullEventInformation() with NTSTATUS 0x0, context 0x81819b40, and result object 0x000001AE818DD010 with size 74
Dokan Information: DokanEndDispatchCreate() status = 0, file handle = 0x000001AE8181A7C0, eventID = 0008, result = 0x1
###QueryVolumeInfo file handle = 0x000001AE81819B40, eventID = 0007, event Info = 0x000001AE8181AED0
Dokan Information: SendAndPullEventInformation() with NTSTATUS 0x0, context 0x8181a7c0, and result object 0x000001AE837E05A0 with size 48
[GetVolumeInformation]
###QueryVolumeInfo file handle = 0x000001AE8181A7C0, eventID = 0008, event Info = 0x000001AE81845360
Dokan Information: SendAndPullEventInformation() with NTSTATUS 0x0, context 0x81819b40, and result object 0x000001AE818DD010 with size 68
###Cleanup file handle = 0x000001AE81819B40, eventID = 0007, event Info = 0x000001AE8181AED0
Dokan Information: SendAndPullEventInformation() with NTSTATUS 0x0, context 0x8181a7c0, and result object 0x000001AE837E05A0 with size 64
Dokan Information: SendAndPullEventInformation() with NTSTATUS 0x0, context 0x81819b40, and result object 0x000001AE818DD010 with size 48
###Cleanup file handle = 0x000001AE8181A7C0, eventID = 0008, event Info = 0x000001AE81845360
###Close file handle = 0x000001AE81819B40, eventID = 0007, event Info = 0x000001AE8181AED0
###Create file handle = 0x000001AE8181A040, eventID = 0009, event Info = 0x000001AE81844AA0
[Close] \
Dokan Information: SendAndPullEventInformation() with NTSTATUS 0x0, context 0x8181a7c0, and result object 0x000001AE837E05A0 with size 48
[Z###Close file handle = 0x000001AE8181A7C0, eventID = 0008, event Info = 0x000001AE81845360
wCreateFile] \
###Create file handle = 0x000001AE81819B40, eventID = 0010, event Info = 0x000001AE8181AED0
[Close] \
Dokan Information: DokanEndDispatchCreate() status = 0, file handle = 0x000001AE8181A040, eventID = 0009, result = 0x1
[ZwCreateFile] \
Dokan Information: SendAndPullEventInformation() with NTSTATUS 0x0, context 0x8181a040, and result object 0x000001AE818DD010 with size 48
Dokan Information: DokanEndDispatchCreate() status = 0, file handle = 0x000001AE81819B40, eventID = 0010, result = 0x1
Dokan Information: SendAndPullEventInformation() with NTSTATUS 0x0, context 0x81819b40, and result object 0x000001AE837E05A0 with size 48
###QueryVolumeInfo file handle = 0x000001AE8181A040, eventID = 0009, event Info = 0x000001AE81844AA0
###Cleanup file handle = 0x000001AE81819B40, eventID = 0010, event Info = 0x000001AE8181AED0
Dokan Information: SendAndPullEventInformation() with NTSTATUS 0x0, context 0x8181a040, and result object 0x000001AE818DD010 with size 64
Dokan Information: SendAndPullEventInformation() with NTSTATUS 0x0, context 0x81819b40, and result object 0x000001AE837E05A0 with size 48
###Cleanup file handle = 0x000001AE8181A040, eventID = 0009, event Info = 0x000001AE81844AA0
###Close file handle = 0x000001AE81819B40, eventID = 0010, event Info = 0x000001AE8181AED0
[Close] \
Dokan Information: SendAndPullEventInformation() with NTSTATUS 0x0, context 0x8181a040, and result object 0x000001AE818DD010 with size 48
###Create file handle = 0x000001AE81819B40, eventID = 0011, event Info = 0x000001AE81845360
[ZwCreateFile] \
###Close file handle = 0x000001AE8181A040, eventID = 0009, event Info = 0x000001AE81844AA0
[Close] \
###Create file handle = 0x000001AE8181A7C0, eventID = 0012, event Info = 0x000001AE8181AED0
[ZwCreateFile] \
Dokan Information: DokanEndDispatchCreate() status = 0, file handle = 0x000001AE81819B40, eventID = 0011, result = 0x1
Dokan Information: SendAndPullEventInformation() with NTSTATUS 0x0, context 0x81819b40, and result object 0x000001AE837E05A0 with size 48
Dokan Information: DokanEndDispatchCreate() status = 0, file handle = 0x000001AE8181A7C0, eventID = 0012, result = 0x1
###Create file handle = 0x000001AE8181A040, eventID = 0013, event Info = 0x000001AE8181ABC0
[ZwCreateFile] \
###QueryVolumeInfo file handle = 0x000001AE81819B40, eventID = 0011, event Info = 0x000001AE81845360
[GetVolumeInformation]
Dokan Information: SendAndPullEventInformation() with NTSTATUS 0x0, context 0x8181a7c0, and result object 0x000001AE818DD010 with size 48
Dokan Information: DokanEndDispatchCreate() status = 0, file handle = 0x000001AE8181A040, eventID = 0013, result = 0x1
Dokan Information: SendAndPullEventInformation() with NTSTATUS 0x0, context 0x81819b40, and result object 0x000001AE837E05A0 with size 64
###GetFileInfo file handle = 0x000001AE8181A7C0, eventID = 0012, event Info = 0x000001AE8181AED0
	result =  0
	FileBasicInformation
	DispatchQueryInformation result =  0
###GetFileInfo file handle = 0x000001AE81819B40, eventID = 0011, event Info = 0x000001AE81845360
Dokan Information: SendAndPullEventInformation() with NTSTATUS 0x0, context 0x8181a040, and result object 0x000001AE81892D80 with size 48
Dokan Information: SendAndPullEventInformation() with NTSTATUS 0x0, context 0x8181a7c0, and result object 0x000001AE837E05A0 with size 80
	result =  0
	FileAllInformation
	DispatchQueryInformation result =  0
Dokan Information: SendAndPullEventInformation() with NTSTATUS 0x0, context 0x81819b40, and result object 0x000001AE818DD010 with size 140
###Cleanup file handle = 0x000001AE8181A7C0, eventID = 0012, event Info = 0x000001AE8181AED0
###QueryVolumeInfo file handle = 0x000001AE8181A040, eventID = 0013, event Info = 0x000001AE8181ABC0
[GetVolumeInformation]
###Cleanup file handle = 0x000001AE81819B40, eventID = 0011, event Info = 0x000001AE81845360
Dokan Information: SendAndPullEventInformation() with NTSTATUS 0x0, context 0x81819b40, and result object 0x000001AE818DD010 with size 48
Dokan Information: SendAndPullEventInformation() with NTSTATUS 0x0, context 0x8181a040, and result object 0x000001AE81892D80 with size 74
Dokan Information: SendAndPullEventInformation() with NTSTATUS 0x0, context 0x8181a7c0, and result object 0x000001AE837E05A0 with size 48
###Close file handle = 0x000001AE81819B40, eventID = 0011, event Info = 0x000001AE81845360
[Close] \
###Create file handle = 0x000001AE8181A9C0, eventID = 0014, event Info = 0x000001AE81844AA0
[ZwCreateFile] \
###QueryVolumeInfo file handle = 0x000001AE8181A040, eventID = 0013, event Info = 0x000001AE8181ABC0
[GetVolumeInformation]
###Close file handle = 0x000001AE8181A7C0, eventID = 0012, event Info = 0x000001AE8181AED0
[Close] \
###Create file handle = 0x000001AE81819B40, eventID = 0015, event Info = 0x000001AE8181AF40
[ZwCreateFile] \
Dokan Information: DokanEndDispatchCreate() status = 0, file handle = 0x000001AE8181A9C0, eventID = 0014, result = 0x1
Dokan Information: SendAndPullEventInformation() with NTSTATUS 0x0, context 0x8181a040, and result object 0x000001AE81892D80 with size 68
Dokan Information: DokanEndDispatchCreate() status = 0, file handle = 0x000001AE81819B40, eventID = 0015, result = 0x1
Dokan Information: SendAndPullEventInformation() with NTSTATUS 0x0, context 0x8181a9c0, and result object 0x000001AE818DD010 with size 48
###Cleanup file handle = 0x000001AE8181A040, eventID = 0013, event Info = 0x000001AE8181ABC0
Dokan Information: SendAndPullEventInformation() with NTSTATUS 0x0, context 0x81819b40, and result object 0x000001AE818E6280 with size 48
###QueryVolumeInfo file handle = 0x000001AE8181A9C0, eventID = 0014, event Info = 0x000001AE81844AA0
[GetVolumeInformation]
Dokan Information: SendAndPullEventInformation() with NTSTATUS 0x0, context 0x8181a040, and result object 0x000001AE81892D80 with size 48
###GetFileInfo file handle = 0x000001AE81819B40, eventID = 0015, event Info = 0x000001AE8181AF40
	result =  0
	FileBasicInformation
	DispatchQueryInformation result =  0
###Close file handle = 0x000001AE8181A040, eventID = 0013, event Info = 0x000001AE8181ABC0
[Close] \
Dokan Information: SendAndPullEventInformation() with NTSTATUS 0x0, context 0x8181a9c0, and result object 0x000001AE818DD010 with size 64
Dokan Information: SendAndPullEventInformation() with NTSTATUS 0x0, context 0x81819b40, and result object 0x000001AE81892D80 with size 80
###Create file handle = 0x000001AE8181A040, eventID = 0016, event Info = 0x000001AE8181AED0
[ZwCreateFile] \
###GetFileInfo file handle = 0x000001AE8181A9C0, eventID = 0014, event Info = 0x000001AE81844AA0
	result =  0
	FileAllInformation
	DispatchQueryInformation result =  0
Dokan Information: DokanEndDispatchCreate() status = 0, file handle = 0x000001AE8181A040, eventID = 0016, result = 0x1
Dokan Information: SendAndPullEventInformation() with NTSTATUS 0x0, context 0x8181a040, and result object 0x000001AE818E6280 with size 48
Dokan Information: SendAndPullEventInformation() with NTSTATUS 0x0, context 0x8181a9c0, and result object 0x000001AE818DD010 with size 140
###Cleanup file handle = 0x000001AE81819B40, eventID = 0015, event Info = 0x000001AE8181AF40
###QueryVolumeInfo file handle = 0x000001AE8181A040, eventID = 0016, event Info = 0x000001AE8181AED0
###Cleanup file handle = 0x000001AE8181A9C0, eventID = 0014, event Info = 0x000001AE81844AA0
Dokan Information: SendAndPullEventInformation() with NTSTATUS 0x0, context 0x81819b40, and result object 0x000001AE81892D80 with size 48
Dokan Information: SendAndPullEventInformation() with NTSTATUS 0x0, context 0x8181a9c0, and result object 0x000001AE818DD010 with size 48
Dokan Information: SendAndPullEventInformation() with NTSTATUS 0x0, context 0x8181a040, and result object 0x000001AE818E6280 with size 72
###Close file handle = 0x000001AE81819B40, eventID = 0015, event Info = 0x000001AE8181AF40
[Close] \
###Close file handle = 0x000001AE8181A9C0, eventID = 0014, event Info = 0x000001AE81844AA0
[Cl###Create file handle = 0x000001AE8181A7C0, eventID = 0017, event Info = 0x000001AE8181ABC0
ose] \
###Cleanup file handle = 0x000001AE8181A040, eventID = 0016, event Info = 0x000001AE8181AED0
[ZwCreateFile] \
Dokan Information: SendAndPullEventInformation() with NTSTATUS 0x0, context 0x8181a040, and result object 0x000001AE818E6280 with size 48
Dokan Information: DokanEndDispatchCreate() status = 0, file handle = 0x000001AE8181A7C0, eventID = 0017, result = 0x1
###Close file handle = 0x000001AE8181A040, eventID = 0016, event Info = 0x000001AE8181AED0
[ClosDokan Information: SendAndPullEventInformation() with NTSTATUS 0x0, context 0x8181a7c0, and result object 0x000001AE818DD010 with size 48
e] \
###Create file handle = 0x000001AE8181A9C0, eventID = 0018, event Info = 0x000001AE81844AA0
[Z###QueryVolumeInfo file handle = 0x000001AE8181A7C0, eventID = 0017, event Info = 0x000001AE8181ABC0
wCreateFile] \
[GetVolumeInforDokan Information: DokanEndDispatchCreate() status = 0, file handle = 0x000001AE8181A9C0, eventID = 0018, result = 0x1
maDokan Information: SendAndPullEventInformation() with NTSTATUS 0x0, context 0x8181a9c0, and result object 0x000001AE818E6280 with size 48
tion]
###QueryVolumeInfo file handle = 0x000001AE8181A9C0, eventID = 0018, event Info = 0x000001AE81844AA0
Dokan Information: SendAndPullEventInformation() with NTSTATUS 0x0, context 0x8181a7c0, and result object 0x000001AE818DD010 with size 64
###GetFileInfo file handle = 0x000001AE8181A7C0, eventID = 0017, event Info = 0x000001AE8181ABC0
	result =  0
	FileAllInformation
	DispatchQueryInformation result =  0
Dokan Information: SendAndPullEventInformation() with NTSTATUS 0x0, context 0x8181a9c0, and result object 0x000001AE818E6280 with size 72
Dokan Information: SendAndPullEventInformation() with NTSTATUS 0x0, context 0x8181a7c0, and result object 0x000001AE818DD010 with size 140
###Cleanup file handle = 0x000001AE8181A9C0, eventID = 0018, event Info = 0x000001AE81844AA0
###Cleanup file handle = 0x000001AE8181A7C0, eventID = 0017, event Info = 0x000001AE8181ABC0
Dokan Information: SendAndPullEventInformation() with NTSTATUS 0x0, context 0x8181a9c0, and result object 0x000001AE818E6280 with size 48
Dokan Information: SendAndPullEventInformation() with NTSTATUS 0x0, context 0x8181a7c0, and result object 0x000001AE818DD010 with size 48
###Close file handle = 0x000001AE8181A9C0, eventID = 0018, event Info = 0x000001AE81844AA0
###Close file handle = 0x000001AE8181A7C0, eventID = 0017, event Info = 0x000001AE8181ABC0
[###Create file handle = 0x000001AE8181A040, eventID = 0019, event Info = 0x000001AE8181AED0
Close] \
###Create file handle = 0x000001AE8181A9C0, eventID = 0020, event Info = 0x000001AE8181AF40
[Close] \
[ZwCreateFile] \
[ZwCreateFile] \
Dokan Information: DokanEndDispatchCreate() status = 0, file handle = 0x000001AE8181A040, eventID = 0019, result = 0x1
Dokan Information: DokanEndDispatchCreate() status = 0, file handle = 0x000001AE8181A9C0, eventID = 0020, result = 0x1
Dokan Information: SendAndPullEventInformation() with NTSTATUS 0x0, context 0x8181a040, and result object 0x000001AE818DD010 with size 48
Dokan Information: SendAndPullEventInformation() with NTSTATUS 0x0, context 0x8181a9c0, and result object 0x000001AE818E6280 with size 48
###QueryVolumeInfo file handle = 0x000001AE8181A040, eventID = 0019, event Info = 0x000001AE8181AED0
[GetVolumeInfor###QueryVolumeInfo file handle = 0x000001AE8181A9C0, eventID = 0020, event Info = 0x000001AE8181AF40
mation]
[GetVolumeInformation]
Dokan Information: SendAndPullEventInformation() with NTSTATUS 0x0, context 0x8181a040, and result object 0x000001AE818DD010 with size 74
Dokan Information: SendAndPullEventInformation() with NTSTATUS 0x0, context 0x8181a9c0, and result object 0x000001AE818E6280 with size 64
###QueryVolumeInfo file handle = 0x000001AE8181A040, eventID = 0019, event Info = 0x000001AE8181AED0
[GetVolumeInformation]
###GetFileInfo file handle = 0x000001AE8181A9C0, eventID = 0020, event Info = 0x000001AE8181AF40
Dokan Information: SendAndPullEventInformation() with NTSTATUS 0x0, context 0x8181a040, and result object 0x000001AE818DD010 with size 68
	result =  0
	FileAllInformation
	DispatchQueryInformation result =  0
###Cleanup file handle = 0x000001AE8181A040, eventID = 0019, event Info = 0x000001AE8181AED0
Dokan Information: SendAndPullEventInformation() with NTSTATUS 0x0, context 0x8181a9c0, and result object 0x000001AE818E6280 with size 140
Dokan Information: SendAndPullEventInformation() with NTSTATUS 0x0, context 0x8181a040, and result object 0x000001AE818DD010 with size 48
###Cleanup file handle = 0x000001AE8181A9C0, eventID = 0020, event Info = 0x000001AE8181AF40
Dokan Information: SendAndPullEventInformation() with NTSTATUS 0x0, context 0x8181a9c0, and result object 0x000001AE818E6280 with size 48
###Close file handle = 0x000001AE8181A040, eventID = 0019, event Info = 0x000001AE8181AED0
[Close] \
###Close file handle = 0x000001AE8181A9C0, eventID = 0020, event Info = 0x000001AE8181AF40
[Close] \
###Create file handle = 0x000001AE8181A7C0, eventID = 0021, event Info = 0x000001AE8181ABC0
[ZwCreateFile] \
Dokan Information: DokanEndDispatchCreate() status = 0, file handle = 0x000001AE8181A7C0, eventID = 0021, result = 0x1
Dokan Information: SendAndPullEventInformation() with NTSTATUS 0x0, context 0x8181a7c0, and result object 0x000001AE818E6280 with size 48
###QueryVolumeInfo file handle = 0x000001AE8181A7C0, eventID = 0021, event Info = 0x000001AE8181ABC0
[GetVolumeInformation]
Dokan Information: SendAndPullEventInformation() with NTSTATUS 0x0, context 0x8181a7c0, and result object 0x000001AE818E6280 with size 64
###GetFileInfo file handle = 0x000001AE8181A7C0, eventID = 0021, event Info = 0x000001AE8181ABC0
	result =  0
	FileAllInformation
	DispatchQueryInformation result =  0
Dokan Information: SendAndPullEventInformation() with NTSTATUS 0x0, context 0x8181a7c0, and result object 0x000001AE818E6280 with size 140
###Cleanup file handle = 0x000001AE8181A7C0, eventID = 0021, event Info = 0x000001AE8181ABC0
Dokan Information: SendAndPullEventInformation() with NTSTATUS 0x0, context 0x8181a7c0, and result object 0x000001AE818E6280 with size 48
###Close file handle = 0x000001AE8181A7C0, eventID = 0021, event Info = 0x000001AE8181ABC0
[Close] \
###Create file handle = 0x000001AE8181A9C0, eventID = 0022, event Info = 0x000001AE8181AF40
[ZwCreateFile] \
Dokan Information: DokanEndDispatchCreate() status = 0, file handle = 0x000001AE8181A9C0, eventID = 0022, result = 0x1
Dokan Information: SendAndPullEventInformation() with NTSTATUS 0x0, context 0x8181a9c0, and result object 0x000001AE818E6280 with size 48
###QueryVolumeInfo file handle = 0x000001AE8181A9C0, eventID = 0022, event Info = 0x000001AE8181AF40
[GetVolumeInformation]
Dokan Information: SendAndPullEventInformation() with NTSTATUS 0x0, context 0x8181a9c0, and result object 0x000001AE818E6280 with size 64
###GetFileInfo file handle = 0x000001AE8181A9C0, eventID = 0022, event Info = 0x000001AE8181AF40
	result =  0
	FileAllInformation
	DispatchQueryInformation result =  0
Dokan Information: SendAndPullEventInformation() with NTSTATUS 0x0, context 0x8181a9c0, and result object 0x000001AE818E6280 with size 140
###Cleanup file handle = 0x000001AE8181A9C0, eventID = 0022, event Info = 0x000001AE8181AF40
Dokan Information: SendAndPullEventInformation() with NTSTATUS 0x0, context 0x8181a9c0, and result object 0x000001AE818E6280 with size 48
###Close file handle = 0x000001AE8181A9C0, eventID = 0022, event Info = 0x000001AE8181AF40
[Close] \
###Create file handle = 0x000001AE8181A9C0, eventID = 0023, event Info = 0x000001AE8181ABC0
[ZwCreateFile] \
Dokan Information: DokanEndDispatchCreate() status = 0, file handle = 0x000001AE8181A9C0, eventID = 0023, result = 0x1
Dokan Information: SendAndPullEventInformation() with NTSTATUS 0x0, context 0x8181a9c0, and result object 0x000001AE818E6280 with size 48
###QueryVolumeInfo file handle = 0x000001AE8181A9C0, eventID = 0023, event Info = 0x000001AE8181ABC0
[GetVolumeInformation]
Dokan Information: SendAndPullEventInformation() with NTSTATUS 0x0, context 0x8181a9c0, and result object 0x000001AE818E6280 with size 64
###GetFileInfo file handle = 0x000001AE8181A9C0, eventID = 0023, event Info = 0x000001AE8181ABC0
	result =  0
	FileAllInformation
	DispatchQueryInformation result =  0
Dokan Information: SendAndPullEventInformation() with NTSTATUS 0x0, context 0x8181a9c0, and result object 0x000001AE818E6280 with size 140
###Cleanup file handle = 0x000001AE8181A9C0, eventID = 0023, event Info = 0x000001AE8181ABC0
Dokan Information: SendAndPullEventInformation() with NTSTATUS 0x0, context 0x8181a9c0, and result object 0x000001AE818E6280 with size 48
###Close file handle = 0x000001AE8181A9C0, eventID = 0023, event Info = 0x000001AE8181ABC0
[Close] \
###Create file handle = 0x000001AE8181A7C0, eventID = 0024, event Info = 0x000001AE8181AF40
[ZwCreateFile] \
Dokan Information: DokanEndDispatchCreate() status = 0, file handle = 0x000001AE8181A7C0, eventID = 0024, result = 0x1
Dokan Information: SendAndPullEventInformation() with NTSTATUS 0x0, context 0x8181a7c0, and result object 0x000001AE818E6280 with size 48
###QueryVolumeInfo file handle = 0x000001AE8181A7C0, eventID = 0024, event Info = 0x000001AE8181AF40
[GetVolumeInformation]
Dokan Information: SendAndPullEventInformation() with NTSTATUS 0x0, context 0x8181a7c0, and result object 0x000001AE818E6280 with size 64
###GetFileInfo file handle = 0x000001AE8181A7C0, eventID = 0024, event Info = 0x000001AE8181AF40
	result =  0
	FileAllInformation
	DispatchQueryInformation result =  0
Dokan Information: SendAndPullEventInformation() with NTSTATUS 0x0, context 0x8181a7c0, and result object 0x000001AE818E6280 with size 140
###Cleanup file handle = 0x000001AE8181A7C0, eventID = 0024, event Info = 0x000001AE8181AF40
Dokan Information: SendAndPullEventInformation() with NTSTATUS 0x0, context 0x8181a7c0, and result object 0x000001AE818E6280 with size 48
###Close file handle = 0x000001AE8181A7C0, eventID = 0024, event Info = 0x000001AE8181AF40
[Close] \
###Create file handle = 0x000001AE8181A9C0, eventID = 0025, event Info = 0x000001AE8181ABC0
[ZwCreateFile] \
Dokan Information: DokanEndDispatchCreate() status = 0, file handle = 0x000001AE8181A9C0, eventID = 0025, result = 0x1
Dokan Information: SendAndPullEventInformation() with NTSTATUS 0x0, context 0x8181a9c0, and result object 0x000001AE818E6280 with size 48
###QueryVolumeInfo file handle = 0x000001AE8181A9C0, eventID = 0025, event Info = 0x000001AE8181ABC0
[GetVolumeInformation]
Dokan Information: SendAndPullEventInformation() with NTSTATUS 0x0, context 0x8181a9c0, and result object 0x000001AE818E6280 with size 64
###GetFileInfo file handle = 0x000001AE8181A9C0, eventID = 0025, event Info = 0x000001AE8181ABC0
	result =  0
	FileAllInformation
	DispatchQueryInformation result =  0
Dokan Information: SendAndPullEventInformation() with NTSTATUS 0x0, context 0x8181a9c0, and result object 0x000001AE818E6280 with size 140
###Cleanup file handle = 0x000001AE8181A9C0, eventID = 0025, event Info = 0x000001AE8181ABC0
Dokan Information: SendAndPullEventInformation() with NTSTATUS 0x0, context 0x8181a9c0, and result object 0x000001AE818E6280 with size 48
###Close file handle = 0x000001AE8181A9C0, eventID = 0025, event Info = 0x000001AE8181ABC0
[Close] \
###Create file handle = 0x000001AE8181A7C0, eventID = 0026, event Info = 0x000001AE8181AF40
[ZwCreateFile] \
Dokan Information: DokanEndDispatchCreate() status = 0, file handle = 0x000001AE8181A7C0, eventID = 0026, result = 0x1
Dokan Information: SendAndPullEventInformation() with NTSTATUS 0x0, context 0x8181a7c0, and result object 0x000001AE818E6280 with size 48
###QueryVolumeInfo file handle = 0x000001AE8181A7C0, eventID = 0026, event Info = 0x000001AE8181AF40
[GetVolumeInformation]
Dokan Information: SendAndPullEventInformation() with NTSTATUS 0x0, context 0x8181a7c0, and result object 0x000001AE818E6280 with size 64
###GetFileInfo file handle = 0x000001AE8181A7C0, eventID = 0026, event Info = 0x000001AE8181AF40
	result =  0
	FileAllInformation
	DispatchQueryInformation result =  0
Dokan Information: SendAndPullEventInformation() with NTSTATUS 0x0, context 0x8181a7c0, and result object 0x000001AE818E6280 with size 140
###Cleanup file handle = 0x000001AE8181A7C0, eventID = 0026, event Info = 0x000001AE8181AF40
Dokan Information: SendAndPullEventInformation() with NTSTATUS 0x0, context 0x8181a7c0, and result object 0x000001AE818E6280 with size 48
###Close file handle = 0x000001AE8181A7C0, eventID = 0026, event Info = 0x000001AE8181AF40
[C###Create file handle = 0x000001AE8181A7C0, eventID = 0027, event Info = 0x000001AE8181ABC0
lose] \
[ZwCreateFile] \
Dokan Information: DokanEndDispatchCreate() status = 0, file handle = 0x000001AE8181A7C0, eventID = 0027, result = 0x1
Dokan Information: SendAndPullEventInformation() with NTSTATUS 0x0, context 0x8181a7c0, and result object 0x000001AE818E6280 with size 48
###QueryVolumeInfo file handle = 0x000001AE8181A7C0, eventID = 0027, event Info = 0x000001AE8181ABC0
[GetVolumeInformation]
Dokan Information: SendAndPullEventInformation() with NTSTATUS 0x0, context 0x8181a7c0, and result object 0x000001AE818E6280 with size 64
###GetFileInfo file handle = 0x000001AE8181A7C0, eventID = 0027, event Info = 0x000001AE8181ABC0
	result =  0
	FileAllInformation
	DispatchQueryInformation result =  0
Dokan Information: SendAndPullEventInformation() with NTSTATUS 0x0, context 0x8181a7c0, and result object 0x000001AE818E6280 with size 140
###Cleanup file handle = 0x000001AE8181A7C0, eventID = 0027, event Info = 0x000001AE8181ABC0
Dokan Information: SendAndPullEventInformation() with NTSTATUS 0x0, context 0x8181a7c0, and result object 0x000001AE818E6280 with size 48
###Close file handle = 0x000001AE8181A7C0, eventID = 0027, event Info = 0x000001AE8181ABC0
[Close] \
###Create file handle = 0x000001AE8181A9C0, eventID = 0028, event Info = 0x000001AE8181AF40
[ZwCreateFile] \
Dokan Information: DokanEndDispatchCreate() status = 0, file handle = 0x000001AE8181A9C0, eventID = 0028, result = 0x1
Dokan Information: SendAndPullEventInformation() with NTSTATUS 0x0, context 0x8181a9c0, and result object 0x000001AE818E6280 with size 48
###QueryVolumeInfo file handle = 0x000001AE8181A9C0, eventID = 0028, event Info = 0x000001AE8181AF40
[GetVolumeInformation]
Dokan Information: SendAndPullEventInformation() with NTSTATUS 0x0, context 0x8181a9c0, and result object 0x000001AE818E6280 with size 64
###GetFileInfo file handle = 0x000001AE8181A9C0, eventID = 0028, event Info = 0x000001AE8181AF40
	result =  0
	FileAllInformation
	DispatchQueryInformation result =  0
Dokan Information: SendAndPullEventInformation() with NTSTATUS 0x0, context 0x8181a9c0, and result object 0x000001AE818E6280 with size 140
###Cleanup file handle = 0x000001AE8181A9C0, eventID = 0028, event Info = 0x000001AE8181AF40
Dokan Information: SendAndPullEventInformation() with NTSTATUS 0x0, context 0x8181a9c0, and result object 0x000001AE818E6280 with size 48
###Close file handle = 0x000001AE8181A9C0, eventID = 0028, event Info = 0x000001AE8181AF40
[Close] \
###Create file handle = 0x000001AE8181A7C0, eventID = 0029, event Info = 0x000001AE8181ABC0
[ZwCreateFile] \
Dokan Information: DokanEndDispatchCreate() status = 0, file handle = 0x000001AE8181A7C0, eventID = 0029, result = 0x1
Dokan Information: SendAndPullEventInformation() with NTSTATUS 0x0, context 0x8181a7c0, and result object 0x000001AE818E6280 with size 48
###QueryVolumeInfo file handle = 0x000001AE8181A7C0, eventID = 0029, event Info = 0x000001AE8181ABC0
[GetVolumeInformation]
Dokan Information: SendAndPullEventInformation() with NTSTATUS 0x0, context 0x8181a7c0, and result object 0x000001AE818E6280 with size 64
###GetFileInfo file handle = 0x000001AE8181A7C0, eventID = 0029, event Info = 0x000001AE8181ABC0
	result =  0
	FileAllInformation
	DispatchQueryInformation result =  0
Dokan Information: SendAndPullEventInformation() with NTSTATUS 0x0, context 0x8181a7c0, and result object 0x000001AE818E6280 with size 140
###Cleanup file handle = 0x000001AE8181A7C0, eventID = 0029, event Info = 0x000001AE8181ABC0
Dokan Information: SendAndPullEventInformation() with NTSTATUS 0x0, context 0x8181a7c0, and result object 0x000001AE818E6280 with size 48
###Close file handle = 0x000001AE8181A7C0, eventID = 0029, event Info = 0x000001AE8181ABC0
[Close] \
###Create file handle = 0x000001AE8181A9C0, eventID = 0030, event Info = 0x000001AE8181AF40
[ZwCreateFile] \
Dokan Information: DokanEndDispatchCreate() status = 0, file handle = 0x000001AE8181A9C0, eventID = 0030, result = 0x1
Dokan Information: SendAndPullEventInformation() with NTSTATUS 0x0, context 0x8181a9c0, and result object 0x000001AE818E6280 with size 48
###QueryVolumeInfo file handle = 0x000001AE8181A9C0, eventID = 0030, event Info = 0x000001AE8181AF40
[GetVolumeInformation]
Dokan Information: SendAndPullEventInformation() with NTSTATUS 0x0, context 0x8181a9c0, and result object 0x000001AE818E6280 with size 64
###GetFileInfo file handle = 0x000001AE8181A9C0, eventID = 0030, event Info = 0x000001AE8181AF40
	result =  0
	FileAllInformation
	DispatchQueryInformation result =  0
Dokan Information: SendAndPullEventInformation() with NTSTATUS 0x0, context 0x8181a9c0, and result object 0x000001AE818E6280 with size 140
###Cleanup file handle = 0x000001AE8181A9C0, eventID = 0030, event Info = 0x000001AE8181AF40
Dokan Information: SendAndPullEventInformation() with NTSTATUS 0x0, context 0x8181a9c0, and result object 0x000001AE818E6280 with size 48
###Close file handle = 0x000001AE8181A9C0, eventID = 0030, event Info = 0x000001AE8181AF40
[Clo###Create file handle = 0x000001AE8181A7C0, eventID = 0031, event Info = 0x000001AE8181ABC0
se] \
[ZwCreateFile] \
Dokan Information: DokanEndDispatchCreate() status = 0, file handle = 0x000001AE8181A7C0, eventID = 0031, result = 0x1
Dokan Information: SendAndPullEventInformation() with NTSTATUS 0x0, context 0x8181a7c0, and result object 0x000001AE818E6280 with size 48
###QueryVolumeInfo file handle = 0x000001AE8181A7C0, eventID = 0031, event Info = 0x000001AE8181ABC0
[GetVolumeInformation]
Dokan Information: SendAndPullEventInformation() with NTSTATUS 0x0, context 0x8181a7c0, and result object 0x000001AE818E6280 with size 64
###GetFileInfo file handle = 0x000001AE8181A7C0, eventID = 0031, event Info = 0x000001AE8181ABC0
	result =  0
	FileAllInformation
	DispatchQueryInformation result =  0
Dokan Information: SendAndPullEventInformation() with NTSTATUS 0x0, context 0x8181a7c0, and result object 0x000001AE818E6280 with size 140
###Cleanup file handle = 0x000001AE8181A7C0, eventID = 0031, event Info = 0x000001AE8181ABC0
Dokan Information: SendAndPullEventInformation() with NTSTATUS 0x0, context 0x8181a7c0, and result object 0x000001AE818E6280 with size 48
###Close file handle = 0x000001AE8181A7C0, eventID = 0031, event Info = 0x000001AE8181ABC0
[Close] \
###Create file handle = 0x000001AE8181A9C0, eventID = 0032, event Info = 0x000001AE8181AF40
[ZwCreateFile] \
Dokan Information: DokanEndDispatchCreate() status = 0, file handle = 0x000001AE8181A9C0, eventID = 0032, result = 0x1
Dokan Information: SendAndPullEventInformation() with NTSTATUS 0x0, context 0x8181a9c0, and result object 0x000001AE818E6280 with size 48
###QueryVolumeInfo file handle = 0x000001AE8181A9C0, eventID = 0032, event Info = 0x000001AE8181AF40
[GetVolumeInformation]
Dokan Information: SendAndPullEventInformation() with NTSTATUS 0x0, context 0x8181a9c0, and result object 0x000001AE818E6280 with size 64
###GetFileInfo file handle = 0x000001AE8181A9C0, eventID = 0032, event Info = 0x000001AE8181AF40
	result =  0
	FileAllInformation
	DispatchQueryInformation result =  0
Dokan Information: SendAndPullEventInformation() with NTSTATUS 0x0, context 0x8181a9c0, and result object 0x000001AE818E6280 with size 140
###Cleanup file handle = 0x000001AE8181A9C0, eventID = 0032, event Info = 0x000001AE8181AF40
Dokan Information: SendAndPullEventInformation() with NTSTATUS 0x0, context 0x8181a9c0, and result object 0x000001AE818E6280 with size 48
###Close file handle = 0x000001AE8181A9C0, eventID = 0032, event Info = 0x000001AE8181AF40
[C###Create file handle = 0x000001AE8181A7C0, eventID = 0033, event Info = 0x000001AE8181ABC0
lose] \
[ZwCreateFile] \
Dokan Information: DokanEndDispatchCreate() status = 0, file handle = 0x000001AE8181A7C0, eventID = 0033, result = 0x1
Dokan Information: SendAndPullEventInformation() with NTSTATUS 0x0, context 0x8181a7c0, and result object 0x000001AE818E6280 with size 48
###QueryVolumeInfo file handle = 0x000001AE8181A7C0, eventID = 0033, event Info = 0x000001AE8181ABC0
[GetVolumeInformation]
Dokan Information: SendAndPullEventInformation() with NTSTATUS 0x0, context 0x8181a7c0, and result object 0x000001AE818E6280 with size 64
###GetFileInfo file handle = 0x000001AE8181A7C0, eventID = 0033, event Info = 0x000001AE8181ABC0
	result =  0
	FileAllInformation
	DispatchQueryInformation result =  0
Dokan Information: SendAndPullEventInformation() with NTSTATUS 0x0, context 0x8181a7c0, and result object 0x000001AE818E6280 with size 140
###Cleanup file handle = 0x000001AE8181A7C0, eventID = 0033, event Info = 0x000001AE8181ABC0
Dokan Information: SendAndPullEventInformation() with NTSTATUS 0x0, context 0x8181a7c0, and result object 0x000001AE818E6280 with size 48
###Close file handle = 0x000001AE8181A7C0, eventID = 0033, event Info = 0x000001AE8181ABC0
[Close] \
###Create file handle = 0x000001AE8181A9C0, eventID = 0034, event Info = 0x000001AE8181AF40
[ZwCreateFile] \
Dokan Information: DokanEndDispatchCreate() status = 0, file handle = 0x000001AE8181A9C0, eventID = 0034, result = 0x1
Dokan Information: SendAndPullEventInformation() with NTSTATUS 0x0, context 0x8181a9c0, and result object 0x000001AE818E6280 with size 48
###QueryVolumeInfo file handle = 0x000001AE8181A9C0, eventID = 0034, event Info = 0x000001AE8181AF40
[GetVolumeInformation]
Dokan Information: SendAndPullEventInformation() with NTSTATUS 0x0, context 0x8181a9c0, and result object 0x000001AE818E6280 with size 64
###GetFileInfo file handle = 0x000001AE8181A9C0, eventID = 0034, event Info = 0x000001AE8181AF40
	result =  0
	FileAllInformation
	DispatchQueryInformation result =  0
Dokan Information: SendAndPullEventInformation() with NTSTATUS 0x0, context 0x8181a9c0, and result object 0x000001AE818E6280 with size 140
###Cleanup file handle = 0x000001AE8181A9C0, eventID = 0034, event Info = 0x000001AE8181AF40
Dokan Information: SendAndPullEventInformation() with NTSTATUS 0x0, context 0x8181a9c0, and result object 0x000001AE818E6280 with size 48
###Close file handle = 0x000001AE8181A9C0, eventID = 0034, event Info = 0x000001AE8181AF40
[Close] \
###Create file handle = 0x000001AE8181A7C0, eventID = 0035, event Info = 0x000001AE8181ABC0
[ZwCreateFile] \
Dokan Information: DokanEndDispatchCreate() status = 0, file handle = 0x000001AE8181A7C0, eventID = 0035, result = 0x1
Dokan Information: SendAndPullEventInformation() with NTSTATUS 0x0, context 0x8181a7c0, and result object 0x000001AE818E6280 with size 48
###QueryVolumeInfo file handle = 0x000001AE8181A7C0, eventID = 0035, event Info = 0x000001AE8181ABC0
[GetVolumeInformation]
Dokan Information: SendAndPullEventInformation() with NTSTATUS 0x0, context 0x8181a7c0, and result object 0x000001AE818E6280 with size 64
###GetFileInfo file handle = 0x000001AE8181A7C0, eventID = 0035, event Info = 0x000001AE8181ABC0
	result =  0
	FileAllInformation
	DispatchQueryInformation result =  0
Dokan Information: SendAndPullEventInformation() with NTSTATUS 0x0, context 0x8181a7c0, and result object 0x000001AE818E6280 with size 140
###Cleanup file handle = 0x000001AE8181A7C0, eventID = 0035, event Info = 0x000001AE8181ABC0
Dokan Information: SendAndPullEventInformation() with NTSTATUS 0x0, context 0x8181a7c0, and result object 0x000001AE818E6280 with size 48
###Close file handle = 0x000001AE8181A7C0, eventID = 0035, event Info = 0x000001AE8181ABC0
[Close] \
###Create file handle = 0x000001AE8181A9C0, eventID = 0036, event Info = 0x000001AE8181AF40
[ZwCreateFile] \
Dokan Information: DokanEndDispatchCreate() status = 0, file handle = 0x000001AE8181A9C0, eventID = 0036, result = 0x1
Dokan Information: SendAndPullEventInformation() with NTSTATUS 0x0, context 0x8181a9c0, and result object 0x000001AE818E6280 with size 48
###QueryVolumeInfo file handle = 0x000001AE8181A9C0, eventID = 0036, event Info = 0x000001AE8181AF40
[GetVolumeInformation]
Dokan Information: SendAndPullEventInformation() with NTSTATUS 0x0, context 0x8181a9c0, and result object 0x000001AE818E6280 with size 64
###GetFileInfo file handle = 0x000001AE8181A9C0, eventID = 0036, event Info = 0x000001AE8181AF40
	result =  0
	FileAllInformation
	DispatchQueryInformation result =  0
Dokan Information: SendAndPullEventInformation() with NTSTATUS 0x0, context 0x8181a9c0, and result object 0x000001AE818E6280 with size 140
###Cleanup file handle = 0x000001AE8181A9C0, eventID = 0036, event Info = 0x000001AE8181AF40
Dokan Information: SendAndPullEventInformation() with NTSTATUS 0x0, context 0x8181a9c0, and result object 0x000001AE818E6280 with size 48
###Close file handle = 0x000001AE8181A9C0, eventID = 0036, event Info = 0x000001AE8181AF40
[Close] \
###Create file handle = 0x000001AE8181A7C0, eventID = 0037, event Info = 0x000001AE8181ABC0
[ZwCreateFile] \
Dokan Information: DokanEndDispatchCreate() status = 0, file handle = 0x000001AE8181A7C0, eventID = 0037, result = 0x1
Dokan Information: SendAndPullEventInformation() with NTSTATUS 0x0, context 0x8181a7c0, and result object 0x000001AE818E6280 with size 48
###QueryVolumeInfo file handle = 0x000001AE8181A7C0, eventID = 0037, event Info = 0x000001AE8181ABC0
[GetVolumeInformation]
Dokan Information: SendAndPullEventInformation() with NTSTATUS 0x0, context 0x8181a7c0, and result object 0x000001AE818E6280 with size 64
###GetFileInfo file handle = 0x000001AE8181A7C0, eventID = 0037, event Info = 0x000001AE8181ABC0
	result =  0
	FileAllInformation
	DispatchQueryInformation result =  0
Dokan Information: SendAndPullEventInformation() with NTSTATUS 0x0, context 0x8181a7c0, and result object 0x000001AE818E6280 with size 140
###Cleanup file handle = 0x000001AE8181A7C0, eventID = 0037, event Info = 0x000001AE8181ABC0
Dokan Information: SendAndPullEventInformation() with NTSTATUS 0x0, context 0x8181a7c0, and result object 0x000001AE818E6280 with size 48
###Close file handle = 0x000001AE8181A7C0, eventID = 0037, event Info = 0x000001AE8181ABC0
[Close] \
###Create file handle = 0x000001AE8181A9C0, eventID = 0038, event Info = 0x000001AE8181AF40
[ZwCreateFile] \
Dokan Information: DokanEndDispatchCreate() status = 0, file handle = 0x000001AE8181A9C0, eventID = 0038, result = 0x1
Dokan Information: SendAndPullEventInformation() with NTSTATUS 0x0, context 0x8181a9c0, and result object 0x000001AE818E6280 with size 48
###QueryVolumeInfo file handle = 0x000001AE8181A9C0, eventID = 0038, event Info = 0x000001AE8181AF40
[GetVolumeInformation]
Dokan Information: SendAndPullEventInformation() with NTSTATUS 0x0, context 0x8181a9c0, and result object 0x000001AE818E6280 with size 64
###GetFileInfo file handle = 0x000001AE8181A9C0, eventID = 0038, event Info = 0x000001AE8181AF40
	result =  0
	FileAllInformation
	DispatchQueryInformation result =  0
Dokan Information: SendAndPullEventInformation() with NTSTATUS 0x0, context 0x8181a9c0, and result object 0x000001AE818E6280 with size 140
###Cleanup file handle = 0x000001AE8181A9C0, eventID = 0038, event Info = 0x000001AE8181AF40
Dokan Information: SendAndPullEventInformation() with NTSTATUS 0x0, context 0x8181a9c0, and result object 0x000001AE818E6280 with size 48
###Close file handle = 0x000001AE8181A9C0, eventID = 0038, event Info = 0x000001AE8181AF40
[Close] \
###Create file handle = 0x000001AE8181A7C0, eventID = 0039, event Info = 0x000001AE8181ABC0
[ZwCreateFile] \
Dokan Information: DokanEndDispatchCreate() status = 0, file handle = 0x000001AE8181A7C0, eventID = 0039, result = 0x1
Dokan Information: SendAndPullEventInformation() with NTSTATUS 0x0, context 0x8181a7c0, and result object 0x000001AE818E6280 with size 48
###QueryVolumeInfo file handle = 0x000001AE8181A7C0, eventID = 0039, event Info = 0x000001AE8181ABC0
[GetVolumeInformation]
Dokan Information: SendAndPullEventInformation() with NTSTATUS 0x0, context 0x8181a7c0, and result object 0x000001AE818E6280 with size 64
###GetFileInfo file handle = 0x000001AE8181A7C0, eventID = 0039, event Info = 0x000001AE8181ABC0
	result =  0
	FileAllInformation
	DispatchQueryInformation result =  0
Dokan Information: SendAndPullEventInformation() with NTSTATUS 0x0, context 0x8181a7c0, and result object 0x000001AE818E6280 with size 140
###Cleanup file handle = 0x000001AE8181A7C0, eventID = 0039, event Info = 0x000001AE8181ABC0
Dokan Information: SendAndPullEventInformation() with NTSTATUS 0x0, context 0x8181a7c0, and result object 0x000001AE818E6280 with size 48
###Close file handle = 0x000001AE8181A7C0, eventID = 0039, event Info = 0x000001AE8181ABC0
[Close] \
###Create file handle = 0x000001AE8181A9C0, eventID = 0040, event Info = 0x000001AE8181AF40
[ZwCreateFile] \
Dokan Information: DokanEndDispatchCreate() status = 0, file handle = 0x000001AE8181A9C0, eventID = 0040, result = 0x1
Dokan Information: SendAndPullEventInformation() with NTSTATUS 0x0, context 0x8181a9c0, and result object 0x000001AE818E6280 with size 48
###QueryVolumeInfo file handle = 0x000001AE8181A9C0, eventID = 0040, event Info = 0x000001AE8181AF40
[GetVolumeInformation]
Dokan Information: SendAndPullEventInformation() with NTSTATUS 0x0, context 0x8181a9c0, and result object 0x000001AE818E6280 with size 64
###GetFileInfo file handle = 0x000001AE8181A9C0, eventID = 0040, event Info = 0x000001AE8181AF40
	result =  0
	FileAllInformation
	DispatchQueryInformation result =  0
Dokan Information: SendAndPullEventInformation() with NTSTATUS 0x0, context 0x8181a9c0, and result object 0x000001AE818E6280 with size 140
###Cleanup file handle = 0x000001AE8181A9C0, eventID = 0040, event Info = 0x000001AE8181AF40
Dokan Information: SendAndPullEventInformation() with NTSTATUS 0x0, context 0x8181a9c0, and result object 0x000001AE818E6280 with size 48
###Close file handle = 0x000001AE8181A9C0, eventID = 0040, event Info = 0x000001AE8181AF40
[Close] ###Create file handle = 0x000001AE8181A9C0, eventID = 0041, event Info = 0x000001AE8181ABC0
\
[ZwCreateFile] \
Dokan Information: DokanEndDispatchCreate() status = 0, file handle = 0x000001AE8181A9C0, eventID = 0041, result = 0x1
Dokan Information: SendAndPullEventInformation() with NTSTATUS 0x0, context 0x8181a9c0, and result object 0x000001AE818E6280 with size 48
###QueryVolumeInfo file handle = 0x000001AE8181A9C0, eventID = 0041, event Info = 0x000001AE8181ABC0
[GetVolumeInformation]
Dokan Information: SendAndPullEventInformation() with NTSTATUS 0x0, context 0x8181a9c0, and result object 0x000001AE818E6280 with size 64
###GetFileInfo file handle = 0x000001AE8181A9C0, eventID = 0041, event Info = 0x000001AE8181ABC0
	result =  0
	FileAllInformation
	DispatchQueryInformation result =  0
Dokan Information: SendAndPullEventInformation() with NTSTATUS 0x0, context 0x8181a9c0, and result object 0x000001AE818E6280 with size 140
###Cleanup file handle = 0x000001AE8181A9C0, eventID = 0041, event Info = 0x000001AE8181ABC0
Dokan Information: SendAndPullEventInformation() with NTSTATUS 0x0, context 0x8181a9c0, and result object 0x000001AE818E6280 with size 48
###Close file handle = 0x000001AE8181A9C0, eventID = 0041, event Info = 0x000001AE8181ABC0
[Close] \
###Create file handle = 0x000001AE8181A9C0, eventID = 0042, event Info = 0x000001AE8181ABC0
[ZwCreateFile] \
Dokan Information: DokanEndDispatchCreate() status = 0, file handle = 0x000001AE8181A9C0, eventID = 0042, result = 0x1
Dokan Information: SendAndPullEventInformation() with NTSTATUS 0x0, context 0x8181a9c0, and result object 0x000001AE818E6280 with size 48
###GetFileInfo file handle = 0x000001AE8181A9C0, eventID = 0042, event Info = 0x000001AE8181ABC0
	result =  0
	FileStandardInformation
	DispatchQueryInformation result =  0
Dokan Information: SendAndPullEventInformation() with NTSTATUS 0x0, context 0x8181a9c0, and result object 0x000001AE818E6280 with size 64
###QueryVolumeInfo file handle = 0x000001AE8181A9C0, eventID = 0042, event Info = 0x000001AE8181ABC0
[GetVolumeInformation]
Dokan Information: SendAndPullEventInformation() with NTSTATUS 0x0, context 0x8181a9c0, and result object 0x000001AE818E6280 with size 74
###QueryVolumeInfo file handle = 0x000001AE8181A9C0, eventID = 0042, event Info = 0x000001AE8181ABC0
[GetVolumeInformation]
Dokan Information: SendAndPullEventInformation() with NTSTATUS 0x0, context 0x8181a9c0, and result object 0x000001AE818E6280 with size 68
###Cleanup file handle = 0x000001AE8181A9C0, eventID = 0042, event Info = 0x000001AE8181ABC0
Dokan Information: SendAndPullEventInformation() with NTSTATUS 0x0, context 0x8181a9c0, and result object 0x000001AE818E6280 with size 48
###Close file handle = 0x000001AE8181A9C0, eventID = 0042, event Info = 0x000001AE8181ABC0
[Close] \
###Create file handle = 0x000001AE8181A7C0, eventID = 0043, event Info = 0x000001AE8181AF40
[ZwCreateFile] \
Dokan Information: DokanEndDispatchCreate() status = 0, file handle = 0x000001AE8181A7C0, eventID = 0043, result = 0x1
Dokan Information: SendAndPullEventInformation() with NTSTATUS 0x0, context 0x8181a7c0, and result object 0x000001AE818E6280 with size 48
###GetFileInfo file handle = 0x000001AE8181A7C0, eventID = 0043, event Info = 0x000001AE8181AF40
	result =  0
	FileBasicInformation
	DispatchQueryInformation result =  0
Dokan Information: SendAndPullEventInformation() with NTSTATUS 0x0, context 0x8181a7c0, and result object 0x000001AE818E6280 with size 80
###Cleanup file handle = 0x000001AE8181A7C0, eventID = 0043, event Info = 0x000001AE8181AF40
Dokan Information: SendAndPullEventInformation() with NTSTATUS 0x0, context 0x8181a7c0, and result object 0x000001AE818E6280 with size 48
###Close file handle = 0x000001AE8181A7C0, eventID = 0043, event Info = 0x000001AE8181AF40
[Close] \
###Create file handle = 0x000001AE8181A9C0, eventID = 0044, event Info = 0x000001AE8181ABC0
[ZwCreateFile] \gost_w.exe
Dokan Information: DokanEndDispatchCreate() status = c0000034, file handle = 0x0000000000000000, eventID = -001, result = 0x5
Dokan Information: SendAndPullEventInformation() with NTSTATUS 0xc0000034, context 0x0, and result object 0x000001AE818E6280 with size 48
###Create file handle = 0x000001AE8181A9C0, eventID = 0045, event Info = 0x000001AE8181ABC0
[ZwCreateFile] \gost_w.exe
Dokan Information: DokanEndDispatchCreate() status = c0000034, file handle = 0x0000000000000000, eventID = -001, result = 0x5
Dokan Information: SendAndPullEventInformation() with NTSTATUS 0xc0000034, context 0x0, and result object 0x000001AE818E6280 with size 48
###Create file handle = 0x000001AE8181A9C0, eventID = 0046, event Info = 0x000001AE8181ABC0
[ZwCreateFile] \
Dokan Information: DokanEndDispatchCreate() status = 0, file handle = 0x000001AE8181A9C0, eventID = 0046, result = 0x1
Dokan Information: SendAndPullEventInformation() with NTSTATUS 0x0, context 0x8181a9c0, and result object 0x000001AE818E6280 with size 48
###FindFiles file handle = 0x000001AE8181A9C0, eventID = 0046, event Info = 0x000001AE8181ABC0
WriteDirectoryResults() New directory index is -1.
  STATUS_NO_SUCH_FILE
Dokan Information: SendAndPullEventInformation() with NTSTATUS 0xc000000f, context 0x8181a9c0, and result object 0x000001AE818E6280 with size 48
###Cleanup file handle = 0x000001AE8181A9C0, eventID = 0046, event Info = 0x000001AE8181ABC0
Dokan Information: SendAndPullEventInformation() with NTSTATUS 0x0, context 0x8181a9c0, and result object 0x000001AE818E6280 with size 48
###Close file handle = 0x000001AE8181A9C0, eventID = 0046, event Info = 0x000001AE8181ABC0
[Close] \
###Create file handle = 0x000001AE8181A7C0, eventID = 0047, event Info = 0x000001AE8181AF40
[ZwCreateFile] \gost_w.exe
Dokan Information: DokanEndDispatchCreate() status = 0, file handle = 0x000001AE8181A7C0, eventID = 0047, result = 0x2
Dokan Information: SendAndPullEventInformation() with NTSTATUS 0x0, context 0x8181a7c0, and result object 0x000001AE818E6280 with size 48
###GetFileInfo file handle = 0x000001AE8181A7C0, eventID = 0047, event Info = 0x000001AE8181AF40
	result =  c0000034
	DispatchQueryInformation result =  c0000034
Dokan Information: SendAndPullEventInformation() with NTSTATUS 0xc000000d, context 0x8181a7c0, and result object 0x000001AE818E6280 with size 48
###GetFileInfo file handle = 0x000001AE8181A7C0, eventID = 0047, event Info = 0x000001AE8181AF40
	result =  c0000034
	DispatchQueryInformation result =  c0000034
Dokan Information: SendAndPullEventInformation() with NTSTATUS 0xc000000d, context 0x8181a7c0, and result object 0x000001AE818E6280 with size 48
###GetFileInfo file handle = 0x000001AE8181A7C0, eventID = 0047, event Info = 0x000001AE8181AF40
	result =  c0000034
	DispatchQueryInformation result =  c0000034
Dokan Information: SendAndPullEventInformation() with NTSTATUS 0xc000000d, context 0x8181a7c0, and result object 0x000001AE818E6280 with size 48
###GetFileInfo file handle = 0x000001AE8181A7C0, eventID = 0047, event Info = 0x000001AE8181AF40
	result =  c0000034
	DispatchQueryInformation result =  c0000034
Dokan Information: SendAndPullEventInformation() with NTSTATUS 0xc000000d, context 0x8181a7c0, and result object 0x000001AE818E6280 with size 48
###QueryVolumeInfo file handle = 0x000001AE8181A7C0, eventID = 0047, event Info = 0x000001AE8181AF40
[GetVolumeInformation]
Dokan Information: SendAndPullEventInformation() with NTSTATUS 0x0, context 0x8181a7c0, and result object 0x000001AE818E6280 with size 68
###GetFileInfo file handle = 0x000001AE8181A7C0, eventID = 0047, event Info = 0x000001AE8181AF40
	result =  c0000034
	DispatchQueryInformation result =  c0000034
Dokan Information: SendAndPullEventInformation() with NTSTATUS 0xc000000d, context 0x8181a7c0, and result object 0x000001AE818E6280 with size 48
###SetFileInfo file handle = 0x000001AE8181A7C0, eventID = 0047, FileInformationClass = 20, event Info = 0x000001AE8181AF40
	DispatchSetInformation result =  0
Dokan Information: SendAndPullEventInformation() with NTSTATUS 0x0, context 0x8181a7c0, and result object 0x000001AE818E6280 with size 48
###GetFileInfo file handle = 0x000001AE8181A7C0, eventID = 0047, event Info = 0x000001AE8181AF40
	result =  c0000034
	DispatchQueryInformation result =  c0000034
Dokan Information: SendAndPullEventInformation() with NTSTATUS 0xc000000d, context 0x8181a7c0, and result object 0x000001AE818E6280 with size 48
###WriteFile file handle = 0x000001AE8181A7C0, eventID = 0047, event Info = 0x000001AE8181ABC0
###GetFileInfo file handle = 0x000001AE8181A7C0, eventID = 0047, event Info = 0x000001AE8181AED0
###WriteFile file handle = 0x000001AE8181A7C0, eventID = 0047, event Info = 0x000001AE8181AF40
###WriteFile file handle = 0x000001AE8181A7C0, eventID = 0047, event Info = 0x000001AE81844AA0
	result =  c0000034
	DispatchQueryInformation result =  c0000034
[Write] off=0 len=1048576
Dokan Information: SendAndPullEventInformation() with NTSTATUS 0xc000000d, context 0x8181a7c0, and result object 0x000001AE837E05A0 with size 48
Dokan Information: SendAndPullEventInformation() with NTSTATUS 0x0, context 0x8181a7c0, and result object 0x000001AE818DD010 with size 48
[Write] off=1048576 len=1048576
###GetFileInfo file handle = 0x000001AE8181A7C0, eventID = 0047, event Info = 0x000001AE8181ABC0
Dokan Information: SendAndPullEventInformation() with NTSTATUS 0x0, context 0x8181a7c0, and result object 0x000001AE818E6280 with size 48
[W###WriteFile file handle = 0x000001AE8181A7C0, eventID = 0047, event Info = 0x000001AE8181AED0
rite] off=2097152 len=1048576
	result =  c0000034
[Write] off=3145728 len=1048576
	DispatchQueryInformation result =  c0000034
Dokan Information: SendAndPullEventInformation() with NTSTATUS 0x0, context 0x8181a7c0, and result object 0x000001AE837E05A0 with size 48
Dokan Information: SendAndPullEventInformation() with NTSTATUS 0x0, context 0x8181a7c0, and result object 0x000001AE81892D80 with size 48
Dokan Information: SendAndPullEventInformation() with NTSTATUS 0xc000000d, context 0x8181a7c0, and result object 0x000001AE818DD010 with size 48
###WriteFile file handle = 0x000001AE8181A7C0, eventID = 0047, event Info = 0x000001AE8181AF40
###GetFileInfo file handle = 0x000001AE8181A7C0, eventID = 0047, event Info = 0x000001AE8181ABC0
	result =  c0000034
	DispatchQueryInformation result =  c0000034
[Write] off=4194304 len=1048576
Dokan Information: SendAndPullEventInformation() with NTSTATUS 0xc000000d, context 0x8181a7c0, and result object 0x000001AE818DD010 with size 48
Dokan Information: SendAndPullEventInformation() with NTSTATUS 0x0, context 0x8181a7c0, and result object 0x000001AE818E6280 with size 48
###WriteFile file handle = 0x000001AE8181A7C0, eventID = 0047, event Info = 0x000001AE8181AED0
###WriteFile file handle = 0x000001AE8181A7C0, eventID = 0047, event Info = 0x000001AE81844AA0
###GetFileInfo file handle = 0x000001AE8181A7C0, eventID = 0047, event Info = 0x000001AE8181ABC0
[Write] off=6291456 len=1048576
	result =  c0000034
[Write] off=5242880 len=1048576
	DispatchQueryInformation result =  c0000034
Dokan Information: SendAndPullEventInformation() with NTSTATUS 0xc000000d, context 0x8181a7c0, and result object 0x000001AE818DD010 with size 48
Dokan Information: SendAndPullEventInformation() with NTSTATUS 0x0, context 0x8181a7c0, and result object 0x000001AE837E05A0 with size 48
###WriteFile file handle = 0x000001AE8181A7C0, eventID = 0047, event Info = 0x000001AE8181AF40
Dokan Information: SendAndPullEventInformation() with NTSTATUS 0x0, context 0x8181a7c0, and result object 0x000001AE81892D80 with size 48
[Write] off=7340032 len=1048576
###GetFileInfo file handle = 0x000001AE8181A7C0, eventID = 0047, event Info = 0x000001AE81844AA0
###WriteFile file handle = 0x000001AE8181A7C0, eventID = 0047, event Info = 0x000001AE8181AED0
###WriteFile file handle = 0x000001AE8181A7C0, eventID = 0047, event Info = 0x000001AE8181ABC0
	result =  c0000034
[Write] off=8388608 len=1048576
	DispatchQueryInformation result =  c0000034
[Write] off=9437184 len=1048576
Dokan Information: SendAndPullEventInformation() with NTSTATUS 0x0, context 0x8181a7c0, and result object 0x000001AE837E05A0 with size 48
Dokan Information: SendAndPullEventInformation() with NTSTATUS 0xc000000d, context 0x8181a7c0, and result object 0x000001AE81892D80 with size 48
Dokan Information: SendAndPullEventInformation() with NTSTATUS 0x0, context 0x8181a7c0, and result object 0x000001AE818E6280 with size 48
Dokan Information: SendAndPullEventInformation() with NTSTATUS 0x0, context 0x8181a7c0, and result object 0x000001AE818DD010 with size 48
###GetFileInfo file handle = 0x000001AE8181A7C0, eventID = 0047, event Info = 0x000001AE8181ABC0
	result =  c0000034
	DispatchQueryInformation result =  c0000034
Dokan Information: SendAndPullEventInformation() with NTSTATUS 0xc000000d, context 0x8181a7c0, and result object 0x000001AE818DD010 with size 48
###WriteFile file handle = 0x000001AE8181A7C0, eventID = 0047, event Info = 0x000001AE8181AF40
###WriteFile file handle = 0x000001AE8181A7C0, eventID = 0047, event Info = 0x000001AE81844AA0
###GetFileInfo file handle = 0x000001AE8181A7C0, eventID = 0047, event Info = 0x000001AE8181ABC0
[Write] off=10485760 len=1048576
###WriteFile file handle = 0x000001AE8181A7C0, eventID = 0047, event Info = 0x000001AE8181AED0
Dokan Information: SendAndPullEventInformation() with NTSTATUS 0x0, context 0x8181a7c0, and result object 0x000001AE818E6280 with size 48
[Write] off=11534336 len=1048576
	result =  c0000034
[Write] off=12582912 len=696320
	DispatchQueryInformation result =  c0000034
Dokan Information: SendAndPullEventInformation() with NTSTATUS 0x0, context 0x8181a7c0, and result object 0x000001AE81892D80 with size 48
Dokan Information: SendAndPullEventInformation() with NTSTATUS 0x0, context 0x8181a7c0, and result object 0x000001AE837E05A0 with size 48
Dokan Information: SendAndPullEventInformation() with NTSTATUS 0xc000000d, context 0x8181a7c0, and result object 0x000001AE818DD010 with size 48
###QueryVolumeInfo file handle = 0x000001AE8181A7C0, eventID = 0047, event Info = 0x000001AE8181AED0
[GetVolumeInformation]
Dokan Information: SendAndPullEventInformation() with NTSTATUS 0x0, context 0x8181a7c0, and result object 0x000001AE837E05A0 with size 68
###GetFileInfo file handle = 0x000001AE8181A7C0, eventID = 0047, event Info = 0x000001AE8181AED0
	result =  c0000034
	DispatchQueryInformation result =  c0000034
Dokan Information: SendAndPullEventInformation() with NTSTATUS 0xc000000d, context 0x8181a7c0, and result object 0x000001AE837E05A0 with size 48
###Create file handle = 0x000001AE8181A9C0, eventID = 0048, event Info = 0x000001AE8181AED0
[ZwCreateFile] \gost_w.exe:Zone.Identifier:$DATA
Dokan Information: DokanEndDispatchCreate() status = 0, file handle = 0x000001AE8181A9C0, eventID = 0048, result = 0x2
Dokan Information: SendAndPullEventInformation() with NTSTATUS 0x0, context 0x8181a9c0, and result object 0x000001AE837E05A0 with size 48
###GetFileInfo file handle = 0x000001AE8181A9C0, eventID = 0048, event Info = 0x000001AE8181AED0
	result =  c0000034
	DispatchQueryInformation result =  c0000034
Dokan Information: SendAndPullEventInformation() with NTSTATUS 0xc000000d, context 0x8181a9c0, and result object 0x000001AE837E05A0 with size 48
###GetFileInfo file handle = 0x000001AE8181A9C0, eventID = 0048, event Info = 0x000001AE8181AED0
	result =  c0000034
	DispatchQueryInformation result =  c0000034
Dokan Information: SendAndPullEventInformation() with NTSTATUS 0xc000000d, context 0x8181a9c0, and result object 0x000001AE837E05A0 with size 48
###GetFileInfo file handle = 0x000001AE8181A9C0, eventID = 0048, event Info = 0x000001AE8181AED0
	result =  c0000034
	DispatchQueryInformation result =  c0000034
Dokan Information: SendAndPullEventInformation() with NTSTATUS 0xc000000d, context 0x8181a9c0, and result object 0x000001AE837E05A0 with size 48
###GetFileInfo file handle = 0x000001AE8181A9C0, eventID = 0048, event Info = 0x000001AE8181AED0
	result =  c0000034
	DispatchQueryInformation result =  c0000034
Dokan Information: SendAndPullEventInformation() with NTSTATUS 0xc000000d, context 0x8181a9c0, and result object 0x000001AE837E05A0 with size 48
###QueryVolumeInfo file handle = 0x000001AE8181A9C0, eventID = 0048, event Info = 0x000001AE8181AED0
[GetVolumeInformation]
Dokan Information: SendAndPullEventInformation() with NTSTATUS 0x0, context 0x8181a9c0, and result object 0x000001AE837E05A0 with size 68
###QueryVolumeInfo file handle = 0x000001AE8181A9C0, eventID = 0048, event Info = 0x000001AE8181AED0
Dokan Information: SendAndPullEventInformation() with NTSTATUS 0x0, context 0x8181a9c0, and result object 0x000001AE837E05A0 with size 64
###SetFileInfo file handle = 0x000001AE8181A9C0, eventID = 0048, FileInformationClass = 20, event Info = 0x000001AE8181AED0
	DispatchSetInformation result =  0
Dokan Information: SendAndPullEventInformation() with NTSTATUS 0x0, context 0x8181a9c0, and result object 0x000001AE837E05A0 with size 48
###WriteFile file handle = 0x000001AE8181A9C0, eventID = 0048, event Info = 0x000001AE8181AED0
[Write] off=0 len=92
###GetFileInfo file handle = 0x000001AE8181A9C0, eventID = 0048, event Info = 0x000001AE8181ABC0
Dokan Information: SendAndPullEventInformation() with NTSTATUS 0x0, context 0x8181a9c0, and result object 0x000001AE837E05A0 with size 48
	result =  c0000034
	DispatchQueryInformation result =  c0000034
###SetFileInfo file handle = 0x000001AE8181A9C0, eventID = 0048, FileInformationClass = 4, event Info = 0x000001AE8181AED0
	DispatchSetInformation result =  c0000002
Dokan Information: SendAndPullEventInformation() with NTSTATUS 0xc000000d, context 0x8181a9c0, and result object 0x000001AE818DD010 with size 48
Dokan Information: SendAndPullEventInformation() with NTSTATUS 0xc0000002, context 0x8181a9c0, and result object 0x000001AE837E05A0 with size 48
###Cleanup file handle = 0x000001AE8181A9C0, eventID = 0048, event Info = 0x000001AE8181AED0
Dokan Information: SendAndPullEventInformation() with NTSTATUS 0x0, context 0x8181a9c0, and result object 0x000001AE837E05A0 with size 48
###Close file handle = 0x000001AE8181A9C0, eventID = 0048, event Info = 0x000001AE8181AED0
[Close] \gost_w.exe:Zone.Identifier:$DATA
###SetFileInfo file handle = 0x000001AE8181A7C0, eventID = 0047, FileInformationClass = 4, event Info = 0x000001AE8181ABC0
	DispatchSetInformation result =  c0000002
Dokan Information: SendAndPullEventInformation() with NTSTATUS 0xc0000002, context 0x8181a7c0, and result object 0x000001AE818DD010 with size 48
###GetFileInfo file handle = 0x000001AE8181A7C0, eventID = 0047, event Info = 0x000001AE8181ABC0
	result =  c0000034
	DispatchQueryInformation result =  c0000034
Dokan Information: SendAndPullEventInformation() with NTSTATUS 0xc000000d, context 0x8181a7c0, and result object 0x000001AE818DD010 with size 48
###Cleanup file handle = 0x000001AE8181A7C0, eventID = 0047, event Info = 0x000001AE8181ABC0
Dokan Information: SendAndPullEventInformation() with NTSTATUS 0x0, context 0x8181a7c0, and result object 0x000001AE818DD010 with size 48
###Close file handle = 0x000001AE8181A7C0, eventID = 0047, event Info = 0x000001AE8181ABC0
[Close] \gost_w.exe
###Create file handle = 0x000001AE8181A7C0, eventID = 0049, event Info = 0x000001AE8181ABC0
[ZwCreateFile] \gost_w.exe
Dokan Information: DokanEndDispatchCreate() status = 0, file handle = 0x000001AE8181A7C0, eventID = 0049, result = 0x1
Dokan Information: SendAndPullEventInformation() with NTSTATUS 0x0, context 0x8181a7c0, and result object 0x000001AE818DD010 with size 48
###GetFileInfo file handle = 0x000001AE8181A7C0, eventID = 0049, event Info = 0x000001AE8181ABC0
	result =  0
	FileStandardInformation
	DispatchQueryInformation result =  0
Dokan Information: SendAndPullEventInformation() with NTSTATUS 0x0, context 0x8181a7c0, and result object 0x000001AE818DD010 with size 64
###GetFileInfo file handle = 0x000001AE8181A7C0, eventID = 0049, event Info = 0x000001AE8181ABC0
	result =  0
	FileBasicInformation
	DispatchQueryInformation result =  0
Dokan Information: SendAndPullEventInformation() with NTSTATUS 0x0, context 0x8181a7c0, and result object 0x000001AE818DD010 with size 80
###Cleanup file handle = 0x000001AE8181A7C0, eventID = 0049, event Info = 0x000001AE8181ABC0
Dokan Information: SendAndPullEventInformation() with NTSTATUS 0x0, context 0x8181a7c0, and result object 0x000001AE818DD010 with size 48
###Close file handle = 0x000001AE8181A7C0, eventID = 0049, event Info = 0x000001AE8181ABC0
[Close] \gost_w.exe
###Create file handle = 0x000001AE8181A9C0, eventID = 0050, event Info = 0x000001AE8181AED0
[ZwCreateFile] \gost_w.exe
Dokan Information: DokanEndDispatchCreate() status = 0, file handle = 0x000001AE8181A9C0, eventID = 0050, result = 0x1
Dokan Information: SendAndPullEventInformation() with NTSTATUS 0x0, context 0x8181a9c0, and result object 0x000001AE818DD010 with size 48
###GetFileInfo file handle = 0x000001AE8181A9C0, eventID = 0050, event Info = 0x000001AE8181AED0
	result =  0
	FileBasicInformation
	DispatchQueryInformation result =  0
Dokan Information: SendAndPullEventInformation() with NTSTATUS 0x0, context 0x8181a9c0, and result object 0x000001AE818DD010 with size 80
###Cleanup file handle = 0x000001AE8181A9C0, eventID = 0050, event Info = 0x000001AE8181AED0
Dokan Information: SendAndPullEventInformation() with NTSTATUS 0x0, context 0x8181a9c0, and result object 0x000001AE818DD010 with size 48
###Close file handle = 0x000001AE8181A9C0, eventID = 0050, event Info = 0x000001AE8181AED0
###Create file handle = 0x000001AE8181A7C0, eventID = 0051, event Info = 0x000001AE8181ABC0
[Close] \gost_w.exe
[ZwCreateFile] \gost_w.exe
Dokan Information: DokanEndDispatchCreate() status = 0, file handle = 0x000001AE8181A7C0, eventID = 0051, result = 0x1
Dokan Information: SendAndPullEventInformation() with NTSTATUS 0x0, context 0x8181a7c0, and result object 0x000001AE818DD010 with size 48
###GetFileInfo file handle = 0x000001AE8181A7C0, eventID = 0051, event Info = 0x000001AE8181ABC0
	result =  0
	FileBasicInformation
	DispatchQueryInformation result =  0
Dokan Information: SendAndPullEventInformation() with NTSTATUS 0x0, context 0x8181a7c0, and result object 0x000001AE818DD010 with size 80
###Cleanup file handle = 0x000001AE8181A7C0, eventID = 0051, event Info = 0x000001AE8181ABC0
Dokan Information: SendAndPullEventInformation() with NTSTATUS 0x0, context 0x8181a7c0, and result object 0x000001AE818DD010 with size 48
###Close file handle = 0x000001AE8181A7C0, eventID = 0051, event Info = 0x000001AE8181ABC0
[Close] \gost_w.exe
###Create file handle = 0x000001AE8181A9C0, eventID = 0052, event Info = 0x000001AE8181AED0
[ZwCreateFile] \gost_w.exe
Dokan Information: DokanEndDispatchCreate() status = 0, file handle = 0x000001AE8181A9C0, eventID = 0052, result = 0x1
Dokan Information: SendAndPullEventInformation() with NTSTATUS 0x0, context 0x8181a9c0, and result object 0x000001AE818DD010 with size 48
###GetFileInfo file handle = 0x000001AE8181A9C0, eventID = 0052, event Info = 0x000001AE8181AED0
	result =  0
	FileBasicInformation
	DispatchQueryInformation result =  0
Dokan Information: SendAndPullEventInformation() with NTSTATUS 0x0, context 0x8181a9c0, and result object 0x000001AE818DD010 with size 80
###GetFileInfo file handle = 0x000001AE8181A9C0, eventID = 0052, event Info = 0x000001AE8181AED0
	result =  0
	FileStandardInformation
	DispatchQueryInformation result =  0
Dokan Information: SendAndPullEventInformation() with NTSTATUS 0x0, context 0x8181a9c0, and result object 0x000001AE818DD010 with size 64
###GetFileInfo file handle = 0x000001AE8181A9C0, eventID = 0052, event Info = 0x000001AE8181AED0
	result =  0
	FileInternalInformation
	DispatchQueryInformation result =  0
Dokan Information: SendAndPullEventInformation() with NTSTATUS 0x0, context 0x8181a9c0, and result object 0x000001AE818DD010 with size 48
###GetFileInfo file handle = 0x000001AE8181A9C0, eventID = 0052, event Info = 0x000001AE8181AED0
	result =  0
	FileStandardInformation
	DispatchQueryInformation result =  0
Dokan Information: SendAndPullEventInformation() with NTSTATUS 0x0, context 0x8181a9c0, and result object 0x000001AE818DD010 with size 64
###GetFileInfo file handle = 0x000001AE8181A9C0, eventID = 0052, event Info = 0x000001AE8181AED0
	result =  0
	FileBasicInformation
	DispatchQueryInformation result =  0
Dokan Information: SendAndPullEventInformation() with NTSTATUS 0x0, context 0x8181a9c0, and result object 0x000001AE818DD010 with size 80
###GetFileInfo file handle = 0x000001AE8181A9C0, eventID = 0052, event Info = 0x000001AE8181AED0
	result =  0
	FileAttributeTagInformation
	DispatchQueryInformation result =  0
Dokan Information: SendAndPullEventInformation() with NTSTATUS 0x0, context 0x8181a9c0, and result object 0x000001AE818DD010 with size 48
###GetFileInfo file handle = 0x000001AE8181A9C0, eventID = 0052, event Info = 0x000001AE8181AED0
	result =  0
	FileStandardInformation
	DispatchQueryInformation result =  0
Dokan Information: SendAndPullEventInformation() with NTSTATUS 0x0, context 0x8181a9c0, and result object 0x000001AE818DD010 with size 64
###GetFileInfo file handle = 0x000001AE8181A9C0, eventID = 0052, event Info = 0x000001AE8181AED0
	result =  0
	FileBasicInformation
	DispatchQueryInformation result =  0
Dokan Information: SendAndPullEventInformation() with NTSTATUS 0x0, context 0x8181a9c0, and result object 0x000001AE818DD010 with size 80
###GetFileInfo file handle = 0x000001AE8181A9C0, eventID = 0052, event Info = 0x000001AE8181AED0
FileStreamInformation
Dokan Information: SendAndPullEventInformation() with NTSTATUS 0x0, context 0x8181a9c0, and result object 0x000001AE818DD010 with size 48
###GetFileInfo file handle = 0x000001AE8181A9C0, eventID = 0052, event Info = 0x000001AE8181AED0
	result =  0
	FileBasicInformation
	DispatchQueryInformation result =  0
Dokan Information: SendAndPullEventInformation() with NTSTATUS 0x0, context 0x8181a9c0, and result object 0x000001AE818DD010 with size 80
###GetFileInfo file handle = 0x000001AE8181A9C0, eventID = 0052, event Info = 0x000001AE8181AED0
	result =  0
	FileEaInformation
	DispatchQueryInformation result =  0
Dokan Information: SendAndPullEventInformation() with NTSTATUS 0x0, context 0x8181a9c0, and result object 0x000001AE818DD010 with size 48
###QueryVolumeInfo file handle = 0x000001AE8181A9C0, eventID = 0052, event Info = 0x000001AE8181AED0
[GetVolumeInformation]
Dokan Information: SendAndPullEventInformation() with NTSTATUS 0x0, context 0x8181a9c0, and result object 0x000001AE818DD010 with size 68
###Read file handle = 0x000001AE8181A9C0, eventID = 0052, event Info = 0x000001AE8181AED0
###Read file handle = 0x000001AE8181A9C0, eventID = 0052, event Info = 0x000001AE81844AA0
###Read file handle = 0x000001AE8181A9C0, eventID = 0052, event Info = 0x000001AE8181AF40
Dokan Information: SendAndPullEventInformation() with NTSTATUS 0x0, context 0x8181a9c0, and result object 0x000001AE83681040 with size 1048616
###Read file handle = 0x000001AE8181A9C0, eventID = 0052, event Info = 0x000001AE8181AED0
Dokan Information: SendAndPullEventInformation() with NTSTATUS 0x0, context 0x8181a9c0, and result object 0x000001AE839C2040 with size 1048616
###Read file handle = 0x000001AE8181A9C0, eventID = 0052, event Info = 0x000001AE81844AA0
Dokan Information: SendAndPullEventInformation() with NTSTATUS 0x0, context 0x8181a9c0, and result object 0x000001AE83AD9040 with size 1048616
###Read file handle = 0x000001AE8181A9C0, eventID = 0052, event Info = 0x000001AE8181AF40
Dokan Information: SendAndPullEventInformation() with NTSTATUS 0x0, context 0x8181a9c0, and result object 0x000001AE8368F040 with size 1048616
###Read file handle = 0x000001AE8181A9C0, eventID = 0052, event Info = 0x000001AE8181AED0
Dokan Information: SendAndPullEventInformation() with NTSTATUS 0x0, context 0x8181a9c0, and result object 0x000001AE83BEF040 with size 1048616
###Read file handle = 0x000001AE8181A9C0, eventID = 0052, event Info = 0x000001AE81844AA0
Dokan Information: SendAndPullEventInformation() with NTSTATUS 0x0, context 0x8181a9c0, and result object 0x000001AE839CF040 with size 1048616
###Read file handle = 0x000001AE8181A9C0, eventID = 0052, event Info = 0x000001AE8181AF40
Dokan Information: SendAndPullEventInformation() with NTSTATUS 0x0, context 0x8181a9c0, and result object 0x000001AE83681040 with size 1048616
###Read file handle = 0x000001AE8181A9C0, eventID = 0052, event Info = 0x000001AE8181AED0
Dokan Information: SendAndPullEventInformation() with NTSTATUS 0x0, context 0x8181a9c0, and result object 0x000001AE83AEA040 with size 1048616
###Read file handle = 0x000001AE8181A9C0, eventID = 0052, event Info = 0x000001AE81844AA0
Dokan Information: SendAndPullEventInformation() with NTSTATUS 0x0, context 0x8181a9c0, and result object 0x000001AE839C0040 with size 1048616
Dokan Information: SendAndPullEventInformation() with NTSTATUS 0x0, context 0x8181a9c0, and result object 0x000001AE8368F040 with size 1048616
###Read file handle = 0x000001AE8181A9C0, eventID = 0052, event Info = 0x000001AE8181AF40
###Read file handle = 0x000001AE8181A9C0, eventID = 0052, event Info = 0x000001AE8181AED0
Dokan Information: SendAndPullEventInformation() with NTSTATUS 0x0, context 0x8181a9c0, and result object 0x000001AE83AD1040 with size 1048616
Dokan Information: SendAndPullEventInformation() with NTSTATUS 0x0, context 0x8181a9c0, and result object 0x000001AE83BEF040 with size 1048616
Dokan Information: SendAndPullEventInformation() with NTSTATUS 0x0, context 0x8181a9c0, and result object 0x000001AE83683040 with size 696360
###Cleanup file handle = 0x000001AE8181A9C0, eventID = 0052, event Info = 0x000001AE8181AED0
Dokan Information: SendAndPullEventInformation() with NTSTATUS 0x0, context 0x8181a9c0, and result object 0x000001AE818E6280 with size 48
###Close file handle = 0x000001AE8181A9C0, eventID = 0052, event Info = 0x000001AE8181AED0
###QueryVolumeInfo file handle = 0x0000000000000000, eventID = -001, event Info = 0x000001AE8181AED0
[GetVolumeInformation]
Dokan Information: SendAndPullEventInformation() with NTSTATUS 0x0, context 0x0, and result object 0x000001AE818E6280 with size 68
###Create file handle = 0x000001AE8181A7C0, eventID = 0053, event Info = 0x000001AE8181AED0
[ZwCreateFile] \
Dokan Information: DokanEndDispatchCreate() status = 0, file handle = 0x000001AE8181A7C0, eventID = 0053, result = 0x1
Dokan Information: SendAndPullEventInformation() with NTSTATUS 0x0, context 0x8181a7c0, and result object 0x000001AE818E6280 with size 48
###GetFileInfo file handle = 0x000001AE8181A7C0, eventID = 0053, event Info = 0x000001AE8181AED0
	result =  0
	FileStandardInformation
	DispatchQueryInformation result =  0
Dokan Information: SendAndPullEventInformation() with NTSTATUS 0x0, context 0x8181a7c0, and result object 0x000001AE818E6280 with size 64
###QueryVolumeInfo file handle = 0x000001AE8181A7C0, eventID = 0053, event Info = 0x000001AE8181AED0
[GetVolumeInformation]
Dokan Information: SendAndPullEventInformation() with NTSTATUS 0x0, context 0x8181a7c0, and result object 0x000001AE818E6280 with size 74
###QueryVolumeInfo file handle = 0x000001AE8181A7C0, eventID = 0053, event Info = 0x000001AE8181AED0
[GetVolumeInformation]
Dokan Information: SendAndPullEventInformation() with NTSTATUS 0x0, context 0x8181a7c0, and result object 0x000001AE818E6280 with size 68
###Cleanup file handle = 0x000001AE8181A7C0, eventID = 0053, event Info = 0x000001AE8181AED0
Dokan Information: SendAndPullEventInformation() with NTSTATUS 0x0, context 0x8181a7c0, and result object 0x000001AE818E6280 with size 48
###Close file handle = 0x000001AE8181A7C0, eventID = 0053, event Info = 0x000001AE8181AED0
[Close] \
###Create file handle = 0x000001AE8181A7C0, eventID = 0054, event Info = 0x000001AE8181AED0
[ZwCreateFile] \
Dokan Information: DokanEndDispatchCreate() status = 0, file handle = 0x000001AE8181A7C0, eventID = 0054, result = 0x1
Dokan Information: SendAndPullEventInformation() with NTSTATUS 0x0, context 0x8181a7c0, and result object 0x000001AE818E6280 with size 48
###GetFileInfo file handle = 0x000001AE8181A7C0, eventID = 0054, event Info = 0x000001AE8181AED0
	result =  0
	FileStandardInformation
	DispatchQueryInformation result =  0
Dokan Information: SendAndPullEventInformation() with NTSTATUS 0x0, context 0x8181a7c0, and result object 0x000001AE818E6280 with size 64
###QueryVolumeInfo file handle = 0x000001AE8181A7C0, eventID = 0054, event Info = 0x000001AE8181AED0
[GetVolumeInformation]
Dokan Information: SendAndPullEventInformation() with NTSTATUS 0x0, context 0x8181a7c0, and result object 0x000001AE818E6280 with size 74
###Cleanup file handle = 0x000001AE8181A7C0, eventID = 0054, event Info = 0x000001AE8181AED0
Dokan Information: SendAndPullEventInformation() with NTSTATUS 0x0, context 0x8181a7c0, and result object 0x000001AE818E6280 with size 48
###Close file handle = 0x000001AE8181A7C0, eventID = 0054, event Info = 0x000001AE8181AED0
[Close] \
###Create file handle = 0x000001AE8181A7C0, eventID = 0055, event Info = 0x000001AE8181AED0
[ZwCreateFile] \autorun.inf
Dokan Information: DokanEndDispatchCreate() status = c0000034, file handle = 0x0000000000000000, eventID = -001, result = 0x5
Dokan Information: SendAndPullEventInformation() with NTSTATUS 0xc0000034, context 0x0, and result object 0x000001AE818E6280 with size 48
###Create file handle = 0x000001AE8181A7C0, eventID = 0056, event Info = 0x000001AE8181AED0
[ZwCreateFile] \autorun.inf
Dokan Information: DokanEndDispatchCreate() status = c0000034, file handle = 0x0000000000000000, eventID = -001, result = 0x5
Dokan Information: SendAndPullEventInformation() with NTSTATUS 0xc0000034, context 0x0, and result object 0x000001AE818E6280 with size 48
###Create file handle = 0x000001AE8181A7C0, eventID = 0057, event Info = 0x000001AE8181AED0
[ZwCreateFile] \autorun.inf
Dokan Information: DokanEndDispatchCreate() status = c0000034, file handle = 0x0000000000000000, eventID = -001, result = 0x5
Dokan Information: SendAndPullEventInformation() with NTSTATUS 0xc0000034, context 0x0, and result object 0x000001AE818E6280 with size 48
###Create file handle = 0x000001AE8181A7C0, eventID = 0058, event Info = 0x000001AE8181AED0
[ZwCreateFile] \
Dokan Information: DokanEndDispatchCreate() status = 0, file handle = 0x000001AE8181A7C0, eventID = 0058, result = 0x1
Dokan Information: SendAndPullEventInformation() with NTSTATUS 0x0, context 0x8181a7c0, and result object 0x000001AE818E6280 with size 48
###GetFileInfo file handle = 0x000001AE8181A7C0, eventID = 0058, event Info = 0x000001AE8181AED0
	result =  0
	FileStandardInformation
	DispatchQueryInformation result =  0
Dokan Information: SendAndPullEventInformation() with NTSTATUS 0x0, context 0x8181a7c0, and result object 0x000001AE818E6280 with size 64
###GetFileInfo file handle = 0x000001AE8181A7C0, eventID = 0058, event Info = 0x000001AE8181AED0
	result =  0
	FileNetworkOpenInformation
	DispatchQueryInformation result =  0
Dokan Information: SendAndPullEventInformation() with NTSTATUS 0x0, context 0x8181a7c0, and result object 0x000001AE818E6280 with size 96
###Cleanup file handle = 0x000001AE8181A7C0, eventID = 0058, event Info = 0x000001AE8181AED0
Dokan Information: SendAndPullEventInformation() with NTSTATUS 0x0, context 0x8181a7c0, and result object 0x000001AE818E6280 with size 48
###Close file handle = 0x000001AE8181A7C0, eventID = 0058, event Info = 0x000001AE8181AED0
###Create file handle = 0x000001AE8181A040, eventID = 0059, event Info = 0x000001AE8181AF40
[Close] \
[ZwCreateFile] \autorun.inf
Dokan Information: DokanEndDispatchCreate() status = c0000034, file handle = 0x0000000000000000, eventID = -001, result = 0x5
Dokan Information: SendAndPullEventInformation() with NTSTATUS 0xc0000034, context 0x0, and result object 0x000001AE818E6280 with size 48
###Create file handle = 0x000001AE8181A040, eventID = 0060, event Info = 0x000001AE8181AF40
[ZwCreateFile] \autorun.inf.exe
Dokan Information: DokanEndDispatchCreate() status = c0000034, file handle = 0x0000000000000000, eventID = -001, result = 0x5
Dokan Information: SendAndPullEventInformation() with NTSTATUS 0xc0000034, context 0x0, and result object 0x000001AE818E6280 with size 48
###Create file handle = 0x000001AE8181A040, eventID = 0061, event Info = 0x000001AE8181AF40
[ZwCreateFile] \autorun.inf.dll
Dokan Information: DokanEndDispatchCreate() status = c0000034, file handle = 0x0000000000000000, eventID = -001, result = 0x5
Dokan Information: SendAndPullEventInformation() with NTSTATUS 0xc0000034, context 0x0, and result object 0x000001AE818E6280 with size 48
###Create file handle = 0x000001AE8181A040, eventID = 0062, event Info = 0x000001AE8181AF40
[ZwCreateFile] \autorun.inf.lnk
Dokan Information: DokanEndDispatchCreate() status = c0000034, file handle = 0x0000000000000000, eventID = -001, result = 0x5
Dokan Information: SendAndPullEventInformation() with NTSTATUS 0xc0000034, context 0x0, and result object 0x000001AE818E6280 with size 48
###Create file handle = 0x000001AE8181A040, eventID = 0063, event Info = 0x000001AE8181AF40
[ZwCreateFile] \autorun.inf.cmd
Dokan Information: DokanEndDispatchCreate() status = c0000034, file handle = 0x0000000000000000, eventID = -001, result = 0x5
Dokan Information: SendAndPullEventInformation() with NTSTATUS 0xc0000034, context 0x0, and result object 0x000001AE818E6280 with size 48
###Create file handle = 0x000001AE8181A040, eventID = 0064, event Info = 0x000001AE8181AF40
[ZwCreateFile] \autorun.inf.bat
Dokan Information: DokanEndDispatchCreate() status = c0000034, file handle = 0x0000000000000000, eventID = -001, result = 0x5
Dokan Information: SendAndPullEventInformation() with NTSTATUS 0xc0000034, context 0x0, and result object 0x000001AE818E6280 with size 48
###Create file handle = 0x000001AE8181A040, eventID = 0065, event Info = 0x000001AE8181AF40
[ZwCreateFile] \autorun.inf.com
Dokan Information: DokanEndDispatchCreate() status = c0000034, file handle = 0x0000000000000000, eventID = -001, result = 0x5
Dokan Information: SendAndPullEventInformation() with NTSTATUS 0xc0000034, context 0x0, and result object 0x000001AE818E6280 with size 48
###Create file handle = 0x000001AE8181A040, eventID = 0066, event Info = 0x000001AE8181AF40
[ZwCreateFile] \autorun.inf.pif
Dokan Information: DokanEndDispatchCreate() status = c0000034, file handle = 0x0000000000000000, eventID = -001, result = 0x5
Dokan Information: SendAndPullEventInformation() with NTSTATUS 0xc0000034, context 0x0, and result object 0x000001AE818E6280 with size 48
###Create file handle = 0x000001AE8181A040, eventID = 0067, event Info = 0x000001AE8181AF40
[ZwCreateFile] \autorun.inf
Dokan Information: DokanEndDispatchCreate() status = c0000034, file handle = 0x0000000000000000, eventID = -001, result = 0x5
Dokan Information: SendAndPullEventInformation() with NTSTATUS 0xc0000034, context 0x0, and result object 0x000001AE818E6280 with size 48
###Create file handle = 0x000001AE8181A040, eventID = 0068, event Info = 0x000001AE8181AF40
[ZwCreateFile] \Recycler
Dokan Information: DokanEndDispatchCreate() status = c0000034, file handle = 0x0000000000000000, eventID = -001, result = 0x5
Dokan Information: SendAndPullEventInformation() with NTSTATUS 0xc0000034, context 0x0, and result object 0x000001AE818E6280 with size 48
###Create file handle = 0x000001AE8181A040, eventID = 0069, event Info = 0x000001AE8181AF40
[ZwCreateFile] \
Dokan Information: DokanEndDispatchCreate() status = 0, file handle = 0x000001AE8181A040, eventID = 0069, result = 0x1
Dokan Information: SendAndPullEventInformation() with NTSTATUS 0x0, context 0x8181a040, and result object 0x000001AE818E6280 with size 48
###Cleanup file handle = 0x000001AE8181A040, eventID = 0069, event Info = 0x000001AE8181AF40
Dokan Information: SendAndPullEventInformation() with NTSTATUS 0x0, context 0x8181a040, and result object 0x000001AE818E6280 with size 48
###Close file handle = 0x000001AE8181A040, eventID = 0069, event Info = 0x000001AE8181AF40
[Close] \
###Create file handle = 0x000001AE8181A7C0, eventID = 0070, event Info = 0x000001AE8181AED0
[ZwCreateFile] \
Dokan Information: DokanEndDispatchCreate() status = 0, file handle = 0x000001AE8181A7C0, eventID = 0070, result = 0x1
Dokan Information: SendAndPullEventInformation() with NTSTATUS 0x0, context 0x8181a7c0, and result object 0x000001AE818E6280 with size 48
###GetFileInfo file handle = 0x000001AE8181A7C0, eventID = 0070, event Info = 0x000001AE8181AED0
	result =  0
	FileNetworkOpenInformation
	DispatchQueryInformation result =  0
Dokan Information: SendAndPullEventInformation() with NTSTATUS 0x0, context 0x8181a7c0, and result object 0x000001AE818E6280 with size 96
###Cleanup file handle = 0x000001AE8181A7C0, eventID = 0070, event Info = 0x000001AE8181AED0
Dokan Information: SendAndPullEventInformation() with NTSTATUS 0x0, context 0x8181a7c0, and result object 0x000001AE818E6280 with size 48
###Close file handle = 0x000001AE8181A7C0, eventID = 0070, event Info = 0x000001AE8181AED0
[Close] \
###Create file handle = 0x000001AE8181A040, eventID = 0071, event Info = 0x000001AE8181AF40
[ZwCreateFile] \Recycler
Dokan Information: DokanEndDispatchCreate() status = c0000034, file handle = 0x0000000000000000, eventID = -001, result = 0x5
Dokan Information: SendAndPullEventInformation() with NTSTATUS 0xc0000034, context 0x0, and result object 0x000001AE818E6280 with size 48
###Create file handle = 0x000001AE8181A040, eventID = 0072, event Info = 0x000001AE8181AF40
[ZwCreateFile] \Recycler
Dokan Information: DokanEndDispatchCreate() status = c0000034, file handle = 0x0000000000000000, eventID = -001, result = 0x5
Dokan Information: SendAndPullEventInformation() with NTSTATUS 0xc0000034, context 0x0, and result object 0x000001AE818E6280 with size 48
###Create file handle = 0x000001AE8181A040, eventID = 0073, event Info = 0x000001AE8181AF40
[ZwCreateFile] \
Dokan Information: DokanEndDispatchCreate() status = 0, file handle = 0x000001AE8181A040, eventID = 0073, result = 0x1
Dokan Information: SendAndPullEventInformation() with NTSTATUS 0x0, context 0x8181a040, and result object 0x000001AE818E6280 with size 48
###GetFileInfo file handle = 0x000001AE8181A040, eventID = 0073, event Info = 0x000001AE8181AF40
	result =  0
	FileStandardInformation
	DispatchQueryInformation result =  0
Dokan Information: SendAndPullEventInformation() with NTSTATUS 0x0, context 0x8181a040, and result object 0x000001AE818E6280 with size 64
###QueryVolumeInfo file handle = 0x000001AE8181A040, eventID = 0073, event Info = 0x000001AE8181AF40
[GetVolumeInformation]
Dokan Information: SendAndPullEventInformation() with NTSTATUS 0x0, context 0x8181a040, and result object 0x000001AE818E6280 with size 74
###QueryVolumeInfo file handle = 0x000001AE8181A040, eventID = 0073, event Info = 0x000001AE8181AF40
[GetVolumeInformation]
Dokan Information: SendAndPullEventInformation() with NTSTATUS 0x0, context 0x8181a040, and result object 0x000001AE818E6280 with size 68
###Cleanup file handle = 0x000001AE8181A040, eventID = 0073, event Info = 0x000001AE8181AF40
Dokan Information: SendAndPullEventInformation() with NTSTATUS 0x0, context 0x8181a040, and result object 0x000001AE818E6280 with size 48
###Close file handle = 0x000001AE8181A040, eventID = 0073, event Info = 0x000001AE8181AF40
[Clo###Create file handle = 0x000001AE8181A7C0, eventID = 0074, event Info = 0x000001AE8181AED0
se] \
[ZwCreateFile] \
Dokan Information: DokanEndDispatchCreate() status = 0, file handle = 0x000001AE8181A7C0, eventID = 0074, result = 0x1
Dokan Information: SendAndPullEventInformation() with NTSTATUS 0x0, context 0x8181a7c0, and result object 0x000001AE818E6280 with size 48
###GetFileInfo file handle = 0x000001AE8181A7C0, eventID = 0074, event Info = 0x000001AE8181AED0
	result =  0
	FileStandardInformation
	DispatchQueryInformation result =  0
Dokan Information: SendAndPullEventInformation() with NTSTATUS 0x0, context 0x8181a7c0, and result object 0x000001AE818E6280 with size 64
###GetFileInfo file handle = 0x000001AE8181A7C0, eventID = 0074, event Info = 0x000001AE8181AED0
	result =  0
	FileNetworkOpenInformation
	DispatchQueryInformation result =  0
Dokan Information: SendAndPullEventInformation() with NTSTATUS 0x0, context 0x8181a7c0, and result object 0x000001AE818E6280 with size 96
###Cleanup file handle = 0x000001AE8181A7C0, eventID = 0074, event Info = 0x000001AE8181AED0
Dokan Information: SendAndPullEventInformation() with NTSTATUS 0x0, context 0x8181a7c0, and result object 0x000001AE818E6280 with size 48
###Close file handle = 0x000001AE8181A7C0, eventID = 0074, event Info = 0x000001AE8181AED0
[Close] \###Create file handle = 0x000001AE8181A7C0, eventID = 0075, event Info = 0x000001AE8181AF40

[ZwCreateFile] \
Dokan Information: DokanEndDispatchCreate() status = 0, file handle = 0x000001AE8181A7C0, eventID = 0075, result = 0x1
Dokan Information: SendAndPullEventInformation() with NTSTATUS 0x0, context 0x8181a7c0, and result object 0x000001AE818E6280 with size 48
###GetFileInfo file handle = 0x000001AE8181A7C0, eventID = 0075, event Info = 0x000001AE8181AF40
	result =  0
	FileBasicInformation
	DispatchQueryInformation result =  0
Dokan Information: SendAndPullEventInformation() with NTSTATUS 0x0, context 0x8181a7c0, and result object 0x000001AE818E6280 with size 80
###Cleanup file handle = 0x000001AE8181A7C0, eventID = 0075, event Info = 0x000001AE8181AF40
Dokan Information: SendAndPullEventInformation() with NTSTATUS 0x0, context 0x8181a7c0, and result object 0x000001AE818E6280 with size 48
###Close file handle = 0x000001AE8181A7C0, eventID = 0075, event Info = 0x000001AE8181AF40
[Close] \
###Create file handle = 0x000001AE8181A7C0, eventID = 0076, event Info = 0x000001AE8181AF40
[ZwCreateFile] \
Dokan Information: DokanEndDispatchCreate() status = 0, file handle = 0x000001AE8181A7C0, eventID = 0076, result = 0x1
Dokan Information: SendAndPullEventInformation() with NTSTATUS 0x0, context 0x8181a7c0, and result object 0x000001AE818E6280 with size 48
###QueryVolumeInfo file handle = 0x000001AE8181A7C0, eventID = 0076, event Info = 0x000001AE8181AF40
[GetVolumeInformation]
Dokan Information: SendAndPullEventInformation() with NTSTATUS 0x0, context 0x8181a7c0, and result object 0x000001AE818E6280 with size 74
###QueryVolumeInfo file handle = 0x000001AE8181A7C0, eventID = 0076, event Info = 0x000001AE8181AF40
[GetVolumeInformation]
Dokan Information: SendAndPullEventInformation() with NTSTATUS 0x0, context 0x8181a7c0, and result object 0x000001AE818E6280 with size 68
###Cleanup file handle = 0x000001AE8181A7C0, eventID = 0076, event Info = 0x000001AE8181AF40
Dokan Information: SendAndPullEventInformation() with NTSTATUS 0x0, context 0x8181a7c0, and result object 0x000001AE818E6280 with size 48
###Close file handle = 0x000001AE8181A7C0, eventID = 0076, event Info = 0x000001AE8181AF40
[Close] \
###Create file handle = 0x000001AE8181A040, eventID = 0077, event Info = 0x000001AE8181AED0
[ZwCreateFile] \
Dokan Information: DokanEndDispatchCreate() status = 0, file handle = 0x000001AE8181A040, eventID = 0077, result = 0x1
Dokan Information: SendAndPullEventInformation() with NTSTATUS 0x0, context 0x8181a040, and result object 0x000001AE818E6280 with size 48
###GetFileInfo file handle = 0x000001AE8181A040, eventID = 0077, event Info = 0x000001AE8181AED0
	result =  0
	FileNetworkOpenInformation
	DispatchQueryInformation result =  0
Dokan Information: SendAndPullEventInformation() with NTSTATUS 0x0, context 0x8181a040, and result object 0x000001AE818E6280 with size 96
###Cleanup file handle = 0x000001AE8181A040, eventID = 0077, event Info = 0x000001AE8181AED0
Dokan Information: SendAndPullEventInformation() with NTSTATUS 0x0, context 0x8181a040, and result object 0x000001AE818E6280 with size 48
###Close file handle = 0x000001AE8181A040, eventID = 0077, event Info = 0x000001AE8181AED0
[Close] \
###Create file handle = 0x000001AE8181A040, eventID = 0078, event Info = 0x000001AE8181AF40
[ZwCreateFile] \
Dokan Information: DokanEndDispatchCreate() status = 0, file handle = 0x000001AE8181A040, eventID = 0078, result = 0x1
Dokan Information: SendAndPullEventInformation() with NTSTATUS 0x0, context 0x8181a040, and result object 0x000001AE818E6280 with size 48
###GetFileInfo file handle = 0x000001AE8181A040, eventID = 0078, event Info = 0x000001AE8181AF40
	result =  0
	FileBasicInformation
	DispatchQueryInformation result =  0
Dokan Information: SendAndPullEventInformation() with NTSTATUS 0x0, context 0x8181a040, and result object 0x000001AE818E6280 with size 80
###Cleanup file handle = 0x000001AE8181A040, eventID = 0078, event Info = 0x000001AE8181AF40
Dokan Information: SendAndPullEventInformation() with NTSTATUS 0x0, context 0x8181a040, and result object 0x000001AE818E6280 with size 48
###Close file handle = 0x000001AE8181A040, eventID = 0078, event Info = 0x000001AE8181AF40
[Close] \
