Dokan: debug mode on
Dokan: use stderr
AllocationUnitSize: 512 SectorSize: 512
Global device opened
Dokan: Using 12 main pull threads with ipc batching: 0
###Create file handle = 0x0000012CD5419D50, eventID = 0001, event Info = 0x0000012CD5418300
[ZwCreateFile] ###QueryVolumeInfo file handle = 0x0000000000000000, eventID = -001, event Info = 0x0000012CD5417F10
\$Extend\$Reparse:$R:$INDEX_ALLOCATION
Dokan Information: mounted: Y: -> \Volume{d6cc17c5-1728-4085-bce7-964f1e9f5de9}
[GetVolumeInformation]
###QueryVolumeInfo file handle = 0x0000000000000000, eventID = -001, event Info = 0x0000012CD5417CE0
[Mounted]
Dokan Information: DokanEndDispatchCreate() status = c0000034, file handle = 0x0000000000000000, eventID = -001, result = 0x5
[GetVolumeInformation]
Dokan Information: SendAndPullEventInformation() with NTSTATUS 0xc0000034, context 0x0, and result object 0x0000012CD546DAD0 with size 48
Dokan Information: SendAndPullEventInformation() with NTSTATUS 0x0, context 0x0, and result object 0x0000012CD54E36B0 with size 64
Dokan Information: SendAndPullEventInformation() with NTSTATUS 0x80000005, context 0x0, and result object 0x0000012CD54E46E0 with size 56
###Create file handle = 0x0000012CD5419D50, eventID = 0002, event Info = 0x0000012CD5417CE0
[ZwCreateFile] \
Dokan Information: DokanEndDispatchCreate() status = 0, file handle = 0x0000012CD5419D50, eventID = 0002, result = 0x1
Dokan Information: SendAndPullEventInformation() with NTSTATUS 0x0, context 0xd5419d50, and result object 0x0000012CD54E46E0 with size 48
###GetFileInfo file handle = 0x0000012CD5419D50, eventID = 0002, event Info = 0x0000012CD5417CE0
	result =  0
  unknown type:54
	DispatchQueryInformation result =  c000000d
Dokan Information: SendAndPullEventInformation() with NTSTATUS 0xc000000d, context 0xd5419d50, and result object 0x0000012CD54E46E0 with size 48
###GetFileInfo file handle = 0x0000012CD5419D50, eventID = 0002, event Info = 0x0000012CD5417CE0
	result =  0
	FileStandardInformation
	DispatchQueryInformation result =  0
Dokan Information: SendAndPullEventInformation() with NTSTATUS 0x0, context 0xd5419d50, and result object 0x0000012CD54E46E0 with size 64
###QueryVolumeInfo file handle = 0x0000012CD5419D50, eventID = 0002, event Info = 0x0000012CD5417CE0
[GetVolumeInformation]
Dokan Information: SendAndPullEventInformation() with NTSTATUS 0x0, context 0xd5419d50, and result object 0x0000012CD54E46E0 with size 74
###Cleanup file handle = 0x0000012CD5419D50, eventID = 0002, event Info = 0x0000012CD5417CE0
Dokan Information: SendAndPullEventInformation() with NTSTATUS 0x0, context 0xd5419d50, and result object 0x0000012CD54E46E0 with size 48
###Close file handle = 0x0000012CD5419D50, eventID = 0002, event Info = 0x0000012CD5417CE0
[Close] \
###Create file handle = 0x0000012CD5419D50, eventID = 0003, event Info = 0x0000012CD5417CE0
[ZwCreateFile] \
Dokan Information: DokanEndDispatchCreate() status = 0, file handle = 0x0000012CD5419D50, eventID = 0003, result = 0x1
Dokan Information: SendAndPullEventInformation() with NTSTATUS 0x0, context 0xd5419d50, and result object 0x0000012CD54E46E0 with size 48
###QueryVolumeInfo file handle = 0x0000012CD5419D50, eventID = 0003, event Info = 0x0000012CD5417CE0
[GetVolumeInformation]
Dokan Information: SendAndPullEventInformation() with NTSTATUS 0x0, context 0xd5419d50, and result object 0x0000012CD54E46E0 with size 74
###Cleanup file handle = 0x0000012CD5419D50, eventID = 0003, event Info = 0x0000012CD5417CE0
Dokan Information: SendAndPullEventInformation() with NTSTATUS 0x0, context 0xd5419d50, and result object 0x0000012CD54E46E0 with size 48
###Close file handle = 0x0000012CD5419D50, eventID = 0003, event Info = 0x0000012CD5417CE0
[Close] \
###Create file handle = 0x0000012CD5419D50, eventID = 0004, event Info = 0x0000012CD5444210
[ZwCreateFile] \
Dokan Information: DokanEndDispatchCreate() status = 0, file handle = 0x0000012CD5419D50, eventID = 0004, result = 0x1
Dokan Information: SendAndPullEventInformation() with NTSTATUS 0x0, context 0xd5419d50, and result object 0x0000012CD54E46E0 with size 48
###QueryVolumeInfo file handle = 0x0000012CD5419D50, eventID = 0004, event Info = 0x0000012CD5444210
[GetVolumeInformation]
Dokan Information: SendAndPullEventInformation() with NTSTATUS 0x0, context 0xd5419d50, and result object 0x0000012CD54E46E0 with size 74
###QueryVolumeInfo file handle = 0x0000012CD5419D50, eventID = 0004, event Info = 0x0000012CD5444210
[GetVolumeInformation]
Dokan Information: SendAndPullEventInformation() with NTSTATUS 0x0, context 0xd5419d50, and result object 0x0000012CD54E46E0 with size 68
###Cleanup file handle = 0x0000012CD5419D50, eventID = 0004, event Info = 0x0000012CD5444210
Dokan Information: SendAndPullEventInformation() with NTSTATUS 0x0, context 0xd5419d50, and result object 0x0000012CD54E46E0 with size 48
###Close file handle = 0x0000012CD5419D50, eventID = 0004, event Info = 0x0000012CD5444210
[Close] \
###Create file handle = 0x0000012CD5419D50, eventID = 0005, event Info = 0x0000012CD5443B80
[ZwCreateFile] \
Dokan Information: DokanEndDispatchCreate() status = 0, file handle = 0x0000012CD5419D50, eventID = 0005, result = 0x1
Dokan Information: SendAndPullEventInformation() with NTSTATUS 0x0, context 0xd5419d50, and result object 0x0000012CD54E46E0 with size 48
###QueryVolumeInfo file handle = 0x0000012CD5419D50, eventID = 0005, event Info = 0x0000012CD5443B80
Dokan Information: SendAndPullEventInformation() with NTSTATUS 0x0, context 0xd5419d50, and result object 0x0000012CD54E46E0 with size 72
###Cleanup file handle = 0x0000012CD5419D50, eventID = 0005, event Info = 0x0000012CD5443B80
Dokan Information: SendAndPullEventInformation() with NTSTATUS 0x0, context 0xd5419d50, and result object 0x0000012CD54E46E0 with size 48
###Close file handle = 0x0000012CD5419D50, eventID = 0005, event Info = 0x0000012CD5443B80
[Close] \
###Create file handle = 0x0000012CD5419F50, eventID = 0006, event Info = 0x0000012CD5444210
[ZwCreateFile] \
Dokan Information: DokanEndDispatchCreate() status = 0, file handle = 0x0000012CD5419F50, eventID = 0006, result = 0x1
Dokan Information: SendAndPullEventInformation() with NTSTATUS 0x0, context 0xd5419f50, and result object 0x0000012CD54E46E0 with size 48
###QueryVolumeInfo file handle = 0x0000012CD5419F50, eventID = 0006, event Info = 0x0000012CD5444210
Dokan Information: SendAndPullEventInformation() with NTSTATUS 0x0, context 0xd5419f50, and result object 0x0000012CD54E46E0 with size 72
###Cleanup file handle = 0x0000012CD5419F50, eventID = 0006, event Info = 0x0000012CD5444210
Dokan Information: SendAndPullEventInformation() with NTSTATUS 0x0, context 0xd5419f50, and result object 0x0000012CD54E46E0 with size 48
###Close file handle = 0x0000012CD5419F50, eventID = 0006, event Info = 0x0000012CD5444210
[###Create file handle = 0x0000012CD5419F50, eventID = 0007, event Info = 0x0000012CD5443B80
Close] \
[ZwCreateFile] \
Dokan Information: DokanEndDispatchCreate() status = 0, file handle = 0x0000012CD5419F50, eventID = 0007, result = 0x1
Dokan Information: SendAndPullEventInformation() with NTSTATUS 0x0, context 0xd5419f50, and result object 0x0000012CD54E46E0 with size 48
###QueryVolumeInfo file handle = 0x0000012CD5419F50, eventID = 0007, event Info = 0x0000012CD5443B80
[GetVolumeInformation]
Dokan Information: SendAndPullEventInformation() with NTSTATUS 0x0, context 0xd5419f50, and result object 0x0000012CD54E46E0 with size 74
###QueryVolumeInfo file handle = 0x0000012CD5419F50, eventID = 0007, event Info = 0x0000012CD5443B80
[GetVolumeInformation]
Dokan Information: SendAndPullEventInformation() with NTSTATUS 0x0, context 0xd5419f50, and result object 0x0000012CD54E46E0 with size 68
###Cleanup file handle = 0x0000012CD5419F50, eventID = 0007, event Info = 0x0000012CD5443B80
Dokan Information: SendAndPullEventInformation() with NTSTATUS 0x0, context 0xd5419f50, and result object 0x0000012CD54E46E0 with size 48
###Close file handle = 0x0000012CD5419F50, eventID = 0007, event Info = 0x0000012CD5443B80
[Close] \
###Create file handle = 0x0000012CD5419F50, eventID = 0008, event Info = 0x0000012CD5443B80
[ZwCreateF###Create file handle = 0x0000012CD5419D50, eventID = 0009, event Info = 0x0000012CD5444210
ile] \
[Dokan Information: DokanEndDispatchCreate() status = 0, file handle = 0x0000012CD5419F50, eventID = 0008, result = 0x1
ZwCreateFile] \
Dokan Information: SendAndPullEventInformation() with NTSTATUS 0x0, context 0xd5419f50, and result object 0x0000012CD54E46E0 with size 48
Dokan Information: DokanEndDispatchCreate() status = 0, file handle = 0x0000012CD5419D50, eventID = 0009, result = 0x1
###GetFileInfo file handle = 0x0000012CD5419F50, eventID = 0008, event Info = 0x0000012CD5443B80
Dokan Information: SendAndPullEventInformation() with NTSTATUS 0x0, context 0xd5419d50, and result object 0x0000012CD75600A0 with size 48
	result =  0
	FileBasicInformation
	DispatchQueryInformation result =  0
###QueryVolumeInfo file handle = 0x0000012CD5419D50, eventID = 0009, event Info = 0x0000012CD5444210
[GetVolumeInformation]
Dokan Information: SendAndPullEventInformation() with NTSTATUS 0x0, context 0xd5419f50, and result object 0x0000012CD54E46E0 with size 80
Dokan Information: SendAndPullEventInformation() with NTSTATUS 0x0, context 0xd5419d50, and result object 0x0000012CD75600A0 with size 74
###Cleanup file handle = 0x0000012CD5419F50, eventID = 0008, event Info = 0x0000012CD5443B80
Dokan Information: SendAndPullEventInformation() with NTSTATUS 0x0, context 0xd5419f50, and result object 0x0000012CD54E46E0 with size 48
###QueryVolumeInfo file handle = 0x0000012CD5419D50, eventID = 0009, event Info = 0x0000012CD5444210
[###Close file handle = 0x0000012CD5419F50, eventID = 0008, event Info = 0x0000012CD5443B80
GetVolumeI###Create file handle = 0x0000012CD5419FD0, eventID = 0010, event Info = 0x0000012CD5443CD0
nformation]
[Close] \Dokan Information: SendAndPullEventInformation() with NTSTATUS 0x0, context 0xd5419d50, and result object 0x0000012CD75600A0 with size 68

###Cleanup file handle = 0x0000012CD5419D50, eventID = 0009, event Info = 0x0000012CD5444210
[ZwDokan Information: SendAndPullEventInformation() with NTSTATUS 0x0, context 0xd5419d50, and result object 0x0000012CD75600A0 with size 48
CreateFile] \
###Close file handle = 0x0000012CD5419D50, eventID = 0009, event Info = 0x0000012CD5444210
[Close] \
###Create file handle = 0x0000012CD5419F50, eventID = 0011, event Info = 0x0000012CD5443B80
[ZwCreatDokan Information: DokanEndDispatchCreate() status = 0, file handle = 0x0000012CD5419FD0, eventID = 0010, result = 0x1
eFile] \
Dokan Information: SendAndPullEventInformation() with NTSTATUS 0x0, context 0xd5419fd0, and result object 0x0000012CD54E46E0 with size 48
Dokan Information: DokanEndDispatchCreate() status = 0, file handle = 0x0000012CD5419F50, eventID = 0011, result = 0x1
###QueryVolumeInfo file handle = 0x0000012CD5419FD0, eventID = 0010, event Info = 0x0000012CD5443CD0
[GetVolumeInformation]Dokan Information: SendAndPullEventInformation() with NTSTATUS 0x0, context 0xd5419f50, and result object 0x0000012CD75600A0 with size 48

###QueryVolumeInfo file handle = 0x0000012CD5419F50, eventID = 0011, event Info = 0x0000012CD5443B80
Dokan Information: SendAndPullEventInformation() with NTSTATUS 0x0, context 0xd5419fd0, and result object 0x0000012CD54E46E0 with size 74
Dokan Information: SendAndPullEventInformation() with NTSTATUS 0x0, context 0xd5419f50, and result object 0x0000012CD75600A0 with size 64
###QueryVolumeInfo file handle = 0x0000012CD5419FD0, eventID = 0010, event Info = 0x0000012CD5443CD0
[GetVolumeInformation]
###Cleanup file handle = 0x0000012CD5419F50, eventID = 0011, event Info = 0x0000012CD5443B80
Dokan Information: SendAndPullEventInformation() with NTSTATUS 0x0, context 0xd5419fd0, and result object 0x0000012CD54E46E0 with size 68
Dokan Information: SendAndPullEventInformation() with NTSTATUS 0x0, context 0xd5419f50, and result object 0x0000012CD75600A0 with size 48
###Cleanup file handle = 0x0000012CD5419FD0, eventID = 0010, event Info = 0x0000012CD5443CD0
###Close file handle = 0x0000012CD5419F50, eventID = 0011, event Info = 0x0000012CD5443B80
[Close] \
###Create file handle = 0x0000012CD5419D50, eventID = 0012, event Info = 0x0000012CD5444210
[ZwCreateFile] \
Dokan Information: SendAndPullEventInformation() with NTSTATUS 0x0, context 0xd5419fd0, and result object 0x0000012CD54E46E0 with size 48
Dokan Information: DokanEndDispatchCreate() status = 0, file handle = 0x0000012CD5419D50, eventID = 0012, result = 0x1
###Close file handle = 0x0000012CD5419FD0, eventID = 0010, event Info = 0x0000012CD5443CD0
[Close] \
###Create file handle = 0x0000012CD5419F50, eventID = 0013, event Info = 0x0000012CD5443B80
[ZwCreaDokan Information: SendAndPullEventInformation() with NTSTATUS 0x0, context 0xd5419d50, and result object 0x0000012CD75600A0 with size 48
teFile] \
###Cleanup file handle = 0x0000012CD5419D50, eventID = 0012, event Info = 0x0000012CD5444210
Dokan Information: DokanEndDispatchCreate() status = 0, file handle = 0x0000012CD5419F50, eventID = 0013, result = 0x1
Dokan Information: SendAndPullEventInformation() with NTSTATUS 0x0, context 0xd5419d50, and result object 0x0000012CD75600A0 with size 48
Dokan Information: SendAndPullEventInformation() with NTSTATUS 0x0, context 0xd5419f50, and result object 0x0000012CD54E46E0 with size 48
###Close file handle = 0x0000012CD5419D50, eventID = 0012, event Info = 0x0000012CD5444210
[Close] ###QueryVolumeInfo file handle = 0x0000012CD5419F50, eventID = 0013, event Info = 0x0000012CD5443B80
\
###Create file handle = 0x0000012CD5419D50, eventID = 0014, event Info = 0x0000012CD5443CD0
[ZwCreateFile] \
Dokan Information: SendAndPullEventInformation() with NTSTATUS 0x0, context 0xd5419f50, and result object 0x0000012CD54E46E0 with size 64
Dokan Information: DokanEndDispatchCreate() status = 0, file handle = 0x0000012CD5419D50, eventID = 0014, result = 0x1
###Cleanup file handle = 0x0000012CD5419F50, eventID = 0013, event Info = 0x0000012CD5443B80
Dokan Information: SendAndPullEventInformation() with NTSTATUS 0x0, context 0xd5419d50, and result object 0x0000012CD75600A0 with size 48
Dokan Information: SendAndPullEventInformation() with NTSTATUS 0x0, context 0xd5419f50, and result object 0x0000012CD54E46E0 with size 48
###QueryVolumeInfo file handle = 0x0000012CD5419D50, eventID = 0014, event Info = 0x0000012CD5443CD0
[GetVolumeInformation]
###Close file handle = 0x0000012CD5419F50, eventID = 0013, event Info = 0x0000012CD5443B80
[Close] \
###Create file handle = 0x0000012CD5419FD0, eventID = 0015, event Info = 0x0000012CD5444210
[ZwCreateFile] \
Dokan Information: SendAndPullEventInformation() with NTSTATUS 0x0, context 0xd5419d50, and result object 0x0000012CD75600A0 with size 64
Dokan Information: DokanEndDispatchCreate() status = 0, file handle = 0x0000012CD5419FD0, eventID = 0015, result = 0x1
###GetFileInfo file handle = 0x0000012CD5419D50, eventID = 0014, event Info = 0x0000012CD5443CD0
	result =  0
	FileAllInformation
	DispatchQueryInformation result =  0
Dokan Information: SendAndPullEventInformation() with NTSTATUS 0x0, context 0xd5419d50, and result object 0x0000012CD75600A0 with size 140
Dokan Information: SendAndPullEventInformation() with NTSTATUS 0x0, context 0xd5419fd0, and result object 0x0000012CD54E46E0 with size 48
###Cleanup file handle = 0x0000012CD5419D50, eventID = 0014, event Info = 0x0000012CD5443CD0
###GetFileInfo file handle = 0x0000012CD5419FD0, eventID = 0015, event Info = 0x0000012CD5444210
	result =  0
	FileBasicInformation
Dokan Information: SendAndPullEventInformation() with NTSTATUS 0x0, context 0xd5419d50, and result object 0x0000012CD75600A0 with size 48
	DispatchQueryInformation result =  0
###Close file handle = 0x0000012CD5419D50, eventID = 0014, event Info = 0x0000012CD5443CD0
[Close] \
###Create file handle = 0x0000012CD5419F50, eventID = 0016, event Info = 0x0000012CD5443B80
[ZwCreateFile] \
Dokan Information: SendAndPullEventInformation() with NTSTATUS 0x0, context 0xd5419fd0, and result object 0x0000012CD54E46E0 with size 80
Dokan Information: DokanEndDispatchCreate() status = 0, file handle = 0x0000012CD5419F50, eventID = 0016, result = 0x1
Dokan Information: SendAndPullEventInformation() with NTSTATUS 0x0, context 0xd5419f50, and result object 0x0000012CD75600A0 with size 48
###Cleanup file handle = 0x0000012CD5419FD0, eventID = 0015, event Info = 0x0000012CD5444210
###QueryVolumeInfo file handle = 0x0000012CD5419F50, eventID = 0016, event Info = 0x0000012CD5443B80
[GetVolumeInformation]
Dokan Information: SendAndPullEventInformation() with NTSTATUS 0x0, context 0xd5419fd0, and result object 0x0000012CD54E46E0 with size 48
Dokan Information: SendAndPullEventInformation() with NTSTATUS 0x0, context 0xd5419f50, and result object 0x0000012CD75600A0 with size 64
###Close file handle = 0x0000012CD5419FD0, eventID = 0015, event Info = 0x0000012CD5444210
[Close] \
###GetFileInfo file handle = 0x0000012CD5419F50, eventID = 0016, event Info = 0x0000012CD5443B80
###Create file handle = 0x0000012CD5419FD0, eventID = 0017, event Info = 0x0000012CD5443CD0
[ZwCreateFile]	result =  0
	FileAllInformation
 \
	DispatchQueryInformation result =  0
Dokan Information: DokanEndDispatchCreate() status = 0, file handle = 0x0000012CD5419FD0, eventID = 0017, result = 0x1
Dokan Information: SendAndPullEventInformation() with NTSTATUS 0x0, context 0xd5419fd0, and result object 0x0000012CD75600A0 with size 48
Dokan Information: SendAndPullEventInformation() with NTSTATUS 0x0, context 0xd5419f50, and result object 0x0000012CD54E46E0 with size 140
###GetFileInfo file handle = 0x0000012CD5419FD0, eventID = 0017, event Info = 0x0000012CD5443CD0
	result =  0
	FileBasicInformation
	DispatchQueryInformation result =  0
###Cleanup file handle = 0x0000012CD5419F50, eventID = 0016, event Info = 0x0000012CD5443B80
Dokan Information: SendAndPullEventInformation() with NTSTATUS 0x0, context 0xd5419fd0, and result object 0x0000012CD75600A0 with size 80
Dokan Information: SendAndPullEventInformation() with NTSTATUS 0x0, context 0xd5419f50, and result object 0x0000012CD54E46E0 with size 48
###Cleanup file handle = 0x0000012CD5419FD0, eventID = 0017, event Info = 0x0000012CD5443CD0
###Close file handle = 0x0000012CD5419F50, eventID = 0016, event Info = 0x0000012CD5443B80
[Close] \
###Create file handle = 0x0000012CD5419D50, eventID = 0018, event Info = 0x0000012CD5444210
[ZwCreatDokan Information: SendAndPullEventInformation() with NTSTATUS 0x0, context 0xd5419fd0, and result object 0x0000012CD75600A0 with size 48
eFile] \
###Close file handle = 0x0000012CD5419FD0, eventID = 0017, event Info = 0x0000012CD5443CD0
[Close] \
Dokan Information: DokanEndDispatchCreate() status = 0, file handle = 0x0000012CD5419D50, eventID = 0018, result = 0x1
Dokan Information: SendAndPullEventInformation() with NTSTATUS 0x0, context 0xd5419d50, and result object 0x0000012CD54E46E0 with size 48
###QueryVolumeInfo file handle = 0x0000012CD5419D50, eventID = 0018, event Info = 0x0000012CD5444210
[GetVolumeInformation]
Dokan Information: SendAndPullEventInformation() with NTSTATUS 0x0, context 0xd5419d50, and result object 0x0000012CD54E46E0 with size 64
###GetFileInfo file handle = 0x0000012CD5419D50, eventID = 0018, event Info = 0x0000012CD5444210
	result =  0
	FileAllInformation
	DispatchQueryInformation result =  0
Dokan Information: SendAndPullEventInformation() with NTSTATUS 0x0, context 0xd5419d50, and result object 0x0000012CD54E46E0 with size 140
###Cleanup file handle = 0x0000012CD5419D50, eventID = 0018, event Info = 0x0000012CD5444210
Dokan Information: SendAndPullEventInformation() with NTSTATUS 0x0, context 0xd5419d50, and result object 0x0000012CD54E46E0 with size 48
###Close file handle = 0x0000012CD5419D50, eventID = 0018, event Info = 0x0000012CD5444210
[Close] \
###Create file handle = 0x0000012CD5419FD0, eventID = 0019, event Info = 0x0000012CD5443CD0
[ZwCreateFile] \
Dokan Information: DokanEndDispatchCreate() status = 0, file handle = 0x0000012CD5419FD0, eventID = 0019, result = 0x1
Dokan Information: SendAndPullEventInformation() with NTSTATUS 0x0, context 0xd5419fd0, and result object 0x0000012CD54E46E0 with size 48
###QueryVolumeInfo file handle = 0x0000012CD5419FD0, eventID = 0019, event Info = 0x0000012CD5443CD0
[GetVolumeInformation]
Dokan Information: SendAndPullEventInformation() with NTSTATUS 0x0, context 0xd5419fd0, and result object 0x0000012CD54E46E0 with size 64
###GetFileInfo file handle = 0x0000012CD5419FD0, eventID = 0019, event Info = 0x0000012CD5443CD0
	result =  0
	FileAllInformation
	DispatchQueryInformation result =  0
Dokan Information: SendAndPullEventInformation() with NTSTATUS 0x0, context 0xd5419fd0, and result object 0x0000012CD54E46E0 with size 140
###Cleanup file handle = 0x0000012CD5419FD0, eventID = 0019, event Info = 0x0000012CD5443CD0
Dokan Information: SendAndPullEventInformation() with NTSTATUS 0x0, context 0xd5419fd0, and result object 0x0000012CD54E46E0 with size 48
###Close file handle = 0x0000012CD5419FD0, eventID = 0019, event Info = 0x0000012CD5443CD0
[Close] \
###Create file handle = 0x0000012CD5419D50, eventID = 0020, event Info = 0x0000012CD5444210
[ZwCreateFile] \
Dokan Information: DokanEndDispatchCreate() status = 0, file handle = 0x0000012CD5419D50, eventID = 0020, result = 0x1
Dokan Information: SendAndPullEventInformation() with NTSTATUS 0x0, context 0xd5419d50, and result object 0x0000012CD54E46E0 with size 48
###QueryVolumeInfo file handle = 0x0000012CD5419D50, eventID = 0020, event Info = 0x0000012CD5444210
[GetVolumeInformation]
Dokan Information: SendAndPullEventInformation() with NTSTATUS 0x0, context 0xd5419d50, and result object 0x0000012CD54E46E0 with size 64
###GetFileInfo file handle = 0x0000012CD5419D50, eventID = 0020, event Info = 0x0000012CD5444210
	result =  0
	FileAllInformation
	DispatchQueryInformation result =  0
Dokan Information: SendAndPullEventInformation() with NTSTATUS 0x0, context 0xd5419d50, and result object 0x0000012CD54E46E0 with size 140
###Cleanup file handle = 0x0000012CD5419D50, eventID = 0020, event Info = 0x0000012CD5444210
Dokan Information: SendAndPullEventInformation() with NTSTATUS 0x0, context 0xd5419d50, and result object 0x0000012CD54E46E0 with size 48
###Close file handle = 0x0000012CD5419D50, eventID = 0020, event Info = 0x0000012CD5444210
[Close] \
###Create file handle = 0x0000012CD5419FD0, eventID = 0021, event Info = 0x0000012CD5443CD0
[ZwCreateFile] \
Dokan Information: DokanEndDispatchCreate() status = 0, file handle = 0x0000012CD5419FD0, eventID = 0021, result = 0x1
Dokan Information: SendAndPullEventInformation() with NTSTATUS 0x0, context 0xd5419fd0, and result object 0x0000012CD54E46E0 with size 48
###QueryVolumeInfo file handle = 0x0000012CD5419FD0, eventID = 0021, event Info = 0x0000012CD5443CD0
[GetVolumeInformation]
Dokan Information: SendAndPullEventInformation() with NTSTATUS 0x0, context 0xd5419fd0, and result object 0x0000012CD54E46E0 with size 64
###GetFileInfo file handle = 0x0000012CD5419FD0, eventID = 0021, event Info = 0x0000012CD5443CD0
	result =  0
	FileAllInformation
	DispatchQueryInformation result =  0
Dokan Information: SendAndPullEventInformation() with NTSTATUS 0x0, context 0xd5419fd0, and result object 0x0000012CD54E46E0 with size 140
###Cleanup file handle = 0x0000012CD5419FD0, eventID = 0021, event Info = 0x0000012CD5443CD0
Dokan Information: SendAndPullEventInformation() with NTSTATUS 0x0, context 0xd5419fd0, and result object 0x0000012CD54E46E0 with size 48
###Close file handle = 0x0000012CD5419FD0, eventID = 0021, event Info = 0x0000012CD5443CD0
[Close] \
###Create file handle = 0x0000012CD5419D50, eventID = 0022, event Info = 0x0000012CD5444210
[ZwCreateFile] \
Dokan Information: DokanEndDispatchCreate() status = 0, file handle = 0x0000012CD5419D50, eventID = 0022, result = 0x1
Dokan Information: SendAndPullEventInformation() with NTSTATUS 0x0, context 0xd5419d50, and result object 0x0000012CD54E46E0 with size 48
###QueryVolumeInfo file handle = 0x0000012CD5419D50, eventID = 0022, event Info = 0x0000012CD5444210
[GetVolumeInformation]
Dokan Information: SendAndPullEventInformation() with NTSTATUS 0x0, context 0xd5419d50, and result object 0x0000012CD54E46E0 with size 64
###GetFileInfo file handle = 0x0000012CD5419D50, eventID = 0022, event Info = 0x0000012CD5444210
	result =  0
	FileAllInformation
	DispatchQueryInformation result =  0
Dokan Information: SendAndPullEventInformation() with NTSTATUS 0x0, context 0xd5419d50, and result object 0x0000012CD54E46E0 with size 140
###Cleanup file handle = 0x0000012CD5419D50, eventID = 0022, event Info = 0x0000012CD5444210
Dokan Information: SendAndPullEventInformation() with NTSTATUS 0x0, context 0xd5419d50, and result object 0x0000012CD54E46E0 with size 48
###Close file handle = 0x0000012CD5419D50, eventID = 0022, event Info = 0x0000012CD5444210
[Close] \
###Create file handle = 0x0000012CD5419FD0, eventID = 0023, event Info = 0x0000012CD5443CD0
[ZwCreateFile] \
Dokan Information: DokanEndDispatchCreate() status = 0, file handle = 0x0000012CD5419FD0, eventID = 0023, result = 0x1
Dokan Information: SendAndPullEventInformation() with NTSTATUS 0x0, context 0xd5419fd0, and result object 0x0000012CD54E46E0 with size 48
###QueryVolumeInfo file handle = 0x0000012CD5419FD0, eventID = 0023, event Info = 0x0000012CD5443CD0
[GetVolumeInformation]
Dokan Information: SendAndPullEventInformation() with NTSTATUS 0x0, context 0xd5419fd0, and result object 0x0000012CD54E46E0 with size 64
###GetFileInfo file handle = 0x0000012CD5419FD0, eventID = 0023, event Info = 0x0000012CD5443CD0
	result =  0
	FileAllInformation
	DispatchQueryInformation result =  0
Dokan Information: SendAndPullEventInformation() with NTSTATUS 0x0, context 0xd5419fd0, and result object 0x0000012CD54E46E0 with size 140
###Cleanup file handle = 0x0000012CD5419FD0, eventID = 0023, event Info = 0x0000012CD5443CD0
Dokan Information: SendAndPullEventInformation() with NTSTATUS 0x0, context 0xd5419fd0, and result object 0x0000012CD54E46E0 with size 48
###Close file handle = 0x0000012CD5419FD0, eventID = 0023, event Info = 0x0000012CD5443CD0
[Close] \
###Create file handle = 0x0000012CD5419FD0, eventID = 0024, event Info = 0x0000012CD5444210
[ZwCreateFile] \
Dokan Information: DokanEndDispatchCreate() status = 0, file handle = 0x0000012CD5419FD0, eventID = 0024, result = 0x1
Dokan Information: SendAndPullEventInformation() with NTSTATUS 0x0, context 0xd5419fd0, and result object 0x0000012CD54E46E0 with size 48
###QueryVolumeInfo file handle = 0x0000012CD5419FD0, eventID = 0024, event Info = 0x0000012CD5444210
[GetVolumeInformation]
Dokan Information: SendAndPullEventInformation() with NTSTATUS 0x0, context 0xd5419fd0, and result object 0x0000012CD54E46E0 with size 64
###GetFileInfo file handle = 0x0000012CD5419FD0, eventID = 0024, event Info = 0x0000012CD5444210
	result =  0
	FileAllInformation
	DispatchQueryInformation result =  0
Dokan Information: SendAndPullEventInformation() with NTSTATUS 0x0, context 0xd5419fd0, and result object 0x0000012CD54E46E0 with size 140
###Cleanup file handle = 0x0000012CD5419FD0, eventID = 0024, event Info = 0x0000012CD5444210
Dokan Information: SendAndPullEventInformation() with NTSTATUS 0x0, context 0xd5419fd0, and result object 0x0000012CD54E46E0 with size 48
###Close file handle = 0x0000012CD5419FD0, eventID = 0024, event Info = 0x0000012CD5444210
[Close] \
###Create file handle = 0x0000012CD5419D50, eventID = 0025, event Info = 0x0000012CD5443CD0
[ZwCreateFile] \
Dokan Information: DokanEndDispatchCreate() status = 0, file handle = 0x0000012CD5419D50, eventID = 0025, result = 0x1
Dokan Information: SendAndPullEventInformation() with NTSTATUS 0x0, context 0xd5419d50, and result object 0x0000012CD54E46E0 with size 48
###QueryVolumeInfo file handle = 0x0000012CD5419D50, eventID = 0025, event Info = 0x0000012CD5443CD0
[GetVolumeInformation]
Dokan Information: SendAndPullEventInformation() with NTSTATUS 0x0, context 0xd5419d50, and result object 0x0000012CD54E46E0 with size 64
###GetFileInfo file handle = 0x0000012CD5419D50, eventID = 0025, event Info = 0x0000012CD5443CD0
	result =  0
	FileAllInformation
	DispatchQueryInformation result =  0
Dokan Information: SendAndPullEventInformation() with NTSTATUS 0x0, context 0xd5419d50, and result object 0x0000012CD54E46E0 with size 140
###Cleanup file handle = 0x0000012CD5419D50, eventID = 0025, event Info = 0x0000012CD5443CD0
Dokan Information: SendAndPullEventInformation() with NTSTATUS 0x0, context 0xd5419d50, and result object 0x0000012CD54E46E0 with size 48
###Close file handle = 0x0000012CD5419D50, eventID = 0025, event Info = 0x0000012CD5443CD0
[Close] \
###Create file handle = 0x0000012CD5419FD0, eventID = 0026, event Info = 0x0000012CD5444210
[ZwCreateFile] \
Dokan Information: DokanEndDispatchCreate() status = 0, file handle = 0x0000012CD5419FD0, eventID = 0026, result = 0x1
Dokan Information: SendAndPullEventInformation() with NTSTATUS 0x0, context 0xd5419fd0, and result object 0x0000012CD54E46E0 with size 48
###QueryVolumeInfo file handle = 0x0000012CD5419FD0, eventID = 0026, event Info = 0x0000012CD5444210
[GetVolumeInformation]
Dokan Information: SendAndPullEventInformation() with NTSTATUS 0x0, context 0xd5419fd0, and result object 0x0000012CD54E46E0 with size 64
###GetFileInfo file handle = 0x0000012CD5419FD0, eventID = 0026, event Info = 0x0000012CD5444210
	result =  0
	FileAllInformation
	DispatchQueryInformation result =  0
Dokan Information: SendAndPullEventInformation() with NTSTATUS 0x0, context 0xd5419fd0, and result object 0x0000012CD54E46E0 with size 140
###Cleanup file handle = 0x0000012CD5419FD0, eventID = 0026, event Info = 0x0000012CD5444210
Dokan Information: SendAndPullEventInformation() with NTSTATUS 0x0, context 0xd5419fd0, and result object 0x0000012CD54E46E0 with size 48
###Close file handle = 0x0000012CD5419FD0, eventID = 0026, event Info = 0x0000012CD5444210
[Close] \
###Create file handle = 0x0000012CD5419D50, eventID = 0027, event Info = 0x0000012CD5443CD0
[ZwCreateFile] \
Dokan Information: DokanEndDispatchCreate() status = 0, file handle = 0x0000012CD5419D50, eventID = 0027, result = 0x1
Dokan Information: SendAndPullEventInformation() with NTSTATUS 0x0, context 0xd5419d50, and result object 0x0000012CD54E46E0 with size 48
###QueryVolumeInfo file handle = 0x0000012CD5419D50, eventID = 0027, event Info = 0x0000012CD5443CD0
[GetVolumeInformation]
Dokan Information: SendAndPullEventInformation() with NTSTATUS 0x0, context 0xd5419d50, and result object 0x0000012CD54E46E0 with size 64
###GetFileInfo file handle = 0x0000012CD5419D50, eventID = 0027, event Info = 0x0000012CD5443CD0
	result =  0
	FileAllInformation
	DispatchQueryInformation result =  0
Dokan Information: SendAndPullEventInformation() with NTSTATUS 0x0, context 0xd5419d50, and result object 0x0000012CD54E46E0 with size 140
###Cleanup file handle = 0x0000012CD5419D50, eventID = 0027, event Info = 0x0000012CD5443CD0
Dokan Information: SendAndPullEventInformation() with NTSTATUS 0x0, context 0xd5419d50, and result object 0x0000012CD54E46E0 with size 48
###Close file handle = 0x0000012CD5419D50, eventID = 0027, event Info = 0x0000012CD5443CD0
[Close] \
###Create file handle = 0x0000012CD5419FD0, eventID = 0028, event Info = 0x0000012CD5444210
[ZwCreateFile] \
Dokan Information: DokanEndDispatchCreate() status = 0, file handle = 0x0000012CD5419FD0, eventID = 0028, result = 0x1
Dokan Information: SendAndPullEventInformation() with NTSTATUS 0x0, context 0xd5419fd0, and result object 0x0000012CD54E46E0 with size 48
###QueryVolumeInfo file handle = 0x0000012CD5419FD0, eventID = 0028, event Info = 0x0000012CD5444210
[GetVolumeInformation]
Dokan Information: SendAndPullEventInformation() with NTSTATUS 0x0, context 0xd5419fd0, and result object 0x0000012CD54E46E0 with size 64
###GetFileInfo file handle = 0x0000012CD5419FD0, eventID = 0028, event Info = 0x0000012CD5444210
	result =  0
	FileAllInformation
	DispatchQueryInformation result =  0
Dokan Information: SendAndPullEventInformation() with NTSTATUS 0x0, context 0xd5419fd0, and result object 0x0000012CD54E46E0 with size 140
###Cleanup file handle = 0x0000012CD5419FD0, eventID = 0028, event Info = 0x0000012CD5444210
Dokan Information: SendAndPullEventInformation() with NTSTATUS 0x0, context 0xd5419fd0, and result object 0x0000012CD54E46E0 with size 48
###Close file handle = 0x0000012CD5419FD0, eventID = 0028, event Info = 0x0000012CD5444210
[Close] \
###Create file handle = 0x0000012CD5419D50, eventID = 0029, event Info = 0x0000012CD5443CD0
[ZwCreateFile] \
Dokan Information: DokanEndDispatchCreate() status = 0, file handle = 0x0000012CD5419D50, eventID = 0029, result = 0x1
Dokan Information: SendAndPullEventInformation() with NTSTATUS 0x0, context 0xd5419d50, and result object 0x0000012CD54E46E0 with size 48
###QueryVolumeInfo file handle = 0x0000012CD5419D50, eventID = 0029, event Info = 0x0000012CD5443CD0
[GetVolumeInformation]
Dokan Information: SendAndPullEventInformation() with NTSTATUS 0x0, context 0xd5419d50, and result object 0x0000012CD54E46E0 with size 64
###GetFileInfo file handle = 0x0000012CD5419D50, eventID = 0029, event Info = 0x0000012CD5443CD0
	result =  0
	FileAllInformation
	DispatchQueryInformation result =  0
Dokan Information: SendAndPullEventInformation() with NTSTATUS 0x0, context 0xd5419d50, and result object 0x0000012CD54E46E0 with size 140
###Cleanup file handle = 0x0000012CD5419D50, eventID = 0029, event Info = 0x0000012CD5443CD0
Dokan Information: SendAndPullEventInformation() with NTSTATUS 0x0, context 0xd5419d50, and result object 0x0000012CD54E46E0 with size 48
###Close file handle = 0x0000012CD5419D50, eventID = 0029, event Info = 0x0000012CD5443CD0
[Close] \
###Create file handle = 0x0000012CD5419FD0, eventID = 0030, event Info = 0x0000012CD5444210
[ZwCreateFile] \
Dokan Information: DokanEndDispatchCreate() status = 0, file handle = 0x0000012CD5419FD0, eventID = 0030, result = 0x1
Dokan Information: SendAndPullEventInformation() with NTSTATUS 0x0, context 0xd5419fd0, and result object 0x0000012CD54E46E0 with size 48
###QueryVolumeInfo file handle = 0x0000012CD5419FD0, eventID = 0030, event Info = 0x0000012CD5444210
[GetVolumeInformation]
Dokan Information: SendAndPullEventInformation() with NTSTATUS 0x0, context 0xd5419fd0, and result object 0x0000012CD54E46E0 with size 64
###GetFileInfo file handle = 0x0000012CD5419FD0, eventID = 0030, event Info = 0x0000012CD5444210
	result =  0
	FileAllInformation
	DispatchQueryInformation result =  0
Dokan Information: SendAndPullEventInformation() with NTSTATUS 0x0, context 0xd5419fd0, and result object 0x0000012CD54E46E0 with size 140
###Cleanup file handle = 0x0000012CD5419FD0, eventID = 0030, event Info = 0x0000012CD5444210
Dokan Information: SendAndPullEventInformation() with NTSTATUS 0x0, context 0xd5419fd0, and result object 0x0000012CD54E46E0 with size 48
###Close file handle = 0x0000012CD5419FD0, eventID = 0030, event Info = 0x0000012CD5444210
[Close] \
###Create file handle = 0x0000012CD5419D50, eventID = 0031, event Info = 0x0000012CD5443CD0
[ZwCreateFile] \
Dokan Information: DokanEndDispatchCreate() status = 0, file handle = 0x0000012CD5419D50, eventID = 0031, result = 0x1
Dokan Information: SendAndPullEventInformation() with NTSTATUS 0x0, context 0xd5419d50, and result object 0x0000012CD54E46E0 with size 48
###QueryVolumeInfo file handle = 0x0000012CD5419D50, eventID = 0031, event Info = 0x0000012CD5443CD0
[GetVolumeInformation]
Dokan Information: SendAndPullEventInformation() with NTSTATUS 0x0, context 0xd5419d50, and result object 0x0000012CD54E46E0 with size 64
###GetFileInfo file handle = 0x0000012CD5419D50, eventID = 0031, event Info = 0x0000012CD5443CD0
	result =  0
	FileAllInformation
	DispatchQueryInformation result =  0
Dokan Information: SendAndPullEventInformation() with NTSTATUS 0x0, context 0xd5419d50, and result object 0x0000012CD54E46E0 with size 140
###Cleanup file handle = 0x0000012CD5419D50, eventID = 0031, event Info = 0x0000012CD5443CD0
Dokan Information: SendAndPullEventInformation() with NTSTATUS 0x0, context 0xd5419d50, and result object 0x0000012CD54E46E0 with size 48
###Close file handle = 0x0000012CD5419D50, eventID = 0031, event Info = 0x0000012CD5443CD0
[Close] \
###Create file handle = 0x0000012CD5419FD0, eventID = 0032, event Info = 0x0000012CD5444210
[ZwCreateFile] \
Dokan Information: DokanEndDispatchCreate() status = 0, file handle = 0x0000012CD5419FD0, eventID = 0032, result = 0x1
Dokan Information: SendAndPullEventInformation() with NTSTATUS 0x0, context 0xd5419fd0, and result object 0x0000012CD54E46E0 with size 48
###QueryVolumeInfo file handle = 0x0000012CD5419FD0, eventID = 0032, event Info = 0x0000012CD5444210
[GetVolumeInformation]
Dokan Information: SendAndPullEventInformation() with NTSTATUS 0x0, context 0xd5419fd0, and result object 0x0000012CD54E46E0 with size 64
###GetFileInfo file handle = 0x0000012CD5419FD0, eventID = 0032, event Info = 0x0000012CD5444210
	result =  0
	FileAllInformation
	DispatchQueryInformation result =  0
Dokan Information: SendAndPullEventInformation() with NTSTATUS 0x0, context 0xd5419fd0, and result object 0x0000012CD54E46E0 with size 140
###Cleanup file handle = 0x0000012CD5419FD0, eventID = 0032, event Info = 0x0000012CD5444210
Dokan Information: SendAndPullEventInformation() with NTSTATUS 0x0, context 0xd5419fd0, and result object 0x0000012CD54E46E0 with size 48
###Close file handle = 0x0000012CD5419FD0, eventID = 0032, event Info = 0x0000012CD5444210
[Close] \
###Create file handle = 0x0000012CD5419D50, eventID = 0033, event Info = 0x0000012CD5443CD0
[ZwCreateFile] \
Dokan Information: DokanEndDispatchCreate() status = 0, file handle = 0x0000012CD5419D50, eventID = 0033, result = 0x1
Dokan Information: SendAndPullEventInformation() with NTSTATUS 0x0, context 0xd5419d50, and result object 0x0000012CD54E46E0 with size 48
###QueryVolumeInfo file handle = 0x0000012CD5419D50, eventID = 0033, event Info = 0x0000012CD5443CD0
[GetVolumeInformation]
Dokan Information: SendAndPullEventInformation() with NTSTATUS 0x0, context 0xd5419d50, and result object 0x0000012CD54E46E0 with size 64
###GetFileInfo file handle = 0x0000012CD5419D50, eventID = 0033, event Info = 0x0000012CD5443CD0
	result =  0
	FileAllInformation
	DispatchQueryInformation result =  0
Dokan Information: SendAndPullEventInformation() with NTSTATUS 0x0, context 0xd5419d50, and result object 0x0000012CD54E46E0 with size 140
###Cleanup file handle = 0x0000012CD5419D50, eventID = 0033, event Info = 0x0000012CD5443CD0
Dokan Information: SendAndPullEventInformation() with NTSTATUS 0x0, context 0xd5419d50, and result object 0x0000012CD54E46E0 with size 48
###Close file handle = 0x0000012CD5419D50, eventID = 0033, event Info = 0x0000012CD5443CD0
[Close] \
###Create file handle = 0x0000012CD5419FD0, eventID = 0034, event Info = 0x0000012CD5444210
[ZwCreateFile] \
Dokan Information: DokanEndDispatchCreate() status = 0, file handle = 0x0000012CD5419FD0, eventID = 0034, result = 0x1
Dokan Information: SendAndPullEventInformation() with NTSTATUS 0x0, context 0xd5419fd0, and result object 0x0000012CD54E46E0 with size 48
###QueryVolumeInfo file handle = 0x0000012CD5419FD0, eventID = 0034, event Info = 0x0000012CD5444210
[GetVolumeInformation]
Dokan Information: SendAndPullEventInformation() with NTSTATUS 0x0, context 0xd5419fd0, and result object 0x0000012CD54E46E0 with size 64
###GetFileInfo file handle = 0x0000012CD5419FD0, eventID = 0034, event Info = 0x0000012CD5444210
	result =  0
	FileAllInformation
	DispatchQueryInformation result =  0
Dokan Information: SendAndPullEventInformation() with NTSTATUS 0x0, context 0xd5419fd0, and result object 0x0000012CD54E46E0 with size 140
###Cleanup file handle = 0x0000012CD5419FD0, eventID = 0034, event Info = 0x0000012CD5444210
Dokan Information: SendAndPullEventInformation() with NTSTATUS 0x0, context 0xd5419fd0, and result object 0x0000012CD54E46E0 with size 48
###Close file handle = 0x0000012CD5419FD0, eventID = 0034, event Info = 0x0000012CD5444210
[Close] \
###Create file handle = 0x0000012CD5419D50, eventID = 0035, event Info = 0x0000012CD5443CD0
[ZwCreateFile] \
Dokan Information: DokanEndDispatchCreate() status = 0, file handle = 0x0000012CD5419D50, eventID = 0035, result = 0x1
Dokan Information: SendAndPullEventInformation() with NTSTATUS 0x0, context 0xd5419d50, and result object 0x0000012CD54E46E0 with size 48
###QueryVolumeInfo file handle = 0x0000012CD5419D50, eventID = 0035, event Info = 0x0000012CD5443CD0
[GetVolumeInformation]
Dokan Information: SendAndPullEventInformation() with NTSTATUS 0x0, context 0xd5419d50, and result object 0x0000012CD54E46E0 with size 64
###GetFileInfo file handle = 0x0000012CD5419D50, eventID = 0035, event Info = 0x0000012CD5443CD0
	result =  0
	FileAllInformation
	DispatchQueryInformation result =  0
Dokan Information: SendAndPullEventInformation() with NTSTATUS 0x0, context 0xd5419d50, and result object 0x0000012CD54E46E0 with size 140
###Cleanup file handle = 0x0000012CD5419D50, eventID = 0035, event Info = 0x0000012CD5443CD0
Dokan Information: SendAndPullEventInformation() with NTSTATUS 0x0, context 0xd5419d50, and result object 0x0000012CD54E46E0 with size 48
###Close file handle = 0x0000012CD5419D50, eventID = 0035, event Info = 0x0000012CD5443CD0
[Close] \
###Create file handle = 0x0000012CD5419FD0, eventID = 0036, event Info = 0x0000012CD5444210
[ZwCreateFile] \
Dokan Information: DokanEndDispatchCreate() status = 0, file handle = 0x0000012CD5419FD0, eventID = 0036, result = 0x1
Dokan Information: SendAndPullEventInformation() with NTSTATUS 0x0, context 0xd5419fd0, and result object 0x0000012CD54E46E0 with size 48
###QueryVolumeInfo file handle = 0x0000012CD5419FD0, eventID = 0036, event Info = 0x0000012CD5444210
[GetVolumeInformation]
Dokan Information: SendAndPullEventInformation() with NTSTATUS 0x0, context 0xd5419fd0, and result object 0x0000012CD54E46E0 with size 64
###GetFileInfo file handle = 0x0000012CD5419FD0, eventID = 0036, event Info = 0x0000012CD5444210
	result =  0
	FileAllInformation
	DispatchQueryInformation result =  0
Dokan Information: SendAndPullEventInformation() with NTSTATUS 0x0, context 0xd5419fd0, and result object 0x0000012CD54E46E0 with size 140
###Cleanup file handle = 0x0000012CD5419FD0, eventID = 0036, event Info = 0x0000012CD5444210
Dokan Information: SendAndPullEventInformation() with NTSTATUS 0x0, context 0xd5419fd0, and result object 0x0000012CD54E46E0 with size 48
###Close file handle = 0x0000012CD5419FD0, eventID = 0036, event Info = 0x0000012CD5444210
[Close] \
###Create file handle = 0x0000012CD5419D50, eventID = 0037, event Info = 0x0000012CD5443CD0
[ZwCreateFile] \
Dokan Information: DokanEndDispatchCreate() status = 0, file handle = 0x0000012CD5419D50, eventID = 0037, result = 0x1
Dokan Information: SendAndPullEventInformation() with NTSTATUS 0x0, context 0xd5419d50, and result object 0x0000012CD54E46E0 with size 48
###QueryVolumeInfo file handle = 0x0000012CD5419D50, eventID = 0037, event Info = 0x0000012CD5443CD0
[GetVolumeInformation]
Dokan Information: SendAndPullEventInformation() with NTSTATUS 0x0, context 0xd5419d50, and result object 0x0000012CD54E46E0 with size 64
###GetFileInfo file handle = 0x0000012CD5419D50, eventID = 0037, event Info = 0x0000012CD5443CD0
	result =  0
	FileAllInformation
	DispatchQueryInformation result =  0
Dokan Information: SendAndPullEventInformation() with NTSTATUS 0x0, context 0xd5419d50, and result object 0x0000012CD54E46E0 with size 140
###Cleanup file handle = 0x0000012CD5419D50, eventID = 0037, event Info = 0x0000012CD5443CD0
Dokan Information: SendAndPullEventInformation() with NTSTATUS 0x0, context 0xd5419d50, and result object 0x0000012CD54E46E0 with size 48
###Close file handle = 0x0000012CD5419D50, eventID = 0037, event Info = 0x0000012CD5443CD0
[Close] \
###Create file handle = 0x0000012CD5419FD0, eventID = 0038, event Info = 0x0000012CD5444210
[ZwCreateFile] \
Dokan Information: DokanEndDispatchCreate() status = 0, file handle = 0x0000012CD5419FD0, eventID = 0038, result = 0x1
Dokan Information: SendAndPullEventInformation() with NTSTATUS 0x0, context 0xd5419fd0, and result object 0x0000012CD54E46E0 with size 48
###QueryVolumeInfo file handle = 0x0000012CD5419FD0, eventID = 0038, event Info = 0x0000012CD5444210
[GetVolumeInformation]
Dokan Information: SendAndPullEventInformation() with NTSTATUS 0x0, context 0xd5419fd0, and result object 0x0000012CD54E46E0 with size 64
###GetFileInfo file handle = 0x0000012CD5419FD0, eventID = 0038, event Info = 0x0000012CD5444210
	result =  0
	FileAllInformation
	DispatchQueryInformation result =  0
Dokan Information: SendAndPullEventInformation() with NTSTATUS 0x0, context 0xd5419fd0, and result object 0x0000012CD54E46E0 with size 140
###Cleanup file handle = 0x0000012CD5419FD0, eventID = 0038, event Info = 0x0000012CD5444210
Dokan Information: SendAndPullEventInformation() with NTSTATUS 0x0, context 0xd5419fd0, and result object 0x0000012CD54E46E0 with size 48
###Close file handle = 0x0000012CD5419FD0, eventID = 0038, event Info = 0x0000012CD5444210
[Close] \
###Create file handle = 0x0000012CD5419D50, eventID = 0039, event Info = 0x0000012CD5443CD0
[ZwCreateFile] \
Dokan Information: DokanEndDispatchCreate() status = 0, file handle = 0x0000012CD5419D50, eventID = 0039, result = 0x1
Dokan Information: SendAndPullEventInformation() with NTSTATUS 0x0, context 0xd5419d50, and result object 0x0000012CD54E46E0 with size 48
###QueryVolumeInfo file handle = 0x0000012CD5419D50, eventID = 0039, event Info = 0x0000012CD5443CD0
[GetVolumeInformation]
Dokan Information: SendAndPullEventInformation() with NTSTATUS 0x0, context 0xd5419d50, and result object 0x0000012CD54E46E0 with size 64
###GetFileInfo file handle = 0x0000012CD5419D50, eventID = 0039, event Info = 0x0000012CD5443CD0
	result =  0
	FileAllInformation
	DispatchQueryInformation result =  0
Dokan Information: SendAndPullEventInformation() with NTSTATUS 0x0, context 0xd5419d50, and result object 0x0000012CD54E46E0 with size 140
###Cleanup file handle = 0x0000012CD5419D50, eventID = 0039, event Info = 0x0000012CD5443CD0
Dokan Information: SendAndPullEventInformation() with NTSTATUS 0x0, context 0xd5419d50, and result object 0x0000012CD54E46E0 with size 48
###Close file handle = 0x0000012CD5419D50, eventID = 0039, event Info = 0x0000012CD5443CD0
[Close] \
###Create file handle = 0x0000012CD5419D50, eventID = 0040, event Info = 0x0000012CD5444210
[ZwCreateFile] \
Dokan Information: DokanEndDispatchCreate() status = 0, file handle = 0x0000012CD5419D50, eventID = 0040, result = 0x1
Dokan Information: SendAndPullEventInformation() with NTSTATUS 0x0, context 0xd5419d50, and result object 0x0000012CD54E46E0 with size 48
###QueryVolumeInfo file handle = 0x0000012CD5419D50, eventID = 0040, event Info = 0x0000012CD5444210
[GetVolumeInformation]
Dokan Information: SendAndPullEventInformation() with NTSTATUS 0x0, context 0xd5419d50, and result object 0x0000012CD54E46E0 with size 64
###GetFileInfo file handle = 0x0000012CD5419D50, eventID = 0040, event Info = 0x0000012CD5444210
	result =  0
	FileAllInformation
	DispatchQueryInformation result =  0
Dokan Information: SendAndPullEventInformation() with NTSTATUS 0x0, context 0xd5419d50, and result object 0x0000012CD54E46E0 with size 140
###Cleanup file handle = 0x0000012CD5419D50, eventID = 0040, event Info = 0x0000012CD5444210
Dokan Information: SendAndPullEventInformation() with NTSTATUS 0x0, context 0xd5419d50, and result object 0x0000012CD54E46E0 with size 48
###Close file handle = 0x0000012CD5419D50, eventID = 0040, event Info = 0x0000012CD5444210
[Close] \
###Create file handle = 0x0000012CD5419FD0, eventID = 0041, event Info = 0x0000012CD5443CD0
[ZwCreateFile] \
Dokan Information: DokanEndDispatchCreate() status = 0, file handle = 0x0000012CD5419FD0, eventID = 0041, result = 0x1
Dokan Information: SendAndPullEventInformation() with NTSTATUS 0x0, context 0xd5419fd0, and result object 0x0000012CD54E46E0 with size 48
###QueryVolumeInfo file handle = 0x0000012CD5419FD0, eventID = 0041, event Info = 0x0000012CD5443CD0
[GetVolumeInformation]
Dokan Information: SendAndPullEventInformation() with NTSTATUS 0x0, context 0xd5419fd0, and result object 0x0000012CD54E46E0 with size 64
###GetFileInfo file handle = 0x0000012CD5419FD0, eventID = 0041, event Info = 0x0000012CD5443CD0
	result =  0
	FileAllInformation
	DispatchQueryInformation result =  0
Dokan Information: SendAndPullEventInformation() with NTSTATUS 0x0, context 0xd5419fd0, and result object 0x0000012CD54E46E0 with size 140
###Cleanup file handle = 0x0000012CD5419FD0, eventID = 0041, event Info = 0x0000012CD5443CD0
Dokan Information: SendAndPullEventInformation() with NTSTATUS 0x0, context 0xd5419fd0, and result object 0x0000012CD54E46E0 with size 48
###Close file handle = 0x0000012CD5419FD0, eventID = 0041, event Info = 0x0000012CD5443CD0
[Close] \
###Create file handle = 0x0000012CD5419D50, eventID = 0042, event Info = 0x0000012CD5444210
[ZwCreateFile] \
Dokan Information: DokanEndDispatchCreate() status = 0, file handle = 0x0000012CD5419D50, eventID = 0042, result = 0x1
Dokan Information: SendAndPullEventInformation() with NTSTATUS 0x0, context 0xd5419d50, and result object 0x0000012CD54E46E0 with size 48
###QueryVolumeInfo file handle = 0x0000012CD5419D50, eventID = 0042, event Info = 0x0000012CD5444210
[GetVolumeInformation]
Dokan Information: SendAndPullEventInformation() with NTSTATUS 0x0, context 0xd5419d50, and result object 0x0000012CD54E46E0 with size 64
###GetFileInfo file handle = 0x0000012CD5419D50, eventID = 0042, event Info = 0x0000012CD5444210
	result =  0
	FileAllInformation
	DispatchQueryInformation result =  0
Dokan Information: SendAndPullEventInformation() with NTSTATUS 0x0, context 0xd5419d50, and result object 0x0000012CD54E46E0 with size 140
###Cleanup file handle = 0x0000012CD5419D50, eventID = 0042, event Info = 0x0000012CD5444210
Dokan Information: SendAndPullEventInformation() with NTSTATUS 0x0, context 0xd5419d50, and result object 0x0000012CD54E46E0 with size 48
###Close file handle = 0x0000012CD5419D50, eventID = 0042, event Info = 0x0000012CD5444210
[Cl###Create file handle = 0x0000012CD5419FD0, eventID = 0043, event Info = 0x0000012CD5443CD0
ose] \
[ZwCreateFile] \
Dokan Information: DokanEndDispatchCreate() status = 0, file handle = 0x0000012CD5419FD0, eventID = 0043, result = 0x1
Dokan Information: SendAndPullEventInformation() with NTSTATUS 0x0, context 0xd5419fd0, and result object 0x0000012CD54E46E0 with size 48
###QueryVolumeInfo file handle = 0x0000012CD5419FD0, eventID = 0043, event Info = 0x0000012CD5443CD0
[GetVolumeInformation]
Dokan Information: SendAndPullEventInformation() with NTSTATUS 0x0, context 0xd5419fd0, and result object 0x0000012CD54E46E0 with size 64
###GetFileInfo file handle = 0x0000012CD5419FD0, eventID = 0043, event Info = 0x0000012CD5443CD0
	result =  0
	FileAllInformation
	DispatchQueryInformation result =  0
Dokan Information: SendAndPullEventInformation() with NTSTATUS 0x0, context 0xd5419fd0, and result object 0x0000012CD54E46E0 with size 140
###Cleanup file handle = 0x0000012CD5419FD0, eventID = 0043, event Info = 0x0000012CD5443CD0
Dokan Information: SendAndPullEventInformation() with NTSTATUS 0x0, context 0xd5419fd0, and result object 0x0000012CD54E46E0 with size 48
###Close file handle = 0x0000012CD5419FD0, eventID = 0043, event Info = 0x0000012CD5443CD0
[Close] \
###Create file handle = 0x0000012CD5419D50, eventID = 0044, event Info = 0x0000012CD5444210
[ZwCreateFile] \
Dokan Information: DokanEndDispatchCreate() status = 0, file handle = 0x0000012CD5419D50, eventID = 0044, result = 0x1
Dokan Information: SendAndPullEventInformation() with NTSTATUS 0x0, context 0xd5419d50, and result object 0x0000012CD54E46E0 with size 48
###QueryVolumeInfo file handle = 0x0000012CD5419D50, eventID = 0044, event Info = 0x0000012CD5444210
[GetVolumeInformation]
Dokan Information: SendAndPullEventInformation() with NTSTATUS 0x0, context 0xd5419d50, and result object 0x0000012CD54E46E0 with size 64
###GetFileInfo file handle = 0x0000012CD5419D50, eventID = 0044, event Info = 0x0000012CD5444210
	result =  0
	FileAllInformation
	DispatchQueryInformation result =  0
Dokan Information: SendAndPullEventInformation() with NTSTATUS 0x0, context 0xd5419d50, and result object 0x0000012CD54E46E0 with size 140
###Cleanup file handle = 0x0000012CD5419D50, eventID = 0044, event Info = 0x0000012CD5444210
Dokan Information: SendAndPullEventInformation() with NTSTATUS 0x0, context 0xd5419d50, and result object 0x0000012CD54E46E0 with size 48
###Close file handle = 0x0000012CD5419D50, eventID = 0044, event Info = 0x0000012CD5444210
[Close] \
###Create file handle = 0x0000012CD5419D50, eventID = 0045, event Info = 0x0000012CD5444210
[ZwCreateFile] \
Dokan Information: DokanEndDispatchCreate() status = 0, file handle = 0x0000012CD5419D50, eventID = 0045, result = 0x1
Dokan Information: SendAndPullEventInformation() with NTSTATUS 0x0, context 0xd5419d50, and result object 0x0000012CD54E46E0 with size 48
###GetFileInfo file handle = 0x0000012CD5419D50, eventID = 0045, event Info = 0x0000012CD5444210
	result =  0
	FileStandardInformation
	DispatchQueryInformation result =  0
Dokan Information: SendAndPullEventInformation() with NTSTATUS 0x0, context 0xd5419d50, and result object 0x0000012CD54E46E0 with size 64
###QueryVolumeInfo file handle = 0x0000012CD5419D50, eventID = 0045, event Info = 0x0000012CD5444210
[GetVolumeInformation]
Dokan Information: SendAndPullEventInformation() with NTSTATUS 0x0, context 0xd5419d50, and result object 0x0000012CD54E46E0 with size 74
###QueryVolumeInfo file handle = 0x0000012CD5419D50, eventID = 0045, event Info = 0x0000012CD5444210
[GetVolumeInformation]
Dokan Information: SendAndPullEventInformation() with NTSTATUS 0x0, context 0xd5419d50, and result object 0x0000012CD54E46E0 with size 68
###Cleanup file handle = 0x0000012CD5419D50, eventID = 0045, event Info = 0x0000012CD5444210
Dokan Information: SendAndPullEventInformation() with NTSTATUS 0x0, context 0xd5419d50, and result object 0x0000012CD54E46E0 with size 48
###Close file handle = 0x0000012CD5419D50, eventID = 0045, event Info = 0x0000012CD5444210
[Close] \
###Create file handle = 0x0000012CD5419FD0, eventID = 0046, event Info = 0x0000012CD5443CD0
[ZwCreateFile] \
Dokan Information: DokanEndDispatchCreate() status = 0, file handle = 0x0000012CD5419FD0, eventID = 0046, result = 0x1
Dokan Information: SendAndPullEventInformation() with NTSTATUS 0x0, context 0xd5419fd0, and result object 0x0000012CD54E46E0 with size 48
###GetFileInfo file handle = 0x0000012CD5419FD0, eventID = 0046, event Info = 0x0000012CD5443CD0
	result =  0
	FileBasicInformation
	DispatchQueryInformation result =  0
Dokan Information: SendAndPullEventInformation() with NTSTATUS 0x0, context 0xd5419fd0, and result object 0x0000012CD54E46E0 with size 80
###Cleanup file handle = 0x0000012CD5419FD0, eventID = 0046, event Info = 0x0000012CD5443CD0
Dokan Information: SendAndPullEventInformation() with NTSTATUS 0x0, context 0xd5419fd0, and result object 0x0000012CD54E46E0 with size 48
###Close file handle = 0x0000012CD5419FD0, eventID = 0046, event Info = 0x0000012CD5443CD0
[Close] \
###Create file handle = 0x0000012CD5419FD0, eventID = 0047, event Info = 0x0000012CD5444210
[ZwCreateFile] \gost.exe
Dokan Information: DokanEndDispatchCreate() status = 0, file handle = 0x0000012CD5419FD0, eventID = 0047, result = 0x1
Dokan Information: SendAndPullEventInformation() with NTSTATUS 0x0, context 0xd5419fd0, and result object 0x0000012CD54E46E0 with size 48
###GetFileInfo file handle = 0x0000012CD5419FD0, eventID = 0047, event Info = 0x0000012CD5444210
	result =  0
	FileStandardInformation
	DispatchQueryInformation result =  0
Dokan Information: SendAndPullEventInformation() with NTSTATUS 0x0, context 0xd5419fd0, and result object 0x0000012CD54E46E0 with size 64
###GetFileInfo file handle = 0x0000012CD5419FD0, eventID = 0047, event Info = 0x0000012CD5444210
	result =  0
	FileBasicInformation
	DispatchQueryInformation result =  0
Dokan Information: SendAndPullEventInformation() with NTSTATUS 0x0, context 0xd5419fd0, and result object 0x0000012CD54E46E0 with size 80
###Cleanup file handle = 0x0000012CD5419FD0, eventID = 0047, event Info = 0x0000012CD5444210
Dokan Information: SendAndPullEventInformation() with NTSTATUS 0x0, context 0xd5419fd0, and result object 0x0000012CD54E46E0 with size 48
###Close file handle = 0x0000012CD5419FD0, eventID = 0047, event Info = 0x0000012CD5444210
[Close] \gost.exe
###Create file handle = 0x0000012CD5419FD0, eventID = 0048, event Info = 0x0000012CD5443CD0
[ZwCreateFile] \gost.exe
Dokan Information: DokanEndDispatchCreate() status = 0, file handle = 0x0000012CD5419FD0, eventID = 0048, result = 0x1
Dokan Information: SendAndPullEventInformation() with NTSTATUS 0x0, context 0xd5419fd0, and result object 0x0000012CD54E46E0 with size 48
###GetFileInfo file handle = 0x0000012CD5419FD0, eventID = 0048, event Info = 0x0000012CD5443CD0
	result =  0
	FileBasicInformation
	DispatchQueryInformation result =  0
Dokan Information: SendAndPullEventInformation() with NTSTATUS 0x0, context 0xd5419fd0, and result object 0x0000012CD54E46E0 with size 80
###Cleanup file handle = 0x0000012CD5419FD0, eventID = 0048, event Info = 0x0000012CD5443CD0
Dokan Information: SendAndPullEventInformation() with NTSTATUS 0x0, context 0xd5419fd0, and result object 0x0000012CD54E46E0 with size 48
###Close file handle = 0x0000012CD5419FD0, eventID = 0048, event Info = 0x0000012CD5443CD0
[Close] \gost.exe
###Create file handle = 0x0000012CD5419D50, eventID = 0049, event Info = 0x0000012CD5444210
[ZwCreateFile] \gost.exe
Dokan Information: DokanEndDispatchCreate() status = 0, file handle = 0x0000012CD5419D50, eventID = 0049, result = 0x1
Dokan Information: SendAndPullEventInformation() with NTSTATUS 0x0, context 0xd5419d50, and result object 0x0000012CD54E46E0 with size 48
###GetFileInfo file handle = 0x0000012CD5419D50, eventID = 0049, event Info = 0x0000012CD5444210
	result =  0
	FileBasicInformation
	DispatchQueryInformation result =  0
Dokan Information: SendAndPullEventInformation() with NTSTATUS 0x0, context 0xd5419d50, and result object 0x0000012CD54E46E0 with size 80
###Cleanup file handle = 0x0000012CD5419D50, eventID = 0049, event Info = 0x0000012CD5444210
Dokan Information: SendAndPullEventInformation() with NTSTATUS 0x0, context 0xd5419d50, and result object 0x0000012CD54E46E0 with size 48
###Close file handle = 0x0000012CD5419D50, eventID = 0049, event Info = 0x0000012CD5444210
[Close] \gost.exe
###Create file handle = 0x0000012CD5419D50, eventID = 0050, event Info = 0x0000012CD5443CD0
[ZwCreateFile] \gost.exe
Dokan Information: DokanEndDispatchCreate() status = 0, file handle = 0x0000012CD5419D50, eventID = 0050, result = 0x1
Dokan Information: SendAndPullEventInformation() with NTSTATUS 0x0, context 0xd5419d50, and result object 0x0000012CD54E46E0 with size 48
###GetFileInfo file handle = 0x0000012CD5419D50, eventID = 0050, event Info = 0x0000012CD5443CD0
	result =  0
	FileBasicInformation
	DispatchQueryInformation result =  0
Dokan Information: SendAndPullEventInformation() with NTSTATUS 0x0, context 0xd5419d50, and result object 0x0000012CD54E46E0 with size 80
###GetFileInfo file handle = 0x0000012CD5419D50, eventID = 0050, event Info = 0x0000012CD5443CD0
	result =  0
	FileStandardInformation
	DispatchQueryInformation result =  0
Dokan Information: SendAndPullEventInformation() with NTSTATUS 0x0, context 0xd5419d50, and result object 0x0000012CD54E46E0 with size 64
###GetFileInfo file handle = 0x0000012CD5419D50, eventID = 0050, event Info = 0x0000012CD5443CD0
	result =  0
	FileInternalInformation
	DispatchQueryInformation result =  0
Dokan Information: SendAndPullEventInformation() with NTSTATUS 0x0, context 0xd5419d50, and result object 0x0000012CD54E46E0 with size 48
###GetFileInfo file handle = 0x0000012CD5419D50, eventID = 0050, event Info = 0x0000012CD5443CD0
	result =  0
	FileStandardInformation
	DispatchQueryInformation result =  0
Dokan Information: SendAndPullEventInformation() with NTSTATUS 0x0, context 0xd5419d50, and result object 0x0000012CD54E46E0 with size 64
###GetFileInfo file handle = 0x0000012CD5419D50, eventID = 0050, event Info = 0x0000012CD5443CD0
	result =  0
	FileBasicInformation
	DispatchQueryInformation result =  0
Dokan Information: SendAndPullEventInformation() with NTSTATUS 0x0, context 0xd5419d50, and result object 0x0000012CD54E46E0 with size 80
###GetFileInfo file handle = 0x0000012CD5419D50, eventID = 0050, event Info = 0x0000012CD5443CD0
	result =  0
	FileAttributeTagInformation
	DispatchQueryInformation result =  0
Dokan Information: SendAndPullEventInformation() with NTSTATUS 0x0, context 0xd5419d50, and result object 0x0000012CD54E46E0 with size 48
###GetFileInfo file handle = 0x0000012CD5419D50, eventID = 0050, event Info = 0x0000012CD5443CD0
	result =  0
	FileStandardInformation
	DispatchQueryInformation result =  0
Dokan Information: SendAndPullEventInformation() with NTSTATUS 0x0, context 0xd5419d50, and result object 0x0000012CD54E46E0 with size 64
###GetFileInfo file handle = 0x0000012CD5419D50, eventID = 0050, event Info = 0x0000012CD5443CD0
	result =  0
	FileBasicInformation
	DispatchQueryInformation result =  0
Dokan Information: SendAndPullEventInformation() with NTSTATUS 0x0, context 0xd5419d50, and result object 0x0000012CD54E46E0 with size 80
###GetFileInfo file handle = 0x0000012CD5419D50, eventID = 0050, event Info = 0x0000012CD5443CD0
FileStreamInformation
Dokan Information: SendAndPullEventInformation() with NTSTATUS 0x0, context 0xd5419d50, and result object 0x0000012CD54E46E0 with size 48
###GetFileInfo file handle = 0x0000012CD5419D50, eventID = 0050, event Info = 0x0000012CD5443CD0
	result =  0
	FileBasicInformation
	DispatchQueryInformation result =  0
Dokan Information: SendAndPullEventInformation() with NTSTATUS 0x0, context 0xd5419d50, and result object 0x0000012CD54E46E0 with size 80
###GetFileInfo file handle = 0x0000012CD5419D50, eventID = 0050, event Info = 0x0000012CD5443CD0
	result =  0
	FileEaInformation
	DispatchQueryInformation result =  0
Dokan Information: SendAndPullEventInformation() with NTSTATUS 0x0, context 0xd5419d50, and result object 0x0000012CD54E46E0 with size 48
###QueryVolumeInfo file handle = 0x0000012CD5419D50, eventID = 0050, event Info = 0x0000012CD5443CD0
[GetVolumeInformation]
Dokan Information: SendAndPullEventInformation() with NTSTATUS 0x0, context 0xd5419d50, and result object 0x0000012CD54E46E0 with size 68
###Read file handle = 0x0000012CD5419D50, eventID = 0050, event Info = 0x0000012CD5443CD0
###Read file handle = 0x0000012CD5419D50, eventID = 0050, event Info = 0x0000012CD5443B80
###Read file handle = 0x0000012CD5419D50, eventID = 0050, event Info = 0x0000012CD5417CE0
Dokan Information: SendAndPullEventInformation() with NTSTATUS 0x0, context 0xd5419d50, and result object 0x0000012CD73F6040 with size 1048616
###Read file handle = 0x0000012CD5419D50, eventID = 0050, event Info = 0x0000012CD5443CD0
Dokan Information: SendAndPullEventInformation() with NTSTATUS 0x0, context 0xd5419d50, and result object 0x0000012CD7743040 with size 1048616
###Read file handle = 0x0000012CD5419D50, eventID = 0050, event Info = 0x0000012CD5443B80
Dokan Information: SendAndPullEventInformation() with NTSTATUS 0x0, context 0xd5419d50, and result object 0x0000012CD7853040 with size 1048616
###Read file handle = 0x0000012CD5419D50, eventID = 0050, event Info = 0x0000012CD5417CE0
Dokan Information: SendAndPullEventInformation() with NTSTATUS 0x0, context 0xd5419d50, and result object 0x0000012CD73FB040 with size 1048616
###Read file handle = 0x0000012CD5419D50, eventID = 0050, event Info = 0x0000012CD5443CD0
Dokan Information: SendAndPullEventInformation() with NTSTATUS 0x0, context 0xd5419d50, and result object 0x0000012CD7741040 with size 1048616
###Read file handle = 0x0000012CD5419D50, eventID = 0050, event Info = 0x0000012CD5443B80
Dokan Information: SendAndPullEventInformation() with NTSTATUS 0x0, context 0xd5419d50, and result object 0x0000012CD7858040 with size 1048616
###Read file handle = 0x0000012CD5419D50, eventID = 0050, event Info = 0x0000012CD5417CE0
Dokan Information: SendAndPullEventInformation() with NTSTATUS 0x0, context 0xd5419d50, and result object 0x0000012CD73F0040 with size 1048616
###Read file handle = 0x0000012CD5419D50, eventID = 0050, event Info = 0x0000012CD5443CD0
Dokan Information: SendAndPullEventInformation() with NTSTATUS 0x0, context 0xd5419d50, and result object 0x0000012CD7746040 with size 1048616
###Read file handle = 0x0000012CD5419D50, eventID = 0050, event Info = 0x0000012CD5443B80
Dokan Information: SendAndPullEventInformation() with NTSTATUS 0x0, context 0xd5419d50, and result object 0x0000012CD785C040 with size 1048616
###Read file handle = 0x0000012CD5419D50, eventID = 0050, event Info = 0x0000012CD5417CE0
Dokan Information: SendAndPullEventInformation() with NTSTATUS 0x0, context 0xd5419d50, and result object 0x0000012CD73FD040 with size 1048616
###Read file handle = 0x0000012CD5419D50, eventID = 0050, event Info = 0x0000012CD5443CD0
Dokan Information: SendAndPullEventInformation() with NTSTATUS 0x0, context 0xd5419d50, and result object 0x0000012CD7747040 with size 1048616
Dokan Information: SendAndPullEventInformation() with NTSTATUS 0x0, context 0xd5419d50, and result object 0x0000012CD785D040 with size 1048616
Dokan Information: SendAndPullEventInformation() with NTSTATUS 0x0, context 0xd5419d50, and result object 0x0000012CD73FB040 with size 696360
###Cleanup file handle = 0x0000012CD5419D50, eventID = 0050, event Info = 0x0000012CD5443CD0
Dokan Information: SendAndPullEventInformation() with NTSTATUS 0x0, context 0xd5419d50, and result object 0x0000012CD54E46E0 with size 48
###Close file handle = 0x0000012CD5419D50, eventID = 0050, event Info = 0x0000012CD5443CD0
###Create file handle = 0x0000012CD5419FD0, eventID = 0051, event Info = 0x0000012CD5443CD0
[ZwCreateFile] \gost_w.exe
Dokan Information: DokanEndDispatchCreate() status = c0000034, file handle = 0x0000000000000000, eventID = -001, result = 0x5
Dokan Information: SendAndPullEventInformation() with NTSTATUS 0xc0000034, context 0x0, and result object 0x0000012CD54E46E0 with size 48
###Create file handle = 0x0000012CD5419FD0, eventID = 0052, event Info = 0x0000012CD5443CD0
[ZwCreateFile] \gost_w.exe
Dokan Information: DokanEndDispatchCreate() status = c0000034, file handle = 0x0000000000000000, eventID = -001, result = 0x5
Dokan Information: SendAndPullEventInformation() with NTSTATUS 0xc0000034, context 0x0, and result object 0x0000012CD54E46E0 with size 48
###Create file handle = 0x0000012CD5419FD0, eventID = 0053, event Info = 0x0000012CD5443CD0
[ZwCreateFile] \
Dokan Information: DokanEndDispatchCreate() status = 0, file handle = 0x0000012CD5419FD0, eventID = 0053, result = 0x1
Dokan Information: SendAndPullEventInformation() with NTSTATUS 0x0, context 0xd5419fd0, and result object 0x0000012CD54E46E0 with size 48
###FindFiles file handle = 0x0000012CD5419FD0, eventID = 0053, event Info = 0x0000012CD5443CD0
WriteDirectoryResults() New directory index is -1.
  STATUS_NO_SUCH_FILE
Dokan Information: SendAndPullEventInformation() with NTSTATUS 0xc000000f, context 0xd5419fd0, and result object 0x0000012CD54E46E0 with size 48
###Cleanup file handle = 0x0000012CD5419FD0, eventID = 0053, event Info = 0x0000012CD5443CD0
Dokan Information: SendAndPullEventInformation() with NTSTATUS 0x0, context 0xd5419fd0, and result object 0x0000012CD54E46E0 with size 48
###Close file handle = 0x0000012CD5419FD0, eventID = 0053, event Info = 0x0000012CD5443CD0
[Close] ###Create file handle = 0x0000012CD5419F50, eventID = 0054, event Info = 0x0000012CD5417CE0
\
[ZwCreateFile] \gost_w.exe
Dokan Information: DokanEndDispatchCreate() status = 0, file handle = 0x0000012CD5419F50, eventID = 0054, result = 0x2
Dokan Information: SendAndPullEventInformation() with NTSTATUS 0x0, context 0xd5419f50, and result object 0x0000012CD54E46E0 with size 48
###GetFileInfo file handle = 0x0000012CD5419F50, eventID = 0054, event Info = 0x0000012CD5417CE0
	result =  c0000034
	DispatchQueryInformation result =  c0000034
Dokan Information: SendAndPullEventInformation() with NTSTATUS 0xc000000d, context 0xd5419f50, and result object 0x0000012CD54E46E0 with size 48
###GetFileInfo file handle = 0x0000012CD5419F50, eventID = 0054, event Info = 0x0000012CD5417CE0
	result =  c0000034
	DispatchQueryInformation result =  c0000034
Dokan Information: SendAndPullEventInformation() with NTSTATUS 0xc000000d, context 0xd5419f50, and result object 0x0000012CD54E46E0 with size 48
###GetFileInfo file handle = 0x0000012CD5419F50, eventID = 0054, event Info = 0x0000012CD5417CE0
	result =  c0000034
	DispatchQueryInformation result =  c0000034
Dokan Information: SendAndPullEventInformation() with NTSTATUS 0xc000000d, context 0xd5419f50, and result object 0x0000012CD54E46E0 with size 48
###GetFileInfo file handle = 0x0000012CD5419F50, eventID = 0054, event Info = 0x0000012CD5417CE0
	result =  c0000034
	DispatchQueryInformation result =  c0000034
Dokan Information: SendAndPullEventInformation() with NTSTATUS 0xc000000d, context 0xd5419f50, and result object 0x0000012CD54E46E0 with size 48
###QueryVolumeInfo file handle = 0x0000012CD5419F50, eventID = 0054, event Info = 0x0000012CD5417CE0
[GetVolumeInformation]
Dokan Information: SendAndPullEventInformation() with NTSTATUS 0x0, context 0xd5419f50, and result object 0x0000012CD54E46E0 with size 68
###GetFileInfo file handle = 0x0000012CD5419F50, eventID = 0054, event Info = 0x0000012CD5417CE0
	result =  c0000034
	DispatchQueryInformation result =  c0000034
Dokan Information: SendAndPullEventInformation() with NTSTATUS 0xc000000d, context 0xd5419f50, and result object 0x0000012CD54E46E0 with size 48
###SetFileInfo file handle = 0x0000012CD5419F50, eventID = 0054, FileInformationClass = 20, event Info = 0x0000012CD5417CE0
	DispatchSetInformation result =  0
Dokan Information: SendAndPullEventInformation() with NTSTATUS 0x0, context 0xd5419f50, and result object 0x0000012CD54E46E0 with size 48
###GetFileInfo file handle = 0x0000012CD5419F50, eventID = 0054, event Info = 0x0000012CD5417CE0
	result =  c0000034
	DispatchQueryInformation result =  c0000034
###WriteFile file handle = 0x0000012CD5419F50, eventID = 0054, event Info = 0x0000012CD5443CD0
Dokan Information: SendAndPullEventInformation() with NTSTATUS 0xc000000d, context 0xd5419f50, and result object 0x0000012CD54E46E0 with size 48
[Write] off=###GetFileInfo file handle = 0x0000012CD5419F50, eventID = 0054, event Info = 0x0000012CD5417CE0
0 len=1048576
###WriteFile file handle = 0x0000012CD5419F50, eventID = 0054, event Info = 0x0000012CD5443B80
###WriteFile file handle = 0x0000012CD5419F50, eventID = 0054, event Info = 0x0000012CD5444210
	result =  c0000034
[Write] off=1048576 len=1048576
	DispatchQueryInformation result =  c0000034
Dokan Information: SendAndPullEventInformation() with NTSTATUS 0x0, context 0xd5419f50, and result object 0x0000012CD54E46E0 with size 48
[Write] off=2097152 len=1048576
Dokan Information: SendAndPullEventInformation() with NTSTATUS 0x0, context 0xd5419f50, and result object 0x0000012CD75600A0 with size 48
Dokan Information: SendAndPullEventInformation() with NTSTATUS 0xc000000d, context 0xd5419f50, and result object 0x0000012CD54ECF00 with size 48
Dokan Information: SendAndPullEventInformation() with NTSTATUS 0x0, context 0xd5419f50, and result object 0x0000012CD54EBED0 with size 48
###GetFileInfo file handle = 0x0000012CD5419F50, eventID = 0054, event Info = 0x0000012CD5444210
	result =  c0000034
###WriteFile file handle = 0x0000012CD5419F50, eventID = 0054, event Info = 0x0000012CD5417CE0
	DispatchQueryInformation result =  c0000034
Dokan Information: SendAndPullEventInformation() with NTSTATUS 0xc000000d, context 0xd5419f50, and result object 0x0000012CD54EBED0 with size 48
###WriteFile file handle = 0x0000012CD5419F50, eventID = 0054, event Info = 0x0000012CD5443CD0
[Write] ###WriteFile file handle = 0x0000012CD5419F50, eventID = 0054, event Info = 0x0000012CD5444210
off=3145728 len=1048576
[Write] off=4194304 len=1048576
Dokan Information: SendAndPullEventInformation() with NTSTATUS 0x0, context 0xd5419f50, and result object 0x0000012CD54ECF00 with size 48
[Write] off=524288Dokan Information: SendAndPullEventInformation() with NTSTATUS 0x0, context 0xd5419f50, and result object 0x0000012CD75600A0 with size 48
0 len=1048576
###GetFileInfo file handle = 0x0000012CD5419F50, eventID = 0054, event Info = 0x0000012CD5417CE0
###WriteFile file handle = 0x0000012CD5419F50, eventID = 0054, event Info = 0x0000012CD5443B80
###WriteFile file handle = 0x0000012CD5419F50, eventID = 0054, event Info = 0x0000012CD5443CD0
Dokan Information: SendAndPullEventInformation() with NTSTATUS 0x0, context 0xd5419f50, and result object 0x0000012CD54EBED0 with size 48
[Write] off=6291456 len=1048576
	result =  c0000034
[Write] off=7340032 len	DispatchQueryInformation result =  c0000034
=1048576
###WriteFile file handle = 0x0000012CD5419F50, eventID = 0054, event Info = 0x0000012CD5444210
Dokan Information: SendAndPullEventInformation() with NTSTATUS 0x0, context 0xd5419f50, and result object 0x0000012CD54E46E0 with size 48
Dokan Information: SendAndPullEventInformation() with NTSTATUS 0xc000000d, context 0xd5419f50, and result object 0x0000012CD54ECF00 with size 48
[Write] off=8388608 len=1048576
Dokan Information: SendAndPullEventInformation() with NTSTATUS 0x0, context 0xd5419f50, and result object 0x0000012CD75600A0 with size 48
Dokan Information: SendAndPullEventInformation() with NTSTATUS 0x0, context 0xd5419f50, and result object 0x0000012CD54EBED0 with size 48
###WriteFile file handle = 0x0000012CD5419F50, eventID = 0054, event Info = 0x0000012CD5443B80
###GetFileInfo file handle = 0x0000012CD5419F50, eventID = 0054, event Info = 0x0000012CD5417CE0
[Write] off=9	result =  c0000034
437184 len=1048576
	DispatchQueryInformation result =  c0000034
###WriteFile file handle = 0x0000012CD5419F50, eventID = 0054, event Info = 0x0000012CD5444210
###WriteFile file handle = 0x0000012CD5419F50, eventID = 0054, event Info = 0x0000012CD5443CD0
Dokan Information: SendAndPullEventInformation() with NTSTATUS 0xc000000d, context 0xd5419f50, and result object 0x0000012CD54ECF00 with size 48
[Write] off=11534336 len=1048576
Dokan Information: SendAndPullEventInformation() with NTSTATUS 0x0, context 0xd5419f50, and result object 0x0000012CD54E46E0 with size 48
[WDokan Information: SendAndPullEventInformation() with NTSTATUS 0x0, context 0xd5419f50, and result object 0x0000012CD54EBED0 with size 48
rite] off=10485760 len=1048576
###GetFileInfo file handle = 0x0000012CD5419F50, eventID = 0054, event Info = 0x0000012CD5443B80
###WriteFile file handle = 0x0000012CD5419F50, eventID = 0054, event Info = 0x0000012CD5444210
	result =  c0000034
	DispatchQueryInformation result =  c0000034
[Write] off=12582912 len=696320
Dokan Information: SendAndPullEventInformation() with NTSTATUS 0x0, context 0xd5419f50, and result object 0x0000012CD75600A0 with size 48
Dokan Information: SendAndPullEventInformation() with NTSTATUS 0xc000000d, context 0xd5419f50, and result object 0x0000012CD54E46E0 with size 48
Dokan Information: SendAndPullEventInformation() with NTSTATUS 0x0, context 0xd5419f50, and result object 0x0000012CD54EBED0 with size 48
###QueryVolumeInfo file handle = 0x0000012CD5419F50, eventID = 0054, event Info = 0x0000012CD5444210
[GetVolumeInformation]
Dokan Information: SendAndPullEventInformation() with NTSTATUS 0x0, context 0xd5419f50, and result object 0x0000012CD54EBED0 with size 68
###GetFileInfo file handle = 0x0000012CD5419F50, eventID = 0054, event Info = 0x0000012CD5444210
	result =  c0000034
	DispatchQueryInformation result =  c0000034
Dokan Information: SendAndPullEventInformation() with NTSTATUS 0xc000000d, context 0xd5419f50, and result object 0x0000012CD54EBED0 with size 48
###Create file handle = 0x0000012CD5419FD0, eventID = 0055, event Info = 0x0000012CD5444210
[ZwCreateFile] \gost_w.exe:Zone.Identifier:$DATA
Dokan Information: DokanEndDispatchCreate() status = 0, file handle = 0x0000012CD5419FD0, eventID = 0055, result = 0x2
Dokan Information: SendAndPullEventInformation() with NTSTATUS 0x0, context 0xd5419fd0, and result object 0x0000012CD54EBED0 with size 48
###GetFileInfo file handle = 0x0000012CD5419FD0, eventID = 0055, event Info = 0x0000012CD5444210
	result =  c0000034
	DispatchQueryInformation result =  c0000034
Dokan Information: SendAndPullEventInformation() with NTSTATUS 0xc000000d, context 0xd5419fd0, and result object 0x0000012CD54EBED0 with size 48
###GetFileInfo file handle = 0x0000012CD5419FD0, eventID = 0055, event Info = 0x0000012CD5444210
	result =  c0000034
	DispatchQueryInformation result =  c0000034
Dokan Information: SendAndPullEventInformation() with NTSTATUS 0xc000000d, context 0xd5419fd0, and result object 0x0000012CD54EBED0 with size 48
###GetFileInfo file handle = 0x0000012CD5419FD0, eventID = 0055, event Info = 0x0000012CD5444210
	result =  c0000034
	DispatchQueryInformation result =  c0000034
Dokan Information: SendAndPullEventInformation() with NTSTATUS 0xc000000d, context 0xd5419fd0, and result object 0x0000012CD54EBED0 with size 48
###GetFileInfo file handle = 0x0000012CD5419FD0, eventID = 0055, event Info = 0x0000012CD5444210
	result =  c0000034
	DispatchQueryInformation result =  c0000034
Dokan Information: SendAndPullEventInformation() with NTSTATUS 0xc000000d, context 0xd5419fd0, and result object 0x0000012CD54EBED0 with size 48
###QueryVolumeInfo file handle = 0x0000012CD5419FD0, eventID = 0055, event Info = 0x0000012CD5444210
[GetVolumeInformation]
Dokan Information: SendAndPullEventInformation() with NTSTATUS 0x0, context 0xd5419fd0, and result object 0x0000012CD54EBED0 with size 68
###QueryVolumeInfo file handle = 0x0000012CD5419FD0, eventID = 0055, event Info = 0x0000012CD5444210
Dokan Information: SendAndPullEventInformation() with NTSTATUS 0x0, context 0xd5419fd0, and result object 0x0000012CD54EBED0 with size 64
###SetFileInfo file handle = 0x0000012CD5419FD0, eventID = 0055, FileInformationClass = 20, event Info = 0x0000012CD5444210
	DispatchSetInformation result =  0
Dokan Information: SendAndPullEventInformation() with NTSTATUS 0x0, context 0xd5419fd0, and result object 0x0000012CD54EBED0 with size 48
###WriteFile file handle = 0x0000012CD5419FD0, eventID = 0055, event Info = 0x0000012CD5444210
[Write] off=0 len=92
###GetFileInfo file handle = 0x0000012CD5419FD0, eventID = 0055, event Info = 0x0000012CD5443B80
Dokan Information: SendAndPullEventInformation() with NTSTATUS 0x0, context 0xd5419fd0, and result object 0x0000012CD54EBED0 with size 48
	result =  c0000034
	DispatchQueryInformation result =  c0000034
###SetFileInfo file handle = 0x0000012CD5419FD0, eventID = 0055, FileInformationClass = 4, event Info = 0x0000012CD5444210
	DispatchSetInformation result =  c0000002
Dokan Information: SendAndPullEventInformation() with NTSTATUS 0xc000000d, context 0xd5419fd0, and result object 0x0000012CD54E46E0 with size 48
Dokan Information: SendAndPullEventInformation() with NTSTATUS 0xc0000002, context 0xd5419fd0, and result object 0x0000012CD54EBED0 with size 48
###Cleanup file handle = 0x0000012CD5419FD0, eventID = 0055, event Info = 0x0000012CD5444210
Dokan Information: SendAndPullEventInformation() with NTSTATUS 0x0, context 0xd5419fd0, and result object 0x0000012CD54EBED0 with size 48
###Close file handle = 0x0000012CD5419FD0, eventID = 0055, event Info = 0x0000012CD5444210
[Close] \gost_w.exe:Zone.Identifier:$DATA
###SetFileInfo file handle = 0x0000012CD5419F50, eventID = 0054, FileInformationClass = 4, event Info = 0x0000012CD5443B80
	DispatchSetInformation result =  c0000002
Dokan Information: SendAndPullEventInformation() with NTSTATUS 0xc0000002, context 0xd5419f50, and result object 0x0000012CD54E46E0 with size 48
###GetFileInfo file handle = 0x0000012CD5419F50, eventID = 0054, event Info = 0x0000012CD5443B80
	result =  c0000034
	DispatchQueryInformation result =  c0000034
Dokan Information: SendAndPullEventInformation() with NTSTATUS 0xc000000d, context 0xd5419f50, and result object 0x0000012CD54E46E0 with size 48
###Cleanup file handle = 0x0000012CD5419F50, eventID = 0054, event Info = 0x0000012CD5443B80
Dokan Information: SendAndPullEventInformation() with NTSTATUS 0x0, context 0xd5419f50, and result object 0x0000012CD54E46E0 with size 48
###Close file handle = 0x0000012CD5419F50, eventID = 0054, event Info = 0x0000012CD5443B80
[Close] \gost_w.exe
###Create file handle = 0x0000012CD5419F50, eventID = 0056, event Info = 0x0000012CD5443B80
[ZwCreateFile] \gost_w.exe
Dokan Information: DokanEndDispatchCreate() status = 0, file handle = 0x0000012CD5419F50, eventID = 0056, result = 0x1
Dokan Information: SendAndPullEventInformation() with NTSTATUS 0x0, context 0xd5419f50, and result object 0x0000012CD54E46E0 with size 48
###GetFileInfo file handle = 0x0000012CD5419F50, eventID = 0056, event Info = 0x0000012CD5443B80
	result =  0
	FileStandardInformation
	DispatchQueryInformation result =  0
Dokan Information: SendAndPullEventInformation() with NTSTATUS 0x0, context 0xd5419f50, and result object 0x0000012CD54E46E0 with size 64
###GetFileInfo file handle = 0x0000012CD5419F50, eventID = 0056, event Info = 0x0000012CD5443B80
	result =  0
	FileBasicInformation
	DispatchQueryInformation result =  0
Dokan Information: SendAndPullEventInformation() with NTSTATUS 0x0, context 0xd5419f50, and result object 0x0000012CD54E46E0 with size 80
###Cleanup file handle = 0x0000012CD5419F50, eventID = 0056, event Info = 0x0000012CD5443B80
Dokan Information: SendAndPullEventInformation() with NTSTATUS 0x0, context 0xd5419f50, and result object 0x0000012CD54E46E0 with size 48
###Close file handle = 0x0000012CD5419F50, eventID = 0056, event Info = 0x0000012CD5443B80
###Create file handle = 0x0000012CD5419FD0, eventID = 0057, event Info = 0x0000012CD5444210
[Close] \gost_w.exe
[ZwCreateFile] \gost_w.exe
Dokan Information: DokanEndDispatchCreate() status = 0, file handle = 0x0000012CD5419FD0, eventID = 0057, result = 0x1
Dokan Information: SendAndPullEventInformation() with NTSTATUS 0x0, context 0xd5419fd0, and result object 0x0000012CD54E46E0 with size 48
###GetFileInfo file handle = 0x0000012CD5419FD0, eventID = 0057, event Info = 0x0000012CD5444210
	result =  0
	FileBasicInformation
	DispatchQueryInformation result =  0
Dokan Information: SendAndPullEventInformation() with NTSTATUS 0x0, context 0xd5419fd0, and result object 0x0000012CD54E46E0 with size 80
###Cleanup file handle = 0x0000012CD5419FD0, eventID = 0057, event Info = 0x0000012CD5444210
Dokan Information: SendAndPullEventInformation() with NTSTATUS 0x0, context 0xd5419fd0, and result object 0x0000012CD54E46E0 with size 48
###Close file handle = 0x0000012CD5419FD0, eventID = 0057, event Info = 0x0000012CD5444210
[Close] ###Create file handle = 0x0000012CD5419F50, eventID = 0058, event Info = 0x0000012CD5443B80
\gost_w.exe
[ZwCreateFile] \gost_w.exe
Dokan Information: DokanEndDispatchCreate() status = 0, file handle = 0x0000012CD5419F50, eventID = 0058, result = 0x1
Dokan Information: SendAndPullEventInformation() with NTSTATUS 0x0, context 0xd5419f50, and result object 0x0000012CD54E46E0 with size 48
###GetFileInfo file handle = 0x0000012CD5419F50, eventID = 0058, event Info = 0x0000012CD5443B80
	result =  0
	FileBasicInformation
	DispatchQueryInformation result =  0
Dokan Information: SendAndPullEventInformation() with NTSTATUS 0x0, context 0xd5419f50, and result object 0x0000012CD54E46E0 with size 80
###Cleanup file handle = 0x0000012CD5419F50, eventID = 0058, event Info = 0x0000012CD5443B80
Dokan Information: SendAndPullEventInformation() with NTSTATUS 0x0, context 0xd5419f50, and result object 0x0000012CD54E46E0 with size 48
###Close file handle = 0x0000012CD5419F50, eventID = 0058, event Info = 0x0000012CD5443B80
[Close] \gost_w.exe
###Create file handle = 0x0000012CD5419FD0, eventID = 0059, event Info = 0x0000012CD5444210
[ZwCreateFile] \gost_w.exe
Dokan Information: DokanEndDispatchCreate() status = 0, file handle = 0x0000012CD5419FD0, eventID = 0059, result = 0x1
Dokan Information: SendAndPullEventInformation() with NTSTATUS 0x0, context 0xd5419fd0, and result object 0x0000012CD54E46E0 with size 48
###GetFileInfo file handle = 0x0000012CD5419FD0, eventID = 0059, event Info = 0x0000012CD5444210
	result =  0
	FileBasicInformation
	DispatchQueryInformation result =  0
Dokan Information: SendAndPullEventInformation() with NTSTATUS 0x0, context 0xd5419fd0, and result object 0x0000012CD54E46E0 with size 80
###GetFileInfo file handle = 0x0000012CD5419FD0, eventID = 0059, event Info = 0x0000012CD5444210
	result =  0
	FileStandardInformation
	DispatchQueryInformation result =  0
Dokan Information: SendAndPullEventInformation() with NTSTATUS 0x0, context 0xd5419fd0, and result object 0x0000012CD54E46E0 with size 64
###GetFileInfo file handle = 0x0000012CD5419FD0, eventID = 0059, event Info = 0x0000012CD5444210
	result =  0
	FileInternalInformation
	DispatchQueryInformation result =  0
Dokan Information: SendAndPullEventInformation() with NTSTATUS 0x0, context 0xd5419fd0, and result object 0x0000012CD54E46E0 with size 48
###GetFileInfo file handle = 0x0000012CD5419FD0, eventID = 0059, event Info = 0x0000012CD5444210
	result =  0
	FileStandardInformation
	DispatchQueryInformation result =  0
Dokan Information: SendAndPullEventInformation() with NTSTATUS 0x0, context 0xd5419fd0, and result object 0x0000012CD54E46E0 with size 64
###GetFileInfo file handle = 0x0000012CD5419FD0, eventID = 0059, event Info = 0x0000012CD5444210
	result =  0
	FileBasicInformation
	DispatchQueryInformation result =  0
Dokan Information: SendAndPullEventInformation() with NTSTATUS 0x0, context 0xd5419fd0, and result object 0x0000012CD54E46E0 with size 80
###GetFileInfo file handle = 0x0000012CD5419FD0, eventID = 0059, event Info = 0x0000012CD5444210
	result =  0
	FileAttributeTagInformation
	DispatchQueryInformation result =  0
Dokan Information: SendAndPullEventInformation() with NTSTATUS 0x0, context 0xd5419fd0, and result object 0x0000012CD54E46E0 with size 48
###GetFileInfo file handle = 0x0000012CD5419FD0, eventID = 0059, event Info = 0x0000012CD5444210
	result =  0
	FileStandardInformation
	DispatchQueryInformation result =  0
Dokan Information: SendAndPullEventInformation() with NTSTATUS 0x0, context 0xd5419fd0, and result object 0x0000012CD54E46E0 with size 64
###GetFileInfo file handle = 0x0000012CD5419FD0, eventID = 0059, event Info = 0x0000012CD5444210
	result =  0
	FileBasicInformation
	DispatchQueryInformation result =  0
Dokan Information: SendAndPullEventInformation() with NTSTATUS 0x0, context 0xd5419fd0, and result object 0x0000012CD54E46E0 with size 80
###GetFileInfo file handle = 0x0000012CD5419FD0, eventID = 0059, event Info = 0x0000012CD5444210
FileStreamInformation
Dokan Information: SendAndPullEventInformation() with NTSTATUS 0x0, context 0xd5419fd0, and result object 0x0000012CD54E46E0 with size 48
###GetFileInfo file handle = 0x0000012CD5419FD0, eventID = 0059, event Info = 0x0000012CD5444210
	result =  0
	FileBasicInformation
	DispatchQueryInformation result =  0
Dokan Information: SendAndPullEventInformation() with NTSTATUS 0x0, context 0xd5419fd0, and result object 0x0000012CD54E46E0 with size 80
###GetFileInfo file handle = 0x0000012CD5419FD0, eventID = 0059, event Info = 0x0000012CD5444210
	result =  0
	FileEaInformation
	DispatchQueryInformation result =  0
Dokan Information: SendAndPullEventInformation() with NTSTATUS 0x0, context 0xd5419fd0, and result object 0x0000012CD54E46E0 with size 48
###QueryVolumeInfo file handle = 0x0000012CD5419FD0, eventID = 0059, event Info = 0x0000012CD5444210
[GetVolumeInformation]
Dokan Information: SendAndPullEventInformation() with NTSTATUS 0x0, context 0xd5419fd0, and result object 0x0000012CD54E46E0 with size 68
###Read file handle = 0x0000012CD5419FD0, eventID = 0059, event Info = 0x0000012CD5444210
###Read file handle = 0x0000012CD5419FD0, eventID = 0059, event Info = 0x0000012CD5443B80
###Read file handle = 0x0000012CD5419FD0, eventID = 0059, event Info = 0x0000012CD5443CD0
Dokan Information: SendAndPullEventInformation() with NTSTATUS 0x0, context 0xd5419fd0, and result object 0x0000012CD73FE040 with size 1048616
###Read file handle = 0x0000012CD5419FD0, eventID = 0059, event Info = 0x0000012CD5444210
Dokan Information: SendAndPullEventInformation() with NTSTATUS 0x0, context 0xd5419fd0, and result object 0x0000012CD7747040 with size 1048616
###Read file handle = 0x0000012CD5419FD0, eventID = 0059, event Info = 0x0000012CD5443B80
Dokan Information: SendAndPullEventInformation() with NTSTATUS 0x0, context 0xd5419fd0, and result object 0x0000012CD7855040 with size 1048616
###Read file handle = 0x0000012CD5419FD0, eventID = 0059, event Info = 0x0000012CD5443CD0
Dokan Information: SendAndPullEventInformation() with NTSTATUS 0x0, context 0xd5419fd0, and result object 0x0000012CD73F1040 with size 1048616
###Read file handle = 0x0000012CD5419FD0, eventID = 0059, event Info = 0x0000012CD5444210
Dokan Information: SendAndPullEventInformation() with NTSTATUS 0x0, context 0xd5419fd0, and result object 0x0000012CD7741040 with size 1048616
###Read file handle = 0x0000012CD5419FD0, eventID = 0059, event Info = 0x0000012CD5443B80
Dokan Information: SendAndPullEventInformation() with NTSTATUS 0x0, context 0xd5419fd0, and result object 0x0000012CD785D040 with size 1048616
###Read file handle = 0x0000012CD5419FD0, eventID = 0059, event Info = 0x0000012CD5443CD0
Dokan Information: SendAndPullEventInformation() with NTSTATUS 0x0, context 0xd5419fd0, and result object 0x0000012CD73F4040 with size 1048616
###Read file handle = 0x0000012CD5419FD0, eventID = 0059, event Info = 0x0000012CD5444210
Dokan Information: SendAndPullEventInformation() with NTSTATUS 0x0, context 0xd5419fd0, and result object 0x0000012CD7743040 with size 1048616
###Read file handle = 0x0000012CD5419FD0, eventID = 0059, event Info = 0x0000012CD5443B80
Dokan Information: SendAndPullEventInformation() with NTSTATUS 0x0, context 0xd5419fd0, and result object 0x0000012CD7852040 with size 1048616
###Read file handle = 0x0000012CD5419FD0, eventID = 0059, event Info = 0x0000012CD5443CD0
Dokan Information: SendAndPullEventInformation() with NTSTATUS 0x0, context 0xd5419fd0, and result object 0x0000012CD73F3040 with size 1048616
###Read file handle = 0x0000012CD5419FD0, eventID = 0059, event Info = 0x0000012CD5444210
Dokan Information: SendAndPullEventInformation() with NTSTATUS 0x0, context 0xd5419fd0, and result object 0x0000012CD7748040 with size 1048616
Dokan Information: SendAndPullEventInformation() with NTSTATUS 0x0, context 0xd5419fd0, and result object 0x0000012CD7850040 with size 1048616
Dokan Information: SendAndPullEventInformation() with NTSTATUS 0x0, context 0xd5419fd0, and result object 0x0000012CD73F3040 with size 696360
###Cleanup file handle = 0x0000012CD5419FD0, eventID = 0059, event Info = 0x0000012CD5444210
Dokan Information: SendAndPullEventInformation() with NTSTATUS 0x0, context 0xd5419fd0, and result object 0x0000012CD75600A0 with size 48
###Close file handle = 0x0000012CD5419FD0, eventID = 0059, event Info = 0x0000012CD5444210
